Using device: cuda:0
Pre-filtered 30767 patches based on country and season (split ignored)
Loading BEN data for train...
    237871 patches indexed
    14805 filtered patches indexed
    14805 patches indexed considering max_len
Merged metadata with snow/cloud metadata
Loaded 549488 labels
Loaded 549488 keys
Loaded mapping created
Pre-filtered 30767 patches based on country and season (split ignored)
Loading BEN data for test...
    119825 patches indexed
    8209 filtered patches indexed
    8209 patches indexed considering max_len
Merged metadata with snow/cloud metadata
Loaded 549488 labels
Loaded 549488 keys
Loaded mapping created
Pre-filtered 15549 patches based on country and season (split ignored)
Loading BEN data for train...
    237871 patches indexed
    7150 filtered patches indexed
    7150 patches indexed considering max_len
Merged metadata with snow/cloud metadata
Loaded 549488 labels
Loaded 549488 keys
Loaded mapping created
Pre-filtered 15549 patches based on country and season (split ignored)
Loading BEN data for test...
    119825 patches indexed
    4263 filtered patches indexed
    4263 patches indexed considering max_len
Merged metadata with snow/cloud metadata
Loaded 549488 labels
Loaded 549488 keys
Loaded mapping created
Pre-filtered 13683 patches based on country and season (split ignored)
Loading BEN data for train...
    237871 patches indexed
    7180 filtered patches indexed
    7180 patches indexed considering max_len
Merged metadata with snow/cloud metadata
Loaded 549488 labels
Loaded 549488 keys
Loaded mapping created
Pre-filtered 13683 patches based on country and season (split ignored)
Loading BEN data for test...
    119825 patches indexed
    3248 filtered patches indexed
    3248 patches indexed considering max_len
Merged metadata with snow/cloud metadata
Loaded 549488 labels
Loaded 549488 keys
Loaded mapping created
Pre-filtered 10372 patches based on country and season (split ignored)
Loading BEN data for train...
    237871 patches indexed
    5941 filtered patches indexed
    5941 patches indexed considering max_len
Merged metadata with snow/cloud metadata
Loaded 549488 labels
Loaded 549488 keys
Loaded mapping created
Pre-filtered 10372 patches based on country and season (split ignored)
Loading BEN data for test...
    119825 patches indexed
    1871 filtered patches indexed
    1871 patches indexed considering max_len
Merged metadata with snow/cloud metadata
Loaded 549488 labels
Loaded 549488 keys
Loaded mapping created
Pre-filtered 1939 patches based on country and season (split ignored)
Loading BEN data for train...
    237871 patches indexed
    1323 filtered patches indexed
    1323 patches indexed considering max_len
Merged metadata with snow/cloud metadata
Loaded 549488 labels
Loaded 549488 keys
Loaded mapping created
Pre-filtered 1939 patches based on country and season (split ignored)
Loading BEN data for test...
    119825 patches indexed
    32 filtered patches indexed
    32 patches indexed considering max_len
Merged metadata with snow/cloud metadata
Loaded 549488 labels
Loaded 549488 keys
Loaded mapping created
Pre-filtered 8775 patches based on country and season (split ignored)
Loading BEN data for train...
    237871 patches indexed
    4206 filtered patches indexed
    4206 patches indexed considering max_len
Merged metadata with snow/cloud metadata
Loaded 549488 labels
Loaded 549488 keys
Loaded mapping created
Pre-filtered 8775 patches based on country and season (split ignored)
Loading BEN data for test...
    119825 patches indexed
    2151 filtered patches indexed
    2151 patches indexed considering max_len
Merged metadata with snow/cloud metadata
Loaded 549488 labels
Loaded 549488 keys
Loaded mapping created
Pre-filtered 16438 patches based on country and season (split ignored)
Loading BEN data for train...
    237871 patches indexed
    8037 filtered patches indexed
    8037 patches indexed considering max_len
Merged metadata with snow/cloud metadata
Loaded 549488 labels
Loaded 549488 keys
Loaded mapping created
Pre-filtered 16438 patches based on country and season (split ignored)
Loading BEN data for test...
    119825 patches indexed
    4220 filtered patches indexed
    4220 patches indexed considering max_len
Merged metadata with snow/cloud metadata
Loaded 549488 labels
Loaded 549488 keys
Loaded mapping created
Pre-filtered 4874 patches based on country and season (split ignored)
Loading BEN data for train...
    237871 patches indexed
    1692 filtered patches indexed
    1692 patches indexed considering max_len
Merged metadata with snow/cloud metadata
Loaded 549488 labels
Loaded 549488 keys
Loaded mapping created
Pre-filtered 4874 patches based on country and season (split ignored)
Loading BEN data for test...
    119825 patches indexed
    2039 filtered patches indexed
    2039 patches indexed considering max_len
Merged metadata with snow/cloud metadata
Loaded 549488 labels
Loaded 549488 keys
Loaded mapping created
Pre-filtered 59999 patches based on country and season (split ignored)
Loading BEN data for test...
    119825 patches indexed
    15720 filtered patches indexed
    15720 patches indexed considering max_len
Merged metadata with snow/cloud metadata
Loaded 549488 labels
Loaded 549488 keys
Loaded mapping created
Pre-filtered 59999 patches based on country and season (split ignored)
Loading BEN data for train...
    237871 patches indexed
    29135 filtered patches indexed
    29135 patches indexed considering max_len
Merged metadata with snow/cloud metadata
Loaded 549488 labels
Loaded 549488 keys
Loaded mapping created
Loading BEN data for train...
    237871 patches indexed
    237871 filtered patches indexed
    237871 patches indexed considering max_len
Merged metadata with snow/cloud metadata
Loaded 549488 labels
Loaded 549488 keys
Loaded mapping created
==================================================
ROUND 1/40
==================================================
Epoch 1/1
----------
Epoch 1/1
----------
Epoch 1/1
----------
Epoch 1/1
----------
Epoch 1/1
----------
Epoch 1/1
----------
Epoch 1/1
----------
Epoch 1/1
----------
micro     precision: 1.0000 | recall: 0.0000 | f1-score: 0.0000 | support: 40183 | mAP: 0.3584
macro     precision: 0.0526 | recall: 0.0000 | f1-score: 0.0001 | support: 40183 | mAP: 0.2670

==================================================
ROUND 2/40
==================================================
Epoch 1/1
----------
Epoch 1/1
----------
Epoch 1/1
----------
Epoch 1/1
----------
Epoch 1/1
----------
Epoch 1/1
----------
Epoch 1/1
----------
Epoch 1/1
----------
micro     precision: 0.4727 | recall: 0.0709 | f1-score: 0.1233 | support: 40183 | mAP: 0.3833
macro     precision: 0.0853 | recall: 0.0373 | f1-score: 0.0447 | support: 40183 | mAP: 0.2702

==================================================
ROUND 3/40
==================================================
Epoch 1/1
----------
Epoch 1/1
----------
Epoch 1/1
----------
Epoch 1/1
----------
Epoch 1/1
----------
Epoch 1/1
----------
Epoch 1/1
----------
Epoch 1/1
----------
micro     precision: 0.6563 | recall: 0.1809 | f1-score: 0.2836 | support: 40183 | mAP: 0.4853
macro     precision: 0.1562 | recall: 0.0801 | f1-score: 0.0870 | support: 40183 | mAP: 0.3023

==================================================
ROUND 4/40
==================================================
Finale Anzahl der Pruning-Patches: 17
Anzahl eindeutiger Klassen: 18
Klassenverteilung in den Pruning-Patches (Häufigkeiten): {'Marine waters': 9, 'Transitional woodland, shrub': 7, 'Mixed forest': 7, 'Coniferous forest': 6, 'Land principally occupied by agriculture, with significant areas of natural vegetation': 2, 'Inland waters': 1, 'Broad-leaved forest': 2, 'Arable land': 4, 'Urban fabric': 1, 'Industrial or commercial units': 1, 'Coastal wetlands': 2, 'Inland wetlands': 2, 'Pastures': 4, 'Complex cultivation patterns': 1, 'Moors, heathland and sclerophyllous vegetation': 1, 'Natural grassland and sparsely vegetated areas': 1, 'Beaches, dunes, sands': 1, 'Permanent crops': 1}
[INFO] Erstelle Prune Loader...
[INFO] 12 Patches nach Filterung übrig.
[SUCCESS] Prune Loader erfolgreich erstellt.
Used Composite Rules:
low_level_hidden_layer_rule: ZPlus
mid_level_hidden_layer_rule: Epsilon
high_level_hidden_layer_rule: Epsilon
fully_connected_layers_rule: ZPlus
softmax_rule: Epsilon
Starting relevance computation and pruning mask generation.
Type of components_relevances: <class 'collections.OrderedDict'>
Layer: conv1
Total layer relevance: 2.8155544702879786e+23
--------------------------------------------------
Layer: encoder.4.0.conv1
Total layer relevance: 1.7904251271235607e+23
--------------------------------------------------
Layer: encoder.4.0.conv2
Total layer relevance: 1.3331251173607332e+23
--------------------------------------------------
Layer: encoder.4.0.conv3
Total layer relevance: 3.2055307096532e+22
--------------------------------------------------
Layer: encoder.4.0.downsample.0
Total layer relevance: 3.2014657606295352e+22
--------------------------------------------------
Layer: encoder.4.1.conv1
Total layer relevance: 1.172204581205108e+21
--------------------------------------------------
Layer: encoder.4.1.conv2
Total layer relevance: 7.611849685880233e+20
--------------------------------------------------
Layer: encoder.4.1.conv3
Total layer relevance: 4.028630307419634e+20
--------------------------------------------------
Layer: encoder.4.2.conv1
Total layer relevance: 7.262422955432555e+19
--------------------------------------------------
Layer: encoder.4.2.conv2
Total layer relevance: 4.986381109378102e+19
--------------------------------------------------
Layer: encoder.4.2.conv3
Total layer relevance: 1.2295251394209776e+19
--------------------------------------------------
Layer: encoder.5.0.conv1
Total layer relevance: 1.744193778048041e+18
--------------------------------------------------
Layer: encoder.5.0.conv2
Total layer relevance: 1.3861281957360435e+18
--------------------------------------------------
Layer: encoder.5.0.conv3
Total layer relevance: 1.38390941563093e+17
--------------------------------------------------
Layer: encoder.5.0.downsample.0
Total layer relevance: 1.3850278251148083e+17
--------------------------------------------------
Layer: encoder.5.1.conv1
Total layer relevance: 2266245936185344.0
--------------------------------------------------
Layer: encoder.5.1.conv2
Total layer relevance: 1833598311202816.0
--------------------------------------------------
Layer: encoder.5.1.conv3
Total layer relevance: 447351579738112.0
--------------------------------------------------
Layer: encoder.5.2.conv1
Total layer relevance: 36844200787968.0
--------------------------------------------------
Layer: encoder.5.2.conv2
Total layer relevance: 31945996107776.0
--------------------------------------------------
Layer: encoder.5.2.conv3
Total layer relevance: 9605791875072.0
--------------------------------------------------
Layer: encoder.5.3.conv1
Total layer relevance: 1142376235008.0
--------------------------------------------------
Layer: encoder.5.3.conv2
Total layer relevance: 1082250362880.0
--------------------------------------------------
Layer: encoder.5.3.conv3
Total layer relevance: 283489730560.0
--------------------------------------------------
Layer: encoder.6.0.conv1
Total layer relevance: 48367034368.0
--------------------------------------------------
Layer: encoder.6.0.conv2
Total layer relevance: 60960276480.0
--------------------------------------------------
Layer: encoder.6.0.conv3
Total layer relevance: 9171523584.0
--------------------------------------------------
Layer: encoder.6.0.downsample.0
Total layer relevance: 9245846528.0
--------------------------------------------------
Layer: encoder.6.1.conv1
Total layer relevance: 484929568.0
--------------------------------------------------
Layer: encoder.6.1.conv2
Total layer relevance: 657124608.0
--------------------------------------------------
Layer: encoder.6.1.conv3
Total layer relevance: 181802224.0
--------------------------------------------------
Layer: encoder.6.2.conv1
Total layer relevance: 60071912.0
--------------------------------------------------
Layer: encoder.6.2.conv2
Total layer relevance: 81734608.0
--------------------------------------------------
Layer: encoder.6.2.conv3
Total layer relevance: 15541666.0
--------------------------------------------------
Layer: encoder.6.3.conv1
Total layer relevance: 3635614.5
--------------------------------------------------
Layer: encoder.6.3.conv2
Total layer relevance: 5908998.5
--------------------------------------------------
Layer: encoder.6.3.conv3
Total layer relevance: 1805861.0
--------------------------------------------------
Layer: encoder.6.4.conv1
Total layer relevance: 781248.0625
--------------------------------------------------
Layer: encoder.6.4.conv2
Total layer relevance: 1548381.25
--------------------------------------------------
Layer: encoder.6.4.conv3
Total layer relevance: 310548.0
--------------------------------------------------
Layer: encoder.6.5.conv1
Total layer relevance: 152913.1875
--------------------------------------------------
Layer: encoder.6.5.conv2
Total layer relevance: 334387.625
--------------------------------------------------
Layer: encoder.6.5.conv3
Total layer relevance: 37288.3828125
--------------------------------------------------
Layer: encoder.7.0.conv1
Total layer relevance: 9988.572265625
--------------------------------------------------
Layer: encoder.7.0.conv2
Total layer relevance: 47197.52734375
--------------------------------------------------
Layer: encoder.7.0.conv3
Total layer relevance: 14676.69921875
--------------------------------------------------
Layer: encoder.7.0.downsample.0
Total layer relevance: 18238.4140625
--------------------------------------------------
Layer: encoder.7.1.conv1
Total layer relevance: 4247.24853515625
--------------------------------------------------
Layer: encoder.7.1.conv2
Total layer relevance: 18873.287109375
--------------------------------------------------
Layer: encoder.7.1.conv3
Total layer relevance: 4447.80322265625
--------------------------------------------------
Layer: encoder.7.2.conv1
Total layer relevance: 2077.471435546875
--------------------------------------------------
Layer: encoder.7.2.conv2
Total layer relevance: 3666.9580078125
--------------------------------------------------
Layer: encoder.7.2.conv3
Total layer relevance: 1921.2801513671875
--------------------------------------------------
Minimal retained neurons per layer:  0.98
--------------------------------------------------
Global Pruning Mask
Pruning-rate: 0.98
Layer: conv1		% of pruned neurons: 0.00%
Layer: encoder.4.0.conv1		% of pruned neurons: 0.00%
Layer: encoder.4.0.conv2		% of pruned neurons: 0.00%
Layer: encoder.4.0.conv3		% of pruned neurons: 35.94%
Layer: encoder.4.0.downsample.0		% of pruned neurons: 34.77%
Layer: encoder.4.1.conv1		% of pruned neurons: 89.06%
Layer: encoder.4.1.conv2		% of pruned neurons: 93.75%
Layer: encoder.4.1.conv3		% of pruned neurons: 94.92%
Layer: encoder.4.2.conv1		% of pruned neurons: 93.75%
Layer: encoder.4.2.conv2		% of pruned neurons: 93.75%
Layer: encoder.4.2.conv3		% of pruned neurons: 94.92%
Layer: encoder.5.0.conv1		% of pruned neurons: 94.53%
Layer: encoder.5.0.conv2		% of pruned neurons: 94.53%
Layer: encoder.5.0.conv3		% of pruned neurons: 94.92%
Layer: encoder.5.0.downsample.0		% of pruned neurons: 94.92%
Layer: encoder.5.1.conv1		% of pruned neurons: 94.53%
Layer: encoder.5.1.conv2		% of pruned neurons: 94.53%
Layer: encoder.5.1.conv3		% of pruned neurons: 94.92%
Layer: encoder.5.2.conv1		% of pruned neurons: 94.53%
Layer: encoder.5.2.conv2		% of pruned neurons: 94.53%
Layer: encoder.5.2.conv3		% of pruned neurons: 94.92%
Layer: encoder.5.3.conv1		% of pruned neurons: 94.53%
Layer: encoder.5.3.conv2		% of pruned neurons: 94.53%
Layer: encoder.5.3.conv3		% of pruned neurons: 94.92%
Layer: encoder.6.0.conv1		% of pruned neurons: 94.92%
Layer: encoder.6.0.conv2		% of pruned neurons: 94.92%
Layer: encoder.6.0.conv3		% of pruned neurons: 94.92%
Layer: encoder.6.0.downsample.0		% of pruned neurons: 94.92%
Layer: encoder.6.1.conv1		% of pruned neurons: 94.92%
Layer: encoder.6.1.conv2		% of pruned neurons: 94.92%
Layer: encoder.6.1.conv3		% of pruned neurons: 94.92%
Layer: encoder.6.2.conv1		% of pruned neurons: 94.92%
Layer: encoder.6.2.conv2		% of pruned neurons: 94.92%
Layer: encoder.6.2.conv3		% of pruned neurons: 94.92%
Layer: encoder.6.3.conv1		% of pruned neurons: 94.92%
Layer: encoder.6.3.conv2		% of pruned neurons: 94.92%
Layer: encoder.6.3.conv3		% of pruned neurons: 94.92%
Layer: encoder.6.4.conv1		% of pruned neurons: 94.92%
Layer: encoder.6.4.conv2		% of pruned neurons: 94.92%
Layer: encoder.6.4.conv3		% of pruned neurons: 94.92%
Layer: encoder.6.5.conv1		% of pruned neurons: 94.92%
Layer: encoder.6.5.conv2		% of pruned neurons: 94.92%
Layer: encoder.6.5.conv3		% of pruned neurons: 94.92%
Layer: encoder.7.0.conv1		% of pruned neurons: 94.92%
Layer: encoder.7.0.conv2		% of pruned neurons: 94.92%
Layer: encoder.7.0.conv3		% of pruned neurons: 94.97%
Layer: encoder.7.0.downsample.0		% of pruned neurons: 94.97%
Layer: encoder.7.1.conv1		% of pruned neurons: 94.92%
Layer: encoder.7.1.conv2		% of pruned neurons: 94.92%
Layer: encoder.7.1.conv3		% of pruned neurons: 94.97%
Layer: encoder.7.2.conv1		% of pruned neurons: 94.92%
Layer: encoder.7.2.conv2		% of pruned neurons: 94.92%
Layer: encoder.7.2.conv3		% of pruned neurons: 94.97%
Sending pruning mask to clients...
[INFO] Pruner and pruning mask received and stored.
[INFO] Pruner and pruning mask received and stored.
[INFO] Pruner and pruning mask received and stored.
[INFO] Pruner and pruning mask received and stored.
[INFO] Pruner and pruning mask received and stored.
[INFO] Pruner and pruning mask received and stored.
[INFO] Pruner and pruning mask received and stored.
[INFO] Pruner and pruning mask received and stored.
Epoch 1/1
----------
Prune before sending to global...
Epoch 1/1
----------
Prune before sending to global...
Epoch 1/1
----------
Prune before sending to global...
Epoch 1/1
----------
Prune before sending to global...
Epoch 1/1
----------
Prune before sending to global...
Epoch 1/1
----------
Prune before sending to global...
Epoch 1/1
----------
Prune before sending to global...
Epoch 1/1
----------
Prune before sending to global...
micro     precision: 0.0000 | recall: 0.0000 | f1-score: 0.0000 | support: 40183 | mAP: 0.2914
macro     precision: 0.0000 | recall: 0.0000 | f1-score: 0.0000 | support: 40183 | mAP: 0.2107

==================================================
ROUND 5/40
==================================================
Epoch 1/1
----------
Prune before sending to global...
Epoch 1/1
----------
Prune before sending to global...
Epoch 1/1
----------
Prune before sending to global...
Epoch 1/1
----------
Prune before sending to global...
Epoch 1/1
----------
Prune before sending to global...
Epoch 1/1
----------
Prune before sending to global...
Epoch 1/1
----------
Prune before sending to global...
Epoch 1/1
----------
Prune before sending to global...
micro     precision: 0.3744 | recall: 0.1465 | f1-score: 0.2106 | support: 40183 | mAP: 0.3547
macro     precision: 0.0197 | recall: 0.0526 | f1-score: 0.0287 | support: 40183 | mAP: 0.2783

==================================================
ROUND 6/40
==================================================
Epoch 1/1
----------
Prune before sending to global...
Epoch 1/1
----------
Prune before sending to global...
Epoch 1/1
----------
Prune before sending to global...
Epoch 1/1
----------
Prune before sending to global...
Epoch 1/1
----------
Prune before sending to global...
Epoch 1/1
----------
Prune before sending to global...
Epoch 1/1
----------
Prune before sending to global...
Epoch 1/1
----------
Prune before sending to global...
micro     precision: 0.5727 | recall: 0.1411 | f1-score: 0.2264 | support: 40183 | mAP: 0.4515
macro     precision: 0.0656 | recall: 0.0525 | f1-score: 0.0431 | support: 40183 | mAP: 0.2957

==================================================
ROUND 7/40
==================================================
Epoch 1/1
----------
Prune before sending to global...
Epoch 1/1
----------
Prune before sending to global...
Epoch 1/1
----------
Prune before sending to global...
Epoch 1/1
----------
Prune before sending to global...
Epoch 1/1
----------
Prune before sending to global...
Epoch 1/1
----------
Prune before sending to global...
Epoch 1/1
----------
Prune before sending to global...
Epoch 1/1
----------
Prune before sending to global...
micro     precision: 0.7871 | recall: 0.2303 | f1-score: 0.3563 | support: 40183 | mAP: 0.6106
macro     precision: 0.2940 | recall: 0.1131 | f1-score: 0.1291 | support: 40183 | mAP: 0.3485

==================================================
ROUND 8/40
==================================================
Epoch 1/1
----------
Prune before sending to global...
Epoch 1/1
----------
Prune before sending to global...
Epoch 1/1
----------
Prune before sending to global...
Epoch 1/1
----------
Prune before sending to global...
Epoch 1/1
----------
Prune before sending to global...
Epoch 1/1
----------
Prune before sending to global...
Epoch 1/1
----------
Prune before sending to global...
Epoch 1/1
----------
Prune before sending to global...
micro     precision: 0.6578 | recall: 0.3077 | f1-score: 0.4193 | support: 40183 | mAP: 0.5100
macro     precision: 0.3375 | recall: 0.1319 | f1-score: 0.1444 | support: 40183 | mAP: 0.3099

==================================================
ROUND 9/40
==================================================
Epoch 1/1
----------
Prune before sending to global...
Epoch 1/1
----------
Prune before sending to global...
Epoch 1/1
----------
Prune before sending to global...
Epoch 1/1
----------
Prune before sending to global...
Epoch 1/1
----------
Prune before sending to global...
Epoch 1/1
----------
Prune before sending to global...
Epoch 1/1
----------
Prune before sending to global...
Epoch 1/1
----------
Prune before sending to global...
micro     precision: 0.7996 | recall: 0.3811 | f1-score: 0.5162 | support: 40183 | mAP: 0.6634
macro     precision: 0.4351 | recall: 0.1832 | f1-score: 0.2149 | support: 40183 | mAP: 0.3690

==================================================
ROUND 10/40
==================================================
Epoch 1/1
----------
Prune before sending to global...
Epoch 1/1
----------
Prune before sending to global...
Epoch 1/1
----------
Prune before sending to global...
Epoch 1/1
----------
Prune before sending to global...
Epoch 1/1
----------
Prune before sending to global...
Epoch 1/1
----------
Prune before sending to global...
Epoch 1/1
----------
Prune before sending to global...
Epoch 1/1
----------
Prune before sending to global...
micro     precision: 0.6601 | recall: 0.3476 | f1-score: 0.4554 | support: 40183 | mAP: 0.4893
macro     precision: 0.3389 | recall: 0.1560 | f1-score: 0.1629 | support: 40183 | mAP: 0.3323

==================================================
ROUND 11/40
==================================================
Epoch 1/1
----------
Prune before sending to global...
Epoch 1/1
----------
Prune before sending to global...
Epoch 1/1
----------
Prune before sending to global...
Epoch 1/1
----------
Prune before sending to global...
Epoch 1/1
----------
Prune before sending to global...
Epoch 1/1
----------
Prune before sending to global...
Epoch 1/1
----------
Prune before sending to global...
Epoch 1/1
----------
Prune before sending to global...
micro     precision: 0.7506 | recall: 0.3946 | f1-score: 0.5173 | support: 40183 | mAP: 0.6461
macro     precision: 0.3633 | recall: 0.1905 | f1-score: 0.2116 | support: 40183 | mAP: 0.3842

==================================================
ROUND 12/40
==================================================
Epoch 1/1
----------
Prune before sending to global...
Epoch 1/1
----------
Prune before sending to global...
Epoch 1/1
----------
Prune before sending to global...
Epoch 1/1
----------
Prune before sending to global...
Epoch 1/1
----------
Prune before sending to global...
Epoch 1/1
----------
Prune before sending to global...
Epoch 1/1
----------
Prune before sending to global...
Epoch 1/1
----------
Prune before sending to global...
micro     precision: 0.6819 | recall: 0.4369 | f1-score: 0.5326 | support: 40183 | mAP: 0.5530
macro     precision: 0.4281 | recall: 0.2055 | f1-score: 0.2282 | support: 40183 | mAP: 0.3876

==================================================
ROUND 13/40
==================================================
Epoch 1/1
----------
Prune before sending to global...
Epoch 1/1
----------
Prune before sending to global...
Epoch 1/1
----------
Prune before sending to global...
Epoch 1/1
----------
Prune before sending to global...
Epoch 1/1
----------
Prune before sending to global...
Epoch 1/1
----------
Prune before sending to global...
Epoch 1/1
----------
Prune before sending to global...
Epoch 1/1
----------
Prune before sending to global...
micro     precision: 0.6996 | recall: 0.4568 | f1-score: 0.5527 | support: 40183 | mAP: 0.5467
macro     precision: 0.3812 | recall: 0.2234 | f1-score: 0.2567 | support: 40183 | mAP: 0.3932

==================================================
ROUND 14/40
==================================================
Epoch 1/1
----------
Prune before sending to global...
Epoch 1/1
----------
Prune before sending to global...
Epoch 1/1
----------
Prune before sending to global...
Epoch 1/1
----------
Prune before sending to global...
Epoch 1/1
----------
Prune before sending to global...
Epoch 1/1
----------
Prune before sending to global...
Epoch 1/1
----------
Prune before sending to global...
Epoch 1/1
----------
Prune before sending to global...
micro     precision: 0.6561 | recall: 0.4469 | f1-score: 0.5316 | support: 40183 | mAP: 0.5400
macro     precision: 0.3667 | recall: 0.2121 | f1-score: 0.2229 | support: 40183 | mAP: 0.3844

==================================================
ROUND 15/40
==================================================
Epoch 1/1
----------
Prune before sending to global...
Epoch 1/1
----------
Prune before sending to global...
Epoch 1/1
----------
Prune before sending to global...
Epoch 1/1
----------
Prune before sending to global...
Epoch 1/1
----------
Prune before sending to global...
Epoch 1/1
----------
Prune before sending to global...
Epoch 1/1
----------
Prune before sending to global...
Epoch 1/1
----------
Prune before sending to global...
micro     precision: 0.6385 | recall: 0.5116 | f1-score: 0.5680 | support: 40183 | mAP: 0.5236
macro     precision: 0.3541 | recall: 0.2541 | f1-score: 0.2628 | support: 40183 | mAP: 0.3863

==================================================
ROUND 16/40
==================================================
Epoch 1/1
----------
Prune before sending to global...
Epoch 1/1
----------
Prune before sending to global...
Epoch 1/1
----------
Prune before sending to global...
Epoch 1/1
----------
Prune before sending to global...
Epoch 1/1
----------
Prune before sending to global...
Epoch 1/1
----------
Prune before sending to global...
Epoch 1/1
----------
Prune before sending to global...
Epoch 1/1
----------
Prune before sending to global...
micro     precision: 0.6320 | recall: 0.4726 | f1-score: 0.5408 | support: 40183 | mAP: 0.5826
macro     precision: 0.4016 | recall: 0.2304 | f1-score: 0.2349 | support: 40183 | mAP: 0.3844

==================================================
ROUND 17/40
==================================================
Epoch 1/1
----------
Prune before sending to global...
Epoch 1/1
----------
Prune before sending to global...
Epoch 1/1
----------
Prune before sending to global...
Epoch 1/1
----------
Prune before sending to global...
Epoch 1/1
----------
Prune before sending to global...
Epoch 1/1
----------
Prune before sending to global...
Epoch 1/1
----------
Prune before sending to global...
Epoch 1/1
----------
Prune before sending to global...
micro     precision: 0.6933 | recall: 0.5028 | f1-score: 0.5829 | support: 40183 | mAP: 0.5388
macro     precision: 0.3939 | recall: 0.2479 | f1-score: 0.2688 | support: 40183 | mAP: 0.3867

==================================================
ROUND 18/40
==================================================
Epoch 1/1
----------
Prune before sending to global...
Epoch 1/1
----------
Prune before sending to global...
Epoch 1/1
----------
Prune before sending to global...
Epoch 1/1
----------
Prune before sending to global...
Epoch 1/1
----------
Prune before sending to global...
Epoch 1/1
----------
Prune before sending to global...
Epoch 1/1
----------
Prune before sending to global...
Epoch 1/1
----------
Prune before sending to global...
micro     precision: 0.6655 | recall: 0.5333 | f1-score: 0.5921 | support: 40183 | mAP: 0.5667
macro     precision: 0.3929 | recall: 0.2605 | f1-score: 0.2762 | support: 40183 | mAP: 0.3950

==================================================
ROUND 19/40
==================================================
Epoch 1/1
----------
Prune before sending to global...
Epoch 1/1
----------
Prune before sending to global...
Epoch 1/1
----------
Prune before sending to global...
Epoch 1/1
----------
Prune before sending to global...
Epoch 1/1
----------
Prune before sending to global...
Epoch 1/1
----------
Prune before sending to global...
Epoch 1/1
----------
Prune before sending to global...
Epoch 1/1
----------
Prune before sending to global...
micro     precision: 0.6580 | recall: 0.5377 | f1-score: 0.5918 | support: 40183 | mAP: 0.5328
macro     precision: 0.3690 | recall: 0.2692 | f1-score: 0.2792 | support: 40183 | mAP: 0.3864

==================================================
ROUND 20/40
==================================================
Epoch 1/1
----------
Prune before sending to global...
Epoch 1/1
----------
Prune before sending to global...
Epoch 1/1
----------
Prune before sending to global...
Epoch 1/1
----------
Prune before sending to global...
Epoch 1/1
----------
Prune before sending to global...
Epoch 1/1
----------
Prune before sending to global...
Epoch 1/1
----------
Prune before sending to global...
Epoch 1/1
----------
Prune before sending to global...
micro     precision: 0.6902 | recall: 0.5321 | f1-score: 0.6009 | support: 40183 | mAP: 0.5769
macro     precision: 0.3811 | recall: 0.2586 | f1-score: 0.2807 | support: 40183 | mAP: 0.3923

==================================================
ROUND 21/40
==================================================
Epoch 1/1
----------
Prune before sending to global...
Epoch 1/1
----------
Prune before sending to global...
Epoch 1/1
----------
Prune before sending to global...
Epoch 1/1
----------
Prune before sending to global...
Epoch 1/1
----------
Prune before sending to global...
Epoch 1/1
----------
Prune before sending to global...
Epoch 1/1
----------
Prune before sending to global...
Epoch 1/1
----------
Prune before sending to global...
micro     precision: 0.6632 | recall: 0.5611 | f1-score: 0.6079 | support: 40183 | mAP: 0.5399
macro     precision: 0.3833 | recall: 0.2812 | f1-score: 0.2924 | support: 40183 | mAP: 0.3781

==================================================
ROUND 22/40
==================================================
Epoch 1/1
----------
Prune before sending to global...
Epoch 1/1
----------
Prune before sending to global...
Epoch 1/1
----------
Prune before sending to global...
Epoch 1/1
----------
Prune before sending to global...
Epoch 1/1
----------
Prune before sending to global...
Epoch 1/1
----------
Prune before sending to global...
Epoch 1/1
----------
Prune before sending to global...
Epoch 1/1
----------
Prune before sending to global...
micro     precision: 0.6919 | recall: 0.5315 | f1-score: 0.6012 | support: 40183 | mAP: 0.5736
macro     precision: 0.3699 | recall: 0.2507 | f1-score: 0.2666 | support: 40183 | mAP: 0.3866

==================================================
ROUND 23/40
==================================================
Epoch 1/1
----------
Prune before sending to global...
Epoch 1/1
----------
Prune before sending to global...
Epoch 1/1
----------
Prune before sending to global...
Epoch 1/1
----------
Prune before sending to global...
Epoch 1/1
----------
Prune before sending to global...
Epoch 1/1
----------
Prune before sending to global...
Epoch 1/1
----------
Prune before sending to global...
Epoch 1/1
----------
Prune before sending to global...
micro     precision: 0.6506 | recall: 0.5657 | f1-score: 0.6052 | support: 40183 | mAP: 0.5395
macro     precision: 0.3651 | recall: 0.2709 | f1-score: 0.2710 | support: 40183 | mAP: 0.3777

==================================================
ROUND 24/40
==================================================
Epoch 1/1
----------
Prune before sending to global...
Epoch 1/1
----------
Prune before sending to global...
Epoch 1/1
----------
Prune before sending to global...
Epoch 1/1
----------
Prune before sending to global...
Epoch 1/1
----------
Prune before sending to global...
Epoch 1/1
----------
Prune before sending to global...
Epoch 1/1
----------
Prune before sending to global...
Epoch 1/1
----------
Prune before sending to global...
micro     precision: 0.6686 | recall: 0.5597 | f1-score: 0.6093 | support: 40183 | mAP: 0.5760
macro     precision: 0.3817 | recall: 0.2764 | f1-score: 0.2909 | support: 40183 | mAP: 0.4034

==================================================
ROUND 25/40
==================================================
Epoch 1/1
----------
Prune before sending to global...
Epoch 1/1
----------
Prune before sending to global...
Epoch 1/1
----------
Prune before sending to global...
Epoch 1/1
----------
Prune before sending to global...
Epoch 1/1
----------
Prune before sending to global...
Epoch 1/1
----------
Prune before sending to global...
Epoch 1/1
----------
Prune before sending to global...
Epoch 1/1
----------
Prune before sending to global...
micro     precision: 0.6707 | recall: 0.5605 | f1-score: 0.6107 | support: 40183 | mAP: 0.5466
macro     precision: 0.3737 | recall: 0.2818 | f1-score: 0.2946 | support: 40183 | mAP: 0.3820

==================================================
ROUND 26/40
==================================================
Epoch 1/1
----------
Prune before sending to global...
Epoch 1/1
----------
Prune before sending to global...
Epoch 1/1
----------
Prune before sending to global...
Epoch 1/1
----------
Prune before sending to global...
Epoch 1/1
----------
Prune before sending to global...
Epoch 1/1
----------
Prune before sending to global...
Epoch 1/1
----------
Prune before sending to global...
Epoch 1/1
----------
Prune before sending to global...
micro     precision: 0.6885 | recall: 0.5607 | f1-score: 0.6180 | support: 40183 | mAP: 0.5593
macro     precision: 0.3906 | recall: 0.2812 | f1-score: 0.2980 | support: 40183 | mAP: 0.4024

==================================================
ROUND 27/40
==================================================
Epoch 1/1
----------
Prune before sending to global...
Epoch 1/1
----------
Prune before sending to global...
Epoch 1/1
----------
Prune before sending to global...
Epoch 1/1
----------
Prune before sending to global...
Epoch 1/1
----------
Prune before sending to global...
Epoch 1/1
----------
Prune before sending to global...
Epoch 1/1
----------
Prune before sending to global...
Epoch 1/1
----------
Prune before sending to global...
micro     precision: 0.6738 | recall: 0.5509 | f1-score: 0.6062 | support: 40183 | mAP: 0.5526
macro     precision: 0.3824 | recall: 0.2699 | f1-score: 0.2775 | support: 40183 | mAP: 0.3905

==================================================
ROUND 28/40
==================================================
Epoch 1/1
----------
Prune before sending to global...
Epoch 1/1
----------
Prune before sending to global...
Epoch 1/1
----------
Prune before sending to global...
Epoch 1/1
----------
Prune before sending to global...
Epoch 1/1
----------
Prune before sending to global...
Epoch 1/1
----------
Prune before sending to global...
Epoch 1/1
----------
Prune before sending to global...
Epoch 1/1
----------
Prune before sending to global...
micro     precision: 0.6800 | recall: 0.5692 | f1-score: 0.6197 | support: 40183 | mAP: 0.5636
macro     precision: 0.3804 | recall: 0.2785 | f1-score: 0.2912 | support: 40183 | mAP: 0.3911

==================================================
ROUND 29/40
==================================================
Epoch 1/1
----------
Prune before sending to global...
Epoch 1/1
----------
Prune before sending to global...
Epoch 1/1
----------
Prune before sending to global...
Epoch 1/1
----------
Prune before sending to global...
Epoch 1/1
----------
Prune before sending to global...
Epoch 1/1
----------
Prune before sending to global...
Epoch 1/1
----------
Prune before sending to global...
Epoch 1/1
----------
Prune before sending to global...
micro     precision: 0.6772 | recall: 0.5688 | f1-score: 0.6183 | support: 40183 | mAP: 0.5783
macro     precision: 0.4091 | recall: 0.2817 | f1-score: 0.2946 | support: 40183 | mAP: 0.3962

==================================================
ROUND 30/40
==================================================
Epoch 1/1
----------
Prune before sending to global...
Epoch 1/1
----------
Prune before sending to global...
Epoch 1/1
----------
Prune before sending to global...
Epoch 1/1
----------
Prune before sending to global...
Epoch 1/1
----------
Prune before sending to global...
Epoch 1/1
----------
Prune before sending to global...
Epoch 1/1
----------
Prune before sending to global...
Epoch 1/1
----------
Prune before sending to global...
micro     precision: 0.6506 | recall: 0.5690 | f1-score: 0.6071 | support: 40183 | mAP: 0.5537
macro     precision: 0.4343 | recall: 0.2850 | f1-score: 0.2934 | support: 40183 | mAP: 0.3922

==================================================
ROUND 31/40
==================================================
Epoch 1/1
----------
Prune before sending to global...
Epoch 1/1
----------
Prune before sending to global...
Epoch 1/1
----------
Prune before sending to global...
Epoch 1/1
----------
Prune before sending to global...
Epoch 1/1
----------
Prune before sending to global...
Epoch 1/1
----------
Prune before sending to global...
Epoch 1/1
----------
Prune before sending to global...
Epoch 1/1
----------
Prune before sending to global...
micro     precision: 0.6787 | recall: 0.5706 | f1-score: 0.6200 | support: 40183 | mAP: 0.5665
macro     precision: 0.3891 | recall: 0.2828 | f1-score: 0.2969 | support: 40183 | mAP: 0.3913

==================================================
ROUND 32/40
==================================================
Epoch 1/1
----------
Prune before sending to global...
Epoch 1/1
----------
Prune before sending to global...
Epoch 1/1
----------
Prune before sending to global...
Epoch 1/1
----------
Prune before sending to global...
Epoch 1/1
----------
Prune before sending to global...
Epoch 1/1
----------
Prune before sending to global...
Epoch 1/1
----------
Prune before sending to global...
Epoch 1/1
----------
Prune before sending to global...
micro     precision: 0.6477 | recall: 0.5777 | f1-score: 0.6107 | support: 40183 | mAP: 0.5503
macro     precision: 0.3711 | recall: 0.2885 | f1-score: 0.2929 | support: 40183 | mAP: 0.3938

==================================================
ROUND 33/40
==================================================
Epoch 1/1
----------
Prune before sending to global...
Epoch 1/1
----------
Prune before sending to global...
Epoch 1/1
----------
Prune before sending to global...
Epoch 1/1
----------
Prune before sending to global...
Epoch 1/1
----------
Prune before sending to global...
Epoch 1/1
----------
Prune before sending to global...
Epoch 1/1
----------
Prune before sending to global...
Epoch 1/1
----------
Prune before sending to global...
micro     precision: 0.6792 | recall: 0.5581 | f1-score: 0.6127 | support: 40183 | mAP: 0.5466
macro     precision: 0.3739 | recall: 0.2782 | f1-score: 0.2888 | support: 40183 | mAP: 0.3803

==================================================
ROUND 34/40
==================================================
Epoch 1/1
----------
Prune before sending to global...
Epoch 1/1
----------
Prune before sending to global...
Epoch 1/1
----------
Prune before sending to global...
Epoch 1/1
----------
Prune before sending to global...
Epoch 1/1
----------
Prune before sending to global...
Epoch 1/1
----------
Prune before sending to global...
Epoch 1/1
----------
Prune before sending to global...
Epoch 1/1
----------
Prune before sending to global...
micro     precision: 0.6561 | recall: 0.5802 | f1-score: 0.6158 | support: 40183 | mAP: 0.5835
macro     precision: 0.4483 | recall: 0.2916 | f1-score: 0.3001 | support: 40183 | mAP: 0.4051

==================================================
ROUND 35/40
==================================================
Epoch 1/1
----------
Prune before sending to global...
Epoch 1/1
----------
Prune before sending to global...
Epoch 1/1
----------
Prune before sending to global...
Epoch 1/1
----------
Prune before sending to global...
Epoch 1/1
----------
Prune before sending to global...
Epoch 1/1
----------
Prune before sending to global...
Epoch 1/1
----------
Prune before sending to global...
Epoch 1/1
----------
Prune before sending to global...
micro     precision: 0.6757 | recall: 0.5659 | f1-score: 0.6160 | support: 40183 | mAP: 0.5476
macro     precision: 0.3687 | recall: 0.2826 | f1-score: 0.2938 | support: 40183 | mAP: 0.3790

==================================================
ROUND 36/40
==================================================
Epoch 1/1
----------
Prune before sending to global...
Epoch 1/1
----------
Prune before sending to global...
Epoch 1/1
----------
Prune before sending to global...
Epoch 1/1
----------
Prune before sending to global...
Epoch 1/1
----------
Prune before sending to global...
Epoch 1/1
----------
Prune before sending to global...
Epoch 1/1
----------
Prune before sending to global...
Epoch 1/1
----------
Prune before sending to global...
micro     precision: 0.6806 | recall: 0.5790 | f1-score: 0.6257 | support: 40183 | mAP: 0.5665
macro     precision: 0.4332 | recall: 0.2924 | f1-score: 0.3020 | support: 40183 | mAP: 0.3977

==================================================
ROUND 37/40
==================================================
Epoch 1/1
----------
Prune before sending to global...
Epoch 1/1
----------
Prune before sending to global...
Epoch 1/1
----------
Prune before sending to global...
Epoch 1/1
----------
Prune before sending to global...
Epoch 1/1
----------
Prune before sending to global...
Epoch 1/1
----------
Prune before sending to global...
Epoch 1/1
----------
Prune before sending to global...
Epoch 1/1
----------
Prune before sending to global...
micro     precision: 0.6724 | recall: 0.5610 | f1-score: 0.6117 | support: 40183 | mAP: 0.5507
macro     precision: 0.4256 | recall: 0.2834 | f1-score: 0.2913 | support: 40183 | mAP: 0.3905

==================================================
ROUND 38/40
==================================================
Epoch 1/1
----------
Prune before sending to global...
Epoch 1/1
----------
Prune before sending to global...
Epoch 1/1
----------
Prune before sending to global...
Epoch 1/1
----------
Prune before sending to global...
Epoch 1/1
----------
Prune before sending to global...
Epoch 1/1
----------
Prune before sending to global...
Epoch 1/1
----------
Prune before sending to global...
Epoch 1/1
----------
Prune before sending to global...
micro     precision: 0.6765 | recall: 0.5663 | f1-score: 0.6165 | support: 40183 | mAP: 0.6156
macro     precision: 0.4430 | recall: 0.2741 | f1-score: 0.2852 | support: 40183 | mAP: 0.4095

==================================================
ROUND 39/40
==================================================
Epoch 1/1
----------
Prune before sending to global...
Epoch 1/1
----------
Prune before sending to global...
Epoch 1/1
----------
Prune before sending to global...
Epoch 1/1
----------
Prune before sending to global...
Epoch 1/1
----------
Prune before sending to global...
Epoch 1/1
----------
Prune before sending to global...
Epoch 1/1
----------
Prune before sending to global...
Epoch 1/1
----------
Prune before sending to global...
micro     precision: 0.6630 | recall: 0.5687 | f1-score: 0.6122 | support: 40183 | mAP: 0.5483
macro     precision: 0.4258 | recall: 0.2802 | f1-score: 0.2859 | support: 40183 | mAP: 0.3832

==================================================
ROUND 40/40
==================================================
Epoch 1/1
----------
Prune before sending to global...
Epoch 1/1
----------
Prune before sending to global...
Epoch 1/1
----------
Prune before sending to global...
Epoch 1/1
----------
Prune before sending to global...
Epoch 1/1
----------
Prune before sending to global...
Epoch 1/1
----------
Prune before sending to global...
Epoch 1/1
----------
Prune before sending to global...
Epoch 1/1
----------
Prune before sending to global...
micro     precision: 0.6491 | recall: 0.5338 | f1-score: 0.5858 | support: 40183 | mAP: 0.6019
macro     precision: 0.4379 | recall: 0.2699 | f1-score: 0.2819 | support: 40183 | mAP: 0.4024

[{'0': {'precision': [], 'recall': [], 'f1-score': [], 'support': []}, '1': {'precision': [], 'recall': [], 'f1-score': [], 'support': []}, '2': {'precision': [], 'recall': [], 'f1-score': [], 'support': []}, '3': {'precision': [], 'recall': [], 'f1-score': [], 'support': []}, '4': {'precision': [], 'recall': [], 'f1-score': [], 'support': []}, '5': {'precision': [], 'recall': [], 'f1-score': [], 'support': []}, '6': {'precision': [], 'recall': [], 'f1-score': [], 'support': []}, '7': {'precision': [], 'recall': [], 'f1-score': [], 'support': []}, '8': {'precision': [], 'recall': [], 'f1-score': [], 'support': []}, '9': {'precision': [], 'recall': [], 'f1-score': [], 'support': []}, '10': {'precision': [], 'recall': [], 'f1-score': [], 'support': []}, '11': {'precision': [], 'recall': [], 'f1-score': [], 'support': []}, '12': {'precision': [], 'recall': [], 'f1-score': [], 'support': []}, '13': {'precision': [], 'recall': [], 'f1-score': [], 'support': []}, '14': {'precision': [], 'recall': [], 'f1-score': [], 'support': []}, '15': {'precision': [], 'recall': [], 'f1-score': [], 'support': []}, '16': {'precision': [], 'recall': [], 'f1-score': [], 'support': []}, '17': {'precision': [], 'recall': [], 'f1-score': [], 'support': []}, '18': {'precision': [], 'recall': [], 'f1-score': [], 'support': []}, 'micro avg': {'precision': [], 'recall': [], 'f1-score': [], 'support': []}, 'macro avg': {'precision': [], 'recall': [], 'f1-score': [], 'support': []}, 'weighted avg': {'precision': [], 'recall': [], 'f1-score': [], 'support': []}, 'ap_mic': [], 'ap_mac': []}, {'0': {'precision': [], 'recall': [], 'f1-score': [], 'support': []}, '1': {'precision': [], 'recall': [], 'f1-score': [], 'support': []}, '2': {'precision': [], 'recall': [], 'f1-score': [], 'support': []}, '3': {'precision': [], 'recall': [], 'f1-score': [], 'support': []}, '4': {'precision': [], 'recall': [], 'f1-score': [], 'support': []}, '5': {'precision': [], 'recall': [], 'f1-score': [], 'support': []}, '6': {'precision': [], 'recall': [], 'f1-score': [], 'support': []}, '7': {'precision': [], 'recall': [], 'f1-score': [], 'support': []}, '8': {'precision': [], 'recall': [], 'f1-score': [], 'support': []}, '9': {'precision': [], 'recall': [], 'f1-score': [], 'support': []}, '10': {'precision': [], 'recall': [], 'f1-score': [], 'support': []}, '11': {'precision': [], 'recall': [], 'f1-score': [], 'support': []}, '12': {'precision': [], 'recall': [], 'f1-score': [], 'support': []}, '13': {'precision': [], 'recall': [], 'f1-score': [], 'support': []}, '14': {'precision': [], 'recall': [], 'f1-score': [], 'support': []}, '15': {'precision': [], 'recall': [], 'f1-score': [], 'support': []}, '16': {'precision': [], 'recall': [], 'f1-score': [], 'support': []}, '17': {'precision': [], 'recall': [], 'f1-score': [], 'support': []}, '18': {'precision': [], 'recall': [], 'f1-score': [], 'support': []}, 'micro avg': {'precision': [], 'recall': [], 'f1-score': [], 'support': []}, 'macro avg': {'precision': [], 'recall': [], 'f1-score': [], 'support': []}, 'weighted avg': {'precision': [], 'recall': [], 'f1-score': [], 'support': []}, 'ap_mic': [], 'ap_mac': []}, {'0': {'precision': [], 'recall': [], 'f1-score': [], 'support': []}, '1': {'precision': [], 'recall': [], 'f1-score': [], 'support': []}, '2': {'precision': [], 'recall': [], 'f1-score': [], 'support': []}, '3': {'precision': [], 'recall': [], 'f1-score': [], 'support': []}, '4': {'precision': [], 'recall': [], 'f1-score': [], 'support': []}, '5': {'precision': [], 'recall': [], 'f1-score': [], 'support': []}, '6': {'precision': [], 'recall': [], 'f1-score': [], 'support': []}, '7': {'precision': [], 'recall': [], 'f1-score': [], 'support': []}, '8': {'precision': [], 'recall': [], 'f1-score': [], 'support': []}, '9': {'precision': [], 'recall': [], 'f1-score': [], 'support': []}, '10': {'precision': [], 'recall': [], 'f1-score': [], 'support': []}, '11': {'precision': [], 'recall': [], 'f1-score': [], 'support': []}, '12': {'precision': [], 'recall': [], 'f1-score': [], 'support': []}, '13': {'precision': [], 'recall': [], 'f1-score': [], 'support': []}, '14': {'precision': [], 'recall': [], 'f1-score': [], 'support': []}, '15': {'precision': [], 'recall': [], 'f1-score': [], 'support': []}, '16': {'precision': [], 'recall': [], 'f1-score': [], 'support': []}, '17': {'precision': [], 'recall': [], 'f1-score': [], 'support': []}, '18': {'precision': [], 'recall': [], 'f1-score': [], 'support': []}, 'micro avg': {'precision': [], 'recall': [], 'f1-score': [], 'support': []}, 'macro avg': {'precision': [], 'recall': [], 'f1-score': [], 'support': []}, 'weighted avg': {'precision': [], 'recall': [], 'f1-score': [], 'support': []}, 'ap_mic': [], 'ap_mac': []}, {'0': {'precision': [], 'recall': [], 'f1-score': [], 'support': []}, '1': {'precision': [], 'recall': [], 'f1-score': [], 'support': []}, '2': {'precision': [], 'recall': [], 'f1-score': [], 'support': []}, '3': {'precision': [], 'recall': [], 'f1-score': [], 'support': []}, '4': {'precision': [], 'recall': [], 'f1-score': [], 'support': []}, '5': {'precision': [], 'recall': [], 'f1-score': [], 'support': []}, '6': {'precision': [], 'recall': [], 'f1-score': [], 'support': []}, '7': {'precision': [], 'recall': [], 'f1-score': [], 'support': []}, '8': {'precision': [], 'recall': [], 'f1-score': [], 'support': []}, '9': {'precision': [], 'recall': [], 'f1-score': [], 'support': []}, '10': {'precision': [], 'recall': [], 'f1-score': [], 'support': []}, '11': {'precision': [], 'recall': [], 'f1-score': [], 'support': []}, '12': {'precision': [], 'recall': [], 'f1-score': [], 'support': []}, '13': {'precision': [], 'recall': [], 'f1-score': [], 'support': []}, '14': {'precision': [], 'recall': [], 'f1-score': [], 'support': []}, '15': {'precision': [], 'recall': [], 'f1-score': [], 'support': []}, '16': {'precision': [], 'recall': [], 'f1-score': [], 'support': []}, '17': {'precision': [], 'recall': [], 'f1-score': [], 'support': []}, '18': {'precision': [], 'recall': [], 'f1-score': [], 'support': []}, 'micro avg': {'precision': [], 'recall': [], 'f1-score': [], 'support': []}, 'macro avg': {'precision': [], 'recall': [], 'f1-score': [], 'support': []}, 'weighted avg': {'precision': [], 'recall': [], 'f1-score': [], 'support': []}, 'ap_mic': [], 'ap_mac': []}, {'0': {'precision': [], 'recall': [], 'f1-score': [], 'support': []}, '1': {'precision': [], 'recall': [], 'f1-score': [], 'support': []}, '2': {'precision': [], 'recall': [], 'f1-score': [], 'support': []}, '3': {'precision': [], 'recall': [], 'f1-score': [], 'support': []}, '4': {'precision': [], 'recall': [], 'f1-score': [], 'support': []}, '5': {'precision': [], 'recall': [], 'f1-score': [], 'support': []}, '6': {'precision': [], 'recall': [], 'f1-score': [], 'support': []}, '7': {'precision': [], 'recall': [], 'f1-score': [], 'support': []}, '8': {'precision': [], 'recall': [], 'f1-score': [], 'support': []}, '9': {'precision': [], 'recall': [], 'f1-score': [], 'support': []}, '10': {'precision': [], 'recall': [], 'f1-score': [], 'support': []}, '11': {'precision': [], 'recall': [], 'f1-score': [], 'support': []}, '12': {'precision': [], 'recall': [], 'f1-score': [], 'support': []}, '13': {'precision': [], 'recall': [], 'f1-score': [], 'support': []}, '14': {'precision': [], 'recall': [], 'f1-score': [], 'support': []}, '15': {'precision': [], 'recall': [], 'f1-score': [], 'support': []}, '16': {'precision': [], 'recall': [], 'f1-score': [], 'support': []}, '17': {'precision': [], 'recall': [], 'f1-score': [], 'support': []}, '18': {'precision': [], 'recall': [], 'f1-score': [], 'support': []}, 'micro avg': {'precision': [], 'recall': [], 'f1-score': [], 'support': []}, 'macro avg': {'precision': [], 'recall': [], 'f1-score': [], 'support': []}, 'weighted avg': {'precision': [], 'recall': [], 'f1-score': [], 'support': []}, 'ap_mic': [], 'ap_mac': []}, {'0': {'precision': [], 'recall': [], 'f1-score': [], 'support': []}, '1': {'precision': [], 'recall': [], 'f1-score': [], 'support': []}, '2': {'precision': [], 'recall': [], 'f1-score': [], 'support': []}, '3': {'precision': [], 'recall': [], 'f1-score': [], 'support': []}, '4': {'precision': [], 'recall': [], 'f1-score': [], 'support': []}, '5': {'precision': [], 'recall': [], 'f1-score': [], 'support': []}, '6': {'precision': [], 'recall': [], 'f1-score': [], 'support': []}, '7': {'precision': [], 'recall': [], 'f1-score': [], 'support': []}, '8': {'precision': [], 'recall': [], 'f1-score': [], 'support': []}, '9': {'precision': [], 'recall': [], 'f1-score': [], 'support': []}, '10': {'precision': [], 'recall': [], 'f1-score': [], 'support': []}, '11': {'precision': [], 'recall': [], 'f1-score': [], 'support': []}, '12': {'precision': [], 'recall': [], 'f1-score': [], 'support': []}, '13': {'precision': [], 'recall': [], 'f1-score': [], 'support': []}, '14': {'precision': [], 'recall': [], 'f1-score': [], 'support': []}, '15': {'precision': [], 'recall': [], 'f1-score': [], 'support': []}, '16': {'precision': [], 'recall': [], 'f1-score': [], 'support': []}, '17': {'precision': [], 'recall': [], 'f1-score': [], 'support': []}, '18': {'precision': [], 'recall': [], 'f1-score': [], 'support': []}, 'micro avg': {'precision': [], 'recall': [], 'f1-score': [], 'support': []}, 'macro avg': {'precision': [], 'recall': [], 'f1-score': [], 'support': []}, 'weighted avg': {'precision': [], 'recall': [], 'f1-score': [], 'support': []}, 'ap_mic': [], 'ap_mac': []}, {'0': {'precision': [], 'recall': [], 'f1-score': [], 'support': []}, '1': {'precision': [], 'recall': [], 'f1-score': [], 'support': []}, '2': {'precision': [], 'recall': [], 'f1-score': [], 'support': []}, '3': {'precision': [], 'recall': [], 'f1-score': [], 'support': []}, '4': {'precision': [], 'recall': [], 'f1-score': [], 'support': []}, '5': {'precision': [], 'recall': [], 'f1-score': [], 'support': []}, '6': {'precision': [], 'recall': [], 'f1-score': [], 'support': []}, '7': {'precision': [], 'recall': [], 'f1-score': [], 'support': []}, '8': {'precision': [], 'recall': [], 'f1-score': [], 'support': []}, '9': {'precision': [], 'recall': [], 'f1-score': [], 'support': []}, '10': {'precision': [], 'recall': [], 'f1-score': [], 'support': []}, '11': {'precision': [], 'recall': [], 'f1-score': [], 'support': []}, '12': {'precision': [], 'recall': [], 'f1-score': [], 'support': []}, '13': {'precision': [], 'recall': [], 'f1-score': [], 'support': []}, '14': {'precision': [], 'recall': [], 'f1-score': [], 'support': []}, '15': {'precision': [], 'recall': [], 'f1-score': [], 'support': []}, '16': {'precision': [], 'recall': [], 'f1-score': [], 'support': []}, '17': {'precision': [], 'recall': [], 'f1-score': [], 'support': []}, '18': {'precision': [], 'recall': [], 'f1-score': [], 'support': []}, 'micro avg': {'precision': [], 'recall': [], 'f1-score': [], 'support': []}, 'macro avg': {'precision': [], 'recall': [], 'f1-score': [], 'support': []}, 'weighted avg': {'precision': [], 'recall': [], 'f1-score': [], 'support': []}, 'ap_mic': [], 'ap_mac': []}, {'0': {'precision': [], 'recall': [], 'f1-score': [], 'support': []}, '1': {'precision': [], 'recall': [], 'f1-score': [], 'support': []}, '2': {'precision': [], 'recall': [], 'f1-score': [], 'support': []}, '3': {'precision': [], 'recall': [], 'f1-score': [], 'support': []}, '4': {'precision': [], 'recall': [], 'f1-score': [], 'support': []}, '5': {'precision': [], 'recall': [], 'f1-score': [], 'support': []}, '6': {'precision': [], 'recall': [], 'f1-score': [], 'support': []}, '7': {'precision': [], 'recall': [], 'f1-score': [], 'support': []}, '8': {'precision': [], 'recall': [], 'f1-score': [], 'support': []}, '9': {'precision': [], 'recall': [], 'f1-score': [], 'support': []}, '10': {'precision': [], 'recall': [], 'f1-score': [], 'support': []}, '11': {'precision': [], 'recall': [], 'f1-score': [], 'support': []}, '12': {'precision': [], 'recall': [], 'f1-score': [], 'support': []}, '13': {'precision': [], 'recall': [], 'f1-score': [], 'support': []}, '14': {'precision': [], 'recall': [], 'f1-score': [], 'support': []}, '15': {'precision': [], 'recall': [], 'f1-score': [], 'support': []}, '16': {'precision': [], 'recall': [], 'f1-score': [], 'support': []}, '17': {'precision': [], 'recall': [], 'f1-score': [], 'support': []}, '18': {'precision': [], 'recall': [], 'f1-score': [], 'support': []}, 'micro avg': {'precision': [], 'recall': [], 'f1-score': [], 'support': []}, 'macro avg': {'precision': [], 'recall': [], 'f1-score': [], 'support': []}, 'weighted avg': {'precision': [], 'recall': [], 'f1-score': [], 'support': []}, 'ap_mic': [], 'ap_mac': []}]
