Using device: cuda:0
Pre-filtered 12908 patches based on country and season (split ignored)
Loading BEN data for train...
    237871 patches indexed
    6336 filtered patches indexed
    6336 patches indexed considering max_len
Merged metadata with snow/cloud metadata
Loaded 549488 labels
Loaded 549488 keys
Loaded mapping created
Pre-filtered 12908 patches based on country and season (split ignored)
Loading BEN data for test...
    119825 patches indexed
    3287 filtered patches indexed
    3287 patches indexed considering max_len
Merged metadata with snow/cloud metadata
Loaded 549488 labels
Loaded 549488 keys
Loaded mapping created
Pre-filtered 12817 patches based on country and season (split ignored)
Loading BEN data for train...
    237871 patches indexed
    6317 filtered patches indexed
    6317 patches indexed considering max_len
Merged metadata with snow/cloud metadata
Loaded 549488 labels
Loaded 549488 keys
Loaded mapping created
Pre-filtered 12817 patches based on country and season (split ignored)
Loading BEN data for test...
    119825 patches indexed
    3258 filtered patches indexed
    3258 patches indexed considering max_len
Merged metadata with snow/cloud metadata
Loaded 549488 labels
Loaded 549488 keys
Loaded mapping created
Pre-filtered 12726 patches based on country and season (split ignored)
Loading BEN data for train...
    237871 patches indexed
    6293 filtered patches indexed
    6293 patches indexed considering max_len
Merged metadata with snow/cloud metadata
Loaded 549488 labels
Loaded 549488 keys
Loaded mapping created
Pre-filtered 12726 patches based on country and season (split ignored)
Loading BEN data for test...
    119825 patches indexed
    3214 filtered patches indexed
    3214 patches indexed considering max_len
Merged metadata with snow/cloud metadata
Loaded 549488 labels
Loaded 549488 keys
Loaded mapping created
Pre-filtered 12725 patches based on country and season (split ignored)
Loading BEN data for train...
    237871 patches indexed
    6164 filtered patches indexed
    6164 patches indexed considering max_len
Merged metadata with snow/cloud metadata
Loaded 549488 labels
Loaded 549488 keys
Loaded mapping created
Pre-filtered 12725 patches based on country and season (split ignored)
Loading BEN data for test...
    119825 patches indexed
    3282 filtered patches indexed
    3282 patches indexed considering max_len
Merged metadata with snow/cloud metadata
Loaded 549488 labels
Loaded 549488 keys
Loaded mapping created
Pre-filtered 12842 patches based on country and season (split ignored)
Loading BEN data for train...
    237871 patches indexed
    6331 filtered patches indexed
    6331 patches indexed considering max_len
Merged metadata with snow/cloud metadata
Loaded 549488 labels
Loaded 549488 keys
Loaded mapping created
Pre-filtered 12842 patches based on country and season (split ignored)
Loading BEN data for test...
    119825 patches indexed
    3278 filtered patches indexed
    3278 patches indexed considering max_len
Merged metadata with snow/cloud metadata
Loaded 549488 labels
Loaded 549488 keys
Loaded mapping created
Pre-filtered 12790 patches based on country and season (split ignored)
Loading BEN data for train...
    237871 patches indexed
    6299 filtered patches indexed
    6299 patches indexed considering max_len
Merged metadata with snow/cloud metadata
Loaded 549488 labels
Loaded 549488 keys
Loaded mapping created
Pre-filtered 12790 patches based on country and season (split ignored)
Loading BEN data for test...
    119825 patches indexed
    3234 filtered patches indexed
    3234 patches indexed considering max_len
Merged metadata with snow/cloud metadata
Loaded 549488 labels
Loaded 549488 keys
Loaded mapping created
Pre-filtered 12787 patches based on country and season (split ignored)
Loading BEN data for train...
    237871 patches indexed
    6279 filtered patches indexed
    6279 patches indexed considering max_len
Merged metadata with snow/cloud metadata
Loaded 549488 labels
Loaded 549488 keys
Loaded mapping created
Pre-filtered 12787 patches based on country and season (split ignored)
Loading BEN data for test...
    119825 patches indexed
    3252 filtered patches indexed
    3252 patches indexed considering max_len
Merged metadata with snow/cloud metadata
Loaded 549488 labels
Loaded 549488 keys
Loaded mapping created
Pre-filtered 12802 patches based on country and season (split ignored)
Loading BEN data for train...
    237871 patches indexed
    6315 filtered patches indexed
    6315 patches indexed considering max_len
Merged metadata with snow/cloud metadata
Loaded 549488 labels
Loaded 549488 keys
Loaded mapping created
Pre-filtered 12802 patches based on country and season (split ignored)
Loading BEN data for test...
    119825 patches indexed
    3228 filtered patches indexed
    3228 patches indexed considering max_len
Merged metadata with snow/cloud metadata
Loaded 549488 labels
Loaded 549488 keys
Loaded mapping created

init GLOBALClient VALIDATION dataset and dataloader
Pre-filtered 59999 patches based on country and season (split ignored)
Loading BEN data for test...
    119825 patches indexed
    15720 filtered patches indexed
    15720 patches indexed considering max_len
Merged metadata with snow/cloud metadata
Loaded 549488 labels
Loaded 549488 keys
Loaded mapping created
Pre-filtered 59999 patches based on country and season (split ignored)
Loading BEN data for train...
    237871 patches indexed
    29135 filtered patches indexed
    29135 patches indexed considering max_len
Merged metadata with snow/cloud metadata
Loaded 549488 labels
Loaded 549488 keys
Loaded mapping created
Loading BEN data for train...
    237871 patches indexed
    237871 filtered patches indexed
    237871 patches indexed considering max_len
Merged metadata with snow/cloud metadata
Loaded 549488 labels
Loaded 549488 keys
Loaded mapping created
==================================================
ROUND 1/40
==================================================
Epoch 1/1
----------
Epoch 1/1
----------
Epoch 1/1
----------
Epoch 1/1
----------
Epoch 1/1
----------
Epoch 1/1
----------
Epoch 1/1
----------
Epoch 1/1
----------
micro     precision: 0.6600 | recall: 0.3417 | f1-score: 0.4503 | support: 40183 | mAP: 0.5440
macro     precision: 0.1502 | recall: 0.1486 | f1-score: 0.1415 | support: 40183 | mAP: 0.3086

==================================================
ROUND 2/40
==================================================
Epoch 1/1
----------
Epoch 1/1
----------
Epoch 1/1
----------
Epoch 1/1
----------
Epoch 1/1
----------
Epoch 1/1
----------
Epoch 1/1
----------
Epoch 1/1
----------
micro     precision: 0.4641 | recall: 0.4984 | f1-score: 0.4806 | support: 40183 | mAP: 0.5851
macro     precision: 0.2867 | recall: 0.2499 | f1-score: 0.2036 | support: 40183 | mAP: 0.3857

==================================================
ROUND 3/40
==================================================
Epoch 1/1
----------
Epoch 1/1
----------
Epoch 1/1
----------
Epoch 1/1
----------
Epoch 1/1
----------
Epoch 1/1
----------
Epoch 1/1
----------
Epoch 1/1
----------
micro     precision: 0.7838 | recall: 0.5928 | f1-score: 0.6750 | support: 40183 | mAP: 0.7521
macro     precision: 0.4531 | recall: 0.2954 | f1-score: 0.3152 | support: 40183 | mAP: 0.4488

==================================================
ROUND 4/40
==================================================
Finale Anzahl der Pruning-Patches: 17
Anzahl eindeutiger Klassen: 18
Klassenverteilung in den Pruning-Patches (Häufigkeiten): {'Marine waters': 9, 'Transitional woodland, shrub': 7, 'Mixed forest': 7, 'Coniferous forest': 6, 'Land principally occupied by agriculture, with significant areas of natural vegetation': 2, 'Inland waters': 1, 'Broad-leaved forest': 2, 'Arable land': 4, 'Urban fabric': 1, 'Industrial or commercial units': 1, 'Coastal wetlands': 2, 'Inland wetlands': 2, 'Pastures': 4, 'Complex cultivation patterns': 1, 'Moors, heathland and sclerophyllous vegetation': 1, 'Natural grassland and sparsely vegetated areas': 1, 'Beaches, dunes, sands': 1, 'Permanent crops': 1}
[INFO] Erstelle Prune Loader...
[INFO] 2 Patches nach Filterung übrig.
[SUCCESS] Prune Loader erfolgreich erstellt.
Used Composite Rules:
low_level_hidden_layer_rule: Epsilon
mid_level_hidden_layer_rule: Gamma
high_level_hidden_layer_rule: Gamma
fully_connected_layers_rule: Epsilon
softmax_rule: Epsilon
Starting relevance computation and pruning mask generation.
Type of components_relevances: <class 'collections.OrderedDict'>
Layer: conv1
Total layer relevance: 6.32531355794121e+21
--------------------------------------------------
Layer: encoder.4.0.conv1
Total layer relevance: 3.2887237915397734e+21
--------------------------------------------------
Layer: encoder.4.0.conv2
Total layer relevance: 2.7596313371670793e+21
--------------------------------------------------
Layer: encoder.4.0.conv3
Total layer relevance: 6.834262396343094e+20
--------------------------------------------------
Layer: encoder.4.0.downsample.0
Total layer relevance: 6.841188791832501e+20
--------------------------------------------------
Layer: encoder.4.1.conv1
Total layer relevance: 1.2882425787814248e+19
--------------------------------------------------
Layer: encoder.4.1.conv2
Total layer relevance: 8.616786315217732e+18
--------------------------------------------------
Layer: encoder.4.1.conv3
Total layer relevance: 3.3013842677113815e+18
--------------------------------------------------
Layer: encoder.4.2.conv1
Total layer relevance: 3.5214333780688896e+17
--------------------------------------------------
Layer: encoder.4.2.conv2
Total layer relevance: 2.3343934091768627e+17
--------------------------------------------------
Layer: encoder.4.2.conv3
Total layer relevance: 9.308785845311898e+16
--------------------------------------------------
Layer: encoder.5.0.conv1
Total layer relevance: 1.0878134253518848e+16
--------------------------------------------------
Layer: encoder.5.0.conv2
Total layer relevance: 8326003482951680.0
--------------------------------------------------
Layer: encoder.5.0.conv3
Total layer relevance: 2341205463531520.0
--------------------------------------------------
Layer: encoder.5.0.downsample.0
Total layer relevance: 2340038306168832.0
--------------------------------------------------
Layer: encoder.5.1.conv1
Total layer relevance: 63111579041792.0
--------------------------------------------------
Layer: encoder.5.1.conv2
Total layer relevance: 52105507241984.0
--------------------------------------------------
Layer: encoder.5.1.conv3
Total layer relevance: 22536683257856.0
--------------------------------------------------
Layer: encoder.5.2.conv1
Total layer relevance: 3355888320512.0
--------------------------------------------------
Layer: encoder.5.2.conv2
Total layer relevance: 2783848169472.0
--------------------------------------------------
Layer: encoder.5.2.conv3
Total layer relevance: 755980107776.0
--------------------------------------------------
Layer: encoder.5.3.conv1
Total layer relevance: 108466872320.0
--------------------------------------------------
Layer: encoder.5.3.conv2
Total layer relevance: 97983610880.0
--------------------------------------------------
Layer: encoder.5.3.conv3
Total layer relevance: 18114301952.0
--------------------------------------------------
Layer: encoder.6.0.conv1
Total layer relevance: 1477368832.0
--------------------------------------------------
Layer: encoder.6.0.conv2
Total layer relevance: 1435555968.0
--------------------------------------------------
Layer: encoder.6.0.conv3
Total layer relevance: 338766656.0
--------------------------------------------------
Layer: encoder.6.0.downsample.0
Total layer relevance: 340730624.0
--------------------------------------------------
Layer: encoder.6.1.conv1
Total layer relevance: 21457448.0
--------------------------------------------------
Layer: encoder.6.1.conv2
Total layer relevance: 28725540.0
--------------------------------------------------
Layer: encoder.6.1.conv3
Total layer relevance: 9525156.0
--------------------------------------------------
Layer: encoder.6.2.conv1
Total layer relevance: 3055133.5
--------------------------------------------------
Layer: encoder.6.2.conv2
Total layer relevance: 4224914.5
--------------------------------------------------
Layer: encoder.6.2.conv3
Total layer relevance: 1290962.75
--------------------------------------------------
Layer: encoder.6.3.conv1
Total layer relevance: 497095.375
--------------------------------------------------
Layer: encoder.6.3.conv2
Total layer relevance: 803084.5
--------------------------------------------------
Layer: encoder.6.3.conv3
Total layer relevance: 117823.7734375
--------------------------------------------------
Layer: encoder.6.4.conv1
Total layer relevance: 26553.234375
--------------------------------------------------
Layer: encoder.6.4.conv2
Total layer relevance: 48374.12890625
--------------------------------------------------
Layer: encoder.6.4.conv3
Total layer relevance: 16308.7822265625
--------------------------------------------------
Layer: encoder.6.5.conv1
Total layer relevance: 10996.1923828125
--------------------------------------------------
Layer: encoder.6.5.conv2
Total layer relevance: 19944.44140625
--------------------------------------------------
Layer: encoder.6.5.conv3
Total layer relevance: 4882.927734375
--------------------------------------------------
Layer: encoder.7.0.conv1
Total layer relevance: 3001.9677734375
--------------------------------------------------
Layer: encoder.7.0.conv2
Total layer relevance: 12567.494140625
--------------------------------------------------
Layer: encoder.7.0.conv3
Total layer relevance: 3083.4345703125
--------------------------------------------------
Layer: encoder.7.0.downsample.0
Total layer relevance: 3490.3095703125
--------------------------------------------------
Layer: encoder.7.1.conv1
Total layer relevance: 620.8843994140625
--------------------------------------------------
Layer: encoder.7.1.conv2
Total layer relevance: 2413.543212890625
--------------------------------------------------
Layer: encoder.7.1.conv3
Total layer relevance: 1166.34130859375
--------------------------------------------------
Layer: encoder.7.2.conv1
Total layer relevance: 846.8102416992188
--------------------------------------------------
Layer: encoder.7.2.conv2
Total layer relevance: 2201.10546875
--------------------------------------------------
Layer: encoder.7.2.conv3
Total layer relevance: 643.5110473632812
--------------------------------------------------
Minimal retained neurons per layer:  0.040000000000000036
--------------------------------------------------
Global Pruning Mask
Pruning-rate: 0.97
Layer: conv1                Num neurons pruned: 0            % neurons pruned: 0.00%
Layer: encoder.4.0.conv1    Num neurons pruned: 0            % neurons pruned: 0.00%
Layer: encoder.4.0.conv2    Num neurons pruned: 0            % neurons pruned: 0.00%
Layer: encoder.4.0.conv3    Num neurons pruned: 1365         % neurons pruned: 8.20%
Layer: encoder.4.0.downsample.0 Num neurons pruned: 1105         % neurons pruned: 6.64%
Layer: encoder.4.1.conv1    Num neurons pruned: 514          % neurons pruned: 3.12%
Layer: encoder.4.1.conv2    Num neurons pruned: 5193         % neurons pruned: 14.06%
Layer: encoder.4.1.conv3    Num neurons pruned: 15730        % neurons pruned: 94.53%
Layer: encoder.4.2.conv1    Num neurons pruned: 15677        % neurons pruned: 95.31%
Layer: encoder.4.2.conv2    Num neurons pruned: 35197        % neurons pruned: 95.31%
Layer: encoder.4.2.conv3    Num neurons pruned: 15925        % neurons pruned: 95.70%
Layer: encoder.5.0.conv1    Num neurons pruned: 31354        % neurons pruned: 95.31%
Layer: encoder.5.0.conv2    Num neurons pruned: 140666       % neurons pruned: 95.31%
Layer: encoder.5.0.conv3    Num neurons pruned: 63339        % neurons pruned: 95.90%
Layer: encoder.5.0.downsample.0 Num neurons pruned: 126187       % neurons pruned: 95.90%
Layer: encoder.5.1.conv1    Num neurons pruned: 62586        % neurons pruned: 95.31%
Layer: encoder.5.1.conv2    Num neurons pruned: 140666       % neurons pruned: 95.31%
Layer: encoder.5.1.conv3    Num neurons pruned: 63339        % neurons pruned: 95.90%
Layer: encoder.5.2.conv1    Num neurons pruned: 62586        % neurons pruned: 95.31%
Layer: encoder.5.2.conv2    Num neurons pruned: 140666       % neurons pruned: 95.31%
Layer: encoder.5.2.conv3    Num neurons pruned: 63339        % neurons pruned: 95.90%
Layer: encoder.5.3.conv1    Num neurons pruned: 62586        % neurons pruned: 95.31%
Layer: encoder.5.3.conv2    Num neurons pruned: 140666       % neurons pruned: 95.31%
Layer: encoder.5.3.conv3    Num neurons pruned: 63339        % neurons pruned: 95.90%
Layer: encoder.6.0.conv1    Num neurons pruned: 125685       % neurons pruned: 95.70%
Layer: encoder.6.0.conv2    Num neurons pruned: 564725       % neurons pruned: 95.70%
Layer: encoder.6.0.conv3    Num neurons pruned: 252631       % neurons pruned: 96.00%
Layer: encoder.6.0.downsample.0 Num neurons pruned: 504279       % neurons pruned: 96.00%
Layer: encoder.6.1.conv1    Num neurons pruned: 251125       % neurons pruned: 95.70%
Layer: encoder.6.1.conv2    Num neurons pruned: 564725       % neurons pruned: 95.70%
Layer: encoder.6.1.conv3    Num neurons pruned: 252631       % neurons pruned: 96.00%
Layer: encoder.6.2.conv1    Num neurons pruned: 251125       % neurons pruned: 95.70%
Layer: encoder.6.2.conv2    Num neurons pruned: 564725       % neurons pruned: 95.70%
Layer: encoder.6.2.conv3    Num neurons pruned: 252631       % neurons pruned: 96.00%
Layer: encoder.6.3.conv1    Num neurons pruned: 251125       % neurons pruned: 95.70%
Layer: encoder.6.3.conv2    Num neurons pruned: 564725       % neurons pruned: 95.70%
Layer: encoder.6.3.conv3    Num neurons pruned: 252631       % neurons pruned: 96.00%
Layer: encoder.6.4.conv1    Num neurons pruned: 251125       % neurons pruned: 95.70%
Layer: encoder.6.4.conv2    Num neurons pruned: 564725       % neurons pruned: 95.70%
Layer: encoder.6.4.conv3    Num neurons pruned: 252631       % neurons pruned: 96.00%
Layer: encoder.6.5.conv1    Num neurons pruned: 251125       % neurons pruned: 95.70%
Layer: encoder.6.5.conv2    Num neurons pruned: 564725       % neurons pruned: 95.70%
Layer: encoder.6.5.conv3    Num neurons pruned: 252631       % neurons pruned: 96.00%
Layer: encoder.7.0.conv1    Num neurons pruned: 503275       % neurons pruned: 95.90%
Layer: encoder.7.0.conv2    Num neurons pruned: 2263019      % neurons pruned: 95.90%
Layer: encoder.7.0.conv3    Num neurons pruned: 1008558      % neurons pruned: 96.00%
Layer: encoder.7.0.downsample.0 Num neurons pruned: 2015150      % neurons pruned: 96.00%
Layer: encoder.7.1.conv1    Num neurons pruned: 1006059      % neurons pruned: 95.90%
Layer: encoder.7.1.conv2    Num neurons pruned: 2263019      % neurons pruned: 95.90%
Layer: encoder.7.1.conv3    Num neurons pruned: 1008558      % neurons pruned: 96.00%
Layer: encoder.7.2.conv1    Num neurons pruned: 1006059      % neurons pruned: 95.90%
Layer: encoder.7.2.conv2    Num neurons pruned: 2263019      % neurons pruned: 95.90%
Layer: encoder.7.2.conv3    Num neurons pruned: 1008558      % neurons pruned: 96.00%
Overall Percentage of pruned neurons across all layers: 95.25%
Sending pruning mask to clients...
[INFO] Pruner and pruning mask received and stored.
[INFO] Pruner and pruning mask received and stored.
[INFO] Pruner and pruning mask received and stored.
[INFO] Pruner and pruning mask received and stored.
[INFO] Pruner and pruning mask received and stored.
[INFO] Pruner and pruning mask received and stored.
[INFO] Pruner and pruning mask received and stored.
[INFO] Pruner and pruning mask received and stored.
Epoch 1/1
----------
Prune before sending to global...
Epoch 1/1
----------
Prune before sending to global...
Epoch 1/1
----------
Prune before sending to global...
Epoch 1/1
----------
Prune before sending to global...
Epoch 1/1
----------
Prune before sending to global...
Epoch 1/1
----------
Prune before sending to global...
Epoch 1/1
----------
Prune before sending to global...
Epoch 1/1
----------
Prune before sending to global...
micro     precision: 0.0000 | recall: 0.0000 | f1-score: 0.0000 | support: 40183 | mAP: 0.3662
macro     precision: 0.0000 | recall: 0.0000 | f1-score: 0.0000 | support: 40183 | mAP: 0.2766

==================================================
ROUND 5/40
==================================================
Epoch 1/1
----------
Prune before sending to global...
Epoch 1/1
----------
Prune before sending to global...
Epoch 1/1
----------
Prune before sending to global...
Epoch 1/1
----------
Prune before sending to global...
Epoch 1/1
----------
Prune before sending to global...
Epoch 1/1
----------
Prune before sending to global...
Epoch 1/1
----------
Prune before sending to global...
Epoch 1/1
----------
Prune before sending to global...
micro     precision: 0.7919 | recall: 0.3368 | f1-score: 0.4726 | support: 40183 | mAP: 0.5722
macro     precision: 0.2112 | recall: 0.1261 | f1-score: 0.1274 | support: 40183 | mAP: 0.3655

==================================================
ROUND 6/40
==================================================
Epoch 1/1
----------
Prune before sending to global...
Epoch 1/1
----------
Prune before sending to global...
Epoch 1/1
----------
Prune before sending to global...
Epoch 1/1
----------
Prune before sending to global...
Epoch 1/1
----------
Prune before sending to global...
Epoch 1/1
----------
Prune before sending to global...
Epoch 1/1
----------
Prune before sending to global...
Epoch 1/1
----------
Prune before sending to global...
micro     precision: 0.8623 | recall: 0.5183 | f1-score: 0.6474 | support: 40183 | mAP: 0.7749
macro     precision: 0.4530 | recall: 0.2536 | f1-score: 0.2860 | support: 40183 | mAP: 0.4283

==================================================
ROUND 7/40
==================================================
Epoch 1/1
----------
Prune before sending to global...
Epoch 1/1
----------
Prune before sending to global...
Epoch 1/1
----------
Prune before sending to global...
Epoch 1/1
----------
Prune before sending to global...
Epoch 1/1
----------
Prune before sending to global...
Epoch 1/1
----------
Prune before sending to global...
Epoch 1/1
----------
Prune before sending to global...
Epoch 1/1
----------
Prune before sending to global...
micro     precision: 0.8564 | recall: 0.5573 | f1-score: 0.6752 | support: 40183 | mAP: 0.7935
macro     precision: 0.4697 | recall: 0.2876 | f1-score: 0.3316 | support: 40183 | mAP: 0.4607

==================================================
ROUND 8/40
==================================================
Epoch 1/1
----------
Prune before sending to global...
Epoch 1/1
----------
Prune before sending to global...
Epoch 1/1
----------
Prune before sending to global...
Epoch 1/1
----------
Prune before sending to global...
Epoch 1/1
----------
Prune before sending to global...
Epoch 1/1
----------
Prune before sending to global...
Epoch 1/1
----------
Prune before sending to global...
Epoch 1/1
----------
Prune before sending to global...
micro     precision: 0.8588 | recall: 0.5785 | f1-score: 0.6913 | support: 40183 | mAP: 0.8108
macro     precision: 0.5004 | recall: 0.3044 | f1-score: 0.3522 | support: 40183 | mAP: 0.4864

==================================================
ROUND 9/40
==================================================
Epoch 1/1
----------
Prune before sending to global...
Epoch 1/1
----------
Prune before sending to global...
Epoch 1/1
----------
Prune before sending to global...
Epoch 1/1
----------
Prune before sending to global...
Epoch 1/1
----------
Prune before sending to global...
Epoch 1/1
----------
Prune before sending to global...
Epoch 1/1
----------
Prune before sending to global...
Epoch 1/1
----------
Prune before sending to global...
micro     precision: 0.8534 | recall: 0.6086 | f1-score: 0.7105 | support: 40183 | mAP: 0.8197
macro     precision: 0.5706 | recall: 0.3248 | f1-score: 0.3769 | support: 40183 | mAP: 0.4997

==================================================
ROUND 10/40
==================================================
Epoch 1/1
----------
Prune before sending to global...
Epoch 1/1
----------
Prune before sending to global...
Epoch 1/1
----------
Prune before sending to global...
Epoch 1/1
----------
Prune before sending to global...
Epoch 1/1
----------
Prune before sending to global...
Epoch 1/1
----------
Prune before sending to global...
Epoch 1/1
----------
Prune before sending to global...
Epoch 1/1
----------
Prune before sending to global...
micro     precision: 0.8398 | recall: 0.6300 | f1-score: 0.7199 | support: 40183 | mAP: 0.8259
macro     precision: 0.5615 | recall: 0.3528 | f1-score: 0.4083 | support: 40183 | mAP: 0.5081

==================================================
ROUND 11/40
==================================================
Epoch 1/1
----------
Prune before sending to global...
Epoch 1/1
----------
Prune before sending to global...
Epoch 1/1
----------
Prune before sending to global...
Epoch 1/1
----------
Prune before sending to global...
Epoch 1/1
----------
Prune before sending to global...
Epoch 1/1
----------
Prune before sending to global...
Epoch 1/1
----------
Prune before sending to global...
Epoch 1/1
----------
Prune before sending to global...
micro     precision: 0.8385 | recall: 0.6332 | f1-score: 0.7215 | support: 40183 | mAP: 0.8246
macro     precision: 0.5994 | recall: 0.3655 | f1-score: 0.4233 | support: 40183 | mAP: 0.5129

==================================================
ROUND 12/40
==================================================
Epoch 1/1
----------
Prune before sending to global...
Epoch 1/1
----------
Prune before sending to global...
Epoch 1/1
----------
Prune before sending to global...
Epoch 1/1
----------
Prune before sending to global...
Epoch 1/1
----------
Prune before sending to global...
Epoch 1/1
----------
Prune before sending to global...
Epoch 1/1
----------
Prune before sending to global...
Epoch 1/1
----------
Prune before sending to global...
micro     precision: 0.8456 | recall: 0.6427 | f1-score: 0.7303 | support: 40183 | mAP: 0.8330
macro     precision: 0.6121 | recall: 0.3623 | f1-score: 0.4241 | support: 40183 | mAP: 0.5237

==================================================
ROUND 13/40
==================================================
Epoch 1/1
----------
Prune before sending to global...
Epoch 1/1
----------
Prune before sending to global...
Epoch 1/1
----------
Prune before sending to global...
Epoch 1/1
----------
Prune before sending to global...
Epoch 1/1
----------
Prune before sending to global...
Epoch 1/1
----------
Prune before sending to global...
Epoch 1/1
----------
Prune before sending to global...
Epoch 1/1
----------
Prune before sending to global...
micro     precision: 0.8357 | recall: 0.6612 | f1-score: 0.7383 | support: 40183 | mAP: 0.8363
macro     precision: 0.6018 | recall: 0.3886 | f1-score: 0.4490 | support: 40183 | mAP: 0.5278

==================================================
ROUND 14/40
==================================================
Epoch 1/1
----------
Prune before sending to global...
Epoch 1/1
----------
Prune before sending to global...
Epoch 1/1
----------
Prune before sending to global...
Epoch 1/1
----------
Prune before sending to global...
Epoch 1/1
----------
Prune before sending to global...
Epoch 1/1
----------
Prune before sending to global...
Epoch 1/1
----------
Prune before sending to global...
Epoch 1/1
----------
Prune before sending to global...
micro     precision: 0.8405 | recall: 0.6571 | f1-score: 0.7376 | support: 40183 | mAP: 0.8364
macro     precision: 0.6046 | recall: 0.3934 | f1-score: 0.4548 | support: 40183 | mAP: 0.5338

==================================================
ROUND 15/40
==================================================
Epoch 1/1
----------
Prune before sending to global...
Epoch 1/1
----------
Prune before sending to global...
Epoch 1/1
----------
Prune before sending to global...
Epoch 1/1
----------
Prune before sending to global...
Epoch 1/1
----------
Prune before sending to global...
Epoch 1/1
----------
Prune before sending to global...
Epoch 1/1
----------
Prune before sending to global...
Epoch 1/1
----------
Prune before sending to global...
micro     precision: 0.8481 | recall: 0.6646 | f1-score: 0.7452 | support: 40183 | mAP: 0.8456
macro     precision: 0.6181 | recall: 0.3847 | f1-score: 0.4476 | support: 40183 | mAP: 0.5398

==================================================
ROUND 16/40
==================================================
Epoch 1/1
----------
Prune before sending to global...
Epoch 1/1
----------
Prune before sending to global...
Epoch 1/1
----------
Prune before sending to global...
Epoch 1/1
----------
Prune before sending to global...
Epoch 1/1
----------
Prune before sending to global...
Epoch 1/1
----------
Prune before sending to global...
Epoch 1/1
----------
Prune before sending to global...
Epoch 1/1
----------
Prune before sending to global...
micro     precision: 0.8374 | recall: 0.6769 | f1-score: 0.7486 | support: 40183 | mAP: 0.8487
macro     precision: 0.6058 | recall: 0.4076 | f1-score: 0.4660 | support: 40183 | mAP: 0.5426

==================================================
ROUND 17/40
==================================================
Epoch 1/1
----------
Prune before sending to global...
Epoch 1/1
----------
Prune before sending to global...
Epoch 1/1
----------
Prune before sending to global...
Epoch 1/1
----------
Prune before sending to global...
Epoch 1/1
----------
Prune before sending to global...
Epoch 1/1
----------
Prune before sending to global...
Epoch 1/1
----------
Prune before sending to global...
Epoch 1/1
----------
Prune before sending to global...
micro     precision: 0.8459 | recall: 0.6795 | f1-score: 0.7537 | support: 40183 | mAP: 0.8532
macro     precision: 0.6130 | recall: 0.4150 | f1-score: 0.4755 | support: 40183 | mAP: 0.5472

==================================================
ROUND 18/40
==================================================
Epoch 1/1
----------
Prune before sending to global...
Epoch 1/1
----------
Prune before sending to global...
Epoch 1/1
----------
Prune before sending to global...
Epoch 1/1
----------
Prune before sending to global...
Epoch 1/1
----------
Prune before sending to global...
Epoch 1/1
----------
Prune before sending to global...
Epoch 1/1
----------
Prune before sending to global...
Epoch 1/1
----------
Prune before sending to global...
micro     precision: 0.8434 | recall: 0.6840 | f1-score: 0.7554 | support: 40183 | mAP: 0.8560
macro     precision: 0.6160 | recall: 0.4189 | f1-score: 0.4799 | support: 40183 | mAP: 0.5519

==================================================
ROUND 19/40
==================================================
Epoch 1/1
----------
Prune before sending to global...
Epoch 1/1
----------
Prune before sending to global...
Epoch 1/1
----------
Prune before sending to global...
Epoch 1/1
----------
Prune before sending to global...
Epoch 1/1
----------
Prune before sending to global...
Epoch 1/1
----------
Prune before sending to global...
Epoch 1/1
----------
Prune before sending to global...
Epoch 1/1
----------
Prune before sending to global...
micro     precision: 0.8457 | recall: 0.6765 | f1-score: 0.7517 | support: 40183 | mAP: 0.8518
macro     precision: 0.6190 | recall: 0.4156 | f1-score: 0.4747 | support: 40183 | mAP: 0.5539

==================================================
ROUND 20/40
==================================================
Epoch 1/1
----------
Prune before sending to global...
Epoch 1/1
----------
Prune before sending to global...
Epoch 1/1
----------
Prune before sending to global...
Epoch 1/1
----------
Prune before sending to global...
Epoch 1/1
----------
Prune before sending to global...
Epoch 1/1
----------
Prune before sending to global...
Epoch 1/1
----------
Prune before sending to global...
Epoch 1/1
----------
Prune before sending to global...
micro     precision: 0.8525 | recall: 0.6912 | f1-score: 0.7634 | support: 40183 | mAP: 0.8677
macro     precision: 0.6227 | recall: 0.4169 | f1-score: 0.4772 | support: 40183 | mAP: 0.5596

==================================================
ROUND 21/40
==================================================
Epoch 1/1
----------
Prune before sending to global...
Epoch 1/1
----------
Prune before sending to global...
Epoch 1/1
----------
Prune before sending to global...
Epoch 1/1
----------
Prune before sending to global...
Epoch 1/1
----------
Prune before sending to global...
Epoch 1/1
----------
Prune before sending to global...
Epoch 1/1
----------
Prune before sending to global...
Epoch 1/1
----------
Prune before sending to global...
micro     precision: 0.8588 | recall: 0.6805 | f1-score: 0.7593 | support: 40183 | mAP: 0.8668
macro     precision: 0.6241 | recall: 0.4177 | f1-score: 0.4800 | support: 40183 | mAP: 0.5629

==================================================
ROUND 22/40
==================================================
Epoch 1/1
----------
Prune before sending to global...
Epoch 1/1
----------
Prune before sending to global...
Epoch 1/1
----------
Prune before sending to global...
Epoch 1/1
----------
Prune before sending to global...
Epoch 1/1
----------
Prune before sending to global...
Epoch 1/1
----------
Prune before sending to global...
Epoch 1/1
----------
Prune before sending to global...
Epoch 1/1
----------
Prune before sending to global...
micro     precision: 0.8528 | recall: 0.7057 | f1-score: 0.7723 | support: 40183 | mAP: 0.8717
macro     precision: 0.6308 | recall: 0.4308 | f1-score: 0.4903 | support: 40183 | mAP: 0.5672

==================================================
ROUND 23/40
==================================================
Epoch 1/1
----------
Prune before sending to global...
Epoch 1/1
----------
Prune before sending to global...
Epoch 1/1
----------
Prune before sending to global...
Epoch 1/1
----------
Prune before sending to global...
Epoch 1/1
----------
Prune before sending to global...
Epoch 1/1
----------
Prune before sending to global...
Epoch 1/1
----------
Prune before sending to global...
Epoch 1/1
----------
Prune before sending to global...
micro     precision: 0.8497 | recall: 0.6928 | f1-score: 0.7632 | support: 40183 | mAP: 0.8596
macro     precision: 0.6150 | recall: 0.4329 | f1-score: 0.4919 | support: 40183 | mAP: 0.5613

==================================================
ROUND 24/40
==================================================
Epoch 1/1
----------
Prune before sending to global...
Epoch 1/1
----------
Prune before sending to global...
Epoch 1/1
----------
Prune before sending to global...
Epoch 1/1
----------
Prune before sending to global...
Epoch 1/1
----------
Prune before sending to global...
Epoch 1/1
----------
Prune before sending to global...
Epoch 1/1
----------
Prune before sending to global...
Epoch 1/1
----------
Prune before sending to global...
micro     precision: 0.8589 | recall: 0.7138 | f1-score: 0.7796 | support: 40183 | mAP: 0.8794
macro     precision: 0.6344 | recall: 0.4399 | f1-score: 0.4998 | support: 40183 | mAP: 0.5717

==================================================
ROUND 25/40
==================================================
Epoch 1/1
----------
Prune before sending to global...
Epoch 1/1
----------
Prune before sending to global...
Epoch 1/1
----------
Prune before sending to global...
Epoch 1/1
----------
Prune before sending to global...
Epoch 1/1
----------
Prune before sending to global...
Epoch 1/1
----------
Prune before sending to global...
Epoch 1/1
----------
Prune before sending to global...
Epoch 1/1
----------
Prune before sending to global...
micro     precision: 0.8547 | recall: 0.7016 | f1-score: 0.7706 | support: 40183 | mAP: 0.8742
macro     precision: 0.6305 | recall: 0.4320 | f1-score: 0.4895 | support: 40183 | mAP: 0.5710

==================================================
ROUND 26/40
==================================================
Epoch 1/1
----------
Prune before sending to global...
Epoch 1/1
----------
Prune before sending to global...
Epoch 1/1
----------
Prune before sending to global...
Epoch 1/1
----------
Prune before sending to global...
Epoch 1/1
----------
Prune before sending to global...
Epoch 1/1
----------
Prune before sending to global...
Epoch 1/1
----------
Prune before sending to global...
Epoch 1/1
----------
Prune before sending to global...
micro     precision: 0.8553 | recall: 0.7052 | f1-score: 0.7730 | support: 40183 | mAP: 0.8776
macro     precision: 0.6354 | recall: 0.4337 | f1-score: 0.4896 | support: 40183 | mAP: 0.5713

==================================================
ROUND 27/40
==================================================
Epoch 1/1
----------
Prune before sending to global...
Epoch 1/1
----------
Prune before sending to global...
Epoch 1/1
----------
Prune before sending to global...
Epoch 1/1
----------
Prune before sending to global...
Epoch 1/1
----------
Prune before sending to global...
Epoch 1/1
----------
Prune before sending to global...
Epoch 1/1
----------
Prune before sending to global...
Epoch 1/1
----------
Prune before sending to global...
micro     precision: 0.8664 | recall: 0.7143 | f1-score: 0.7830 | support: 40183 | mAP: 0.8840
macro     precision: 0.6466 | recall: 0.4386 | f1-score: 0.4991 | support: 40183 | mAP: 0.5779

==================================================
ROUND 28/40
==================================================
Epoch 1/1
----------
Prune before sending to global...
Epoch 1/1
----------
Prune before sending to global...
Epoch 1/1
----------
Prune before sending to global...
Epoch 1/1
----------
Prune before sending to global...
Epoch 1/1
----------
Prune before sending to global...
Epoch 1/1
----------
Prune before sending to global...
Epoch 1/1
----------
Prune before sending to global...
Epoch 1/1
----------
Prune before sending to global...
micro     precision: 0.8669 | recall: 0.7102 | f1-score: 0.7808 | support: 40183 | mAP: 0.8844
macro     precision: 0.6441 | recall: 0.4373 | f1-score: 0.4977 | support: 40183 | mAP: 0.5783

==================================================
ROUND 29/40
==================================================
Epoch 1/1
----------
Prune before sending to global...
Epoch 1/1
----------
Prune before sending to global...
Epoch 1/1
----------
Prune before sending to global...
Epoch 1/1
----------
Prune before sending to global...
Epoch 1/1
----------
Prune before sending to global...
Epoch 1/1
----------
Prune before sending to global...
Epoch 1/1
----------
Prune before sending to global...
Epoch 1/1
----------
Prune before sending to global...
micro     precision: 0.8686 | recall: 0.7160 | f1-score: 0.7849 | support: 40183 | mAP: 0.8857
macro     precision: 0.6385 | recall: 0.4465 | f1-score: 0.5083 | support: 40183 | mAP: 0.5795

==================================================
ROUND 30/40
==================================================
Epoch 1/1
----------
Prune before sending to global...
Epoch 1/1
----------
Prune before sending to global...
Epoch 1/1
----------
Prune before sending to global...
Epoch 1/1
----------
Prune before sending to global...
Epoch 1/1
----------
Prune before sending to global...
Epoch 1/1
----------
Prune before sending to global...
Epoch 1/1
----------
Prune before sending to global...
Epoch 1/1
----------
Prune before sending to global...
micro     precision: 0.8660 | recall: 0.7146 | f1-score: 0.7830 | support: 40183 | mAP: 0.8856
macro     precision: 0.6378 | recall: 0.4466 | f1-score: 0.5069 | support: 40183 | mAP: 0.5780

==================================================
ROUND 31/40
==================================================
Epoch 1/1
----------
Prune before sending to global...
Epoch 1/1
----------
Prune before sending to global...
Epoch 1/1
----------
Prune before sending to global...
Epoch 1/1
----------
Prune before sending to global...
Epoch 1/1
----------
Prune before sending to global...
Epoch 1/1
----------
Prune before sending to global...
Epoch 1/1
----------
Prune before sending to global...
Epoch 1/1
----------
Prune before sending to global...
micro     precision: 0.8571 | recall: 0.7218 | f1-score: 0.7836 | support: 40183 | mAP: 0.8851
macro     precision: 0.6365 | recall: 0.4580 | f1-score: 0.5137 | support: 40183 | mAP: 0.5791

==================================================
ROUND 32/40
==================================================
Epoch 1/1
----------
Prune before sending to global...
Epoch 1/1
----------
Prune before sending to global...
Epoch 1/1
----------
Prune before sending to global...
Epoch 1/1
----------
Prune before sending to global...
Epoch 1/1
----------
Prune before sending to global...
Epoch 1/1
----------
Prune before sending to global...
Epoch 1/1
----------
Prune before sending to global...
Epoch 1/1
----------
Prune before sending to global...
micro     precision: 0.8621 | recall: 0.7132 | f1-score: 0.7806 | support: 40183 | mAP: 0.8851
macro     precision: 0.6375 | recall: 0.4521 | f1-score: 0.5101 | support: 40183 | mAP: 0.5807

==================================================
ROUND 33/40
==================================================
Epoch 1/1
----------
Prune before sending to global...
Epoch 1/1
----------
Prune before sending to global...
Epoch 1/1
----------
Prune before sending to global...
Epoch 1/1
----------
Prune before sending to global...
Epoch 1/1
----------
Prune before sending to global...
Epoch 1/1
----------
Prune before sending to global...
Epoch 1/1
----------
Prune before sending to global...
Epoch 1/1
----------
Prune before sending to global...
micro     precision: 0.8671 | recall: 0.7201 | f1-score: 0.7868 | support: 40183 | mAP: 0.8897
macro     precision: 0.6441 | recall: 0.4486 | f1-score: 0.5082 | support: 40183 | mAP: 0.5834

==================================================
ROUND 34/40
==================================================
Epoch 1/1
----------
Prune before sending to global...
Epoch 1/1
----------
Prune before sending to global...
Epoch 1/1
----------
Prune before sending to global...
Epoch 1/1
----------
Prune before sending to global...
Epoch 1/1
----------
Prune before sending to global...
Epoch 1/1
----------
Prune before sending to global...
Epoch 1/1
----------
Prune before sending to global...
Epoch 1/1
----------
Prune before sending to global...
micro     precision: 0.8655 | recall: 0.7199 | f1-score: 0.7860 | support: 40183 | mAP: 0.8874
macro     precision: 0.6365 | recall: 0.4554 | f1-score: 0.5123 | support: 40183 | mAP: 0.5800

==================================================
ROUND 35/40
==================================================
Epoch 1/1
----------
Prune before sending to global...
Epoch 1/1
----------
Prune before sending to global...
Epoch 1/1
----------
Prune before sending to global...
Epoch 1/1
----------
Prune before sending to global...
Epoch 1/1
----------
Prune before sending to global...
Epoch 1/1
----------
Prune before sending to global...
Epoch 1/1
----------
Prune before sending to global...
Epoch 1/1
----------
Prune before sending to global...
micro     precision: 0.8575 | recall: 0.7240 | f1-score: 0.7852 | support: 40183 | mAP: 0.8866
macro     precision: 0.6331 | recall: 0.4580 | f1-score: 0.5139 | support: 40183 | mAP: 0.5841

==================================================
ROUND 36/40
==================================================
Epoch 1/1
----------
Prune before sending to global...
Epoch 1/1
----------
Prune before sending to global...
Epoch 1/1
----------
Prune before sending to global...
Epoch 1/1
----------
Prune before sending to global...
Epoch 1/1
----------
Prune before sending to global...
Epoch 1/1
----------
Prune before sending to global...
Epoch 1/1
----------
Prune before sending to global...
Epoch 1/1
----------
Prune before sending to global...
micro     precision: 0.8695 | recall: 0.7198 | f1-score: 0.7876 | support: 40183 | mAP: 0.8889
macro     precision: 0.6399 | recall: 0.4595 | f1-score: 0.5168 | support: 40183 | mAP: 0.5824

==================================================
ROUND 37/40
==================================================
Epoch 1/1
----------
Prune before sending to global...
Epoch 1/1
----------
Prune before sending to global...
Epoch 1/1
----------
Prune before sending to global...
Epoch 1/1
----------
Prune before sending to global...
Epoch 1/1
----------
Prune before sending to global...
Epoch 1/1
----------
Prune before sending to global...
Epoch 1/1
----------
Prune before sending to global...
Epoch 1/1
----------
Prune before sending to global...
micro     precision: 0.8650 | recall: 0.7265 | f1-score: 0.7897 | support: 40183 | mAP: 0.8913
macro     precision: 0.6332 | recall: 0.4665 | f1-score: 0.5212 | support: 40183 | mAP: 0.5837

==================================================
ROUND 38/40
==================================================
Epoch 1/1
----------
Prune before sending to global...
Epoch 1/1
----------
Prune before sending to global...
Epoch 1/1
----------
Prune before sending to global...
Epoch 1/1
----------
Prune before sending to global...
Epoch 1/1
----------
Prune before sending to global...
Epoch 1/1
----------
Prune before sending to global...
Epoch 1/1
----------
Prune before sending to global...
Epoch 1/1
----------
Prune before sending to global...
micro     precision: 0.8501 | recall: 0.7362 | f1-score: 0.7891 | support: 40183 | mAP: 0.8878
macro     precision: 0.6253 | recall: 0.4728 | f1-score: 0.5234 | support: 40183 | mAP: 0.5838

==================================================
ROUND 39/40
==================================================
Epoch 1/1
----------
Prune before sending to global...
Epoch 1/1
----------
Prune before sending to global...
Epoch 1/1
----------
Prune before sending to global...
Epoch 1/1
----------
Prune before sending to global...
Epoch 1/1
----------
Prune before sending to global...
Epoch 1/1
----------
Prune before sending to global...
Epoch 1/1
----------
Prune before sending to global...
Epoch 1/1
----------
Prune before sending to global...
micro     precision: 0.8725 | recall: 0.7303 | f1-score: 0.7951 | support: 40183 | mAP: 0.8944
macro     precision: 0.6436 | recall: 0.4629 | f1-score: 0.5218 | support: 40183 | mAP: 0.5881

==================================================
ROUND 40/40
==================================================
Epoch 1/1
----------
Prune before sending to global...
Epoch 1/1
----------
Prune before sending to global...
Epoch 1/1
----------
Prune before sending to global...
Epoch 1/1
----------
Prune before sending to global...
Epoch 1/1
----------
Prune before sending to global...
Epoch 1/1
----------
Prune before sending to global...
Epoch 1/1
----------
Prune before sending to global...
Epoch 1/1
----------
Prune before sending to global...
micro     precision: 0.8636 | recall: 0.7366 | f1-score: 0.7951 | support: 40183 | mAP: 0.8947
macro     precision: 0.6362 | recall: 0.4742 | f1-score: 0.5276 | support: 40183 | mAP: 0.5901

[{'0': {'precision': [], 'recall': [], 'f1-score': [], 'support': []}, '1': {'precision': [], 'recall': [], 'f1-score': [], 'support': []}, '2': {'precision': [], 'recall': [], 'f1-score': [], 'support': []}, '3': {'precision': [], 'recall': [], 'f1-score': [], 'support': []}, '4': {'precision': [], 'recall': [], 'f1-score': [], 'support': []}, '5': {'precision': [], 'recall': [], 'f1-score': [], 'support': []}, '6': {'precision': [], 'recall': [], 'f1-score': [], 'support': []}, '7': {'precision': [], 'recall': [], 'f1-score': [], 'support': []}, '8': {'precision': [], 'recall': [], 'f1-score': [], 'support': []}, '9': {'precision': [], 'recall': [], 'f1-score': [], 'support': []}, '10': {'precision': [], 'recall': [], 'f1-score': [], 'support': []}, '11': {'precision': [], 'recall': [], 'f1-score': [], 'support': []}, '12': {'precision': [], 'recall': [], 'f1-score': [], 'support': []}, '13': {'precision': [], 'recall': [], 'f1-score': [], 'support': []}, '14': {'precision': [], 'recall': [], 'f1-score': [], 'support': []}, '15': {'precision': [], 'recall': [], 'f1-score': [], 'support': []}, '16': {'precision': [], 'recall': [], 'f1-score': [], 'support': []}, '17': {'precision': [], 'recall': [], 'f1-score': [], 'support': []}, '18': {'precision': [], 'recall': [], 'f1-score': [], 'support': []}, 'micro avg': {'precision': [], 'recall': [], 'f1-score': [], 'support': []}, 'macro avg': {'precision': [], 'recall': [], 'f1-score': [], 'support': []}, 'weighted avg': {'precision': [], 'recall': [], 'f1-score': [], 'support': []}, 'ap_mic': [], 'ap_mac': []}, {'0': {'precision': [], 'recall': [], 'f1-score': [], 'support': []}, '1': {'precision': [], 'recall': [], 'f1-score': [], 'support': []}, '2': {'precision': [], 'recall': [], 'f1-score': [], 'support': []}, '3': {'precision': [], 'recall': [], 'f1-score': [], 'support': []}, '4': {'precision': [], 'recall': [], 'f1-score': [], 'support': []}, '5': {'precision': [], 'recall': [], 'f1-score': [], 'support': []}, '6': {'precision': [], 'recall': [], 'f1-score': [], 'support': []}, '7': {'precision': [], 'recall': [], 'f1-score': [], 'support': []}, '8': {'precision': [], 'recall': [], 'f1-score': [], 'support': []}, '9': {'precision': [], 'recall': [], 'f1-score': [], 'support': []}, '10': {'precision': [], 'recall': [], 'f1-score': [], 'support': []}, '11': {'precision': [], 'recall': [], 'f1-score': [], 'support': []}, '12': {'precision': [], 'recall': [], 'f1-score': [], 'support': []}, '13': {'precision': [], 'recall': [], 'f1-score': [], 'support': []}, '14': {'precision': [], 'recall': [], 'f1-score': [], 'support': []}, '15': {'precision': [], 'recall': [], 'f1-score': [], 'support': []}, '16': {'precision': [], 'recall': [], 'f1-score': [], 'support': []}, '17': {'precision': [], 'recall': [], 'f1-score': [], 'support': []}, '18': {'precision': [], 'recall': [], 'f1-score': [], 'support': []}, 'micro avg': {'precision': [], 'recall': [], 'f1-score': [], 'support': []}, 'macro avg': {'precision': [], 'recall': [], 'f1-score': [], 'support': []}, 'weighted avg': {'precision': [], 'recall': [], 'f1-score': [], 'support': []}, 'ap_mic': [], 'ap_mac': []}, {'0': {'precision': [], 'recall': [], 'f1-score': [], 'support': []}, '1': {'precision': [], 'recall': [], 'f1-score': [], 'support': []}, '2': {'precision': [], 'recall': [], 'f1-score': [], 'support': []}, '3': {'precision': [], 'recall': [], 'f1-score': [], 'support': []}, '4': {'precision': [], 'recall': [], 'f1-score': [], 'support': []}, '5': {'precision': [], 'recall': [], 'f1-score': [], 'support': []}, '6': {'precision': [], 'recall': [], 'f1-score': [], 'support': []}, '7': {'precision': [], 'recall': [], 'f1-score': [], 'support': []}, '8': {'precision': [], 'recall': [], 'f1-score': [], 'support': []}, '9': {'precision': [], 'recall': [], 'f1-score': [], 'support': []}, '10': {'precision': [], 'recall': [], 'f1-score': [], 'support': []}, '11': {'precision': [], 'recall': [], 'f1-score': [], 'support': []}, '12': {'precision': [], 'recall': [], 'f1-score': [], 'support': []}, '13': {'precision': [], 'recall': [], 'f1-score': [], 'support': []}, '14': {'precision': [], 'recall': [], 'f1-score': [], 'support': []}, '15': {'precision': [], 'recall': [], 'f1-score': [], 'support': []}, '16': {'precision': [], 'recall': [], 'f1-score': [], 'support': []}, '17': {'precision': [], 'recall': [], 'f1-score': [], 'support': []}, '18': {'precision': [], 'recall': [], 'f1-score': [], 'support': []}, 'micro avg': {'precision': [], 'recall': [], 'f1-score': [], 'support': []}, 'macro avg': {'precision': [], 'recall': [], 'f1-score': [], 'support': []}, 'weighted avg': {'precision': [], 'recall': [], 'f1-score': [], 'support': []}, 'ap_mic': [], 'ap_mac': []}, {'0': {'precision': [], 'recall': [], 'f1-score': [], 'support': []}, '1': {'precision': [], 'recall': [], 'f1-score': [], 'support': []}, '2': {'precision': [], 'recall': [], 'f1-score': [], 'support': []}, '3': {'precision': [], 'recall': [], 'f1-score': [], 'support': []}, '4': {'precision': [], 'recall': [], 'f1-score': [], 'support': []}, '5': {'precision': [], 'recall': [], 'f1-score': [], 'support': []}, '6': {'precision': [], 'recall': [], 'f1-score': [], 'support': []}, '7': {'precision': [], 'recall': [], 'f1-score': [], 'support': []}, '8': {'precision': [], 'recall': [], 'f1-score': [], 'support': []}, '9': {'precision': [], 'recall': [], 'f1-score': [], 'support': []}, '10': {'precision': [], 'recall': [], 'f1-score': [], 'support': []}, '11': {'precision': [], 'recall': [], 'f1-score': [], 'support': []}, '12': {'precision': [], 'recall': [], 'f1-score': [], 'support': []}, '13': {'precision': [], 'recall': [], 'f1-score': [], 'support': []}, '14': {'precision': [], 'recall': [], 'f1-score': [], 'support': []}, '15': {'precision': [], 'recall': [], 'f1-score': [], 'support': []}, '16': {'precision': [], 'recall': [], 'f1-score': [], 'support': []}, '17': {'precision': [], 'recall': [], 'f1-score': [], 'support': []}, '18': {'precision': [], 'recall': [], 'f1-score': [], 'support': []}, 'micro avg': {'precision': [], 'recall': [], 'f1-score': [], 'support': []}, 'macro avg': {'precision': [], 'recall': [], 'f1-score': [], 'support': []}, 'weighted avg': {'precision': [], 'recall': [], 'f1-score': [], 'support': []}, 'ap_mic': [], 'ap_mac': []}, {'0': {'precision': [], 'recall': [], 'f1-score': [], 'support': []}, '1': {'precision': [], 'recall': [], 'f1-score': [], 'support': []}, '2': {'precision': [], 'recall': [], 'f1-score': [], 'support': []}, '3': {'precision': [], 'recall': [], 'f1-score': [], 'support': []}, '4': {'precision': [], 'recall': [], 'f1-score': [], 'support': []}, '5': {'precision': [], 'recall': [], 'f1-score': [], 'support': []}, '6': {'precision': [], 'recall': [], 'f1-score': [], 'support': []}, '7': {'precision': [], 'recall': [], 'f1-score': [], 'support': []}, '8': {'precision': [], 'recall': [], 'f1-score': [], 'support': []}, '9': {'precision': [], 'recall': [], 'f1-score': [], 'support': []}, '10': {'precision': [], 'recall': [], 'f1-score': [], 'support': []}, '11': {'precision': [], 'recall': [], 'f1-score': [], 'support': []}, '12': {'precision': [], 'recall': [], 'f1-score': [], 'support': []}, '13': {'precision': [], 'recall': [], 'f1-score': [], 'support': []}, '14': {'precision': [], 'recall': [], 'f1-score': [], 'support': []}, '15': {'precision': [], 'recall': [], 'f1-score': [], 'support': []}, '16': {'precision': [], 'recall': [], 'f1-score': [], 'support': []}, '17': {'precision': [], 'recall': [], 'f1-score': [], 'support': []}, '18': {'precision': [], 'recall': [], 'f1-score': [], 'support': []}, 'micro avg': {'precision': [], 'recall': [], 'f1-score': [], 'support': []}, 'macro avg': {'precision': [], 'recall': [], 'f1-score': [], 'support': []}, 'weighted avg': {'precision': [], 'recall': [], 'f1-score': [], 'support': []}, 'ap_mic': [], 'ap_mac': []}, {'0': {'precision': [], 'recall': [], 'f1-score': [], 'support': []}, '1': {'precision': [], 'recall': [], 'f1-score': [], 'support': []}, '2': {'precision': [], 'recall': [], 'f1-score': [], 'support': []}, '3': {'precision': [], 'recall': [], 'f1-score': [], 'support': []}, '4': {'precision': [], 'recall': [], 'f1-score': [], 'support': []}, '5': {'precision': [], 'recall': [], 'f1-score': [], 'support': []}, '6': {'precision': [], 'recall': [], 'f1-score': [], 'support': []}, '7': {'precision': [], 'recall': [], 'f1-score': [], 'support': []}, '8': {'precision': [], 'recall': [], 'f1-score': [], 'support': []}, '9': {'precision': [], 'recall': [], 'f1-score': [], 'support': []}, '10': {'precision': [], 'recall': [], 'f1-score': [], 'support': []}, '11': {'precision': [], 'recall': [], 'f1-score': [], 'support': []}, '12': {'precision': [], 'recall': [], 'f1-score': [], 'support': []}, '13': {'precision': [], 'recall': [], 'f1-score': [], 'support': []}, '14': {'precision': [], 'recall': [], 'f1-score': [], 'support': []}, '15': {'precision': [], 'recall': [], 'f1-score': [], 'support': []}, '16': {'precision': [], 'recall': [], 'f1-score': [], 'support': []}, '17': {'precision': [], 'recall': [], 'f1-score': [], 'support': []}, '18': {'precision': [], 'recall': [], 'f1-score': [], 'support': []}, 'micro avg': {'precision': [], 'recall': [], 'f1-score': [], 'support': []}, 'macro avg': {'precision': [], 'recall': [], 'f1-score': [], 'support': []}, 'weighted avg': {'precision': [], 'recall': [], 'f1-score': [], 'support': []}, 'ap_mic': [], 'ap_mac': []}, {'0': {'precision': [], 'recall': [], 'f1-score': [], 'support': []}, '1': {'precision': [], 'recall': [], 'f1-score': [], 'support': []}, '2': {'precision': [], 'recall': [], 'f1-score': [], 'support': []}, '3': {'precision': [], 'recall': [], 'f1-score': [], 'support': []}, '4': {'precision': [], 'recall': [], 'f1-score': [], 'support': []}, '5': {'precision': [], 'recall': [], 'f1-score': [], 'support': []}, '6': {'precision': [], 'recall': [], 'f1-score': [], 'support': []}, '7': {'precision': [], 'recall': [], 'f1-score': [], 'support': []}, '8': {'precision': [], 'recall': [], 'f1-score': [], 'support': []}, '9': {'precision': [], 'recall': [], 'f1-score': [], 'support': []}, '10': {'precision': [], 'recall': [], 'f1-score': [], 'support': []}, '11': {'precision': [], 'recall': [], 'f1-score': [], 'support': []}, '12': {'precision': [], 'recall': [], 'f1-score': [], 'support': []}, '13': {'precision': [], 'recall': [], 'f1-score': [], 'support': []}, '14': {'precision': [], 'recall': [], 'f1-score': [], 'support': []}, '15': {'precision': [], 'recall': [], 'f1-score': [], 'support': []}, '16': {'precision': [], 'recall': [], 'f1-score': [], 'support': []}, '17': {'precision': [], 'recall': [], 'f1-score': [], 'support': []}, '18': {'precision': [], 'recall': [], 'f1-score': [], 'support': []}, 'micro avg': {'precision': [], 'recall': [], 'f1-score': [], 'support': []}, 'macro avg': {'precision': [], 'recall': [], 'f1-score': [], 'support': []}, 'weighted avg': {'precision': [], 'recall': [], 'f1-score': [], 'support': []}, 'ap_mic': [], 'ap_mac': []}, {'0': {'precision': [], 'recall': [], 'f1-score': [], 'support': []}, '1': {'precision': [], 'recall': [], 'f1-score': [], 'support': []}, '2': {'precision': [], 'recall': [], 'f1-score': [], 'support': []}, '3': {'precision': [], 'recall': [], 'f1-score': [], 'support': []}, '4': {'precision': [], 'recall': [], 'f1-score': [], 'support': []}, '5': {'precision': [], 'recall': [], 'f1-score': [], 'support': []}, '6': {'precision': [], 'recall': [], 'f1-score': [], 'support': []}, '7': {'precision': [], 'recall': [], 'f1-score': [], 'support': []}, '8': {'precision': [], 'recall': [], 'f1-score': [], 'support': []}, '9': {'precision': [], 'recall': [], 'f1-score': [], 'support': []}, '10': {'precision': [], 'recall': [], 'f1-score': [], 'support': []}, '11': {'precision': [], 'recall': [], 'f1-score': [], 'support': []}, '12': {'precision': [], 'recall': [], 'f1-score': [], 'support': []}, '13': {'precision': [], 'recall': [], 'f1-score': [], 'support': []}, '14': {'precision': [], 'recall': [], 'f1-score': [], 'support': []}, '15': {'precision': [], 'recall': [], 'f1-score': [], 'support': []}, '16': {'precision': [], 'recall': [], 'f1-score': [], 'support': []}, '17': {'precision': [], 'recall': [], 'f1-score': [], 'support': []}, '18': {'precision': [], 'recall': [], 'f1-score': [], 'support': []}, 'micro avg': {'precision': [], 'recall': [], 'f1-score': [], 'support': []}, 'macro avg': {'precision': [], 'recall': [], 'f1-score': [], 'support': []}, 'weighted avg': {'precision': [], 'recall': [], 'f1-score': [], 'support': []}, 'ap_mic': [], 'ap_mac': []}]
