Using device: cuda:0
Pre-filtered 30767 patches based on country and season (split ignored)
Loading BEN data for train...
    237871 patches indexed
    14805 filtered patches indexed
    14805 patches indexed considering max_len
Merged metadata with snow/cloud metadata
Loaded 549488 labels
Loaded 549488 keys
Loaded mapping created
Pre-filtered 30767 patches based on country and season (split ignored)
Loading BEN data for test...
    119825 patches indexed
    8209 filtered patches indexed
    8209 patches indexed considering max_len
Merged metadata with snow/cloud metadata
Loaded 549488 labels
Loaded 549488 keys
Loaded mapping created
Pre-filtered 15549 patches based on country and season (split ignored)
Loading BEN data for train...
    237871 patches indexed
    7150 filtered patches indexed
    7150 patches indexed considering max_len
Merged metadata with snow/cloud metadata
Loaded 549488 labels
Loaded 549488 keys
Loaded mapping created
Pre-filtered 15549 patches based on country and season (split ignored)
Loading BEN data for test...
    119825 patches indexed
    4263 filtered patches indexed
    4263 patches indexed considering max_len
Merged metadata with snow/cloud metadata
Loaded 549488 labels
Loaded 549488 keys
Loaded mapping created
Pre-filtered 13683 patches based on country and season (split ignored)
Loading BEN data for train...
    237871 patches indexed
    7180 filtered patches indexed
    7180 patches indexed considering max_len
Merged metadata with snow/cloud metadata
Loaded 549488 labels
Loaded 549488 keys
Loaded mapping created
Pre-filtered 13683 patches based on country and season (split ignored)
Loading BEN data for test...
    119825 patches indexed
    3248 filtered patches indexed
    3248 patches indexed considering max_len
Merged metadata with snow/cloud metadata
Loaded 549488 labels
Loaded 549488 keys
Loaded mapping created
Pre-filtered 10372 patches based on country and season (split ignored)
Loading BEN data for train...
    237871 patches indexed
    5941 filtered patches indexed
    5941 patches indexed considering max_len
Merged metadata with snow/cloud metadata
Loaded 549488 labels
Loaded 549488 keys
Loaded mapping created
Pre-filtered 10372 patches based on country and season (split ignored)
Loading BEN data for test...
    119825 patches indexed
    1871 filtered patches indexed
    1871 patches indexed considering max_len
Merged metadata with snow/cloud metadata
Loaded 549488 labels
Loaded 549488 keys
Loaded mapping created
Pre-filtered 1939 patches based on country and season (split ignored)
Loading BEN data for train...
    237871 patches indexed
    1323 filtered patches indexed
    1323 patches indexed considering max_len
Merged metadata with snow/cloud metadata
Loaded 549488 labels
Loaded 549488 keys
Loaded mapping created
Pre-filtered 1939 patches based on country and season (split ignored)
Loading BEN data for test...
    119825 patches indexed
    32 filtered patches indexed
    32 patches indexed considering max_len
Merged metadata with snow/cloud metadata
Loaded 549488 labels
Loaded 549488 keys
Loaded mapping created
Pre-filtered 8775 patches based on country and season (split ignored)
Loading BEN data for train...
    237871 patches indexed
    4206 filtered patches indexed
    4206 patches indexed considering max_len
Merged metadata with snow/cloud metadata
Loaded 549488 labels
Loaded 549488 keys
Loaded mapping created
Pre-filtered 8775 patches based on country and season (split ignored)
Loading BEN data for test...
    119825 patches indexed
    2151 filtered patches indexed
    2151 patches indexed considering max_len
Merged metadata with snow/cloud metadata
Loaded 549488 labels
Loaded 549488 keys
Loaded mapping created
Pre-filtered 16438 patches based on country and season (split ignored)
Loading BEN data for train...
    237871 patches indexed
    8037 filtered patches indexed
    8037 patches indexed considering max_len
Merged metadata with snow/cloud metadata
Loaded 549488 labels
Loaded 549488 keys
Loaded mapping created
Pre-filtered 16438 patches based on country and season (split ignored)
Loading BEN data for test...
    119825 patches indexed
    4220 filtered patches indexed
    4220 patches indexed considering max_len
Merged metadata with snow/cloud metadata
Loaded 549488 labels
Loaded 549488 keys
Loaded mapping created
Pre-filtered 4874 patches based on country and season (split ignored)
Loading BEN data for train...
    237871 patches indexed
    1692 filtered patches indexed
    1692 patches indexed considering max_len
Merged metadata with snow/cloud metadata
Loaded 549488 labels
Loaded 549488 keys
Loaded mapping created
Pre-filtered 4874 patches based on country and season (split ignored)
Loading BEN data for test...
    119825 patches indexed
    2039 filtered patches indexed
    2039 patches indexed considering max_len
Merged metadata with snow/cloud metadata
Loaded 549488 labels
Loaded 549488 keys
Loaded mapping created
Pre-filtered 59999 patches based on country and season (split ignored)
Loading BEN data for test...
    119825 patches indexed
    15720 filtered patches indexed
    15720 patches indexed considering max_len
Merged metadata with snow/cloud metadata
Loaded 549488 labels
Loaded 549488 keys
Loaded mapping created
Pre-filtered 59999 patches based on country and season (split ignored)
Loading BEN data for train...
    237871 patches indexed
    29135 filtered patches indexed
    29135 patches indexed considering max_len
Merged metadata with snow/cloud metadata
Loaded 549488 labels
Loaded 549488 keys
Loaded mapping created
Loading BEN data for train...
    237871 patches indexed
    237871 filtered patches indexed
    237871 patches indexed considering max_len
Merged metadata with snow/cloud metadata
Loaded 549488 labels
Loaded 549488 keys
Loaded mapping created
==================================================
ROUND 1/40
==================================================
Epoch 1/1
----------
Epoch 1/1
----------
Epoch 1/1
----------
Epoch 1/1
----------
Epoch 1/1
----------
Epoch 1/1
----------
Epoch 1/1
----------
Epoch 1/1
----------
micro     precision: 1.0000 | recall: 0.0000 | f1-score: 0.0000 | support: 40183 | mAP: 0.3118
macro     precision: 0.0526 | recall: 0.0000 | f1-score: 0.0001 | support: 40183 | mAP: 0.2945

==================================================
ROUND 2/40
==================================================
Epoch 1/1
----------
Epoch 1/1
----------
Epoch 1/1
----------
Epoch 1/1
----------
Epoch 1/1
----------
Epoch 1/1
----------
Epoch 1/1
----------
Epoch 1/1
----------
micro     precision: 0.7665 | recall: 0.0767 | f1-score: 0.1395 | support: 40183 | mAP: 0.4434
macro     precision: 0.1142 | recall: 0.0328 | f1-score: 0.0497 | support: 40183 | mAP: 0.3020

==================================================
ROUND 3/40
==================================================
Epoch 1/1
----------
Epoch 1/1
----------
Epoch 1/1
----------
Epoch 1/1
----------
Epoch 1/1
----------
Epoch 1/1
----------
Epoch 1/1
----------
Epoch 1/1
----------
micro     precision: 0.4761 | recall: 0.1997 | f1-score: 0.2813 | support: 40183 | mAP: 0.4157
macro     precision: 0.1049 | recall: 0.0969 | f1-score: 0.0839 | support: 40183 | mAP: 0.3185

==================================================
ROUND 4/40
==================================================
Finale Anzahl der Pruning-Patches: 17
Anzahl eindeutiger Klassen: 18
Klassenverteilung in den Pruning-Patches (Häufigkeiten): {'Marine waters': 9, 'Transitional woodland, shrub': 7, 'Mixed forest': 7, 'Coniferous forest': 6, 'Land principally occupied by agriculture, with significant areas of natural vegetation': 2, 'Inland waters': 1, 'Broad-leaved forest': 2, 'Arable land': 4, 'Urban fabric': 1, 'Industrial or commercial units': 1, 'Coastal wetlands': 2, 'Inland wetlands': 2, 'Pastures': 4, 'Complex cultivation patterns': 1, 'Moors, heathland and sclerophyllous vegetation': 1, 'Natural grassland and sparsely vegetated areas': 1, 'Beaches, dunes, sands': 1, 'Permanent crops': 1}
[INFO] Erstelle Prune Loader...
[INFO] 12 Patches nach Filterung übrig.
[SUCCESS] Prune Loader erfolgreich erstellt.
Used Composite Rules:
low_level_hidden_layer_rule: Epsilon
mid_level_hidden_layer_rule: Gamma
high_level_hidden_layer_rule: Gamma
fully_connected_layers_rule: Epsilon
softmax_rule: Epsilon
Starting relevance computation and pruning mask generation.
Type of components_relevances: <class 'collections.OrderedDict'>
Layer: conv1
Total layer relevance: 9.172590348176472e+22
--------------------------------------------------
Layer: encoder.4.0.conv1
Total layer relevance: 5.643365216745868e+22
--------------------------------------------------
Layer: encoder.4.0.conv2
Total layer relevance: 3.87450305442218e+22
--------------------------------------------------
Layer: encoder.4.0.conv3
Total layer relevance: 7.49000859787391e+21
--------------------------------------------------
Layer: encoder.4.0.downsample.0
Total layer relevance: 7.478121909607419e+21
--------------------------------------------------
Layer: encoder.4.1.conv1
Total layer relevance: 3.622796167561001e+20
--------------------------------------------------
Layer: encoder.4.1.conv2
Total layer relevance: 2.6891698821689613e+20
--------------------------------------------------
Layer: encoder.4.1.conv3
Total layer relevance: 5.056880915341797e+19
--------------------------------------------------
Layer: encoder.4.2.conv1
Total layer relevance: 4.746271189469495e+18
--------------------------------------------------
Layer: encoder.4.2.conv2
Total layer relevance: 3.2021143106418115e+18
--------------------------------------------------
Layer: encoder.4.2.conv3
Total layer relevance: 7.674368510771855e+17
--------------------------------------------------
Layer: encoder.5.0.conv1
Total layer relevance: 8.97281975952343e+16
--------------------------------------------------
Layer: encoder.5.0.conv2
Total layer relevance: 6.828537580145869e+16
--------------------------------------------------
Layer: encoder.5.0.conv3
Total layer relevance: 1.2608711868547072e+16
--------------------------------------------------
Layer: encoder.5.0.downsample.0
Total layer relevance: 1.2677550530625536e+16
--------------------------------------------------
Layer: encoder.5.1.conv1
Total layer relevance: 580422752796672.0
--------------------------------------------------
Layer: encoder.5.1.conv2
Total layer relevance: 489141343092736.0
--------------------------------------------------
Layer: encoder.5.1.conv3
Total layer relevance: 168420918165504.0
--------------------------------------------------
Layer: encoder.5.2.conv1
Total layer relevance: 30071656022016.0
--------------------------------------------------
Layer: encoder.5.2.conv2
Total layer relevance: 24093810229248.0
--------------------------------------------------
Layer: encoder.5.2.conv3
Total layer relevance: 7758993686528.0
--------------------------------------------------
Layer: encoder.5.3.conv1
Total layer relevance: 2424271536128.0
--------------------------------------------------
Layer: encoder.5.3.conv2
Total layer relevance: 2017855799296.0
--------------------------------------------------
Layer: encoder.5.3.conv3
Total layer relevance: 238232272896.0
--------------------------------------------------
Layer: encoder.6.0.conv1
Total layer relevance: 33283248128.0
--------------------------------------------------
Layer: encoder.6.0.conv2
Total layer relevance: 40790937600.0
--------------------------------------------------
Layer: encoder.6.0.conv3
Total layer relevance: 5368783872.0
--------------------------------------------------
Layer: encoder.6.0.downsample.0
Total layer relevance: 5511817728.0
--------------------------------------------------
Layer: encoder.6.1.conv1
Total layer relevance: 419480832.0
--------------------------------------------------
Layer: encoder.6.1.conv2
Total layer relevance: 660648128.0
--------------------------------------------------
Layer: encoder.6.1.conv3
Total layer relevance: 145085024.0
--------------------------------------------------
Layer: encoder.6.2.conv1
Total layer relevance: 47824644.0
--------------------------------------------------
Layer: encoder.6.2.conv2
Total layer relevance: 87327712.0
--------------------------------------------------
Layer: encoder.6.2.conv3
Total layer relevance: 9911595.0
--------------------------------------------------
Layer: encoder.6.3.conv1
Total layer relevance: 1442486.5
--------------------------------------------------
Layer: encoder.6.3.conv2
Total layer relevance: 2309976.5
--------------------------------------------------
Layer: encoder.6.3.conv3
Total layer relevance: 659117.625
--------------------------------------------------
Layer: encoder.6.4.conv1
Total layer relevance: 202504.34375
--------------------------------------------------
Layer: encoder.6.4.conv2
Total layer relevance: 395139.6875
--------------------------------------------------
Layer: encoder.6.4.conv3
Total layer relevance: 76995.796875
--------------------------------------------------
Layer: encoder.6.5.conv1
Total layer relevance: 29687.482421875
--------------------------------------------------
Layer: encoder.6.5.conv2
Total layer relevance: 62614.3828125
--------------------------------------------------
Layer: encoder.6.5.conv3
Total layer relevance: 14958.294921875
--------------------------------------------------
Layer: encoder.7.0.conv1
Total layer relevance: 4804.8046875
--------------------------------------------------
Layer: encoder.7.0.conv2
Total layer relevance: 19128.48046875
--------------------------------------------------
Layer: encoder.7.0.conv3
Total layer relevance: 5400.87744140625
--------------------------------------------------
Layer: encoder.7.0.downsample.0
Total layer relevance: 6521.6630859375
--------------------------------------------------
Layer: encoder.7.1.conv1
Total layer relevance: 867.7625732421875
--------------------------------------------------
Layer: encoder.7.1.conv2
Total layer relevance: 4052.2060546875
--------------------------------------------------
Layer: encoder.7.1.conv3
Total layer relevance: 2348.19482421875
--------------------------------------------------
Layer: encoder.7.2.conv1
Total layer relevance: 1239.415283203125
--------------------------------------------------
Layer: encoder.7.2.conv2
Total layer relevance: 2860.5712890625
--------------------------------------------------
Layer: encoder.7.2.conv3
Total layer relevance: 1774.300537109375
--------------------------------------------------
Minimal retained neurons per layer:  0.040000000000000036
--------------------------------------------------
Global Pruning Mask
Pruning-rate: 0.98
Layer: conv1           Pruned: 0          Percentage: 0.00%
Layer: encoder.4.0.conv1 Pruned: 0          Percentage: 0.00%
Layer: encoder.4.0.conv2 Pruned: 0          Percentage: 0.00%
Layer: encoder.4.0.conv3 Pruned: 7345       Percentage: 44.14%
Layer: encoder.4.0.downsample.0 Pruned: 7865       Percentage: 47.27%
Layer: encoder.4.1.conv1 Pruned: 6939       Percentage: 42.19%
Layer: encoder.4.1.conv2 Pruned: 24234      Percentage: 65.62%
Layer: encoder.4.1.conv3 Pruned: 15925      Percentage: 95.70%
Layer: encoder.4.2.conv1 Pruned: 15677      Percentage: 95.31%
Layer: encoder.4.2.conv2 Pruned: 35197      Percentage: 95.31%
Layer: encoder.4.2.conv3 Pruned: 15925      Percentage: 95.70%
Layer: encoder.5.0.conv1 Pruned: 31354      Percentage: 95.31%
Layer: encoder.5.0.conv2 Pruned: 140666     Percentage: 95.31%
Layer: encoder.5.0.conv3 Pruned: 63339      Percentage: 95.90%
Layer: encoder.5.0.downsample.0 Pruned: 126187     Percentage: 95.90%
Layer: encoder.5.1.conv1 Pruned: 62586      Percentage: 95.31%
Layer: encoder.5.1.conv2 Pruned: 140666     Percentage: 95.31%
Layer: encoder.5.1.conv3 Pruned: 63339      Percentage: 95.90%
Layer: encoder.5.2.conv1 Pruned: 62586      Percentage: 95.31%
Layer: encoder.5.2.conv2 Pruned: 140666     Percentage: 95.31%
Layer: encoder.5.2.conv3 Pruned: 63339      Percentage: 95.90%
Layer: encoder.5.3.conv1 Pruned: 62586      Percentage: 95.31%
Layer: encoder.5.3.conv2 Pruned: 140666     Percentage: 95.31%
Layer: encoder.5.3.conv3 Pruned: 63339      Percentage: 95.90%
Layer: encoder.6.0.conv1 Pruned: 125685     Percentage: 95.70%
Layer: encoder.6.0.conv2 Pruned: 564725     Percentage: 95.70%
Layer: encoder.6.0.conv3 Pruned: 252631     Percentage: 96.00%
Layer: encoder.6.0.downsample.0 Pruned: 504279     Percentage: 96.00%
Layer: encoder.6.1.conv1 Pruned: 251125     Percentage: 95.70%
Layer: encoder.6.1.conv2 Pruned: 564725     Percentage: 95.70%
Layer: encoder.6.1.conv3 Pruned: 252631     Percentage: 96.00%
Layer: encoder.6.2.conv1 Pruned: 251125     Percentage: 95.70%
Layer: encoder.6.2.conv2 Pruned: 564725     Percentage: 95.70%
Layer: encoder.6.2.conv3 Pruned: 252631     Percentage: 96.00%
Layer: encoder.6.3.conv1 Pruned: 251125     Percentage: 95.70%
Layer: encoder.6.3.conv2 Pruned: 564725     Percentage: 95.70%
Layer: encoder.6.3.conv3 Pruned: 252631     Percentage: 96.00%
Layer: encoder.6.4.conv1 Pruned: 251125     Percentage: 95.70%
Layer: encoder.6.4.conv2 Pruned: 564725     Percentage: 95.70%
Layer: encoder.6.4.conv3 Pruned: 252631     Percentage: 96.00%
Layer: encoder.6.5.conv1 Pruned: 251125     Percentage: 95.70%
Layer: encoder.6.5.conv2 Pruned: 564725     Percentage: 95.70%
Layer: encoder.6.5.conv3 Pruned: 252631     Percentage: 96.00%
Layer: encoder.7.0.conv1 Pruned: 503275     Percentage: 95.90%
Layer: encoder.7.0.conv2 Pruned: 2263019    Percentage: 95.90%
Layer: encoder.7.0.conv3 Pruned: 1008558    Percentage: 96.00%
Layer: encoder.7.0.downsample.0 Pruned: 2015150    Percentage: 96.00%
Layer: encoder.7.1.conv1 Pruned: 1006059    Percentage: 95.90%
Layer: encoder.7.1.conv2 Pruned: 2263019    Percentage: 95.90%
Layer: encoder.7.1.conv3 Pruned: 1008558    Percentage: 96.00%
Layer: encoder.7.2.conv1 Pruned: 1006059    Percentage: 95.90%
Layer: encoder.7.2.conv2 Pruned: 2263019    Percentage: 95.90%
Layer: encoder.7.2.conv3 Pruned: 1008558    Percentage: 96.00%
Overall Percentage of pruned neurons across all layers: 95.41%
Sending pruning mask to clients...
[INFO] Pruner and pruning mask received and stored.
[INFO] Pruner and pruning mask received and stored.
[INFO] Pruner and pruning mask received and stored.
[INFO] Pruner and pruning mask received and stored.
[INFO] Pruner and pruning mask received and stored.
[INFO] Pruner and pruning mask received and stored.
[INFO] Pruner and pruning mask received and stored.
[INFO] Pruner and pruning mask received and stored.
Epoch 1/1
----------
Prune before sending to global...
Epoch 1/1
----------
Prune before sending to global...
Epoch 1/1
----------
Prune before sending to global...
Epoch 1/1
----------
Prune before sending to global...
Epoch 1/1
----------
Prune before sending to global...
Epoch 1/1
----------
Prune before sending to global...
Epoch 1/1
----------
Prune before sending to global...
Epoch 1/1
----------
Prune before sending to global...
micro     precision: 0.0000 | recall: 0.0000 | f1-score: 0.0000 | support: 40183 | mAP: 0.2552
macro     precision: 0.0000 | recall: 0.0000 | f1-score: 0.0000 | support: 40183 | mAP: 0.1237

==================================================
ROUND 5/40
==================================================
Epoch 1/1
----------
Prune before sending to global...
Epoch 1/1
----------
Prune before sending to global...
Epoch 1/1
----------
Prune before sending to global...
Epoch 1/1
----------
Prune before sending to global...
Epoch 1/1
----------
Prune before sending to global...
Epoch 1/1
----------
Prune before sending to global...
Epoch 1/1
----------
Prune before sending to global...
Epoch 1/1
----------
Prune before sending to global...
micro     precision: 0.0000 | recall: 0.0000 | f1-score: 0.0000 | support: 40183 | mAP: 0.3051
macro     precision: 0.0000 | recall: 0.0000 | f1-score: 0.0000 | support: 40183 | mAP: 0.2161

==================================================
ROUND 6/40
==================================================
Epoch 1/1
----------
Prune before sending to global...
Epoch 1/1
----------
Prune before sending to global...
Epoch 1/1
----------
Prune before sending to global...
Epoch 1/1
----------
Prune before sending to global...
Epoch 1/1
----------
Prune before sending to global...
Epoch 1/1
----------
Prune before sending to global...
Epoch 1/1
----------
Prune before sending to global...
Epoch 1/1
----------
Prune before sending to global...
micro     precision: 0.2593 | recall: 0.0376 | f1-score: 0.0657 | support: 40183 | mAP: 0.3070
macro     precision: 0.0512 | recall: 0.0301 | f1-score: 0.0189 | support: 40183 | mAP: 0.2695

==================================================
ROUND 7/40
==================================================
Epoch 1/1
----------
Prune before sending to global...
Epoch 1/1
----------
Prune before sending to global...
Epoch 1/1
----------
Prune before sending to global...
Epoch 1/1
----------
Prune before sending to global...
Epoch 1/1
----------
Prune before sending to global...
Epoch 1/1
----------
Prune before sending to global...
Epoch 1/1
----------
Prune before sending to global...
Epoch 1/1
----------
Prune before sending to global...
micro     precision: 0.3766 | recall: 0.1743 | f1-score: 0.2383 | support: 40183 | mAP: 0.3686
macro     precision: 0.1834 | recall: 0.1130 | f1-score: 0.0999 | support: 40183 | mAP: 0.2748

==================================================
ROUND 8/40
==================================================
Epoch 1/1
----------
Prune before sending to global...
Epoch 1/1
----------
Prune before sending to global...
Epoch 1/1
----------
Prune before sending to global...
Epoch 1/1
----------
Prune before sending to global...
Epoch 1/1
----------
Prune before sending to global...
Epoch 1/1
----------
Prune before sending to global...
Epoch 1/1
----------
Prune before sending to global...
Epoch 1/1
----------
Prune before sending to global...
micro     precision: 0.4007 | recall: 0.3259 | f1-score: 0.3595 | support: 40183 | mAP: 0.3963
macro     precision: 0.1658 | recall: 0.1592 | f1-score: 0.1348 | support: 40183 | mAP: 0.2655

==================================================
ROUND 9/40
==================================================
Epoch 1/1
----------
Prune before sending to global...
Epoch 1/1
----------
Prune before sending to global...
Epoch 1/1
----------
Prune before sending to global...
Epoch 1/1
----------
Prune before sending to global...
Epoch 1/1
----------
Prune before sending to global...
Epoch 1/1
----------
Prune before sending to global...
Epoch 1/1
----------
Prune before sending to global...
Epoch 1/1
----------
Prune before sending to global...
micro     precision: 0.4916 | recall: 0.3720 | f1-score: 0.4235 | support: 40183 | mAP: 0.5180
macro     precision: 0.2838 | recall: 0.1975 | f1-score: 0.1834 | support: 40183 | mAP: 0.3320

==================================================
ROUND 10/40
==================================================
Epoch 1/1
----------
Prune before sending to global...
Epoch 1/1
----------
Prune before sending to global...
Epoch 1/1
----------
Prune before sending to global...
Epoch 1/1
----------
Prune before sending to global...
Epoch 1/1
----------
Prune before sending to global...
Epoch 1/1
----------
Prune before sending to global...
Epoch 1/1
----------
Prune before sending to global...
Epoch 1/1
----------
Prune before sending to global...
micro     precision: 0.4433 | recall: 0.3199 | f1-score: 0.3716 | support: 40183 | mAP: 0.3904
macro     precision: 0.3165 | recall: 0.1653 | f1-score: 0.1586 | support: 40183 | mAP: 0.3202

==================================================
ROUND 11/40
==================================================
Epoch 1/1
----------
Prune before sending to global...
Epoch 1/1
----------
Prune before sending to global...
Epoch 1/1
----------
Prune before sending to global...
Epoch 1/1
----------
Prune before sending to global...
Epoch 1/1
----------
Prune before sending to global...
Epoch 1/1
----------
Prune before sending to global...
Epoch 1/1
----------
Prune before sending to global...
Epoch 1/1
----------
Prune before sending to global...
micro     precision: 0.5825 | recall: 0.4575 | f1-score: 0.5125 | support: 40183 | mAP: 0.6089
macro     precision: 0.4117 | recall: 0.2427 | f1-score: 0.2524 | support: 40183 | mAP: 0.3760

==================================================
ROUND 12/40
==================================================
Epoch 1/1
----------
Prune before sending to global...
Epoch 1/1
----------
Prune before sending to global...
Epoch 1/1
----------
Prune before sending to global...
Epoch 1/1
----------
Prune before sending to global...
Epoch 1/1
----------
Prune before sending to global...
Epoch 1/1
----------
Prune before sending to global...
Epoch 1/1
----------
Prune before sending to global...
Epoch 1/1
----------
Prune before sending to global...
micro     precision: 0.5571 | recall: 0.4001 | f1-score: 0.4657 | support: 40183 | mAP: 0.5273
macro     precision: 0.3727 | recall: 0.2067 | f1-score: 0.2095 | support: 40183 | mAP: 0.3687

==================================================
ROUND 13/40
==================================================
Epoch 1/1
----------
Prune before sending to global...
Epoch 1/1
----------
Prune before sending to global...
Epoch 1/1
----------
Prune before sending to global...
Epoch 1/1
----------
Prune before sending to global...
Epoch 1/1
----------
Prune before sending to global...
Epoch 1/1
----------
Prune before sending to global...
Epoch 1/1
----------
Prune before sending to global...
Epoch 1/1
----------
Prune before sending to global...
micro     precision: 0.6068 | recall: 0.5164 | f1-score: 0.5579 | support: 40183 | mAP: 0.6154
macro     precision: 0.4577 | recall: 0.2752 | f1-score: 0.2864 | support: 40183 | mAP: 0.3810

==================================================
ROUND 14/40
==================================================
Epoch 1/1
----------
Prune before sending to global...
Epoch 1/1
----------
Prune before sending to global...
Epoch 1/1
----------
Prune before sending to global...
Epoch 1/1
----------
Prune before sending to global...
Epoch 1/1
----------
Prune before sending to global...
Epoch 1/1
----------
Prune before sending to global...
Epoch 1/1
----------
Prune before sending to global...
Epoch 1/1
----------
Prune before sending to global...
micro     precision: 0.5657 | recall: 0.4641 | f1-score: 0.5099 | support: 40183 | mAP: 0.5547
macro     precision: 0.3753 | recall: 0.2178 | f1-score: 0.2141 | support: 40183 | mAP: 0.3557

==================================================
ROUND 15/40
==================================================
Epoch 1/1
----------
Prune before sending to global...
Epoch 1/1
----------
Prune before sending to global...
Epoch 1/1
----------
Prune before sending to global...
Epoch 1/1
----------
Prune before sending to global...
Epoch 1/1
----------
Prune before sending to global...
Epoch 1/1
----------
Prune before sending to global...
Epoch 1/1
----------
Prune before sending to global...
Epoch 1/1
----------
Prune before sending to global...
micro     precision: 0.6931 | recall: 0.5373 | f1-score: 0.6053 | support: 40183 | mAP: 0.6808
macro     precision: 0.4129 | recall: 0.2726 | f1-score: 0.2911 | support: 40183 | mAP: 0.4042

==================================================
ROUND 16/40
==================================================
Epoch 1/1
----------
Prune before sending to global...
Epoch 1/1
----------
Prune before sending to global...
Epoch 1/1
----------
Prune before sending to global...
Epoch 1/1
----------
Prune before sending to global...
Epoch 1/1
----------
Prune before sending to global...
Epoch 1/1
----------
Prune before sending to global...
Epoch 1/1
----------
Prune before sending to global...
Epoch 1/1
----------
Prune before sending to global...
micro     precision: 0.6328 | recall: 0.5260 | f1-score: 0.5745 | support: 40183 | mAP: 0.6362
macro     precision: 0.3922 | recall: 0.2708 | f1-score: 0.2891 | support: 40183 | mAP: 0.3851

==================================================
ROUND 17/40
==================================================
Epoch 1/1
----------
Prune before sending to global...
Epoch 1/1
----------
Prune before sending to global...
Epoch 1/1
----------
Prune before sending to global...
Epoch 1/1
----------
Prune before sending to global...
Epoch 1/1
----------
Prune before sending to global...
Epoch 1/1
----------
Prune before sending to global...
Epoch 1/1
----------
Prune before sending to global...
Epoch 1/1
----------
Prune before sending to global...
micro     precision: 0.6307 | recall: 0.5584 | f1-score: 0.5924 | support: 40183 | mAP: 0.6415
macro     precision: 0.4215 | recall: 0.2791 | f1-score: 0.2858 | support: 40183 | mAP: 0.3865

==================================================
ROUND 18/40
==================================================
Epoch 1/1
----------
Prune before sending to global...
Epoch 1/1
----------
Prune before sending to global...
Epoch 1/1
----------
Prune before sending to global...
Epoch 1/1
----------
Prune before sending to global...
Epoch 1/1
----------
Prune before sending to global...
Epoch 1/1
----------
Prune before sending to global...
Epoch 1/1
----------
Prune before sending to global...
Epoch 1/1
----------
Prune before sending to global...
micro     precision: 0.5719 | recall: 0.5081 | f1-score: 0.5381 | support: 40183 | mAP: 0.5738
macro     precision: 0.3864 | recall: 0.2589 | f1-score: 0.2596 | support: 40183 | mAP: 0.3869

==================================================
ROUND 19/40
==================================================
Epoch 1/1
----------
Prune before sending to global...
Epoch 1/1
----------
Prune before sending to global...
Epoch 1/1
----------
Prune before sending to global...
Epoch 1/1
----------
Prune before sending to global...
Epoch 1/1
----------
Prune before sending to global...
Epoch 1/1
----------
Prune before sending to global...
Epoch 1/1
----------
Prune before sending to global...
Epoch 1/1
----------
Prune before sending to global...
micro     precision: 0.6745 | recall: 0.5964 | f1-score: 0.6330 | support: 40183 | mAP: 0.6972
macro     precision: 0.4632 | recall: 0.3111 | f1-score: 0.3142 | support: 40183 | mAP: 0.4063

==================================================
ROUND 20/40
==================================================
Epoch 1/1
----------
Prune before sending to global...
Epoch 1/1
----------
Prune before sending to global...
Epoch 1/1
----------
Prune before sending to global...
Epoch 1/1
----------
Prune before sending to global...
Epoch 1/1
----------
Prune before sending to global...
Epoch 1/1
----------
Prune before sending to global...
Epoch 1/1
----------
Prune before sending to global...
Epoch 1/1
----------
Prune before sending to global...
micro     precision: 0.6450 | recall: 0.5931 | f1-score: 0.6180 | support: 40183 | mAP: 0.6834
macro     precision: 0.4704 | recall: 0.3110 | f1-score: 0.3117 | support: 40183 | mAP: 0.4200

==================================================
ROUND 21/40
==================================================
Epoch 1/1
----------
Prune before sending to global...
Epoch 1/1
----------
Prune before sending to global...
Epoch 1/1
----------
Prune before sending to global...
Epoch 1/1
----------
Prune before sending to global...
Epoch 1/1
----------
Prune before sending to global...
Epoch 1/1
----------
Prune before sending to global...
Epoch 1/1
----------
Prune before sending to global...
Epoch 1/1
----------
Prune before sending to global...
micro     precision: 0.6484 | recall: 0.5504 | f1-score: 0.5954 | support: 40183 | mAP: 0.5335
macro     precision: 0.3411 | recall: 0.2792 | f1-score: 0.2884 | support: 40183 | mAP: 0.3702

==================================================
ROUND 22/40
==================================================
Epoch 1/1
----------
Prune before sending to global...
Epoch 1/1
----------
Prune before sending to global...
Epoch 1/1
----------
Prune before sending to global...
Epoch 1/1
----------
Prune before sending to global...
Epoch 1/1
----------
Prune before sending to global...
Epoch 1/1
----------
Prune before sending to global...
Epoch 1/1
----------
Prune before sending to global...
Epoch 1/1
----------
Prune before sending to global...
micro     precision: 0.6885 | recall: 0.5860 | f1-score: 0.6331 | support: 40183 | mAP: 0.7023
macro     precision: 0.4548 | recall: 0.3049 | f1-score: 0.3186 | support: 40183 | mAP: 0.4063

==================================================
ROUND 23/40
==================================================
Epoch 1/1
----------
Prune before sending to global...
Epoch 1/1
----------
Prune before sending to global...
Epoch 1/1
----------
Prune before sending to global...
Epoch 1/1
----------
Prune before sending to global...
Epoch 1/1
----------
Prune before sending to global...
Epoch 1/1
----------
Prune before sending to global...
Epoch 1/1
----------
Prune before sending to global...
Epoch 1/1
----------
Prune before sending to global...
micro     precision: 0.7658 | recall: 0.5516 | f1-score: 0.6413 | support: 40183 | mAP: 0.7246
macro     precision: 0.4478 | recall: 0.2790 | f1-score: 0.3082 | support: 40183 | mAP: 0.4210

==================================================
ROUND 24/40
==================================================
Epoch 1/1
----------
Prune before sending to global...
Epoch 1/1
----------
Prune before sending to global...
Epoch 1/1
----------
Prune before sending to global...
Epoch 1/1
----------
Prune before sending to global...
Epoch 1/1
----------
Prune before sending to global...
Epoch 1/1
----------
Prune before sending to global...
Epoch 1/1
----------
Prune before sending to global...
Epoch 1/1
----------
Prune before sending to global...
micro     precision: 0.6208 | recall: 0.5616 | f1-score: 0.5897 | support: 40183 | mAP: 0.5305
macro     precision: 0.3524 | recall: 0.2844 | f1-score: 0.2800 | support: 40183 | mAP: 0.3593

==================================================
ROUND 25/40
==================================================
Epoch 1/1
----------
Prune before sending to global...
Epoch 1/1
----------
Prune before sending to global...
Epoch 1/1
----------
Prune before sending to global...
Epoch 1/1
----------
Prune before sending to global...
Epoch 1/1
----------
Prune before sending to global...
Epoch 1/1
----------
Prune before sending to global...
Epoch 1/1
----------
Prune before sending to global...
Epoch 1/1
----------
Prune before sending to global...
micro     precision: 0.6800 | recall: 0.5234 | f1-score: 0.5915 | support: 40183 | mAP: 0.6107
macro     precision: 0.4285 | recall: 0.2669 | f1-score: 0.2900 | support: 40183 | mAP: 0.3964

==================================================
ROUND 26/40
==================================================
Epoch 1/1
----------
Prune before sending to global...
Epoch 1/1
----------
Prune before sending to global...
Epoch 1/1
----------
Prune before sending to global...
Epoch 1/1
----------
Prune before sending to global...
Epoch 1/1
----------
Prune before sending to global...
Epoch 1/1
----------
Prune before sending to global...
Epoch 1/1
----------
Prune before sending to global...
Epoch 1/1
----------
Prune before sending to global...
micro     precision: 0.6390 | recall: 0.5499 | f1-score: 0.5911 | support: 40183 | mAP: 0.5366
macro     precision: 0.3616 | recall: 0.2765 | f1-score: 0.2800 | support: 40183 | mAP: 0.3768

==================================================
ROUND 27/40
==================================================
Epoch 1/1
----------
Prune before sending to global...
Epoch 1/1
----------
Prune before sending to global...
Epoch 1/1
----------
Prune before sending to global...
Epoch 1/1
----------
Prune before sending to global...
Epoch 1/1
----------
Prune before sending to global...
Epoch 1/1
----------
Prune before sending to global...
Epoch 1/1
----------
Prune before sending to global...
Epoch 1/1
----------
Prune before sending to global...
micro     precision: 0.7144 | recall: 0.5913 | f1-score: 0.6471 | support: 40183 | mAP: 0.7188
macro     precision: 0.4703 | recall: 0.3101 | f1-score: 0.3267 | support: 40183 | mAP: 0.4196

==================================================
ROUND 28/40
==================================================
Epoch 1/1
----------
Prune before sending to global...
Epoch 1/1
----------
Prune before sending to global...
Epoch 1/1
----------
Prune before sending to global...
Epoch 1/1
----------
Prune before sending to global...
Epoch 1/1
----------
Prune before sending to global...
Epoch 1/1
----------
Prune before sending to global...
Epoch 1/1
----------
Prune before sending to global...
Epoch 1/1
----------
Prune before sending to global...
micro     precision: 0.7332 | recall: 0.5807 | f1-score: 0.6481 | support: 40183 | mAP: 0.7118
macro     precision: 0.4370 | recall: 0.2958 | f1-score: 0.3238 | support: 40183 | mAP: 0.4174

==================================================
ROUND 29/40
==================================================
Epoch 1/1
----------
Prune before sending to global...
Epoch 1/1
----------
Prune before sending to global...
Epoch 1/1
----------
Prune before sending to global...
Epoch 1/1
----------
Prune before sending to global...
Epoch 1/1
----------
Prune before sending to global...
Epoch 1/1
----------
Prune before sending to global...
Epoch 1/1
----------
Prune before sending to global...
Epoch 1/1
----------
Prune before sending to global...
micro     precision: 0.6406 | recall: 0.5760 | f1-score: 0.6066 | support: 40183 | mAP: 0.6443
macro     precision: 0.4418 | recall: 0.2952 | f1-score: 0.3124 | support: 40183 | mAP: 0.3976

==================================================
ROUND 30/40
==================================================
Epoch 1/1
----------
Prune before sending to global...
Epoch 1/1
----------
Prune before sending to global...
Epoch 1/1
----------
Prune before sending to global...
Epoch 1/1
----------
Prune before sending to global...
Epoch 1/1
----------
Prune before sending to global...
Epoch 1/1
----------
Prune before sending to global...
Epoch 1/1
----------
Prune before sending to global...
Epoch 1/1
----------
Prune before sending to global...
micro     precision: 0.6728 | recall: 0.5659 | f1-score: 0.6147 | support: 40183 | mAP: 0.6129
macro     precision: 0.4433 | recall: 0.2886 | f1-score: 0.3012 | support: 40183 | mAP: 0.3954

==================================================
ROUND 31/40
==================================================
Epoch 1/1
----------
Prune before sending to global...
Epoch 1/1
----------
Prune before sending to global...
Epoch 1/1
----------
Prune before sending to global...
Epoch 1/1
----------
Prune before sending to global...
Epoch 1/1
----------
Prune before sending to global...
Epoch 1/1
----------
Prune before sending to global...
Epoch 1/1
----------
Prune before sending to global...
Epoch 1/1
----------
Prune before sending to global...
micro     precision: 0.7064 | recall: 0.5891 | f1-score: 0.6424 | support: 40183 | mAP: 0.7119
macro     precision: 0.4672 | recall: 0.3018 | f1-score: 0.3136 | support: 40183 | mAP: 0.4160

==================================================
ROUND 32/40
==================================================
Epoch 1/1
----------
Prune before sending to global...
Epoch 1/1
----------
Prune before sending to global...
Epoch 1/1
----------
Prune before sending to global...
Epoch 1/1
----------
Prune before sending to global...
Epoch 1/1
----------
Prune before sending to global...
Epoch 1/1
----------
Prune before sending to global...
Epoch 1/1
----------
Prune before sending to global...
Epoch 1/1
----------
Prune before sending to global...
micro     precision: 0.6707 | recall: 0.5350 | f1-score: 0.5952 | support: 40183 | mAP: 0.5514
macro     precision: 0.3768 | recall: 0.2688 | f1-score: 0.2821 | support: 40183 | mAP: 0.3861

==================================================
ROUND 33/40
==================================================
Epoch 1/1
----------
Prune before sending to global...
Epoch 1/1
----------
Prune before sending to global...
Epoch 1/1
----------
Prune before sending to global...
Epoch 1/1
----------
Prune before sending to global...
Epoch 1/1
----------
Prune before sending to global...
Epoch 1/1
----------
Prune before sending to global...
Epoch 1/1
----------
Prune before sending to global...
Epoch 1/1
----------
Prune before sending to global...
micro     precision: 0.6326 | recall: 0.5248 | f1-score: 0.5737 | support: 40183 | mAP: 0.6026
macro     precision: 0.4361 | recall: 0.2535 | f1-score: 0.2575 | support: 40183 | mAP: 0.3851

==================================================
ROUND 34/40
==================================================
Epoch 1/1
----------
Prune before sending to global...
Epoch 1/1
----------
Prune before sending to global...
Epoch 1/1
----------
Prune before sending to global...
Epoch 1/1
----------
Prune before sending to global...
Epoch 1/1
----------
Prune before sending to global...
Epoch 1/1
----------
Prune before sending to global...
Epoch 1/1
----------
Prune before sending to global...
Epoch 1/1
----------
Prune before sending to global...
micro     precision: 0.7071 | recall: 0.5673 | f1-score: 0.6295 | support: 40183 | mAP: 0.6910
macro     precision: 0.4157 | recall: 0.2934 | f1-score: 0.3197 | support: 40183 | mAP: 0.4078

==================================================
ROUND 35/40
==================================================
Epoch 1/1
----------
Prune before sending to global...
Epoch 1/1
----------
Prune before sending to global...
Epoch 1/1
----------
Prune before sending to global...
Epoch 1/1
----------
Prune before sending to global...
Epoch 1/1
----------
Prune before sending to global...
Epoch 1/1
----------
Prune before sending to global...
Epoch 1/1
----------
Prune before sending to global...
Epoch 1/1
----------
Prune before sending to global...
micro     precision: 0.6672 | recall: 0.5830 | f1-score: 0.6223 | support: 40183 | mAP: 0.6819
macro     precision: 0.4076 | recall: 0.3003 | f1-score: 0.3133 | support: 40183 | mAP: 0.4043

==================================================
ROUND 36/40
==================================================
Epoch 1/1
----------
Prune before sending to global...
Epoch 1/1
----------
Prune before sending to global...
Epoch 1/1
----------
Prune before sending to global...
Epoch 1/1
----------
Prune before sending to global...
Epoch 1/1
----------
Prune before sending to global...
Epoch 1/1
----------
Prune before sending to global...
Epoch 1/1
----------
Prune before sending to global...
Epoch 1/1
----------
Prune before sending to global...
micro     precision: 0.6408 | recall: 0.5277 | f1-score: 0.5788 | support: 40183 | mAP: 0.5687
macro     precision: 0.3669 | recall: 0.2691 | f1-score: 0.2737 | support: 40183 | mAP: 0.3798

==================================================
ROUND 37/40
==================================================
Epoch 1/1
----------
Prune before sending to global...
Epoch 1/1
----------
Prune before sending to global...
Epoch 1/1
----------
Prune before sending to global...
Epoch 1/1
----------
Prune before sending to global...
Epoch 1/1
----------
Prune before sending to global...
Epoch 1/1
----------
Prune before sending to global...
Epoch 1/1
----------
Prune before sending to global...
Epoch 1/1
----------
Prune before sending to global...
micro     precision: 0.6722 | recall: 0.5457 | f1-score: 0.6024 | support: 40183 | mAP: 0.6149
macro     precision: 0.3808 | recall: 0.2728 | f1-score: 0.2865 | support: 40183 | mAP: 0.3905

==================================================
ROUND 38/40
==================================================
Epoch 1/1
----------
Prune before sending to global...
Epoch 1/1
----------
Prune before sending to global...
Epoch 1/1
----------
Prune before sending to global...
Epoch 1/1
----------
Prune before sending to global...
Epoch 1/1
----------
Prune before sending to global...
Epoch 1/1
----------
Prune before sending to global...
Epoch 1/1
----------
Prune before sending to global...
Epoch 1/1
----------
Prune before sending to global...
micro     precision: 0.7109 | recall: 0.5717 | f1-score: 0.6338 | support: 40183 | mAP: 0.6892
macro     precision: 0.4792 | recall: 0.3003 | f1-score: 0.3239 | support: 40183 | mAP: 0.4004

==================================================
ROUND 39/40
==================================================
Epoch 1/1
----------
Prune before sending to global...
Epoch 1/1
----------
Prune before sending to global...
Epoch 1/1
----------
Prune before sending to global...
Epoch 1/1
----------
Prune before sending to global...
Epoch 1/1
----------
Prune before sending to global...
Epoch 1/1
----------
Prune before sending to global...
Epoch 1/1
----------
Prune before sending to global...
Epoch 1/1
----------
Prune before sending to global...
micro     precision: 0.6763 | recall: 0.5617 | f1-score: 0.6137 | support: 40183 | mAP: 0.5667
macro     precision: 0.4234 | recall: 0.2850 | f1-score: 0.2980 | support: 40183 | mAP: 0.3897

==================================================
ROUND 40/40
==================================================
Epoch 1/1
----------
Prune before sending to global...
Epoch 1/1
----------
Prune before sending to global...
Epoch 1/1
----------
Prune before sending to global...
Epoch 1/1
----------
Prune before sending to global...
Epoch 1/1
----------
Prune before sending to global...
Epoch 1/1
----------
Prune before sending to global...
Epoch 1/1
----------
Prune before sending to global...
Epoch 1/1
----------
Prune before sending to global...
micro     precision: 0.6647 | recall: 0.5071 | f1-score: 0.5753 | support: 40183 | mAP: 0.6190
macro     precision: 0.3757 | recall: 0.2573 | f1-score: 0.2716 | support: 40183 | mAP: 0.3849

[{'0': {'precision': [], 'recall': [], 'f1-score': [], 'support': []}, '1': {'precision': [], 'recall': [], 'f1-score': [], 'support': []}, '2': {'precision': [], 'recall': [], 'f1-score': [], 'support': []}, '3': {'precision': [], 'recall': [], 'f1-score': [], 'support': []}, '4': {'precision': [], 'recall': [], 'f1-score': [], 'support': []}, '5': {'precision': [], 'recall': [], 'f1-score': [], 'support': []}, '6': {'precision': [], 'recall': [], 'f1-score': [], 'support': []}, '7': {'precision': [], 'recall': [], 'f1-score': [], 'support': []}, '8': {'precision': [], 'recall': [], 'f1-score': [], 'support': []}, '9': {'precision': [], 'recall': [], 'f1-score': [], 'support': []}, '10': {'precision': [], 'recall': [], 'f1-score': [], 'support': []}, '11': {'precision': [], 'recall': [], 'f1-score': [], 'support': []}, '12': {'precision': [], 'recall': [], 'f1-score': [], 'support': []}, '13': {'precision': [], 'recall': [], 'f1-score': [], 'support': []}, '14': {'precision': [], 'recall': [], 'f1-score': [], 'support': []}, '15': {'precision': [], 'recall': [], 'f1-score': [], 'support': []}, '16': {'precision': [], 'recall': [], 'f1-score': [], 'support': []}, '17': {'precision': [], 'recall': [], 'f1-score': [], 'support': []}, '18': {'precision': [], 'recall': [], 'f1-score': [], 'support': []}, 'micro avg': {'precision': [], 'recall': [], 'f1-score': [], 'support': []}, 'macro avg': {'precision': [], 'recall': [], 'f1-score': [], 'support': []}, 'weighted avg': {'precision': [], 'recall': [], 'f1-score': [], 'support': []}, 'ap_mic': [], 'ap_mac': []}, {'0': {'precision': [], 'recall': [], 'f1-score': [], 'support': []}, '1': {'precision': [], 'recall': [], 'f1-score': [], 'support': []}, '2': {'precision': [], 'recall': [], 'f1-score': [], 'support': []}, '3': {'precision': [], 'recall': [], 'f1-score': [], 'support': []}, '4': {'precision': [], 'recall': [], 'f1-score': [], 'support': []}, '5': {'precision': [], 'recall': [], 'f1-score': [], 'support': []}, '6': {'precision': [], 'recall': [], 'f1-score': [], 'support': []}, '7': {'precision': [], 'recall': [], 'f1-score': [], 'support': []}, '8': {'precision': [], 'recall': [], 'f1-score': [], 'support': []}, '9': {'precision': [], 'recall': [], 'f1-score': [], 'support': []}, '10': {'precision': [], 'recall': [], 'f1-score': [], 'support': []}, '11': {'precision': [], 'recall': [], 'f1-score': [], 'support': []}, '12': {'precision': [], 'recall': [], 'f1-score': [], 'support': []}, '13': {'precision': [], 'recall': [], 'f1-score': [], 'support': []}, '14': {'precision': [], 'recall': [], 'f1-score': [], 'support': []}, '15': {'precision': [], 'recall': [], 'f1-score': [], 'support': []}, '16': {'precision': [], 'recall': [], 'f1-score': [], 'support': []}, '17': {'precision': [], 'recall': [], 'f1-score': [], 'support': []}, '18': {'precision': [], 'recall': [], 'f1-score': [], 'support': []}, 'micro avg': {'precision': [], 'recall': [], 'f1-score': [], 'support': []}, 'macro avg': {'precision': [], 'recall': [], 'f1-score': [], 'support': []}, 'weighted avg': {'precision': [], 'recall': [], 'f1-score': [], 'support': []}, 'ap_mic': [], 'ap_mac': []}, {'0': {'precision': [], 'recall': [], 'f1-score': [], 'support': []}, '1': {'precision': [], 'recall': [], 'f1-score': [], 'support': []}, '2': {'precision': [], 'recall': [], 'f1-score': [], 'support': []}, '3': {'precision': [], 'recall': [], 'f1-score': [], 'support': []}, '4': {'precision': [], 'recall': [], 'f1-score': [], 'support': []}, '5': {'precision': [], 'recall': [], 'f1-score': [], 'support': []}, '6': {'precision': [], 'recall': [], 'f1-score': [], 'support': []}, '7': {'precision': [], 'recall': [], 'f1-score': [], 'support': []}, '8': {'precision': [], 'recall': [], 'f1-score': [], 'support': []}, '9': {'precision': [], 'recall': [], 'f1-score': [], 'support': []}, '10': {'precision': [], 'recall': [], 'f1-score': [], 'support': []}, '11': {'precision': [], 'recall': [], 'f1-score': [], 'support': []}, '12': {'precision': [], 'recall': [], 'f1-score': [], 'support': []}, '13': {'precision': [], 'recall': [], 'f1-score': [], 'support': []}, '14': {'precision': [], 'recall': [], 'f1-score': [], 'support': []}, '15': {'precision': [], 'recall': [], 'f1-score': [], 'support': []}, '16': {'precision': [], 'recall': [], 'f1-score': [], 'support': []}, '17': {'precision': [], 'recall': [], 'f1-score': [], 'support': []}, '18': {'precision': [], 'recall': [], 'f1-score': [], 'support': []}, 'micro avg': {'precision': [], 'recall': [], 'f1-score': [], 'support': []}, 'macro avg': {'precision': [], 'recall': [], 'f1-score': [], 'support': []}, 'weighted avg': {'precision': [], 'recall': [], 'f1-score': [], 'support': []}, 'ap_mic': [], 'ap_mac': []}, {'0': {'precision': [], 'recall': [], 'f1-score': [], 'support': []}, '1': {'precision': [], 'recall': [], 'f1-score': [], 'support': []}, '2': {'precision': [], 'recall': [], 'f1-score': [], 'support': []}, '3': {'precision': [], 'recall': [], 'f1-score': [], 'support': []}, '4': {'precision': [], 'recall': [], 'f1-score': [], 'support': []}, '5': {'precision': [], 'recall': [], 'f1-score': [], 'support': []}, '6': {'precision': [], 'recall': [], 'f1-score': [], 'support': []}, '7': {'precision': [], 'recall': [], 'f1-score': [], 'support': []}, '8': {'precision': [], 'recall': [], 'f1-score': [], 'support': []}, '9': {'precision': [], 'recall': [], 'f1-score': [], 'support': []}, '10': {'precision': [], 'recall': [], 'f1-score': [], 'support': []}, '11': {'precision': [], 'recall': [], 'f1-score': [], 'support': []}, '12': {'precision': [], 'recall': [], 'f1-score': [], 'support': []}, '13': {'precision': [], 'recall': [], 'f1-score': [], 'support': []}, '14': {'precision': [], 'recall': [], 'f1-score': [], 'support': []}, '15': {'precision': [], 'recall': [], 'f1-score': [], 'support': []}, '16': {'precision': [], 'recall': [], 'f1-score': [], 'support': []}, '17': {'precision': [], 'recall': [], 'f1-score': [], 'support': []}, '18': {'precision': [], 'recall': [], 'f1-score': [], 'support': []}, 'micro avg': {'precision': [], 'recall': [], 'f1-score': [], 'support': []}, 'macro avg': {'precision': [], 'recall': [], 'f1-score': [], 'support': []}, 'weighted avg': {'precision': [], 'recall': [], 'f1-score': [], 'support': []}, 'ap_mic': [], 'ap_mac': []}, {'0': {'precision': [], 'recall': [], 'f1-score': [], 'support': []}, '1': {'precision': [], 'recall': [], 'f1-score': [], 'support': []}, '2': {'precision': [], 'recall': [], 'f1-score': [], 'support': []}, '3': {'precision': [], 'recall': [], 'f1-score': [], 'support': []}, '4': {'precision': [], 'recall': [], 'f1-score': [], 'support': []}, '5': {'precision': [], 'recall': [], 'f1-score': [], 'support': []}, '6': {'precision': [], 'recall': [], 'f1-score': [], 'support': []}, '7': {'precision': [], 'recall': [], 'f1-score': [], 'support': []}, '8': {'precision': [], 'recall': [], 'f1-score': [], 'support': []}, '9': {'precision': [], 'recall': [], 'f1-score': [], 'support': []}, '10': {'precision': [], 'recall': [], 'f1-score': [], 'support': []}, '11': {'precision': [], 'recall': [], 'f1-score': [], 'support': []}, '12': {'precision': [], 'recall': [], 'f1-score': [], 'support': []}, '13': {'precision': [], 'recall': [], 'f1-score': [], 'support': []}, '14': {'precision': [], 'recall': [], 'f1-score': [], 'support': []}, '15': {'precision': [], 'recall': [], 'f1-score': [], 'support': []}, '16': {'precision': [], 'recall': [], 'f1-score': [], 'support': []}, '17': {'precision': [], 'recall': [], 'f1-score': [], 'support': []}, '18': {'precision': [], 'recall': [], 'f1-score': [], 'support': []}, 'micro avg': {'precision': [], 'recall': [], 'f1-score': [], 'support': []}, 'macro avg': {'precision': [], 'recall': [], 'f1-score': [], 'support': []}, 'weighted avg': {'precision': [], 'recall': [], 'f1-score': [], 'support': []}, 'ap_mic': [], 'ap_mac': []}, {'0': {'precision': [], 'recall': [], 'f1-score': [], 'support': []}, '1': {'precision': [], 'recall': [], 'f1-score': [], 'support': []}, '2': {'precision': [], 'recall': [], 'f1-score': [], 'support': []}, '3': {'precision': [], 'recall': [], 'f1-score': [], 'support': []}, '4': {'precision': [], 'recall': [], 'f1-score': [], 'support': []}, '5': {'precision': [], 'recall': [], 'f1-score': [], 'support': []}, '6': {'precision': [], 'recall': [], 'f1-score': [], 'support': []}, '7': {'precision': [], 'recall': [], 'f1-score': [], 'support': []}, '8': {'precision': [], 'recall': [], 'f1-score': [], 'support': []}, '9': {'precision': [], 'recall': [], 'f1-score': [], 'support': []}, '10': {'precision': [], 'recall': [], 'f1-score': [], 'support': []}, '11': {'precision': [], 'recall': [], 'f1-score': [], 'support': []}, '12': {'precision': [], 'recall': [], 'f1-score': [], 'support': []}, '13': {'precision': [], 'recall': [], 'f1-score': [], 'support': []}, '14': {'precision': [], 'recall': [], 'f1-score': [], 'support': []}, '15': {'precision': [], 'recall': [], 'f1-score': [], 'support': []}, '16': {'precision': [], 'recall': [], 'f1-score': [], 'support': []}, '17': {'precision': [], 'recall': [], 'f1-score': [], 'support': []}, '18': {'precision': [], 'recall': [], 'f1-score': [], 'support': []}, 'micro avg': {'precision': [], 'recall': [], 'f1-score': [], 'support': []}, 'macro avg': {'precision': [], 'recall': [], 'f1-score': [], 'support': []}, 'weighted avg': {'precision': [], 'recall': [], 'f1-score': [], 'support': []}, 'ap_mic': [], 'ap_mac': []}, {'0': {'precision': [], 'recall': [], 'f1-score': [], 'support': []}, '1': {'precision': [], 'recall': [], 'f1-score': [], 'support': []}, '2': {'precision': [], 'recall': [], 'f1-score': [], 'support': []}, '3': {'precision': [], 'recall': [], 'f1-score': [], 'support': []}, '4': {'precision': [], 'recall': [], 'f1-score': [], 'support': []}, '5': {'precision': [], 'recall': [], 'f1-score': [], 'support': []}, '6': {'precision': [], 'recall': [], 'f1-score': [], 'support': []}, '7': {'precision': [], 'recall': [], 'f1-score': [], 'support': []}, '8': {'precision': [], 'recall': [], 'f1-score': [], 'support': []}, '9': {'precision': [], 'recall': [], 'f1-score': [], 'support': []}, '10': {'precision': [], 'recall': [], 'f1-score': [], 'support': []}, '11': {'precision': [], 'recall': [], 'f1-score': [], 'support': []}, '12': {'precision': [], 'recall': [], 'f1-score': [], 'support': []}, '13': {'precision': [], 'recall': [], 'f1-score': [], 'support': []}, '14': {'precision': [], 'recall': [], 'f1-score': [], 'support': []}, '15': {'precision': [], 'recall': [], 'f1-score': [], 'support': []}, '16': {'precision': [], 'recall': [], 'f1-score': [], 'support': []}, '17': {'precision': [], 'recall': [], 'f1-score': [], 'support': []}, '18': {'precision': [], 'recall': [], 'f1-score': [], 'support': []}, 'micro avg': {'precision': [], 'recall': [], 'f1-score': [], 'support': []}, 'macro avg': {'precision': [], 'recall': [], 'f1-score': [], 'support': []}, 'weighted avg': {'precision': [], 'recall': [], 'f1-score': [], 'support': []}, 'ap_mic': [], 'ap_mac': []}, {'0': {'precision': [], 'recall': [], 'f1-score': [], 'support': []}, '1': {'precision': [], 'recall': [], 'f1-score': [], 'support': []}, '2': {'precision': [], 'recall': [], 'f1-score': [], 'support': []}, '3': {'precision': [], 'recall': [], 'f1-score': [], 'support': []}, '4': {'precision': [], 'recall': [], 'f1-score': [], 'support': []}, '5': {'precision': [], 'recall': [], 'f1-score': [], 'support': []}, '6': {'precision': [], 'recall': [], 'f1-score': [], 'support': []}, '7': {'precision': [], 'recall': [], 'f1-score': [], 'support': []}, '8': {'precision': [], 'recall': [], 'f1-score': [], 'support': []}, '9': {'precision': [], 'recall': [], 'f1-score': [], 'support': []}, '10': {'precision': [], 'recall': [], 'f1-score': [], 'support': []}, '11': {'precision': [], 'recall': [], 'f1-score': [], 'support': []}, '12': {'precision': [], 'recall': [], 'f1-score': [], 'support': []}, '13': {'precision': [], 'recall': [], 'f1-score': [], 'support': []}, '14': {'precision': [], 'recall': [], 'f1-score': [], 'support': []}, '15': {'precision': [], 'recall': [], 'f1-score': [], 'support': []}, '16': {'precision': [], 'recall': [], 'f1-score': [], 'support': []}, '17': {'precision': [], 'recall': [], 'f1-score': [], 'support': []}, '18': {'precision': [], 'recall': [], 'f1-score': [], 'support': []}, 'micro avg': {'precision': [], 'recall': [], 'f1-score': [], 'support': []}, 'macro avg': {'precision': [], 'recall': [], 'f1-score': [], 'support': []}, 'weighted avg': {'precision': [], 'recall': [], 'f1-score': [], 'support': []}, 'ap_mic': [], 'ap_mac': []}]
