Using device: cuda:0
Pre-filtered 10372 patches based on country and season (split ignored)
Loading BEN data for train...
    237871 patches indexed
    5941 filtered patches indexed
    100 patches indexed considering max_len
Merged metadata with snow/cloud metadata
Loaded 549488 labels
Loaded 549488 keys
Loaded mapping created
Pre-filtered 10372 patches based on country and season (split ignored)
Loading BEN data for test...
    119825 patches indexed
    1871 filtered patches indexed
    100 patches indexed considering max_len
Merged metadata with snow/cloud metadata
Loaded 549488 labels
Loaded 549488 keys
Loaded mapping created
Pre-filtered 1939 patches based on country and season (split ignored)
Loading BEN data for train...
    237871 patches indexed
    1323 filtered patches indexed
    100 patches indexed considering max_len
Merged metadata with snow/cloud metadata
Loaded 549488 labels
Loaded 549488 keys
Loaded mapping created
Pre-filtered 1939 patches based on country and season (split ignored)
Loading BEN data for test...
    119825 patches indexed
    32 filtered patches indexed
    32 patches indexed considering max_len
Merged metadata with snow/cloud metadata
Loaded 549488 labels
Loaded 549488 keys
Loaded mapping created
Pre-filtered 8775 patches based on country and season (split ignored)
Loading BEN data for train...
    237871 patches indexed
    4206 filtered patches indexed
    100 patches indexed considering max_len
Merged metadata with snow/cloud metadata
Loaded 549488 labels
Loaded 549488 keys
Loaded mapping created
Pre-filtered 8775 patches based on country and season (split ignored)
Loading BEN data for test...
    119825 patches indexed
    2151 filtered patches indexed
    100 patches indexed considering max_len
Merged metadata with snow/cloud metadata
Loaded 549488 labels
Loaded 549488 keys
Loaded mapping created
Pre-filtered 16438 patches based on country and season (split ignored)
Loading BEN data for train...
    237871 patches indexed
    8037 filtered patches indexed
    100 patches indexed considering max_len
Merged metadata with snow/cloud metadata
Loaded 549488 labels
Loaded 549488 keys
Loaded mapping created
Pre-filtered 16438 patches based on country and season (split ignored)
Loading BEN data for test...
    119825 patches indexed
    4220 filtered patches indexed
    100 patches indexed considering max_len
Merged metadata with snow/cloud metadata
Loaded 549488 labels
Loaded 549488 keys
Loaded mapping created
Pre-filtered 4874 patches based on country and season (split ignored)
Loading BEN data for train...
    237871 patches indexed
    1692 filtered patches indexed
    100 patches indexed considering max_len
Merged metadata with snow/cloud metadata
Loaded 549488 labels
Loaded 549488 keys
Loaded mapping created
Pre-filtered 4874 patches based on country and season (split ignored)
Loading BEN data for test...
    119825 patches indexed
    2039 filtered patches indexed
    100 patches indexed considering max_len
Merged metadata with snow/cloud metadata
Loaded 549488 labels
Loaded 549488 keys
Loaded mapping created
Pre-filtered 59999 patches based on country and season (split ignored)
Loading BEN data for test...
    119825 patches indexed
    15720 filtered patches indexed
    100 patches indexed considering max_len
Merged metadata with snow/cloud metadata
Loaded 549488 labels
Loaded 549488 keys
Loaded mapping created
Round 1/70
----------
Epoch 1/1
----------
Epoch 1/1
----------
Epoch 1/1
----------
Epoch 1/1
----------
Epoch 1/1
----------
micro     precision: 0.0000 | recall: 0.0000 | f1-score: 0.0000 | support: 101 | mAP: 0.0532
macro     precision: 0.0000 | recall: 0.0000 | f1-score: 0.0000 | support: 101 | mAP: 0.0532

Round 2/70
----------
Epoch 1/1
----------
Epoch 1/1
----------
Epoch 1/1
----------
Epoch 1/1
----------
Epoch 1/1
----------
micro     precision: 0.0034 | recall: 0.0099 | f1-score: 0.0050 | support: 101 | mAP: 0.0674
macro     precision: 0.0005 | recall: 0.0526 | f1-score: 0.0010 | support: 101 | mAP: 0.0574

Round 3/70
----------
Epoch 1/1
----------
Epoch 1/1
----------
Epoch 1/1
----------
Epoch 1/1
----------
Epoch 1/1
----------
micro     precision: 0.0020 | recall: 0.0099 | f1-score: 0.0033 | support: 101 | mAP: 0.0835
macro     precision: 0.0526 | recall: 0.0005 | f1-score: 0.0010 | support: 101 | mAP: 0.0532

Round 4/70
----------
Epoch 1/1
----------
Epoch 1/1
----------
Epoch 1/1
----------
Epoch 1/1
----------
Epoch 1/1
----------
micro     precision: 0.0000 | recall: 0.0000 | f1-score: 0.0000 | support: 101 | mAP: 0.0529
macro     precision: 0.0000 | recall: 0.0000 | f1-score: 0.0000 | support: 101 | mAP: 0.0532

Round 5/70
----------
Epoch 1/1
----------
Epoch 1/1
----------
Epoch 1/1
----------
Epoch 1/1
----------
Epoch 1/1
----------
micro     precision: 0.0024 | recall: 0.0099 | f1-score: 0.0039 | support: 101 | mAP: 0.0508
macro     precision: 0.0044 | recall: 0.0526 | f1-score: 0.0081 | support: 101 | mAP: 0.0702

Round 6/70
----------
Epoch 1/1
----------
Epoch 1/1
----------
Epoch 1/1
----------
Epoch 1/1
----------
Epoch 1/1
----------
micro     precision: 0.0000 | recall: 0.0000 | f1-score: 0.0000 | support: 101 | mAP: 0.0765
macro     precision: 0.0000 | recall: 0.0000 | f1-score: 0.0000 | support: 101 | mAP: 0.0532

Round 7/70
----------
Epoch 1/1
----------
Epoch 1/1
----------
Epoch 1/1
----------
Epoch 1/1
----------
Epoch 1/1
----------
micro     precision: 0.0000 | recall: 0.0000 | f1-score: 0.0000 | support: 101 | mAP: 0.0597
macro     precision: 0.0000 | recall: 0.0000 | f1-score: 0.0000 | support: 101 | mAP: 0.0532

Round 8/70
----------
Epoch 1/1
----------
Epoch 1/1
----------
Epoch 1/1
----------
Epoch 1/1
----------
Epoch 1/1
----------
micro     precision: 0.1802 | recall: 0.9901 | f1-score: 0.3049 | support: 101 | mAP: 0.1476
macro     precision: 0.0526 | recall: 0.0526 | f1-score: 0.0526 | support: 101 | mAP: 0.0592

Round 9/70
----------
Epoch 1/1
----------
Epoch 1/1
----------
Epoch 1/1
----------
Epoch 1/1
----------
Epoch 1/1
----------
micro     precision: 0.0020 | recall: 0.0099 | f1-score: 0.0033 | support: 101 | mAP: 0.0499
macro     precision: 0.0005 | recall: 0.0526 | f1-score: 0.0010 | support: 101 | mAP: 0.0539

Round 10/70
----------
Epoch 1/1
----------
Epoch 1/1
----------
Epoch 1/1
----------
Epoch 1/1
----------
Epoch 1/1
----------
micro     precision: 0.0000 | recall: 0.0000 | f1-score: 0.0000 | support: 101 | mAP: 0.0884
macro     precision: 0.0000 | recall: 0.0000 | f1-score: 0.0000 | support: 101 | mAP: 0.0532

Round 11/70
----------
Epoch 1/1
----------
Epoch 1/1
----------
Epoch 1/1
----------
Epoch 1/1
----------
Epoch 1/1
----------
micro     precision: 0.3401 | recall: 0.9901 | f1-score: 0.5063 | support: 101 | mAP: 0.8726
macro     precision: 0.0526 | recall: 0.0526 | f1-score: 0.0526 | support: 101 | mAP: 0.0570

Round 12/70
----------
Epoch 1/1
----------
Epoch 1/1
----------
Epoch 1/1
----------
Epoch 1/1
----------
Epoch 1/1
----------
micro     precision: 0.2463 | recall: 0.9901 | f1-score: 0.3945 | support: 101 | mAP: 0.2125
macro     precision: 0.0526 | recall: 0.0526 | f1-score: 0.0526 | support: 101 | mAP: 0.0632

Round 13/70
----------
Epoch 1/1
----------
Epoch 1/1
----------
Epoch 1/1
----------
Epoch 1/1
----------
Epoch 1/1
----------
micro     precision: 0.0000 | recall: 0.0000 | f1-score: 0.0000 | support: 101 | mAP: 0.1083
macro     precision: 0.0000 | recall: 0.0000 | f1-score: 0.0000 | support: 101 | mAP: 0.0614

Round 14/70
----------
Epoch 1/1
----------
Epoch 1/1
----------
Epoch 1/1
----------
Epoch 1/1
----------
Epoch 1/1
----------
micro     precision: 0.4683 | recall: 0.9505 | f1-score: 0.6275 | support: 101 | mAP: 0.3240
macro     precision: 0.0526 | recall: 0.0505 | f1-score: 0.0516 | support: 101 | mAP: 0.0544

Round 15/70
----------
Epoch 1/1
----------
Epoch 1/1
----------
Epoch 1/1
----------
Epoch 1/1
----------
Epoch 1/1
----------
micro     precision: 0.1845 | recall: 0.9901 | f1-score: 0.3110 | support: 101 | mAP: 0.8919
macro     precision: 0.0526 | recall: 0.0526 | f1-score: 0.0526 | support: 101 | mAP: 0.0632

Round 16/70
----------
Epoch 1/1
----------
Epoch 1/1
----------
Epoch 1/1
----------
Epoch 1/1
----------
Epoch 1/1
----------
micro     precision: 0.5000 | recall: 0.9901 | f1-score: 0.6645 | support: 101 | mAP: 0.8175
macro     precision: 0.0526 | recall: 0.0526 | f1-score: 0.0526 | support: 101 | mAP: 0.0658

Round 17/70
----------
Epoch 1/1
----------
Epoch 1/1
----------
Epoch 1/1
----------
Epoch 1/1
----------
Epoch 1/1
----------
micro     precision: 0.2586 | recall: 0.9703 | f1-score: 0.4083 | support: 101 | mAP: 0.2983
macro     precision: 0.0526 | recall: 0.0516 | f1-score: 0.0521 | support: 101 | mAP: 0.0658

Round 18/70
----------
Epoch 1/1
----------
Epoch 1/1
----------
Epoch 1/1
----------
Epoch 1/1
----------
Epoch 1/1
----------
micro     precision: 1.0000 | recall: 0.9901 | f1-score: 0.9950 | support: 101 | mAP: 0.9915
macro     precision: 0.0526 | recall: 0.0526 | f1-score: 0.0526 | support: 101 | mAP: 0.0658

Round 19/70
----------
Epoch 1/1
----------
Epoch 1/1
----------
Epoch 1/1
----------
Epoch 1/1
----------
Epoch 1/1
----------
micro     precision: 0.0000 | recall: 0.0000 | f1-score: 0.0000 | support: 101 | mAP: 0.0875
macro     precision: 0.0000 | recall: 0.0000 | f1-score: 0.0000 | support: 101 | mAP: 0.0602

Round 20/70
----------
Epoch 1/1
----------
Epoch 1/1
----------
Epoch 1/1
----------
Epoch 1/1
----------
Epoch 1/1
----------
micro     precision: 0.8403 | recall: 0.9901 | f1-score: 0.9091 | support: 101 | mAP: 0.9922
macro     precision: 0.0526 | recall: 0.0526 | f1-score: 0.0526 | support: 101 | mAP: 0.0557

Round 21/70
----------
Epoch 1/1
----------
Epoch 1/1
----------
Epoch 1/1
----------
Epoch 1/1
----------
Epoch 1/1
----------
micro     precision: 0.3003 | recall: 0.9901 | f1-score: 0.4608 | support: 101 | mAP: 0.3074
macro     precision: 0.0526 | recall: 0.0526 | f1-score: 0.0526 | support: 101 | mAP: 0.0702

Round 22/70
----------
Epoch 1/1
----------
Epoch 1/1
----------
Epoch 1/1
----------
Epoch 1/1
----------
Epoch 1/1
----------
micro     precision: 0.4382 | recall: 0.7723 | f1-score: 0.5591 | support: 101 | mAP: 0.3080
macro     precision: 0.0526 | recall: 0.0411 | f1-score: 0.0461 | support: 101 | mAP: 0.0658

Round 23/70
----------
Epoch 1/1
----------
Epoch 1/1
----------
Epoch 1/1
----------
Epoch 1/1
----------
Epoch 1/1
----------
micro     precision: 0.3003 | recall: 0.9901 | f1-score: 0.4608 | support: 101 | mAP: 0.1994
macro     precision: 0.0526 | recall: 0.0526 | f1-score: 0.0526 | support: 101 | mAP: 0.0632

Round 24/70
----------
Epoch 1/1
----------
Epoch 1/1
----------
Epoch 1/1
----------
Epoch 1/1
----------
Epoch 1/1
----------
micro     precision: 0.5025 | recall: 0.9901 | f1-score: 0.6667 | support: 101 | mAP: 0.9913
macro     precision: 0.0526 | recall: 0.0526 | f1-score: 0.0526 | support: 101 | mAP: 0.0702

Round 25/70
----------
Epoch 1/1
----------
Epoch 1/1
----------
Epoch 1/1
----------
Epoch 1/1
----------
Epoch 1/1
----------
micro     precision: 0.3333 | recall: 0.9901 | f1-score: 0.4988 | support: 101 | mAP: 0.2245
macro     precision: 0.0526 | recall: 0.0526 | f1-score: 0.0526 | support: 101 | mAP: 0.0702

Round 26/70
----------
Epoch 1/1
----------
Epoch 1/1
----------
Epoch 1/1
----------
Epoch 1/1
----------
Epoch 1/1
----------
micro     precision: 0.0000 | recall: 0.0000 | f1-score: 0.0000 | support: 101 | mAP: 0.9284
macro     precision: 0.0000 | recall: 0.0000 | f1-score: 0.0000 | support: 101 | mAP: 0.0658

Round 27/70
----------
Epoch 1/1
----------
Epoch 1/1
----------
Epoch 1/1
----------
Epoch 1/1
----------
Epoch 1/1
----------
micro     precision: 0.4975 | recall: 0.9901 | f1-score: 0.6623 | support: 101 | mAP: 0.9912
macro     precision: 0.0526 | recall: 0.0526 | f1-score: 0.0526 | support: 101 | mAP: 0.0702

Round 28/70
----------
Epoch 1/1
----------
Epoch 1/1
----------
Epoch 1/1
----------
Epoch 1/1
----------
Epoch 1/1
----------
micro     precision: 0.0000 | recall: 0.0000 | f1-score: 0.0000 | support: 101 | mAP: 0.1823
macro     precision: 0.0000 | recall: 0.0000 | f1-score: 0.0000 | support: 101 | mAP: 0.0632

Round 29/70
----------
Epoch 1/1
----------
Epoch 1/1
----------
Epoch 1/1
----------
Epoch 1/1
----------
Epoch 1/1
----------
micro     precision: 1.0000 | recall: 0.0099 | f1-score: 0.0196 | support: 101 | mAP: 0.3869
macro     precision: 0.0526 | recall: 0.0005 | f1-score: 0.0010 | support: 101 | mAP: 0.0702

Round 30/70
----------
Epoch 1/1
----------
Epoch 1/1
----------
Epoch 1/1
----------
Epoch 1/1
----------
Epoch 1/1
----------
micro     precision: 0.0194 | recall: 0.0198 | f1-score: 0.0196 | support: 101 | mAP: 0.2430
macro     precision: 0.0526 | recall: 0.0011 | f1-score: 0.0021 | support: 101 | mAP: 0.0702

Round 31/70
----------
Epoch 1/1
----------
Epoch 1/1
----------
Epoch 1/1
----------
Epoch 1/1
----------
Epoch 1/1
----------
micro     precision: 0.0000 | recall: 0.0000 | f1-score: 0.0000 | support: 101 | mAP: 0.1445
macro     precision: 0.0000 | recall: 0.0000 | f1-score: 0.0000 | support: 101 | mAP: 0.0702

Round 32/70
----------
Epoch 1/1
----------
Epoch 1/1
----------
Epoch 1/1
----------
Epoch 1/1
----------
Epoch 1/1
----------
micro     precision: 0.5000 | recall: 0.9901 | f1-score: 0.6645 | support: 101 | mAP: 0.9916
macro     precision: 0.0526 | recall: 0.0526 | f1-score: 0.0526 | support: 101 | mAP: 0.0702

Round 33/70
----------
Epoch 1/1
----------
Epoch 1/1
----------
Epoch 1/1
----------
Epoch 1/1
----------
Epoch 1/1
----------
micro     precision: 0.1239 | recall: 0.2871 | f1-score: 0.1731 | support: 101 | mAP: 0.1760
macro     precision: 0.0526 | recall: 0.0153 | f1-score: 0.0237 | support: 101 | mAP: 0.0658

Round 34/70
----------
Epoch 1/1
----------
Epoch 1/1
----------
Epoch 1/1
----------
Epoch 1/1
----------
Epoch 1/1
----------
micro     precision: 0.0000 | recall: 0.0000 | f1-score: 0.0000 | support: 101 | mAP: 0.1875
macro     precision: 0.0000 | recall: 0.0000 | f1-score: 0.0000 | support: 101 | mAP: 0.0658

Round 35/70
----------
Epoch 1/1
----------
Epoch 1/1
----------
Epoch 1/1
----------
Epoch 1/1
----------
Epoch 1/1
----------
micro     precision: 0.5000 | recall: 0.9901 | f1-score: 0.6645 | support: 101 | mAP: 0.3076
macro     precision: 0.0526 | recall: 0.0526 | f1-score: 0.0526 | support: 101 | mAP: 0.0658

Round 36/70
----------
Epoch 1/1
----------
Epoch 1/1
----------
Epoch 1/1
----------
Epoch 1/1
----------
Epoch 1/1
----------
micro     precision: 0.0381 | recall: 0.0396 | f1-score: 0.0388 | support: 101 | mAP: 0.2813
macro     precision: 0.0526 | recall: 0.0021 | f1-score: 0.0040 | support: 101 | mAP: 0.0614

Round 37/70
----------
Epoch 1/1
----------
Epoch 1/1
----------
Epoch 1/1
----------
Epoch 1/1
----------
Epoch 1/1
----------
micro     precision: 0.0000 | recall: 0.0000 | f1-score: 0.0000 | support: 101 | mAP: 0.1862
macro     precision: 0.0000 | recall: 0.0000 | f1-score: 0.0000 | support: 101 | mAP: 0.0658

Round 38/70
----------
Epoch 1/1
----------
Epoch 1/1
----------
Epoch 1/1
----------
Epoch 1/1
----------
Epoch 1/1
----------
micro     precision: 0.2500 | recall: 0.9901 | f1-score: 0.3992 | support: 101 | mAP: 0.2963
macro     precision: 0.0526 | recall: 0.0526 | f1-score: 0.0526 | support: 101 | mAP: 0.0702

Round 39/70
----------
Epoch 1/1
----------
Epoch 1/1
----------
Epoch 1/1
----------
Epoch 1/1
----------
Epoch 1/1
----------
micro     precision: 0.0000 | recall: 0.0000 | f1-score: 0.0000 | support: 101 | mAP: 0.3271
macro     precision: 0.0000 | recall: 0.0000 | f1-score: 0.0000 | support: 101 | mAP: 0.0702

Round 40/70
----------
Epoch 1/1
----------
Epoch 1/1
----------
Epoch 1/1
----------
Epoch 1/1
----------
Epoch 1/1
----------
micro     precision: 0.3333 | recall: 0.9901 | f1-score: 0.4988 | support: 101 | mAP: 0.2066
macro     precision: 0.0526 | recall: 0.0526 | f1-score: 0.0526 | support: 101 | mAP: 0.0702

Round 41/70
----------
Epoch 1/1
----------
Epoch 1/1
----------
Epoch 1/1
----------
Epoch 1/1
----------
Epoch 1/1
----------
micro     precision: 0.0000 | recall: 0.0000 | f1-score: 0.0000 | support: 101 | mAP: 0.3275
macro     precision: 0.0000 | recall: 0.0000 | f1-score: 0.0000 | support: 101 | mAP: 0.0702

Round 42/70
----------
Epoch 1/1
----------
Epoch 1/1
----------
Epoch 1/1
----------
Epoch 1/1
----------
Epoch 1/1
----------
micro     precision: 0.0000 | recall: 0.0000 | f1-score: 0.0000 | support: 101 | mAP: 0.1380
macro     precision: 0.0000 | recall: 0.0000 | f1-score: 0.0000 | support: 101 | mAP: 0.0658

Round 43/70
----------
Epoch 1/1
----------
Epoch 1/1
----------
Epoch 1/1
----------
Epoch 1/1
----------
Epoch 1/1
----------
micro     precision: 1.0000 | recall: 0.9901 | f1-score: 0.9950 | support: 101 | mAP: 0.9915
macro     precision: 0.0526 | recall: 0.0526 | f1-score: 0.0526 | support: 101 | mAP: 0.0702

Round 44/70
----------
Epoch 1/1
----------
Epoch 1/1
----------
Epoch 1/1
----------
Epoch 1/1
----------
Epoch 1/1
----------
micro     precision: 0.3333 | recall: 0.9901 | f1-score: 0.4988 | support: 101 | mAP: 0.1900
macro     precision: 0.0526 | recall: 0.0526 | f1-score: 0.0526 | support: 101 | mAP: 0.0702

Round 45/70
----------
Epoch 1/1
----------
Epoch 1/1
----------
Epoch 1/1
----------
Epoch 1/1
----------
Epoch 1/1
----------
micro     precision: 0.0000 | recall: 0.0000 | f1-score: 0.0000 | support: 101 | mAP: 0.1903
macro     precision: 0.0000 | recall: 0.0000 | f1-score: 0.0000 | support: 101 | mAP: 0.0658

Round 46/70
----------
Epoch 1/1
----------
Epoch 1/1
----------
Epoch 1/1
----------
Epoch 1/1
----------
Epoch 1/1
----------
micro     precision: 0.0000 | recall: 0.0000 | f1-score: 0.0000 | support: 101 | mAP: 0.1891
macro     precision: 0.0000 | recall: 0.0000 | f1-score: 0.0000 | support: 101 | mAP: 0.0702

Round 47/70
----------
Epoch 1/1
----------
Epoch 1/1
----------
Epoch 1/1
----------
Epoch 1/1
----------
Epoch 1/1
----------
micro     precision: 0.3963 | recall: 0.6436 | f1-score: 0.4906 | support: 101 | mAP: 0.3300
macro     precision: 0.0526 | recall: 0.0342 | f1-score: 0.0415 | support: 101 | mAP: 0.0702

Round 48/70
----------
Epoch 1/1
----------
Epoch 1/1
----------
Epoch 1/1
----------
Epoch 1/1
----------
Epoch 1/1
----------
micro     precision: 0.0000 | recall: 0.0000 | f1-score: 0.0000 | support: 101 | mAP: 0.1483
macro     precision: 0.0000 | recall: 0.0000 | f1-score: 0.0000 | support: 101 | mAP: 0.0658

Round 49/70
----------
Epoch 1/1
----------
Epoch 1/1
----------
Epoch 1/1
----------
Epoch 1/1
----------
Epoch 1/1
----------
micro     precision: 0.0000 | recall: 0.0000 | f1-score: 0.0000 | support: 101 | mAP: 0.1902
macro     precision: 0.0000 | recall: 0.0000 | f1-score: 0.0000 | support: 101 | mAP: 0.0702

Round 50/70
----------
Epoch 1/1
----------
Epoch 1/1
----------
Epoch 1/1
----------
Epoch 1/1
----------
Epoch 1/1
----------
micro     precision: 0.5000 | recall: 0.9901 | f1-score: 0.6645 | support: 101 | mAP: 0.3074
macro     precision: 0.0526 | recall: 0.0526 | f1-score: 0.0526 | support: 101 | mAP: 0.0658

Round 51/70
----------
Epoch 1/1
----------
Epoch 1/1
----------
Epoch 1/1
----------
Epoch 1/1
----------
Epoch 1/1
----------
micro     precision: 0.0000 | recall: 0.0000 | f1-score: 0.0000 | support: 101 | mAP: 0.2627
macro     precision: 0.0000 | recall: 0.0000 | f1-score: 0.0000 | support: 101 | mAP: 0.0702

Round 52/70
----------
Epoch 1/1
----------
Epoch 1/1
----------
Epoch 1/1
----------
Epoch 1/1
----------
Epoch 1/1
----------
micro     precision: 0.5000 | recall: 0.9901 | f1-score: 0.6645 | support: 101 | mAP: 0.9913
macro     precision: 0.0526 | recall: 0.0526 | f1-score: 0.0526 | support: 101 | mAP: 0.0702

Round 53/70
----------
Epoch 1/1
----------
Epoch 1/1
----------
Epoch 1/1
----------
Epoch 1/1
----------
Epoch 1/1
----------
micro     precision: 0.5000 | recall: 0.9901 | f1-score: 0.6645 | support: 101 | mAP: 0.3075
macro     precision: 0.0526 | recall: 0.0526 | f1-score: 0.0526 | support: 101 | mAP: 0.0702

Round 54/70
----------
Epoch 1/1
----------
Epoch 1/1
----------
Epoch 1/1
----------
Epoch 1/1
----------
Epoch 1/1
----------
micro     precision: 0.0000 | recall: 0.0000 | f1-score: 0.0000 | support: 101 | mAP: 0.1900
macro     precision: 0.0000 | recall: 0.0000 | f1-score: 0.0000 | support: 101 | mAP: 0.0541

Round 55/70
----------
Epoch 1/1
----------
Epoch 1/1
----------
Epoch 1/1
----------
Epoch 1/1
----------
Epoch 1/1
----------
micro     precision: 0.0000 | recall: 0.0000 | f1-score: 0.0000 | support: 101 | mAP: 0.9913
macro     precision: 0.0000 | recall: 0.0000 | f1-score: 0.0000 | support: 101 | mAP: 0.0702

Round 56/70
----------
Epoch 1/1
----------
Epoch 1/1
----------
Epoch 1/1
----------
Epoch 1/1
----------
Epoch 1/1
----------
micro     precision: 0.0000 | recall: 0.0000 | f1-score: 0.0000 | support: 101 | mAP: 0.1371
macro     precision: 0.0000 | recall: 0.0000 | f1-score: 0.0000 | support: 101 | mAP: 0.0702

Round 57/70
----------
Epoch 1/1
----------
Epoch 1/1
----------
Epoch 1/1
----------
Epoch 1/1
----------
Epoch 1/1
----------
micro     precision: 0.0000 | recall: 0.0000 | f1-score: 0.0000 | support: 101 | mAP: 0.2836
macro     precision: 0.0000 | recall: 0.0000 | f1-score: 0.0000 | support: 101 | mAP: 0.0539

Round 58/70
----------
Epoch 1/1
----------
Epoch 1/1
----------
Epoch 1/1
----------
Epoch 1/1
----------
Epoch 1/1
----------
micro     precision: 0.0000 | recall: 0.0000 | f1-score: 0.0000 | support: 101 | mAP: 0.1894
macro     precision: 0.0000 | recall: 0.0000 | f1-score: 0.0000 | support: 101 | mAP: 0.0564

Round 59/70
----------
Epoch 1/1
----------
Epoch 1/1
----------
Epoch 1/1
----------
Epoch 1/1
----------
Epoch 1/1
----------
micro     precision: 0.2500 | recall: 0.9901 | f1-score: 0.3992 | support: 101 | mAP: 0.3073
macro     precision: 0.0526 | recall: 0.0526 | f1-score: 0.0526 | support: 101 | mAP: 0.0614

Round 60/70
----------
Epoch 1/1
----------
Epoch 1/1
----------
Epoch 1/1
----------
Epoch 1/1
----------
Epoch 1/1
----------
micro     precision: 0.5000 | recall: 0.9901 | f1-score: 0.6645 | support: 101 | mAP: 0.3075
macro     precision: 0.0526 | recall: 0.0526 | f1-score: 0.0526 | support: 101 | mAP: 0.0702

Round 61/70
----------
Epoch 1/1
----------
Epoch 1/1
----------
Epoch 1/1
----------
Epoch 1/1
----------
Epoch 1/1
----------
micro     precision: 0.0000 | recall: 0.0000 | f1-score: 0.0000 | support: 101 | mAP: 0.1526
macro     precision: 0.0000 | recall: 0.0000 | f1-score: 0.0000 | support: 101 | mAP: 0.0546

Round 62/70
----------
Epoch 1/1
----------
Epoch 1/1
----------
Epoch 1/1
----------
Epoch 1/1
----------
Epoch 1/1
----------
micro     precision: 0.3333 | recall: 0.9901 | f1-score: 0.4988 | support: 101 | mAP: 0.9486
macro     precision: 0.0526 | recall: 0.0526 | f1-score: 0.0526 | support: 101 | mAP: 0.0532

Round 63/70
----------
Epoch 1/1
----------
Epoch 1/1
----------
Epoch 1/1
----------
Epoch 1/1
----------
Epoch 1/1
----------
micro     precision: 0.3268 | recall: 0.9901 | f1-score: 0.4914 | support: 101 | mAP: 0.1875
macro     precision: 0.0526 | recall: 0.0526 | f1-score: 0.0526 | support: 101 | mAP: 0.0658

Round 64/70
----------
Epoch 1/1
----------
Epoch 1/1
----------
Epoch 1/1
----------
Epoch 1/1
----------
Epoch 1/1
----------
micro     precision: 0.0000 | recall: 0.0000 | f1-score: 0.0000 | support: 101 | mAP: 0.1904
macro     precision: 0.0000 | recall: 0.0000 | f1-score: 0.0000 | support: 101 | mAP: 0.0702

Round 65/70
----------
Epoch 1/1
----------
Epoch 1/1
----------
Epoch 1/1
----------
Epoch 1/1
----------
Epoch 1/1
----------
micro     precision: 0.5000 | recall: 0.9901 | f1-score: 0.6645 | support: 101 | mAP: 0.3076
macro     precision: 0.0526 | recall: 0.0526 | f1-score: 0.0526 | support: 101 | mAP: 0.0702

Round 66/70
----------
Epoch 1/1
----------
Epoch 1/1
----------
Epoch 1/1
----------
Epoch 1/1
----------
Epoch 1/1
----------
micro     precision: 1.0000 | recall: 0.9901 | f1-score: 0.9950 | support: 101 | mAP: 0.9913
macro     precision: 0.0526 | recall: 0.0526 | f1-score: 0.0526 | support: 101 | mAP: 0.0702

Round 67/70
----------
Epoch 1/1
----------
Epoch 1/1
----------
Epoch 1/1
----------
Epoch 1/1
----------
Epoch 1/1
----------
micro     precision: 0.0190 | recall: 0.0198 | f1-score: 0.0194 | support: 101 | mAP: 0.1671
macro     precision: 0.0526 | recall: 0.0011 | f1-score: 0.0021 | support: 101 | mAP: 0.0702

Round 68/70
----------
Epoch 1/1
----------
Epoch 1/1
----------
Epoch 1/1
----------
Epoch 1/1
----------
Epoch 1/1
----------
micro     precision: 0.9434 | recall: 0.9901 | f1-score: 0.9662 | support: 101 | mAP: 0.9913
macro     precision: 0.0526 | recall: 0.0526 | f1-score: 0.0526 | support: 101 | mAP: 0.0702

Round 69/70
----------
Epoch 1/1
----------
Epoch 1/1
----------
Epoch 1/1
----------
Epoch 1/1
----------
Epoch 1/1
----------
micro     precision: 0.0000 | recall: 0.0000 | f1-score: 0.0000 | support: 101 | mAP: 0.3532
macro     precision: 0.0000 | recall: 0.0000 | f1-score: 0.0000 | support: 101 | mAP: 0.0702

Round 70/70
----------
Epoch 1/1
----------
Epoch 1/1
----------
Epoch 1/1
----------
Epoch 1/1
----------
Epoch 1/1
----------
micro     precision: 0.0000 | recall: 0.0000 | f1-score: 0.0000 | support: 101 | mAP: 0.1900
macro     precision: 0.0000 | recall: 0.0000 | f1-score: 0.0000 | support: 101 | mAP: 0.0702

[{'0': {'precision': [], 'recall': [], 'f1-score': [], 'support': []}, '1': {'precision': [], 'recall': [], 'f1-score': [], 'support': []}, '2': {'precision': [], 'recall': [], 'f1-score': [], 'support': []}, '3': {'precision': [], 'recall': [], 'f1-score': [], 'support': []}, '4': {'precision': [], 'recall': [], 'f1-score': [], 'support': []}, '5': {'precision': [], 'recall': [], 'f1-score': [], 'support': []}, '6': {'precision': [], 'recall': [], 'f1-score': [], 'support': []}, '7': {'precision': [], 'recall': [], 'f1-score': [], 'support': []}, '8': {'precision': [], 'recall': [], 'f1-score': [], 'support': []}, '9': {'precision': [], 'recall': [], 'f1-score': [], 'support': []}, '10': {'precision': [], 'recall': [], 'f1-score': [], 'support': []}, '11': {'precision': [], 'recall': [], 'f1-score': [], 'support': []}, '12': {'precision': [], 'recall': [], 'f1-score': [], 'support': []}, '13': {'precision': [], 'recall': [], 'f1-score': [], 'support': []}, '14': {'precision': [], 'recall': [], 'f1-score': [], 'support': []}, '15': {'precision': [], 'recall': [], 'f1-score': [], 'support': []}, '16': {'precision': [], 'recall': [], 'f1-score': [], 'support': []}, '17': {'precision': [], 'recall': [], 'f1-score': [], 'support': []}, '18': {'precision': [], 'recall': [], 'f1-score': [], 'support': []}, 'micro avg': {'precision': [], 'recall': [], 'f1-score': [], 'support': []}, 'macro avg': {'precision': [], 'recall': [], 'f1-score': [], 'support': []}, 'weighted avg': {'precision': [], 'recall': [], 'f1-score': [], 'support': []}, 'ap_mic': [], 'ap_mac': []}, {'0': {'precision': [], 'recall': [], 'f1-score': [], 'support': []}, '1': {'precision': [], 'recall': [], 'f1-score': [], 'support': []}, '2': {'precision': [], 'recall': [], 'f1-score': [], 'support': []}, '3': {'precision': [], 'recall': [], 'f1-score': [], 'support': []}, '4': {'precision': [], 'recall': [], 'f1-score': [], 'support': []}, '5': {'precision': [], 'recall': [], 'f1-score': [], 'support': []}, '6': {'precision': [], 'recall': [], 'f1-score': [], 'support': []}, '7': {'precision': [], 'recall': [], 'f1-score': [], 'support': []}, '8': {'precision': [], 'recall': [], 'f1-score': [], 'support': []}, '9': {'precision': [], 'recall': [], 'f1-score': [], 'support': []}, '10': {'precision': [], 'recall': [], 'f1-score': [], 'support': []}, '11': {'precision': [], 'recall': [], 'f1-score': [], 'support': []}, '12': {'precision': [], 'recall': [], 'f1-score': [], 'support': []}, '13': {'precision': [], 'recall': [], 'f1-score': [], 'support': []}, '14': {'precision': [], 'recall': [], 'f1-score': [], 'support': []}, '15': {'precision': [], 'recall': [], 'f1-score': [], 'support': []}, '16': {'precision': [], 'recall': [], 'f1-score': [], 'support': []}, '17': {'precision': [], 'recall': [], 'f1-score': [], 'support': []}, '18': {'precision': [], 'recall': [], 'f1-score': [], 'support': []}, 'micro avg': {'precision': [], 'recall': [], 'f1-score': [], 'support': []}, 'macro avg': {'precision': [], 'recall': [], 'f1-score': [], 'support': []}, 'weighted avg': {'precision': [], 'recall': [], 'f1-score': [], 'support': []}, 'ap_mic': [], 'ap_mac': []}, {'0': {'precision': [], 'recall': [], 'f1-score': [], 'support': []}, '1': {'precision': [], 'recall': [], 'f1-score': [], 'support': []}, '2': {'precision': [], 'recall': [], 'f1-score': [], 'support': []}, '3': {'precision': [], 'recall': [], 'f1-score': [], 'support': []}, '4': {'precision': [], 'recall': [], 'f1-score': [], 'support': []}, '5': {'precision': [], 'recall': [], 'f1-score': [], 'support': []}, '6': {'precision': [], 'recall': [], 'f1-score': [], 'support': []}, '7': {'precision': [], 'recall': [], 'f1-score': [], 'support': []}, '8': {'precision': [], 'recall': [], 'f1-score': [], 'support': []}, '9': {'precision': [], 'recall': [], 'f1-score': [], 'support': []}, '10': {'precision': [], 'recall': [], 'f1-score': [], 'support': []}, '11': {'precision': [], 'recall': [], 'f1-score': [], 'support': []}, '12': {'precision': [], 'recall': [], 'f1-score': [], 'support': []}, '13': {'precision': [], 'recall': [], 'f1-score': [], 'support': []}, '14': {'precision': [], 'recall': [], 'f1-score': [], 'support': []}, '15': {'precision': [], 'recall': [], 'f1-score': [], 'support': []}, '16': {'precision': [], 'recall': [], 'f1-score': [], 'support': []}, '17': {'precision': [], 'recall': [], 'f1-score': [], 'support': []}, '18': {'precision': [], 'recall': [], 'f1-score': [], 'support': []}, 'micro avg': {'precision': [], 'recall': [], 'f1-score': [], 'support': []}, 'macro avg': {'precision': [], 'recall': [], 'f1-score': [], 'support': []}, 'weighted avg': {'precision': [], 'recall': [], 'f1-score': [], 'support': []}, 'ap_mic': [], 'ap_mac': []}, {'0': {'precision': [], 'recall': [], 'f1-score': [], 'support': []}, '1': {'precision': [], 'recall': [], 'f1-score': [], 'support': []}, '2': {'precision': [], 'recall': [], 'f1-score': [], 'support': []}, '3': {'precision': [], 'recall': [], 'f1-score': [], 'support': []}, '4': {'precision': [], 'recall': [], 'f1-score': [], 'support': []}, '5': {'precision': [], 'recall': [], 'f1-score': [], 'support': []}, '6': {'precision': [], 'recall': [], 'f1-score': [], 'support': []}, '7': {'precision': [], 'recall': [], 'f1-score': [], 'support': []}, '8': {'precision': [], 'recall': [], 'f1-score': [], 'support': []}, '9': {'precision': [], 'recall': [], 'f1-score': [], 'support': []}, '10': {'precision': [], 'recall': [], 'f1-score': [], 'support': []}, '11': {'precision': [], 'recall': [], 'f1-score': [], 'support': []}, '12': {'precision': [], 'recall': [], 'f1-score': [], 'support': []}, '13': {'precision': [], 'recall': [], 'f1-score': [], 'support': []}, '14': {'precision': [], 'recall': [], 'f1-score': [], 'support': []}, '15': {'precision': [], 'recall': [], 'f1-score': [], 'support': []}, '16': {'precision': [], 'recall': [], 'f1-score': [], 'support': []}, '17': {'precision': [], 'recall': [], 'f1-score': [], 'support': []}, '18': {'precision': [], 'recall': [], 'f1-score': [], 'support': []}, 'micro avg': {'precision': [], 'recall': [], 'f1-score': [], 'support': []}, 'macro avg': {'precision': [], 'recall': [], 'f1-score': [], 'support': []}, 'weighted avg': {'precision': [], 'recall': [], 'f1-score': [], 'support': []}, 'ap_mic': [], 'ap_mac': []}, {'0': {'precision': [], 'recall': [], 'f1-score': [], 'support': []}, '1': {'precision': [], 'recall': [], 'f1-score': [], 'support': []}, '2': {'precision': [], 'recall': [], 'f1-score': [], 'support': []}, '3': {'precision': [], 'recall': [], 'f1-score': [], 'support': []}, '4': {'precision': [], 'recall': [], 'f1-score': [], 'support': []}, '5': {'precision': [], 'recall': [], 'f1-score': [], 'support': []}, '6': {'precision': [], 'recall': [], 'f1-score': [], 'support': []}, '7': {'precision': [], 'recall': [], 'f1-score': [], 'support': []}, '8': {'precision': [], 'recall': [], 'f1-score': [], 'support': []}, '9': {'precision': [], 'recall': [], 'f1-score': [], 'support': []}, '10': {'precision': [], 'recall': [], 'f1-score': [], 'support': []}, '11': {'precision': [], 'recall': [], 'f1-score': [], 'support': []}, '12': {'precision': [], 'recall': [], 'f1-score': [], 'support': []}, '13': {'precision': [], 'recall': [], 'f1-score': [], 'support': []}, '14': {'precision': [], 'recall': [], 'f1-score': [], 'support': []}, '15': {'precision': [], 'recall': [], 'f1-score': [], 'support': []}, '16': {'precision': [], 'recall': [], 'f1-score': [], 'support': []}, '17': {'precision': [], 'recall': [], 'f1-score': [], 'support': []}, '18': {'precision': [], 'recall': [], 'f1-score': [], 'support': []}, 'micro avg': {'precision': [], 'recall': [], 'f1-score': [], 'support': []}, 'macro avg': {'precision': [], 'recall': [], 'f1-score': [], 'support': []}, 'weighted avg': {'precision': [], 'recall': [], 'f1-score': [], 'support': []}, 'ap_mic': [], 'ap_mac': []}]
