Using device: cuda:0
Pre-filtered 12815 patches based on country and season (split ignored)
Loading BEN data for train...
    237871 patches indexed
    6353 filtered patches indexed
    6353 patches indexed considering max_len
Merged metadata with snow/cloud metadata
Loaded 549488 labels
Loaded 549488 keys
Loaded mapping created
Pre-filtered 12815 patches based on country and season (split ignored)
Loading BEN data for test...
    119825 patches indexed
    3226 filtered patches indexed
    3226 patches indexed considering max_len
Merged metadata with snow/cloud metadata
Loaded 549488 labels
Loaded 549488 keys
Loaded mapping created
Pre-filtered 12894 patches based on country and season (split ignored)
Loading BEN data for train...
    237871 patches indexed
    6315 filtered patches indexed
    6315 patches indexed considering max_len
Merged metadata with snow/cloud metadata
Loaded 549488 labels
Loaded 549488 keys
Loaded mapping created
Pre-filtered 12894 patches based on country and season (split ignored)
Loading BEN data for test...
    119825 patches indexed
    3363 filtered patches indexed
    3363 patches indexed considering max_len
Merged metadata with snow/cloud metadata
Loaded 549488 labels
Loaded 549488 keys
Loaded mapping created
Pre-filtered 12806 patches based on country and season (split ignored)
Loading BEN data for train...
    237871 patches indexed
    6271 filtered patches indexed
    6271 patches indexed considering max_len
Merged metadata with snow/cloud metadata
Loaded 549488 labels
Loaded 549488 keys
Loaded mapping created
Pre-filtered 12806 patches based on country and season (split ignored)
Loading BEN data for test...
    119825 patches indexed
    3241 filtered patches indexed
    3241 patches indexed considering max_len
Merged metadata with snow/cloud metadata
Loaded 549488 labels
Loaded 549488 keys
Loaded mapping created
Pre-filtered 12796 patches based on country and season (split ignored)
Loading BEN data for train...
    237871 patches indexed
    6265 filtered patches indexed
    6265 patches indexed considering max_len
Merged metadata with snow/cloud metadata
Loaded 549488 labels
Loaded 549488 keys
Loaded mapping created
Pre-filtered 12796 patches based on country and season (split ignored)
Loading BEN data for test...
    119825 patches indexed
    3266 filtered patches indexed
    3266 patches indexed considering max_len
Merged metadata with snow/cloud metadata
Loaded 549488 labels
Loaded 549488 keys
Loaded mapping created
Pre-filtered 12874 patches based on country and season (split ignored)
Loading BEN data for train...
    237871 patches indexed
    6315 filtered patches indexed
    6315 patches indexed considering max_len
Merged metadata with snow/cloud metadata
Loaded 549488 labels
Loaded 549488 keys
Loaded mapping created
Pre-filtered 12874 patches based on country and season (split ignored)
Loading BEN data for test...
    119825 patches indexed
    3214 filtered patches indexed
    3214 patches indexed considering max_len
Merged metadata with snow/cloud metadata
Loaded 549488 labels
Loaded 549488 keys
Loaded mapping created
Pre-filtered 12685 patches based on country and season (split ignored)
Loading BEN data for train...
    237871 patches indexed
    6236 filtered patches indexed
    6236 patches indexed considering max_len
Merged metadata with snow/cloud metadata
Loaded 549488 labels
Loaded 549488 keys
Loaded mapping created
Pre-filtered 12685 patches based on country and season (split ignored)
Loading BEN data for test...
    119825 patches indexed
    3279 filtered patches indexed
    3279 patches indexed considering max_len
Merged metadata with snow/cloud metadata
Loaded 549488 labels
Loaded 549488 keys
Loaded mapping created
Pre-filtered 12572 patches based on country and season (split ignored)
Loading BEN data for train...
    237871 patches indexed
    6152 filtered patches indexed
    6152 patches indexed considering max_len
Merged metadata with snow/cloud metadata
Loaded 549488 labels
Loaded 549488 keys
Loaded mapping created
Pre-filtered 12572 patches based on country and season (split ignored)
Loading BEN data for test...
    119825 patches indexed
    3160 filtered patches indexed
    3160 patches indexed considering max_len
Merged metadata with snow/cloud metadata
Loaded 549488 labels
Loaded 549488 keys
Loaded mapping created
Pre-filtered 12955 patches based on country and season (split ignored)
Loading BEN data for train...
    237871 patches indexed
    6427 filtered patches indexed
    6427 patches indexed considering max_len
Merged metadata with snow/cloud metadata
Loaded 549488 labels
Loaded 549488 keys
Loaded mapping created
Pre-filtered 12955 patches based on country and season (split ignored)
Loading BEN data for test...
    119825 patches indexed
    3284 filtered patches indexed
    3284 patches indexed considering max_len
Merged metadata with snow/cloud metadata
Loaded 549488 labels
Loaded 549488 keys
Loaded mapping created

init GLOBALClient VALIDATION dataset and dataloader
Pre-filtered 59999 patches based on country and season (split ignored)
Loading BEN data for test...
    119825 patches indexed
    15720 filtered patches indexed
    15720 patches indexed considering max_len
Merged metadata with snow/cloud metadata
Loaded 549488 labels
Loaded 549488 keys
Loaded mapping created
Pre-filtered 59999 patches based on country and season (split ignored)
Loading BEN data for train...
    237871 patches indexed
    29135 filtered patches indexed
    29135 patches indexed considering max_len
Merged metadata with snow/cloud metadata
Loaded 549488 labels
Loaded 549488 keys
Loaded mapping created
Loading BEN data for train...
    237871 patches indexed
    237871 filtered patches indexed
    237871 patches indexed considering max_len
Merged metadata with snow/cloud metadata
Loaded 549488 labels
Loaded 549488 keys
Loaded mapping created
==================================================
ROUND 1/40
==================================================
Epoch 1/1
----------
Epoch 1/1
----------
Epoch 1/1
----------
Epoch 1/1
----------
Epoch 1/1
----------
Epoch 1/1
----------
Epoch 1/1
----------
Epoch 1/1
----------
micro     precision: 0.5308 | recall: 0.3716 | f1-score: 0.4372 | support: 40183 | mAP: 0.5256
macro     precision: 0.1888 | recall: 0.1594 | f1-score: 0.1372 | support: 40183 | mAP: 0.3337

==================================================
ROUND 2/40
==================================================
Epoch 1/1
----------
Epoch 1/1
----------
Epoch 1/1
----------
Epoch 1/1
----------
Epoch 1/1
----------
Epoch 1/1
----------
Epoch 1/1
----------
Epoch 1/1
----------
micro     precision: 0.7880 | recall: 0.5638 | f1-score: 0.6573 | support: 40183 | mAP: 0.7413
macro     precision: 0.4518 | recall: 0.2789 | f1-score: 0.3012 | support: 40183 | mAP: 0.4252

==================================================
ROUND 3/40
==================================================
Epoch 1/1
----------
Epoch 1/1
----------
Epoch 1/1
----------
Epoch 1/1
----------
Epoch 1/1
----------
Epoch 1/1
----------
Epoch 1/1
----------
Epoch 1/1
----------
micro     precision: 0.7714 | recall: 0.6023 | f1-score: 0.6765 | support: 40183 | mAP: 0.7396
macro     precision: 0.4356 | recall: 0.2945 | f1-score: 0.3150 | support: 40183 | mAP: 0.4357

==================================================
ROUND 4/40
==================================================
Finale Anzahl der Pruning-Patches: 17
Anzahl eindeutiger Klassen: 18
Klassenverteilung in den Pruning-Patches (Häufigkeiten): {'Marine waters': 9, 'Transitional woodland, shrub': 7, 'Mixed forest': 7, 'Coniferous forest': 6, 'Land principally occupied by agriculture, with significant areas of natural vegetation': 2, 'Inland waters': 1, 'Broad-leaved forest': 2, 'Arable land': 4, 'Urban fabric': 1, 'Industrial or commercial units': 1, 'Coastal wetlands': 2, 'Inland wetlands': 2, 'Pastures': 4, 'Complex cultivation patterns': 1, 'Moors, heathland and sclerophyllous vegetation': 1, 'Natural grassland and sparsely vegetated areas': 1, 'Beaches, dunes, sands': 1, 'Permanent crops': 1}
[INFO] Erstelle Prune Loader...
[INFO] 2 Patches nach Filterung übrig.
[SUCCESS] Prune Loader erfolgreich erstellt.
Used Composite Rules:
low_level_hidden_layer_rule: Epsilon
mid_level_hidden_layer_rule: Gamma
high_level_hidden_layer_rule: Gamma
fully_connected_layers_rule: Epsilon
softmax_rule: Epsilon
Starting relevance computation and pruning mask generation.
Type of components_relevances: <class 'collections.OrderedDict'>
Layer: conv1
Total layer relevance: 8.798549285444768e+23
--------------------------------------------------
Layer: encoder.4.0.conv1
Total layer relevance: 5.36676889943955e+23
--------------------------------------------------
Layer: encoder.4.0.conv2
Total layer relevance: 3.4065919334333196e+23
--------------------------------------------------
Layer: encoder.4.0.conv3
Total layer relevance: 6.770418045093099e+22
--------------------------------------------------
Layer: encoder.4.0.downsample.0
Total layer relevance: 6.762913697034012e+22
--------------------------------------------------
Layer: encoder.4.1.conv1
Total layer relevance: 1.744767679137275e+21
--------------------------------------------------
Layer: encoder.4.1.conv2
Total layer relevance: 1.337433136915286e+21
--------------------------------------------------
Layer: encoder.4.1.conv3
Total layer relevance: 7.7737927952935e+20
--------------------------------------------------
Layer: encoder.4.2.conv1
Total layer relevance: 1.5827429419807618e+20
--------------------------------------------------
Layer: encoder.4.2.conv2
Total layer relevance: 1.0667285890822308e+20
--------------------------------------------------
Layer: encoder.4.2.conv3
Total layer relevance: 1.1994173224687501e+19
--------------------------------------------------
Layer: encoder.5.0.conv1
Total layer relevance: 7.213183856059351e+17
--------------------------------------------------
Layer: encoder.5.0.conv2
Total layer relevance: 5.288605574747914e+17
--------------------------------------------------
Layer: encoder.5.0.conv3
Total layer relevance: 6.742020617928704e+16
--------------------------------------------------
Layer: encoder.5.0.downsample.0
Total layer relevance: 6.766181526955622e+16
--------------------------------------------------
Layer: encoder.5.1.conv1
Total layer relevance: 2492140277989376.0
--------------------------------------------------
Layer: encoder.5.1.conv2
Total layer relevance: 1967654709493760.0
--------------------------------------------------
Layer: encoder.5.1.conv3
Total layer relevance: 232340013973504.0
--------------------------------------------------
Layer: encoder.5.2.conv1
Total layer relevance: 12355509420032.0
--------------------------------------------------
Layer: encoder.5.2.conv2
Total layer relevance: 10263692574720.0
--------------------------------------------------
Layer: encoder.5.2.conv3
Total layer relevance: 2149469650944.0
--------------------------------------------------
Layer: encoder.5.3.conv1
Total layer relevance: 252241641472.0
--------------------------------------------------
Layer: encoder.5.3.conv2
Total layer relevance: 177884512256.0
--------------------------------------------------
Layer: encoder.5.3.conv3
Total layer relevance: 18511732736.0
--------------------------------------------------
Layer: encoder.6.0.conv1
Total layer relevance: 2168679168.0
--------------------------------------------------
Layer: encoder.6.0.conv2
Total layer relevance: 2211214336.0
--------------------------------------------------
Layer: encoder.6.0.conv3
Total layer relevance: 362412928.0
--------------------------------------------------
Layer: encoder.6.0.downsample.0
Total layer relevance: 366137152.0
--------------------------------------------------
Layer: encoder.6.1.conv1
Total layer relevance: 29862100.0
--------------------------------------------------
Layer: encoder.6.1.conv2
Total layer relevance: 37065552.0
--------------------------------------------------
Layer: encoder.6.1.conv3
Total layer relevance: 9061528.0
--------------------------------------------------
Layer: encoder.6.2.conv1
Total layer relevance: 3040481.25
--------------------------------------------------
Layer: encoder.6.2.conv2
Total layer relevance: 4776506.0
--------------------------------------------------
Layer: encoder.6.2.conv3
Total layer relevance: 713061.5625
--------------------------------------------------
Layer: encoder.6.3.conv1
Total layer relevance: 105013.671875
--------------------------------------------------
Layer: encoder.6.3.conv2
Total layer relevance: 213826.171875
--------------------------------------------------
Layer: encoder.6.3.conv3
Total layer relevance: 52394.49609375
--------------------------------------------------
Layer: encoder.6.4.conv1
Total layer relevance: 12310.1328125
--------------------------------------------------
Layer: encoder.6.4.conv2
Total layer relevance: 25333.30078125
--------------------------------------------------
Layer: encoder.6.4.conv3
Total layer relevance: 10763.2119140625
--------------------------------------------------
Layer: encoder.6.5.conv1
Total layer relevance: 5342.39453125
--------------------------------------------------
Layer: encoder.6.5.conv2
Total layer relevance: 12906.802734375
--------------------------------------------------
Layer: encoder.6.5.conv3
Total layer relevance: 3099.0107421875
--------------------------------------------------
Layer: encoder.7.0.conv1
Total layer relevance: 926.4681396484375
--------------------------------------------------
Layer: encoder.7.0.conv2
Total layer relevance: 4854.947265625
--------------------------------------------------
Layer: encoder.7.0.conv3
Total layer relevance: 2255.02490234375
--------------------------------------------------
Layer: encoder.7.0.downsample.0
Total layer relevance: 2501.962158203125
--------------------------------------------------
Layer: encoder.7.1.conv1
Total layer relevance: 444.5322265625
--------------------------------------------------
Layer: encoder.7.1.conv2
Total layer relevance: 2503.92822265625
--------------------------------------------------
Layer: encoder.7.1.conv3
Total layer relevance: 905.2667846679688
--------------------------------------------------
Layer: encoder.7.2.conv1
Total layer relevance: 365.0032958984375
--------------------------------------------------
Layer: encoder.7.2.conv2
Total layer relevance: 779.37158203125
--------------------------------------------------
Layer: encoder.7.2.conv3
Total layer relevance: 482.8187255859375
--------------------------------------------------
Minimal retained neurons per layer:  0.040000000000000036
--------------------------------------------------
Global Pruning Mask
Pruning-rate: 0.45
Layer: conv1                Num neurons pruned: 0            % neurons pruned: 0.00%
Layer: encoder.4.0.conv1    Num neurons pruned: 0            % neurons pruned: 0.00%
Layer: encoder.4.0.conv2    Num neurons pruned: 0            % neurons pruned: 0.00%
Layer: encoder.4.0.conv3    Num neurons pruned: 0            % neurons pruned: 0.00%
Layer: encoder.4.0.downsample.0 Num neurons pruned: 0            % neurons pruned: 0.00%
Layer: encoder.4.1.conv1    Num neurons pruned: 0            % neurons pruned: 0.00%
Layer: encoder.4.1.conv2    Num neurons pruned: 0            % neurons pruned: 0.00%
Layer: encoder.4.1.conv3    Num neurons pruned: 0            % neurons pruned: 0.00%
Layer: encoder.4.2.conv1    Num neurons pruned: 0            % neurons pruned: 0.00%
Layer: encoder.4.2.conv2    Num neurons pruned: 0            % neurons pruned: 0.00%
Layer: encoder.4.2.conv3    Num neurons pruned: 0            % neurons pruned: 0.00%
Layer: encoder.5.0.conv1    Num neurons pruned: 0            % neurons pruned: 0.00%
Layer: encoder.5.0.conv2    Num neurons pruned: 0            % neurons pruned: 0.00%
Layer: encoder.5.0.conv3    Num neurons pruned: 0            % neurons pruned: 0.00%
Layer: encoder.5.0.downsample.0 Num neurons pruned: 0            % neurons pruned: 0.00%
Layer: encoder.5.1.conv1    Num neurons pruned: 0            % neurons pruned: 0.00%
Layer: encoder.5.1.conv2    Num neurons pruned: 0            % neurons pruned: 0.00%
Layer: encoder.5.1.conv3    Num neurons pruned: 0            % neurons pruned: 0.00%
Layer: encoder.5.2.conv1    Num neurons pruned: 0            % neurons pruned: 0.00%
Layer: encoder.5.2.conv2    Num neurons pruned: 0            % neurons pruned: 0.00%
Layer: encoder.5.2.conv3    Num neurons pruned: 0            % neurons pruned: 0.00%
Layer: encoder.5.3.conv1    Num neurons pruned: 0            % neurons pruned: 0.00%
Layer: encoder.5.3.conv2    Num neurons pruned: 0            % neurons pruned: 0.00%
Layer: encoder.5.3.conv3    Num neurons pruned: 0            % neurons pruned: 0.00%
Layer: encoder.6.0.conv1    Num neurons pruned: 0            % neurons pruned: 0.00%
Layer: encoder.6.0.conv2    Num neurons pruned: 0            % neurons pruned: 0.00%
Layer: encoder.6.0.conv3    Num neurons pruned: 0            % neurons pruned: 0.00%
Layer: encoder.6.0.downsample.0 Num neurons pruned: 0            % neurons pruned: 0.00%
Layer: encoder.6.1.conv1    Num neurons pruned: 0            % neurons pruned: 0.00%
Layer: encoder.6.1.conv2    Num neurons pruned: 0            % neurons pruned: 0.00%
Layer: encoder.6.1.conv3    Num neurons pruned: 0            % neurons pruned: 0.00%
Layer: encoder.6.2.conv1    Num neurons pruned: 0            % neurons pruned: 0.00%
Layer: encoder.6.2.conv2    Num neurons pruned: 0            % neurons pruned: 0.00%
Layer: encoder.6.2.conv3    Num neurons pruned: 771          % neurons pruned: 0.29%
Layer: encoder.6.3.conv1    Num neurons pruned: 0            % neurons pruned: 0.00%
Layer: encoder.6.3.conv2    Num neurons pruned: 0            % neurons pruned: 0.00%
Layer: encoder.6.3.conv3    Num neurons pruned: 45232        % neurons pruned: 17.19%
Layer: encoder.6.4.conv1    Num neurons pruned: 1025         % neurons pruned: 0.39%
Layer: encoder.6.4.conv2    Num neurons pruned: 0            % neurons pruned: 0.00%
Layer: encoder.6.4.conv3    Num neurons pruned: 158055       % neurons pruned: 60.06%
Layer: encoder.6.5.conv1    Num neurons pruned: 5125         % neurons pruned: 1.95%
Layer: encoder.6.5.conv2    Num neurons pruned: 2305         % neurons pruned: 0.39%
Layer: encoder.6.5.conv3    Num neurons pruned: 227702       % neurons pruned: 86.52%
Layer: encoder.7.0.conv1    Num neurons pruned: 471500       % neurons pruned: 89.84%
Layer: encoder.7.0.conv2    Num neurons pruned: 456291       % neurons pruned: 19.34%
Layer: encoder.7.0.conv3    Num neurons pruned: 1008558      % neurons pruned: 96.00%
Layer: encoder.7.0.downsample.0 Num neurons pruned: 2004900      % neurons pruned: 95.51%
Layer: encoder.7.1.conv1    Num neurons pruned: 1006059      % neurons pruned: 95.90%
Layer: encoder.7.1.conv2    Num neurons pruned: 949454       % neurons pruned: 40.23%
Layer: encoder.7.1.conv3    Num neurons pruned: 1008558      % neurons pruned: 96.00%
Layer: encoder.7.2.conv1    Num neurons pruned: 1006059      % neurons pruned: 95.90%
Layer: encoder.7.2.conv2    Num neurons pruned: 2263019      % neurons pruned: 95.90%
Layer: encoder.7.2.conv3    Num neurons pruned: 1008558      % neurons pruned: 96.00%
Overall Percentage of pruned neurons across all layers: 49.45%
Sending pruning mask to clients...
[INFO] Pruner and pruning mask received and stored.
[INFO] Pruner and pruning mask received and stored.
[INFO] Pruner and pruning mask received and stored.
[INFO] Pruner and pruning mask received and stored.
[INFO] Pruner and pruning mask received and stored.
[INFO] Pruner and pruning mask received and stored.
[INFO] Pruner and pruning mask received and stored.
[INFO] Pruner and pruning mask received and stored.
Epoch 1/1
----------
Prune before sending to global...
Epoch 1/1
----------
Prune before sending to global...
Epoch 1/1
----------
Prune before sending to global...
Epoch 1/1
----------
Prune before sending to global...
Epoch 1/1
----------
Prune before sending to global...
Epoch 1/1
----------
Prune before sending to global...
Epoch 1/1
----------
Prune before sending to global...
Epoch 1/1
----------
Prune before sending to global...
micro     precision: 0.9526 | recall: 0.2060 | f1-score: 0.3388 | support: 40183 | mAP: 0.7300
macro     precision: 0.2012 | recall: 0.0862 | f1-score: 0.1152 | support: 40183 | mAP: 0.4145

==================================================
ROUND 5/40
==================================================
Epoch 1/1
----------
Prune before sending to global...
Epoch 1/1
----------
Prune before sending to global...
Epoch 1/1
----------
Prune before sending to global...
Epoch 1/1
----------
Prune before sending to global...
Epoch 1/1
----------
Prune before sending to global...
Epoch 1/1
----------
Prune before sending to global...
Epoch 1/1
----------
Prune before sending to global...
Epoch 1/1
----------
Prune before sending to global...
micro     precision: 0.8950 | recall: 0.4974 | f1-score: 0.6395 | support: 40183 | mAP: 0.8053
macro     precision: 0.5222 | recall: 0.2529 | f1-score: 0.2983 | support: 40183 | mAP: 0.4901

==================================================
ROUND 6/40
==================================================
Epoch 1/1
----------
Prune before sending to global...
Epoch 1/1
----------
Prune before sending to global...
Epoch 1/1
----------
Prune before sending to global...
Epoch 1/1
----------
Prune before sending to global...
Epoch 1/1
----------
Prune before sending to global...
Epoch 1/1
----------
Prune before sending to global...
Epoch 1/1
----------
Prune before sending to global...
Epoch 1/1
----------
Prune before sending to global...
micro     precision: 0.8490 | recall: 0.5989 | f1-score: 0.7024 | support: 40183 | mAP: 0.8125
macro     precision: 0.6169 | recall: 0.3233 | f1-score: 0.3791 | support: 40183 | mAP: 0.5022

==================================================
ROUND 7/40
==================================================
Epoch 1/1
----------
Prune before sending to global...
Epoch 1/1
----------
Prune before sending to global...
Epoch 1/1
----------
Prune before sending to global...
Epoch 1/1
----------
Prune before sending to global...
Epoch 1/1
----------
Prune before sending to global...
Epoch 1/1
----------
Prune before sending to global...
Epoch 1/1
----------
Prune before sending to global...
Epoch 1/1
----------
Prune before sending to global...
micro     precision: 0.8437 | recall: 0.6272 | f1-score: 0.7195 | support: 40183 | mAP: 0.8278
macro     precision: 0.6420 | recall: 0.3454 | f1-score: 0.4028 | support: 40183 | mAP: 0.5152

==================================================
ROUND 8/40
==================================================
Epoch 1/1
----------
Prune before sending to global...
Epoch 1/1
----------
Prune before sending to global...
Epoch 1/1
----------
Prune before sending to global...
Epoch 1/1
----------
Prune before sending to global...
Epoch 1/1
----------
Prune before sending to global...
Epoch 1/1
----------
Prune before sending to global...
Epoch 1/1
----------
Prune before sending to global...
Epoch 1/1
----------
Prune before sending to global...
micro     precision: 0.8428 | recall: 0.6472 | f1-score: 0.7321 | support: 40183 | mAP: 0.8322
macro     precision: 0.6083 | recall: 0.3669 | f1-score: 0.4283 | support: 40183 | mAP: 0.5224

==================================================
ROUND 9/40
==================================================
Epoch 1/1
----------
Prune before sending to global...
Epoch 1/1
----------
Prune before sending to global...
Epoch 1/1
----------
Prune before sending to global...
Epoch 1/1
----------
Prune before sending to global...
Epoch 1/1
----------
Prune before sending to global...
Epoch 1/1
----------
Prune before sending to global...
Epoch 1/1
----------
Prune before sending to global...
Epoch 1/1
----------
Prune before sending to global...
micro     precision: 0.8498 | recall: 0.6513 | f1-score: 0.7374 | support: 40183 | mAP: 0.8381
macro     precision: 0.6203 | recall: 0.3757 | f1-score: 0.4363 | support: 40183 | mAP: 0.5304

==================================================
ROUND 10/40
==================================================
Epoch 1/1
----------
Prune before sending to global...
Epoch 1/1
----------
Prune before sending to global...
Epoch 1/1
----------
Prune before sending to global...
Epoch 1/1
----------
Prune before sending to global...
Epoch 1/1
----------
Prune before sending to global...
Epoch 1/1
----------
Prune before sending to global...
Epoch 1/1
----------
Prune before sending to global...
Epoch 1/1
----------
Prune before sending to global...
micro     precision: 0.8549 | recall: 0.6673 | f1-score: 0.7495 | support: 40183 | mAP: 0.8498
macro     precision: 0.6186 | recall: 0.3911 | f1-score: 0.4531 | support: 40183 | mAP: 0.5401

==================================================
ROUND 11/40
==================================================
Epoch 1/1
----------
Prune before sending to global...
Epoch 1/1
----------
Prune before sending to global...
Epoch 1/1
----------
Prune before sending to global...
Epoch 1/1
----------
Prune before sending to global...
Epoch 1/1
----------
Prune before sending to global...
Epoch 1/1
----------
Prune before sending to global...
Epoch 1/1
----------
Prune before sending to global...
Epoch 1/1
----------
Prune before sending to global...
micro     precision: 0.8413 | recall: 0.6901 | f1-score: 0.7582 | support: 40183 | mAP: 0.8517
macro     precision: 0.6063 | recall: 0.4087 | f1-score: 0.4656 | support: 40183 | mAP: 0.5435

==================================================
ROUND 12/40
==================================================
Epoch 1/1
----------
Prune before sending to global...
Epoch 1/1
----------
Prune before sending to global...
Epoch 1/1
----------
Prune before sending to global...
Epoch 1/1
----------
Prune before sending to global...
Epoch 1/1
----------
Prune before sending to global...
Epoch 1/1
----------
Prune before sending to global...
Epoch 1/1
----------
Prune before sending to global...
Epoch 1/1
----------
Prune before sending to global...
micro     precision: 0.8536 | recall: 0.6741 | f1-score: 0.7533 | support: 40183 | mAP: 0.8527
macro     precision: 0.6307 | recall: 0.3938 | f1-score: 0.4572 | support: 40183 | mAP: 0.5497

==================================================
ROUND 13/40
==================================================
Epoch 1/1
----------
Prune before sending to global...
Epoch 1/1
----------
Prune before sending to global...
Epoch 1/1
----------
Prune before sending to global...
Epoch 1/1
----------
Prune before sending to global...
Epoch 1/1
----------
Prune before sending to global...
Epoch 1/1
----------
Prune before sending to global...
Epoch 1/1
----------
Prune before sending to global...
Epoch 1/1
----------
Prune before sending to global...
micro     precision: 0.8518 | recall: 0.7031 | f1-score: 0.7703 | support: 40183 | mAP: 0.8687
macro     precision: 0.6287 | recall: 0.4297 | f1-score: 0.4863 | support: 40183 | mAP: 0.5604

==================================================
ROUND 14/40
==================================================
Epoch 1/1
----------
Prune before sending to global...
Epoch 1/1
----------
Prune before sending to global...
Epoch 1/1
----------
Prune before sending to global...
Epoch 1/1
----------
Prune before sending to global...
Epoch 1/1
----------
Prune before sending to global...
Epoch 1/1
----------
Prune before sending to global...
Epoch 1/1
----------
Prune before sending to global...
Epoch 1/1
----------
Prune before sending to global...
micro     precision: 0.8503 | recall: 0.7011 | f1-score: 0.7685 | support: 40183 | mAP: 0.8653
macro     precision: 0.6322 | recall: 0.4191 | f1-score: 0.4784 | support: 40183 | mAP: 0.5619

==================================================
ROUND 15/40
==================================================
Epoch 1/1
----------
Prune before sending to global...
Epoch 1/1
----------
Prune before sending to global...
Epoch 1/1
----------
Prune before sending to global...
Epoch 1/1
----------
Prune before sending to global...
Epoch 1/1
----------
Prune before sending to global...
Epoch 1/1
----------
Prune before sending to global...
Epoch 1/1
----------
Prune before sending to global...
Epoch 1/1
----------
Prune before sending to global...
micro     precision: 0.8604 | recall: 0.6925 | f1-score: 0.7674 | support: 40183 | mAP: 0.8704
macro     precision: 0.6390 | recall: 0.4181 | f1-score: 0.4824 | support: 40183 | mAP: 0.5657

==================================================
ROUND 16/40
==================================================
Epoch 1/1
----------
Prune before sending to global...
Epoch 1/1
----------
Prune before sending to global...
Epoch 1/1
----------
Prune before sending to global...
Epoch 1/1
----------
Prune before sending to global...
Epoch 1/1
----------
Prune before sending to global...
Epoch 1/1
----------
Prune before sending to global...
Epoch 1/1
----------
Prune before sending to global...
Epoch 1/1
----------
Prune before sending to global...
micro     precision: 0.8580 | recall: 0.7008 | f1-score: 0.7715 | support: 40183 | mAP: 0.8737
macro     precision: 0.6415 | recall: 0.4294 | f1-score: 0.4889 | support: 40183 | mAP: 0.5701

==================================================
ROUND 17/40
==================================================
Epoch 1/1
----------
Prune before sending to global...
Epoch 1/1
----------
Prune before sending to global...
Epoch 1/1
----------
Prune before sending to global...
Epoch 1/1
----------
Prune before sending to global...
Epoch 1/1
----------
Prune before sending to global...
Epoch 1/1
----------
Prune before sending to global...
Epoch 1/1
----------
Prune before sending to global...
Epoch 1/1
----------
Prune before sending to global...
micro     precision: 0.8613 | recall: 0.7011 | f1-score: 0.7730 | support: 40183 | mAP: 0.8788
macro     precision: 0.6336 | recall: 0.4385 | f1-score: 0.4996 | support: 40183 | mAP: 0.5778

==================================================
ROUND 18/40
==================================================
Epoch 1/1
----------
Prune before sending to global...
Epoch 1/1
----------
Prune before sending to global...
Epoch 1/1
----------
Prune before sending to global...
Epoch 1/1
----------
Prune before sending to global...
Epoch 1/1
----------
Prune before sending to global...
Epoch 1/1
----------
Prune before sending to global...
Epoch 1/1
----------
Prune before sending to global...
Epoch 1/1
----------
Prune before sending to global...
micro     precision: 0.8594 | recall: 0.7296 | f1-score: 0.7892 | support: 40183 | mAP: 0.8869
macro     precision: 0.6410 | recall: 0.4516 | f1-score: 0.5082 | support: 40183 | mAP: 0.5818

==================================================
ROUND 19/40
==================================================
Epoch 1/1
----------
Prune before sending to global...
Epoch 1/1
----------
Prune before sending to global...
Epoch 1/1
----------
Prune before sending to global...
Epoch 1/1
----------
Prune before sending to global...
Epoch 1/1
----------
Prune before sending to global...
Epoch 1/1
----------
Prune before sending to global...
Epoch 1/1
----------
Prune before sending to global...
Epoch 1/1
----------
Prune before sending to global...
micro     precision: 0.8622 | recall: 0.7211 | f1-score: 0.7854 | support: 40183 | mAP: 0.8851
macro     precision: 0.6371 | recall: 0.4453 | f1-score: 0.5059 | support: 40183 | mAP: 0.5819

==================================================
ROUND 20/40
==================================================
Epoch 1/1
----------
Prune before sending to global...
Epoch 1/1
----------
Prune before sending to global...
Epoch 1/1
----------
Prune before sending to global...
Epoch 1/1
----------
Prune before sending to global...
Epoch 1/1
----------
Prune before sending to global...
Epoch 1/1
----------
Prune before sending to global...
Epoch 1/1
----------
Prune before sending to global...
Epoch 1/1
----------
Prune before sending to global...
micro     precision: 0.8645 | recall: 0.7244 | f1-score: 0.7883 | support: 40183 | mAP: 0.8887
macro     precision: 0.6378 | recall: 0.4542 | f1-score: 0.5112 | support: 40183 | mAP: 0.5860

==================================================
ROUND 21/40
==================================================
Epoch 1/1
----------
Prune before sending to global...
Epoch 1/1
----------
Prune before sending to global...
Epoch 1/1
----------
Prune before sending to global...
Epoch 1/1
----------
Prune before sending to global...
Epoch 1/1
----------
Prune before sending to global...
Epoch 1/1
----------
Prune before sending to global...
Epoch 1/1
----------
Prune before sending to global...
Epoch 1/1
----------
Prune before sending to global...
micro     precision: 0.8619 | recall: 0.7251 | f1-score: 0.7876 | support: 40183 | mAP: 0.8875
macro     precision: 0.6307 | recall: 0.4569 | f1-score: 0.5158 | support: 40183 | mAP: 0.5865

==================================================
ROUND 22/40
==================================================
Epoch 1/1
----------
Prune before sending to global...
Epoch 1/1
----------
Prune before sending to global...
Epoch 1/1
----------
Prune before sending to global...
Epoch 1/1
----------
Prune before sending to global...
Epoch 1/1
----------
Prune before sending to global...
Epoch 1/1
----------
Prune before sending to global...
Epoch 1/1
----------
Prune before sending to global...
Epoch 1/1
----------
Prune before sending to global...
micro     precision: 0.8662 | recall: 0.7117 | f1-score: 0.7814 | support: 40183 | mAP: 0.8848
macro     precision: 0.6339 | recall: 0.4560 | f1-score: 0.5168 | support: 40183 | mAP: 0.5860

==================================================
ROUND 23/40
==================================================
Epoch 1/1
----------
Prune before sending to global...
Epoch 1/1
----------
Prune before sending to global...
Epoch 1/1
----------
Prune before sending to global...
Epoch 1/1
----------
Prune before sending to global...
Epoch 1/1
----------
Prune before sending to global...
Epoch 1/1
----------
Prune before sending to global...
Epoch 1/1
----------
Prune before sending to global...
Epoch 1/1
----------
Prune before sending to global...
micro     precision: 0.8714 | recall: 0.7410 | f1-score: 0.8009 | support: 40183 | mAP: 0.8971
macro     precision: 0.6420 | recall: 0.4682 | f1-score: 0.5273 | support: 40183 | mAP: 0.5955

==================================================
ROUND 24/40
==================================================
Epoch 1/1
----------
Prune before sending to global...
Epoch 1/1
----------
Prune before sending to global...
Epoch 1/1
----------
Prune before sending to global...
Epoch 1/1
----------
Prune before sending to global...
Epoch 1/1
----------
Prune before sending to global...
Epoch 1/1
----------
Prune before sending to global...
Epoch 1/1
----------
Prune before sending to global...
Epoch 1/1
----------
Prune before sending to global...
micro     precision: 0.8822 | recall: 0.7229 | f1-score: 0.7946 | support: 40183 | mAP: 0.8967
macro     precision: 0.6560 | recall: 0.4608 | f1-score: 0.5248 | support: 40183 | mAP: 0.5959

==================================================
ROUND 25/40
==================================================
Epoch 1/1
----------
Prune before sending to global...
Epoch 1/1
----------
Prune before sending to global...
Epoch 1/1
----------
Prune before sending to global...
Epoch 1/1
----------
Prune before sending to global...
Epoch 1/1
----------
Prune before sending to global...
Epoch 1/1
----------
Prune before sending to global...
Epoch 1/1
----------
Prune before sending to global...
Epoch 1/1
----------
Prune before sending to global...
micro     precision: 0.8682 | recall: 0.7207 | f1-score: 0.7876 | support: 40183 | mAP: 0.8880
macro     precision: 0.6369 | recall: 0.4630 | f1-score: 0.5241 | support: 40183 | mAP: 0.5859

==================================================
ROUND 26/40
==================================================
Epoch 1/1
----------
Prune before sending to global...
Epoch 1/1
----------
Prune before sending to global...
Epoch 1/1
----------
Prune before sending to global...
Epoch 1/1
----------
Prune before sending to global...
Epoch 1/1
----------
Prune before sending to global...
Epoch 1/1
----------
Prune before sending to global...
Epoch 1/1
----------
Prune before sending to global...
Epoch 1/1
----------
Prune before sending to global...
micro     precision: 0.8760 | recall: 0.7351 | f1-score: 0.7994 | support: 40183 | mAP: 0.8969
macro     precision: 0.6554 | recall: 0.4646 | f1-score: 0.5253 | support: 40183 | mAP: 0.5981

==================================================
ROUND 27/40
==================================================
Epoch 1/1
----------
Prune before sending to global...
Epoch 1/1
----------
Prune before sending to global...
Epoch 1/1
----------
Prune before sending to global...
Epoch 1/1
----------
Prune before sending to global...
Epoch 1/1
----------
Prune before sending to global...
Epoch 1/1
----------
Prune before sending to global...
Epoch 1/1
----------
Prune before sending to global...
Epoch 1/1
----------
Prune before sending to global...
micro     precision: 0.8633 | recall: 0.7487 | f1-score: 0.8019 | support: 40183 | mAP: 0.8988
macro     precision: 0.6436 | recall: 0.4875 | f1-score: 0.5410 | support: 40183 | mAP: 0.6010

==================================================
ROUND 28/40
==================================================
Epoch 1/1
----------
Prune before sending to global...
Epoch 1/1
----------
Prune before sending to global...
Epoch 1/1
----------
Prune before sending to global...
Epoch 1/1
----------
Prune before sending to global...
Epoch 1/1
----------
Prune before sending to global...
Epoch 1/1
----------
Prune before sending to global...
Epoch 1/1
----------
Prune before sending to global...
Epoch 1/1
----------
Prune before sending to global...
micro     precision: 0.8645 | recall: 0.7400 | f1-score: 0.7974 | support: 40183 | mAP: 0.8928
macro     precision: 0.6392 | recall: 0.4846 | f1-score: 0.5380 | support: 40183 | mAP: 0.5962

==================================================
ROUND 29/40
==================================================
Epoch 1/1
----------
Prune before sending to global...
Epoch 1/1
----------
Prune before sending to global...
Epoch 1/1
----------
Prune before sending to global...
Epoch 1/1
----------
Prune before sending to global...
Epoch 1/1
----------
Prune before sending to global...
Epoch 1/1
----------
Prune before sending to global...
Epoch 1/1
----------
Prune before sending to global...
Epoch 1/1
----------
Prune before sending to global...
micro     precision: 0.8616 | recall: 0.7376 | f1-score: 0.7948 | support: 40183 | mAP: 0.8948
macro     precision: 0.6347 | recall: 0.4877 | f1-score: 0.5404 | support: 40183 | mAP: 0.5979

==================================================
ROUND 30/40
==================================================
Epoch 1/1
----------
Prune before sending to global...
Epoch 1/1
----------
Prune before sending to global...
Epoch 1/1
----------
Prune before sending to global...
Epoch 1/1
----------
Prune before sending to global...
Epoch 1/1
----------
Prune before sending to global...
Epoch 1/1
----------
Prune before sending to global...
Epoch 1/1
----------
Prune before sending to global...
Epoch 1/1
----------
Prune before sending to global...
micro     precision: 0.8453 | recall: 0.7242 | f1-score: 0.7801 | support: 40183 | mAP: 0.8427
macro     precision: 0.6320 | recall: 0.4667 | f1-score: 0.5231 | support: 40183 | mAP: 0.5865

==================================================
ROUND 31/40
==================================================
Epoch 1/1
----------
Prune before sending to global...
Epoch 1/1
----------
Prune before sending to global...
Epoch 1/1
----------
Prune before sending to global...
Epoch 1/1
----------
Prune before sending to global...
Epoch 1/1
----------
Prune before sending to global...
Epoch 1/1
----------
Prune before sending to global...
Epoch 1/1
----------
Prune before sending to global...
Epoch 1/1
----------
Prune before sending to global...
micro     precision: 0.8713 | recall: 0.7375 | f1-score: 0.7988 | support: 40183 | mAP: 0.8986
macro     precision: 0.6455 | recall: 0.4826 | f1-score: 0.5417 | support: 40183 | mAP: 0.6038

==================================================
ROUND 32/40
==================================================
Epoch 1/1
----------
Prune before sending to global...
Epoch 1/1
----------
Prune before sending to global...
Epoch 1/1
----------
Prune before sending to global...
Epoch 1/1
----------
Prune before sending to global...
Epoch 1/1
----------
Prune before sending to global...
Epoch 1/1
----------
Prune before sending to global...
Epoch 1/1
----------
Prune before sending to global...
Epoch 1/1
----------
Prune before sending to global...
micro     precision: 0.8629 | recall: 0.7449 | f1-score: 0.7995 | support: 40183 | mAP: 0.8979
macro     precision: 0.6406 | recall: 0.4846 | f1-score: 0.5402 | support: 40183 | mAP: 0.6033

==================================================
ROUND 33/40
==================================================
Epoch 1/1
----------
Prune before sending to global...
Epoch 1/1
----------
Prune before sending to global...
Epoch 1/1
----------
Prune before sending to global...
Epoch 1/1
----------
Prune before sending to global...
Epoch 1/1
----------
Prune before sending to global...
Epoch 1/1
----------
Prune before sending to global...
Epoch 1/1
----------
Prune before sending to global...
Epoch 1/1
----------
Prune before sending to global...
micro     precision: 0.8653 | recall: 0.7524 | f1-score: 0.8049 | support: 40183 | mAP: 0.9010
macro     precision: 0.6435 | recall: 0.4898 | f1-score: 0.5453 | support: 40183 | mAP: 0.6064

==================================================
ROUND 34/40
==================================================
Epoch 1/1
----------
Prune before sending to global...
Epoch 1/1
----------
Prune before sending to global...
Epoch 1/1
----------
Prune before sending to global...
Epoch 1/1
----------
Prune before sending to global...
Epoch 1/1
----------
Prune before sending to global...
Epoch 1/1
----------
Prune before sending to global...
Epoch 1/1
----------
Prune before sending to global...
Epoch 1/1
----------
Prune before sending to global...
micro     precision: 0.8694 | recall: 0.7526 | f1-score: 0.8068 | support: 40183 | mAP: 0.9037
macro     precision: 0.6445 | recall: 0.4912 | f1-score: 0.5450 | support: 40183 | mAP: 0.6074

==================================================
ROUND 35/40
==================================================
Epoch 1/1
----------
Prune before sending to global...
Epoch 1/1
----------
Prune before sending to global...
Epoch 1/1
----------
Prune before sending to global...
Epoch 1/1
----------
Prune before sending to global...
Epoch 1/1
----------
Prune before sending to global...
Epoch 1/1
----------
Prune before sending to global...
Epoch 1/1
----------
Prune before sending to global...
Epoch 1/1
----------
Prune before sending to global...
micro     precision: 0.8763 | recall: 0.7394 | f1-score: 0.8020 | support: 40183 | mAP: 0.9013
macro     precision: 0.6459 | recall: 0.4807 | f1-score: 0.5409 | support: 40183 | mAP: 0.6093

==================================================
ROUND 36/40
==================================================
Epoch 1/1
----------
Prune before sending to global...
Epoch 1/1
----------
Prune before sending to global...
Epoch 1/1
----------
Prune before sending to global...
Epoch 1/1
----------
Prune before sending to global...
Epoch 1/1
----------
Prune before sending to global...
Epoch 1/1
----------
Prune before sending to global...
Epoch 1/1
----------
Prune before sending to global...
Epoch 1/1
----------
Prune before sending to global...
micro     precision: 0.8743 | recall: 0.7553 | f1-score: 0.8105 | support: 40183 | mAP: 0.9061
macro     precision: 0.6496 | recall: 0.4912 | f1-score: 0.5471 | support: 40183 | mAP: 0.6131

==================================================
ROUND 37/40
==================================================
Epoch 1/1
----------
Prune before sending to global...
Epoch 1/1
----------
Prune before sending to global...
Epoch 1/1
----------
Prune before sending to global...
Epoch 1/1
----------
Prune before sending to global...
Epoch 1/1
----------
Prune before sending to global...
Epoch 1/1
----------
Prune before sending to global...
Epoch 1/1
----------
Prune before sending to global...
Epoch 1/1
----------
Prune before sending to global...
micro     precision: 0.8674 | recall: 0.7570 | f1-score: 0.8085 | support: 40183 | mAP: 0.9020
macro     precision: 0.6492 | recall: 0.4958 | f1-score: 0.5502 | support: 40183 | mAP: 0.6103

==================================================
ROUND 38/40
==================================================
Epoch 1/1
----------
Prune before sending to global...
Epoch 1/1
----------
Prune before sending to global...
Epoch 1/1
----------
Prune before sending to global...
Epoch 1/1
----------
Prune before sending to global...
Epoch 1/1
----------
Prune before sending to global...
Epoch 1/1
----------
Prune before sending to global...
Epoch 1/1
----------
Prune before sending to global...
Epoch 1/1
----------
Prune before sending to global...
micro     precision: 0.8775 | recall: 0.7483 | f1-score: 0.8078 | support: 40183 | mAP: 0.9055
macro     precision: 0.6600 | recall: 0.4962 | f1-score: 0.5527 | support: 40183 | mAP: 0.6130

==================================================
ROUND 39/40
==================================================
Epoch 1/1
----------
Prune before sending to global...
Epoch 1/1
----------
Prune before sending to global...
Epoch 1/1
----------
Prune before sending to global...
Epoch 1/1
----------
Prune before sending to global...
Epoch 1/1
----------
Prune before sending to global...
Epoch 1/1
----------
Prune before sending to global...
Epoch 1/1
----------
Prune before sending to global...
Epoch 1/1
----------
Prune before sending to global...
micro     precision: 0.8717 | recall: 0.7587 | f1-score: 0.8113 | support: 40183 | mAP: 0.9063
macro     precision: 0.6433 | recall: 0.4979 | f1-score: 0.5505 | support: 40183 | mAP: 0.6127

==================================================
ROUND 40/40
==================================================
Epoch 1/1
----------
Prune before sending to global...
Epoch 1/1
----------
Prune before sending to global...
Epoch 1/1
----------
Prune before sending to global...
Epoch 1/1
----------
Prune before sending to global...
Epoch 1/1
----------
Prune before sending to global...
Epoch 1/1
----------
Prune before sending to global...
Epoch 1/1
----------
Prune before sending to global...
Epoch 1/1
----------
Prune before sending to global...
micro     precision: 0.8615 | recall: 0.7447 | f1-score: 0.7989 | support: 40183 | mAP: 0.8951
macro     precision: 0.6435 | recall: 0.4899 | f1-score: 0.5432 | support: 40183 | mAP: 0.6084

[{'0': {'precision': [], 'recall': [], 'f1-score': [], 'support': []}, '1': {'precision': [], 'recall': [], 'f1-score': [], 'support': []}, '2': {'precision': [], 'recall': [], 'f1-score': [], 'support': []}, '3': {'precision': [], 'recall': [], 'f1-score': [], 'support': []}, '4': {'precision': [], 'recall': [], 'f1-score': [], 'support': []}, '5': {'precision': [], 'recall': [], 'f1-score': [], 'support': []}, '6': {'precision': [], 'recall': [], 'f1-score': [], 'support': []}, '7': {'precision': [], 'recall': [], 'f1-score': [], 'support': []}, '8': {'precision': [], 'recall': [], 'f1-score': [], 'support': []}, '9': {'precision': [], 'recall': [], 'f1-score': [], 'support': []}, '10': {'precision': [], 'recall': [], 'f1-score': [], 'support': []}, '11': {'precision': [], 'recall': [], 'f1-score': [], 'support': []}, '12': {'precision': [], 'recall': [], 'f1-score': [], 'support': []}, '13': {'precision': [], 'recall': [], 'f1-score': [], 'support': []}, '14': {'precision': [], 'recall': [], 'f1-score': [], 'support': []}, '15': {'precision': [], 'recall': [], 'f1-score': [], 'support': []}, '16': {'precision': [], 'recall': [], 'f1-score': [], 'support': []}, '17': {'precision': [], 'recall': [], 'f1-score': [], 'support': []}, '18': {'precision': [], 'recall': [], 'f1-score': [], 'support': []}, 'micro avg': {'precision': [], 'recall': [], 'f1-score': [], 'support': []}, 'macro avg': {'precision': [], 'recall': [], 'f1-score': [], 'support': []}, 'weighted avg': {'precision': [], 'recall': [], 'f1-score': [], 'support': []}, 'ap_mic': [], 'ap_mac': []}, {'0': {'precision': [], 'recall': [], 'f1-score': [], 'support': []}, '1': {'precision': [], 'recall': [], 'f1-score': [], 'support': []}, '2': {'precision': [], 'recall': [], 'f1-score': [], 'support': []}, '3': {'precision': [], 'recall': [], 'f1-score': [], 'support': []}, '4': {'precision': [], 'recall': [], 'f1-score': [], 'support': []}, '5': {'precision': [], 'recall': [], 'f1-score': [], 'support': []}, '6': {'precision': [], 'recall': [], 'f1-score': [], 'support': []}, '7': {'precision': [], 'recall': [], 'f1-score': [], 'support': []}, '8': {'precision': [], 'recall': [], 'f1-score': [], 'support': []}, '9': {'precision': [], 'recall': [], 'f1-score': [], 'support': []}, '10': {'precision': [], 'recall': [], 'f1-score': [], 'support': []}, '11': {'precision': [], 'recall': [], 'f1-score': [], 'support': []}, '12': {'precision': [], 'recall': [], 'f1-score': [], 'support': []}, '13': {'precision': [], 'recall': [], 'f1-score': [], 'support': []}, '14': {'precision': [], 'recall': [], 'f1-score': [], 'support': []}, '15': {'precision': [], 'recall': [], 'f1-score': [], 'support': []}, '16': {'precision': [], 'recall': [], 'f1-score': [], 'support': []}, '17': {'precision': [], 'recall': [], 'f1-score': [], 'support': []}, '18': {'precision': [], 'recall': [], 'f1-score': [], 'support': []}, 'micro avg': {'precision': [], 'recall': [], 'f1-score': [], 'support': []}, 'macro avg': {'precision': [], 'recall': [], 'f1-score': [], 'support': []}, 'weighted avg': {'precision': [], 'recall': [], 'f1-score': [], 'support': []}, 'ap_mic': [], 'ap_mac': []}, {'0': {'precision': [], 'recall': [], 'f1-score': [], 'support': []}, '1': {'precision': [], 'recall': [], 'f1-score': [], 'support': []}, '2': {'precision': [], 'recall': [], 'f1-score': [], 'support': []}, '3': {'precision': [], 'recall': [], 'f1-score': [], 'support': []}, '4': {'precision': [], 'recall': [], 'f1-score': [], 'support': []}, '5': {'precision': [], 'recall': [], 'f1-score': [], 'support': []}, '6': {'precision': [], 'recall': [], 'f1-score': [], 'support': []}, '7': {'precision': [], 'recall': [], 'f1-score': [], 'support': []}, '8': {'precision': [], 'recall': [], 'f1-score': [], 'support': []}, '9': {'precision': [], 'recall': [], 'f1-score': [], 'support': []}, '10': {'precision': [], 'recall': [], 'f1-score': [], 'support': []}, '11': {'precision': [], 'recall': [], 'f1-score': [], 'support': []}, '12': {'precision': [], 'recall': [], 'f1-score': [], 'support': []}, '13': {'precision': [], 'recall': [], 'f1-score': [], 'support': []}, '14': {'precision': [], 'recall': [], 'f1-score': [], 'support': []}, '15': {'precision': [], 'recall': [], 'f1-score': [], 'support': []}, '16': {'precision': [], 'recall': [], 'f1-score': [], 'support': []}, '17': {'precision': [], 'recall': [], 'f1-score': [], 'support': []}, '18': {'precision': [], 'recall': [], 'f1-score': [], 'support': []}, 'micro avg': {'precision': [], 'recall': [], 'f1-score': [], 'support': []}, 'macro avg': {'precision': [], 'recall': [], 'f1-score': [], 'support': []}, 'weighted avg': {'precision': [], 'recall': [], 'f1-score': [], 'support': []}, 'ap_mic': [], 'ap_mac': []}, {'0': {'precision': [], 'recall': [], 'f1-score': [], 'support': []}, '1': {'precision': [], 'recall': [], 'f1-score': [], 'support': []}, '2': {'precision': [], 'recall': [], 'f1-score': [], 'support': []}, '3': {'precision': [], 'recall': [], 'f1-score': [], 'support': []}, '4': {'precision': [], 'recall': [], 'f1-score': [], 'support': []}, '5': {'precision': [], 'recall': [], 'f1-score': [], 'support': []}, '6': {'precision': [], 'recall': [], 'f1-score': [], 'support': []}, '7': {'precision': [], 'recall': [], 'f1-score': [], 'support': []}, '8': {'precision': [], 'recall': [], 'f1-score': [], 'support': []}, '9': {'precision': [], 'recall': [], 'f1-score': [], 'support': []}, '10': {'precision': [], 'recall': [], 'f1-score': [], 'support': []}, '11': {'precision': [], 'recall': [], 'f1-score': [], 'support': []}, '12': {'precision': [], 'recall': [], 'f1-score': [], 'support': []}, '13': {'precision': [], 'recall': [], 'f1-score': [], 'support': []}, '14': {'precision': [], 'recall': [], 'f1-score': [], 'support': []}, '15': {'precision': [], 'recall': [], 'f1-score': [], 'support': []}, '16': {'precision': [], 'recall': [], 'f1-score': [], 'support': []}, '17': {'precision': [], 'recall': [], 'f1-score': [], 'support': []}, '18': {'precision': [], 'recall': [], 'f1-score': [], 'support': []}, 'micro avg': {'precision': [], 'recall': [], 'f1-score': [], 'support': []}, 'macro avg': {'precision': [], 'recall': [], 'f1-score': [], 'support': []}, 'weighted avg': {'precision': [], 'recall': [], 'f1-score': [], 'support': []}, 'ap_mic': [], 'ap_mac': []}, {'0': {'precision': [], 'recall': [], 'f1-score': [], 'support': []}, '1': {'precision': [], 'recall': [], 'f1-score': [], 'support': []}, '2': {'precision': [], 'recall': [], 'f1-score': [], 'support': []}, '3': {'precision': [], 'recall': [], 'f1-score': [], 'support': []}, '4': {'precision': [], 'recall': [], 'f1-score': [], 'support': []}, '5': {'precision': [], 'recall': [], 'f1-score': [], 'support': []}, '6': {'precision': [], 'recall': [], 'f1-score': [], 'support': []}, '7': {'precision': [], 'recall': [], 'f1-score': [], 'support': []}, '8': {'precision': [], 'recall': [], 'f1-score': [], 'support': []}, '9': {'precision': [], 'recall': [], 'f1-score': [], 'support': []}, '10': {'precision': [], 'recall': [], 'f1-score': [], 'support': []}, '11': {'precision': [], 'recall': [], 'f1-score': [], 'support': []}, '12': {'precision': [], 'recall': [], 'f1-score': [], 'support': []}, '13': {'precision': [], 'recall': [], 'f1-score': [], 'support': []}, '14': {'precision': [], 'recall': [], 'f1-score': [], 'support': []}, '15': {'precision': [], 'recall': [], 'f1-score': [], 'support': []}, '16': {'precision': [], 'recall': [], 'f1-score': [], 'support': []}, '17': {'precision': [], 'recall': [], 'f1-score': [], 'support': []}, '18': {'precision': [], 'recall': [], 'f1-score': [], 'support': []}, 'micro avg': {'precision': [], 'recall': [], 'f1-score': [], 'support': []}, 'macro avg': {'precision': [], 'recall': [], 'f1-score': [], 'support': []}, 'weighted avg': {'precision': [], 'recall': [], 'f1-score': [], 'support': []}, 'ap_mic': [], 'ap_mac': []}, {'0': {'precision': [], 'recall': [], 'f1-score': [], 'support': []}, '1': {'precision': [], 'recall': [], 'f1-score': [], 'support': []}, '2': {'precision': [], 'recall': [], 'f1-score': [], 'support': []}, '3': {'precision': [], 'recall': [], 'f1-score': [], 'support': []}, '4': {'precision': [], 'recall': [], 'f1-score': [], 'support': []}, '5': {'precision': [], 'recall': [], 'f1-score': [], 'support': []}, '6': {'precision': [], 'recall': [], 'f1-score': [], 'support': []}, '7': {'precision': [], 'recall': [], 'f1-score': [], 'support': []}, '8': {'precision': [], 'recall': [], 'f1-score': [], 'support': []}, '9': {'precision': [], 'recall': [], 'f1-score': [], 'support': []}, '10': {'precision': [], 'recall': [], 'f1-score': [], 'support': []}, '11': {'precision': [], 'recall': [], 'f1-score': [], 'support': []}, '12': {'precision': [], 'recall': [], 'f1-score': [], 'support': []}, '13': {'precision': [], 'recall': [], 'f1-score': [], 'support': []}, '14': {'precision': [], 'recall': [], 'f1-score': [], 'support': []}, '15': {'precision': [], 'recall': [], 'f1-score': [], 'support': []}, '16': {'precision': [], 'recall': [], 'f1-score': [], 'support': []}, '17': {'precision': [], 'recall': [], 'f1-score': [], 'support': []}, '18': {'precision': [], 'recall': [], 'f1-score': [], 'support': []}, 'micro avg': {'precision': [], 'recall': [], 'f1-score': [], 'support': []}, 'macro avg': {'precision': [], 'recall': [], 'f1-score': [], 'support': []}, 'weighted avg': {'precision': [], 'recall': [], 'f1-score': [], 'support': []}, 'ap_mic': [], 'ap_mac': []}, {'0': {'precision': [], 'recall': [], 'f1-score': [], 'support': []}, '1': {'precision': [], 'recall': [], 'f1-score': [], 'support': []}, '2': {'precision': [], 'recall': [], 'f1-score': [], 'support': []}, '3': {'precision': [], 'recall': [], 'f1-score': [], 'support': []}, '4': {'precision': [], 'recall': [], 'f1-score': [], 'support': []}, '5': {'precision': [], 'recall': [], 'f1-score': [], 'support': []}, '6': {'precision': [], 'recall': [], 'f1-score': [], 'support': []}, '7': {'precision': [], 'recall': [], 'f1-score': [], 'support': []}, '8': {'precision': [], 'recall': [], 'f1-score': [], 'support': []}, '9': {'precision': [], 'recall': [], 'f1-score': [], 'support': []}, '10': {'precision': [], 'recall': [], 'f1-score': [], 'support': []}, '11': {'precision': [], 'recall': [], 'f1-score': [], 'support': []}, '12': {'precision': [], 'recall': [], 'f1-score': [], 'support': []}, '13': {'precision': [], 'recall': [], 'f1-score': [], 'support': []}, '14': {'precision': [], 'recall': [], 'f1-score': [], 'support': []}, '15': {'precision': [], 'recall': [], 'f1-score': [], 'support': []}, '16': {'precision': [], 'recall': [], 'f1-score': [], 'support': []}, '17': {'precision': [], 'recall': [], 'f1-score': [], 'support': []}, '18': {'precision': [], 'recall': [], 'f1-score': [], 'support': []}, 'micro avg': {'precision': [], 'recall': [], 'f1-score': [], 'support': []}, 'macro avg': {'precision': [], 'recall': [], 'f1-score': [], 'support': []}, 'weighted avg': {'precision': [], 'recall': [], 'f1-score': [], 'support': []}, 'ap_mic': [], 'ap_mac': []}, {'0': {'precision': [], 'recall': [], 'f1-score': [], 'support': []}, '1': {'precision': [], 'recall': [], 'f1-score': [], 'support': []}, '2': {'precision': [], 'recall': [], 'f1-score': [], 'support': []}, '3': {'precision': [], 'recall': [], 'f1-score': [], 'support': []}, '4': {'precision': [], 'recall': [], 'f1-score': [], 'support': []}, '5': {'precision': [], 'recall': [], 'f1-score': [], 'support': []}, '6': {'precision': [], 'recall': [], 'f1-score': [], 'support': []}, '7': {'precision': [], 'recall': [], 'f1-score': [], 'support': []}, '8': {'precision': [], 'recall': [], 'f1-score': [], 'support': []}, '9': {'precision': [], 'recall': [], 'f1-score': [], 'support': []}, '10': {'precision': [], 'recall': [], 'f1-score': [], 'support': []}, '11': {'precision': [], 'recall': [], 'f1-score': [], 'support': []}, '12': {'precision': [], 'recall': [], 'f1-score': [], 'support': []}, '13': {'precision': [], 'recall': [], 'f1-score': [], 'support': []}, '14': {'precision': [], 'recall': [], 'f1-score': [], 'support': []}, '15': {'precision': [], 'recall': [], 'f1-score': [], 'support': []}, '16': {'precision': [], 'recall': [], 'f1-score': [], 'support': []}, '17': {'precision': [], 'recall': [], 'f1-score': [], 'support': []}, '18': {'precision': [], 'recall': [], 'f1-score': [], 'support': []}, 'micro avg': {'precision': [], 'recall': [], 'f1-score': [], 'support': []}, 'macro avg': {'precision': [], 'recall': [], 'f1-score': [], 'support': []}, 'weighted avg': {'precision': [], 'recall': [], 'f1-score': [], 'support': []}, 'ap_mic': [], 'ap_mac': []}]
