Using device: cuda:0
Pre-filtered 30767 patches based on country and season (split ignored)
Loading BEN data for train...
    237871 patches indexed
    14805 filtered patches indexed
    14805 patches indexed considering max_len
Merged metadata with snow/cloud metadata
Loaded 549488 labels
Loaded 549488 keys
Loaded mapping created
Pre-filtered 30767 patches based on country and season (split ignored)
Loading BEN data for test...
    119825 patches indexed
    8209 filtered patches indexed
    8209 patches indexed considering max_len
Merged metadata with snow/cloud metadata
Loaded 549488 labels
Loaded 549488 keys
Loaded mapping created
Pre-filtered 15549 patches based on country and season (split ignored)
Loading BEN data for train...
    237871 patches indexed
    7150 filtered patches indexed
    7150 patches indexed considering max_len
Merged metadata with snow/cloud metadata
Loaded 549488 labels
Loaded 549488 keys
Loaded mapping created
Pre-filtered 15549 patches based on country and season (split ignored)
Loading BEN data for test...
    119825 patches indexed
    4263 filtered patches indexed
    4263 patches indexed considering max_len
Merged metadata with snow/cloud metadata
Loaded 549488 labels
Loaded 549488 keys
Loaded mapping created
Pre-filtered 13683 patches based on country and season (split ignored)
Loading BEN data for train...
    237871 patches indexed
    7180 filtered patches indexed
    7180 patches indexed considering max_len
Merged metadata with snow/cloud metadata
Loaded 549488 labels
Loaded 549488 keys
Loaded mapping created
Pre-filtered 13683 patches based on country and season (split ignored)
Loading BEN data for test...
    119825 patches indexed
    3248 filtered patches indexed
    3248 patches indexed considering max_len
Merged metadata with snow/cloud metadata
Loaded 549488 labels
Loaded 549488 keys
Loaded mapping created
Pre-filtered 10372 patches based on country and season (split ignored)
Loading BEN data for train...
    237871 patches indexed
    5941 filtered patches indexed
    5941 patches indexed considering max_len
Merged metadata with snow/cloud metadata
Loaded 549488 labels
Loaded 549488 keys
Loaded mapping created
Pre-filtered 10372 patches based on country and season (split ignored)
Loading BEN data for test...
    119825 patches indexed
    1871 filtered patches indexed
    1871 patches indexed considering max_len
Merged metadata with snow/cloud metadata
Loaded 549488 labels
Loaded 549488 keys
Loaded mapping created
Pre-filtered 1939 patches based on country and season (split ignored)
Loading BEN data for train...
    237871 patches indexed
    1323 filtered patches indexed
    1323 patches indexed considering max_len
Merged metadata with snow/cloud metadata
Loaded 549488 labels
Loaded 549488 keys
Loaded mapping created
Pre-filtered 1939 patches based on country and season (split ignored)
Loading BEN data for test...
    119825 patches indexed
    32 filtered patches indexed
    32 patches indexed considering max_len
Merged metadata with snow/cloud metadata
Loaded 549488 labels
Loaded 549488 keys
Loaded mapping created
Pre-filtered 8775 patches based on country and season (split ignored)
Loading BEN data for train...
    237871 patches indexed
    4206 filtered patches indexed
    4206 patches indexed considering max_len
Merged metadata with snow/cloud metadata
Loaded 549488 labels
Loaded 549488 keys
Loaded mapping created
Pre-filtered 8775 patches based on country and season (split ignored)
Loading BEN data for test...
    119825 patches indexed
    2151 filtered patches indexed
    2151 patches indexed considering max_len
Merged metadata with snow/cloud metadata
Loaded 549488 labels
Loaded 549488 keys
Loaded mapping created
Pre-filtered 16438 patches based on country and season (split ignored)
Loading BEN data for train...
    237871 patches indexed
    8037 filtered patches indexed
    8037 patches indexed considering max_len
Merged metadata with snow/cloud metadata
Loaded 549488 labels
Loaded 549488 keys
Loaded mapping created
Pre-filtered 16438 patches based on country and season (split ignored)
Loading BEN data for test...
    119825 patches indexed
    4220 filtered patches indexed
    4220 patches indexed considering max_len
Merged metadata with snow/cloud metadata
Loaded 549488 labels
Loaded 549488 keys
Loaded mapping created
Pre-filtered 4874 patches based on country and season (split ignored)
Loading BEN data for train...
    237871 patches indexed
    1692 filtered patches indexed
    1692 patches indexed considering max_len
Merged metadata with snow/cloud metadata
Loaded 549488 labels
Loaded 549488 keys
Loaded mapping created
Pre-filtered 4874 patches based on country and season (split ignored)
Loading BEN data for test...
    119825 patches indexed
    2039 filtered patches indexed
    2039 patches indexed considering max_len
Merged metadata with snow/cloud metadata
Loaded 549488 labels
Loaded 549488 keys
Loaded mapping created
Pre-filtered 59999 patches based on country and season (split ignored)
Loading BEN data for test...
    119825 patches indexed
    15720 filtered patches indexed
    15720 patches indexed considering max_len
Merged metadata with snow/cloud metadata
Loaded 549488 labels
Loaded 549488 keys
Loaded mapping created
Pre-filtered 59999 patches based on country and season (split ignored)
Loading BEN data for train...
    237871 patches indexed
    29135 filtered patches indexed
    29135 patches indexed considering max_len
Merged metadata with snow/cloud metadata
Loaded 549488 labels
Loaded 549488 keys
Loaded mapping created
Loading BEN data for train...
    237871 patches indexed
    237871 filtered patches indexed
    237871 patches indexed considering max_len
Merged metadata with snow/cloud metadata
Loaded 549488 labels
Loaded 549488 keys
Loaded mapping created
==================================================
ROUND 1/40
==================================================
Epoch 1/1
----------
Epoch 1/1
----------
Epoch 1/1
----------
Epoch 1/1
----------
Epoch 1/1
----------
Epoch 1/1
----------
Epoch 1/1
----------
Epoch 1/1
----------
micro     precision: 0.0000 | recall: 0.0000 | f1-score: 0.0000 | support: 40183 | mAP: 0.2952
macro     precision: 0.0000 | recall: 0.0000 | f1-score: 0.0000 | support: 40183 | mAP: 0.2584

==================================================
ROUND 2/40
==================================================
Epoch 1/1
----------
Epoch 1/1
----------
Epoch 1/1
----------
Epoch 1/1
----------
Epoch 1/1
----------
Epoch 1/1
----------
Epoch 1/1
----------
Epoch 1/1
----------
micro     precision: 0.4965 | recall: 0.0528 | f1-score: 0.0954 | support: 40183 | mAP: 0.4279
macro     precision: 0.2662 | recall: 0.0325 | f1-score: 0.0381 | support: 40183 | mAP: 0.3007

==================================================
ROUND 3/40
==================================================
Epoch 1/1
----------
Epoch 1/1
----------
Epoch 1/1
----------
Epoch 1/1
----------
Epoch 1/1
----------
Epoch 1/1
----------
Epoch 1/1
----------
Epoch 1/1
----------
micro     precision: 0.4779 | recall: 0.3007 | f1-score: 0.3691 | support: 40183 | mAP: 0.4453
macro     precision: 0.1368 | recall: 0.1306 | f1-score: 0.1053 | support: 40183 | mAP: 0.2824

==================================================
ROUND 4/40
==================================================
Finale Anzahl der Pruning-Patches: 17
Anzahl eindeutiger Klassen: 18
Klassenverteilung in den Pruning-Patches (Häufigkeiten): {'Marine waters': 9, 'Transitional woodland, shrub': 7, 'Mixed forest': 7, 'Coniferous forest': 6, 'Land principally occupied by agriculture, with significant areas of natural vegetation': 2, 'Inland waters': 1, 'Broad-leaved forest': 2, 'Arable land': 4, 'Urban fabric': 1, 'Industrial or commercial units': 1, 'Coastal wetlands': 2, 'Inland wetlands': 2, 'Pastures': 4, 'Complex cultivation patterns': 1, 'Moors, heathland and sclerophyllous vegetation': 1, 'Natural grassland and sparsely vegetated areas': 1, 'Beaches, dunes, sands': 1, 'Permanent crops': 1}
[INFO] Erstelle Prune Loader...
[INFO] 12 Patches nach Filterung übrig.
[SUCCESS] Prune Loader erfolgreich erstellt.
Used Composite Rules:
low_level_hidden_layer_rule: Epsilon
mid_level_hidden_layer_rule: Gamma
high_level_hidden_layer_rule: Gamma
fully_connected_layers_rule: Epsilon
softmax_rule: Epsilon
Starting relevance computation and pruning mask generation.
Type of components_relevances: <class 'collections.OrderedDict'>
Layer: conv1
Total layer relevance: 3.330678177250452e+23
--------------------------------------------------
Layer: encoder.4.0.conv1
Total layer relevance: 2.0898110996962543e+23
--------------------------------------------------
Layer: encoder.4.0.conv2
Total layer relevance: 1.3383482120645724e+23
--------------------------------------------------
Layer: encoder.4.0.conv3
Total layer relevance: 3.196029915879299e+22
--------------------------------------------------
Layer: encoder.4.0.downsample.0
Total layer relevance: 3.2332548689592926e+22
--------------------------------------------------
Layer: encoder.4.1.conv1
Total layer relevance: 2.1717017462000918e+21
--------------------------------------------------
Layer: encoder.4.1.conv2
Total layer relevance: 1.374701690469172e+21
--------------------------------------------------
Layer: encoder.4.1.conv3
Total layer relevance: 2.4473573685047434e+20
--------------------------------------------------
Layer: encoder.4.2.conv1
Total layer relevance: 3.1454978180997186e+19
--------------------------------------------------
Layer: encoder.4.2.conv2
Total layer relevance: 2.010468446309345e+19
--------------------------------------------------
Layer: encoder.4.2.conv3
Total layer relevance: 5.145564334654489e+18
--------------------------------------------------
Layer: encoder.5.0.conv1
Total layer relevance: 6.406202794411295e+17
--------------------------------------------------
Layer: encoder.5.0.conv2
Total layer relevance: 4.62518396676735e+17
--------------------------------------------------
Layer: encoder.5.0.conv3
Total layer relevance: 1.2104970186784768e+17
--------------------------------------------------
Layer: encoder.5.0.downsample.0
Total layer relevance: 1.209730109318103e+17
--------------------------------------------------
Layer: encoder.5.1.conv1
Total layer relevance: 9011205385486336.0
--------------------------------------------------
Layer: encoder.5.1.conv2
Total layer relevance: 6884791236427776.0
--------------------------------------------------
Layer: encoder.5.1.conv3
Total layer relevance: 1003495553499136.0
--------------------------------------------------
Layer: encoder.5.2.conv1
Total layer relevance: 101322271490048.0
--------------------------------------------------
Layer: encoder.5.2.conv2
Total layer relevance: 72811037065216.0
--------------------------------------------------
Layer: encoder.5.2.conv3
Total layer relevance: 10030486126592.0
--------------------------------------------------
Layer: encoder.5.3.conv1
Total layer relevance: 784343760896.0
--------------------------------------------------
Layer: encoder.5.3.conv2
Total layer relevance: 695094411264.0
--------------------------------------------------
Layer: encoder.5.3.conv3
Total layer relevance: 155840872448.0
--------------------------------------------------
Layer: encoder.6.0.conv1
Total layer relevance: 32070979584.0
--------------------------------------------------
Layer: encoder.6.0.conv2
Total layer relevance: 35686961152.0
--------------------------------------------------
Layer: encoder.6.0.conv3
Total layer relevance: 6387209216.0
--------------------------------------------------
Layer: encoder.6.0.downsample.0
Total layer relevance: 6435447808.0
--------------------------------------------------
Layer: encoder.6.1.conv1
Total layer relevance: 432667936.0
--------------------------------------------------
Layer: encoder.6.1.conv2
Total layer relevance: 564444800.0
--------------------------------------------------
Layer: encoder.6.1.conv3
Total layer relevance: 137392704.0
--------------------------------------------------
Layer: encoder.6.2.conv1
Total layer relevance: 32798910.0
--------------------------------------------------
Layer: encoder.6.2.conv2
Total layer relevance: 53444828.0
--------------------------------------------------
Layer: encoder.6.2.conv3
Total layer relevance: 14914797.0
--------------------------------------------------
Layer: encoder.6.3.conv1
Total layer relevance: 5161578.0
--------------------------------------------------
Layer: encoder.6.3.conv2
Total layer relevance: 8792606.0
--------------------------------------------------
Layer: encoder.6.3.conv3
Total layer relevance: 1244940.125
--------------------------------------------------
Layer: encoder.6.4.conv1
Total layer relevance: 133309.140625
--------------------------------------------------
Layer: encoder.6.4.conv2
Total layer relevance: 268309.875
--------------------------------------------------
Layer: encoder.6.4.conv3
Total layer relevance: 63482.01953125
--------------------------------------------------
Layer: encoder.6.5.conv1
Total layer relevance: 29607.177734375
--------------------------------------------------
Layer: encoder.6.5.conv2
Total layer relevance: 62735.953125
--------------------------------------------------
Layer: encoder.6.5.conv3
Total layer relevance: 19177.7578125
--------------------------------------------------
Layer: encoder.7.0.conv1
Total layer relevance: 6047.9599609375
--------------------------------------------------
Layer: encoder.7.0.conv2
Total layer relevance: 27809.23828125
--------------------------------------------------
Layer: encoder.7.0.conv3
Total layer relevance: 8966.84765625
--------------------------------------------------
Layer: encoder.7.0.downsample.0
Total layer relevance: 11073.712890625
--------------------------------------------------
Layer: encoder.7.1.conv1
Total layer relevance: 2535.953369140625
--------------------------------------------------
Layer: encoder.7.1.conv2
Total layer relevance: 11534.9404296875
--------------------------------------------------
Layer: encoder.7.1.conv3
Total layer relevance: 4130.888671875
--------------------------------------------------
Layer: encoder.7.2.conv1
Total layer relevance: 2133.7802734375
--------------------------------------------------
Layer: encoder.7.2.conv2
Total layer relevance: 8777.1220703125
--------------------------------------------------
Layer: encoder.7.2.conv3
Total layer relevance: 2223.470703125
--------------------------------------------------
Minimal retained neurons per layer:  0.040000000000000036
--------------------------------------------------
Global Pruning Mask
Pruning-rate: 0.35
Layer: conv1                Num neurons pruned: 0            % neurons pruned: 0.00%
Layer: encoder.4.0.conv1    Num neurons pruned: 0            % neurons pruned: 0.00%
Layer: encoder.4.0.conv2    Num neurons pruned: 0            % neurons pruned: 0.00%
Layer: encoder.4.0.conv3    Num neurons pruned: 0            % neurons pruned: 0.00%
Layer: encoder.4.0.downsample.0 Num neurons pruned: 0            % neurons pruned: 0.00%
Layer: encoder.4.1.conv1    Num neurons pruned: 0            % neurons pruned: 0.00%
Layer: encoder.4.1.conv2    Num neurons pruned: 0            % neurons pruned: 0.00%
Layer: encoder.4.1.conv3    Num neurons pruned: 0            % neurons pruned: 0.00%
Layer: encoder.4.2.conv1    Num neurons pruned: 0            % neurons pruned: 0.00%
Layer: encoder.4.2.conv2    Num neurons pruned: 0            % neurons pruned: 0.00%
Layer: encoder.4.2.conv3    Num neurons pruned: 0            % neurons pruned: 0.00%
Layer: encoder.5.0.conv1    Num neurons pruned: 0            % neurons pruned: 0.00%
Layer: encoder.5.0.conv2    Num neurons pruned: 0            % neurons pruned: 0.00%
Layer: encoder.5.0.conv3    Num neurons pruned: 0            % neurons pruned: 0.00%
Layer: encoder.5.0.downsample.0 Num neurons pruned: 0            % neurons pruned: 0.00%
Layer: encoder.5.1.conv1    Num neurons pruned: 0            % neurons pruned: 0.00%
Layer: encoder.5.1.conv2    Num neurons pruned: 0            % neurons pruned: 0.00%
Layer: encoder.5.1.conv3    Num neurons pruned: 0            % neurons pruned: 0.00%
Layer: encoder.5.2.conv1    Num neurons pruned: 0            % neurons pruned: 0.00%
Layer: encoder.5.2.conv2    Num neurons pruned: 0            % neurons pruned: 0.00%
Layer: encoder.5.2.conv3    Num neurons pruned: 0            % neurons pruned: 0.00%
Layer: encoder.5.3.conv1    Num neurons pruned: 0            % neurons pruned: 0.00%
Layer: encoder.5.3.conv2    Num neurons pruned: 0            % neurons pruned: 0.00%
Layer: encoder.5.3.conv3    Num neurons pruned: 0            % neurons pruned: 0.00%
Layer: encoder.6.0.conv1    Num neurons pruned: 0            % neurons pruned: 0.00%
Layer: encoder.6.0.conv2    Num neurons pruned: 0            % neurons pruned: 0.00%
Layer: encoder.6.0.conv3    Num neurons pruned: 0            % neurons pruned: 0.00%
Layer: encoder.6.0.downsample.0 Num neurons pruned: 0            % neurons pruned: 0.00%
Layer: encoder.6.1.conv1    Num neurons pruned: 0            % neurons pruned: 0.00%
Layer: encoder.6.1.conv2    Num neurons pruned: 0            % neurons pruned: 0.00%
Layer: encoder.6.1.conv3    Num neurons pruned: 0            % neurons pruned: 0.00%
Layer: encoder.6.2.conv1    Num neurons pruned: 0            % neurons pruned: 0.00%
Layer: encoder.6.2.conv2    Num neurons pruned: 0            % neurons pruned: 0.00%
Layer: encoder.6.2.conv3    Num neurons pruned: 0            % neurons pruned: 0.00%
Layer: encoder.6.3.conv1    Num neurons pruned: 0            % neurons pruned: 0.00%
Layer: encoder.6.3.conv2    Num neurons pruned: 0            % neurons pruned: 0.00%
Layer: encoder.6.3.conv3    Num neurons pruned: 2056         % neurons pruned: 0.78%
Layer: encoder.6.4.conv1    Num neurons pruned: 0            % neurons pruned: 0.00%
Layer: encoder.6.4.conv2    Num neurons pruned: 0            % neurons pruned: 0.00%
Layer: encoder.6.4.conv3    Num neurons pruned: 72988        % neurons pruned: 27.73%
Layer: encoder.6.5.conv1    Num neurons pruned: 0            % neurons pruned: 0.00%
Layer: encoder.6.5.conv2    Num neurons pruned: 0            % neurons pruned: 0.00%
Layer: encoder.6.5.conv3    Num neurons pruned: 155228       % neurons pruned: 58.98%
Layer: encoder.7.0.conv1    Num neurons pruned: 62525        % neurons pruned: 11.91%
Layer: encoder.7.0.conv2    Num neurons pruned: 0            % neurons pruned: 0.00%
Layer: encoder.7.0.conv3    Num neurons pruned: 919296       % neurons pruned: 87.50%
Layer: encoder.7.0.downsample.0 Num neurons pruned: 1804000      % neurons pruned: 85.94%
Layer: encoder.7.1.conv1    Num neurons pruned: 788865       % neurons pruned: 75.20%
Layer: encoder.7.1.conv2    Num neurons pruned: 41481        % neurons pruned: 1.76%
Layer: encoder.7.1.conv3    Num neurons pruned: 998298       % neurons pruned: 95.02%
Layer: encoder.7.2.conv1    Num neurons pruned: 879021       % neurons pruned: 83.79%
Layer: encoder.7.2.conv2    Num neurons pruned: 73744        % neurons pruned: 3.12%
Layer: encoder.7.2.conv3    Num neurons pruned: 1008558      % neurons pruned: 96.00%
Overall Percentage of pruned neurons across all layers: 28.96%
Sending pruning mask to clients...
[INFO] Pruner and pruning mask received and stored.
[INFO] Pruner and pruning mask received and stored.
[INFO] Pruner and pruning mask received and stored.
[INFO] Pruner and pruning mask received and stored.
[INFO] Pruner and pruning mask received and stored.
[INFO] Pruner and pruning mask received and stored.
[INFO] Pruner and pruning mask received and stored.
[INFO] Pruner and pruning mask received and stored.
Epoch 1/1
----------
Prune before sending to global...
Epoch 1/1
----------
Prune before sending to global...
Epoch 1/1
----------
Prune before sending to global...
Epoch 1/1
----------
Prune before sending to global...
Epoch 1/1
----------
Prune before sending to global...
Epoch 1/1
----------
Prune before sending to global...
Epoch 1/1
----------
Prune before sending to global...
Epoch 1/1
----------
Prune before sending to global...
micro     precision: 0.5130 | recall: 0.2318 | f1-score: 0.3193 | support: 40183 | mAP: 0.4027
macro     precision: 0.1721 | recall: 0.1058 | f1-score: 0.0898 | support: 40183 | mAP: 0.2785

==================================================
ROUND 5/40
==================================================
Epoch 1/1
----------
Prune before sending to global...
Epoch 1/1
----------
Prune before sending to global...
Epoch 1/1
----------
Prune before sending to global...
Epoch 1/1
----------
Prune before sending to global...
Epoch 1/1
----------
Prune before sending to global...
Epoch 1/1
----------
Prune before sending to global...
Epoch 1/1
----------
Prune before sending to global...
Epoch 1/1
----------
Prune before sending to global...
micro     precision: 0.4926 | recall: 0.3255 | f1-score: 0.3920 | support: 40183 | mAP: 0.4577
macro     precision: 0.1732 | recall: 0.1435 | f1-score: 0.1186 | support: 40183 | mAP: 0.2659

==================================================
ROUND 6/40
==================================================
Epoch 1/1
----------
Prune before sending to global...
Epoch 1/1
----------
Prune before sending to global...
Epoch 1/1
----------
Prune before sending to global...
Epoch 1/1
----------
Prune before sending to global...
Epoch 1/1
----------
Prune before sending to global...
Epoch 1/1
----------
Prune before sending to global...
Epoch 1/1
----------
Prune before sending to global...
Epoch 1/1
----------
Prune before sending to global...
micro     precision: 0.6067 | recall: 0.4783 | f1-score: 0.5349 | support: 40183 | mAP: 0.5925
macro     precision: 0.3906 | recall: 0.2388 | f1-score: 0.2351 | support: 40183 | mAP: 0.3730

==================================================
ROUND 7/40
==================================================
Epoch 1/1
----------
Prune before sending to global...
Epoch 1/1
----------
Prune before sending to global...
Epoch 1/1
----------
Prune before sending to global...
Epoch 1/1
----------
Prune before sending to global...
Epoch 1/1
----------
Prune before sending to global...
Epoch 1/1
----------
Prune before sending to global...
Epoch 1/1
----------
Prune before sending to global...
Epoch 1/1
----------
Prune before sending to global...
micro     precision: 0.5251 | recall: 0.3457 | f1-score: 0.4169 | support: 40183 | mAP: 0.4500
macro     precision: 0.3371 | recall: 0.1678 | f1-score: 0.1515 | support: 40183 | mAP: 0.3189

==================================================
ROUND 8/40
==================================================
Epoch 1/1
----------
Prune before sending to global...
Epoch 1/1
----------
Prune before sending to global...
Epoch 1/1
----------
Prune before sending to global...
Epoch 1/1
----------
Prune before sending to global...
Epoch 1/1
----------
Prune before sending to global...
Epoch 1/1
----------
Prune before sending to global...
Epoch 1/1
----------
Prune before sending to global...
Epoch 1/1
----------
Prune before sending to global...
micro     precision: 0.6476 | recall: 0.5233 | f1-score: 0.5788 | support: 40183 | mAP: 0.6328
macro     precision: 0.4391 | recall: 0.2558 | f1-score: 0.2426 | support: 40183 | mAP: 0.3925

==================================================
ROUND 9/40
==================================================
Epoch 1/1
----------
Prune before sending to global...
Epoch 1/1
----------
Prune before sending to global...
Epoch 1/1
----------
Prune before sending to global...
Epoch 1/1
----------
Prune before sending to global...
Epoch 1/1
----------
Prune before sending to global...
Epoch 1/1
----------
Prune before sending to global...
Epoch 1/1
----------
Prune before sending to global...
Epoch 1/1
----------
Prune before sending to global...
micro     precision: 0.5009 | recall: 0.4929 | f1-score: 0.4969 | support: 40183 | mAP: 0.5034
macro     precision: 0.3343 | recall: 0.2234 | f1-score: 0.1801 | support: 40183 | mAP: 0.3043

==================================================
ROUND 10/40
==================================================
Epoch 1/1
----------
Prune before sending to global...
Epoch 1/1
----------
Prune before sending to global...
Epoch 1/1
----------
Prune before sending to global...
Epoch 1/1
----------
Prune before sending to global...
Epoch 1/1
----------
Prune before sending to global...
Epoch 1/1
----------
Prune before sending to global...
Epoch 1/1
----------
Prune before sending to global...
Epoch 1/1
----------
Prune before sending to global...
micro     precision: 0.7032 | recall: 0.5955 | f1-score: 0.6449 | support: 40183 | mAP: 0.6821
macro     precision: 0.4401 | recall: 0.2851 | f1-score: 0.2818 | support: 40183 | mAP: 0.3768

==================================================
ROUND 11/40
==================================================
Epoch 1/1
----------
Prune before sending to global...
Epoch 1/1
----------
Prune before sending to global...
Epoch 1/1
----------
Prune before sending to global...
Epoch 1/1
----------
Prune before sending to global...
Epoch 1/1
----------
Prune before sending to global...
Epoch 1/1
----------
Prune before sending to global...
Epoch 1/1
----------
Prune before sending to global...
Epoch 1/1
----------
Prune before sending to global...
micro     precision: 0.5374 | recall: 0.5228 | f1-score: 0.5300 | support: 40183 | mAP: 0.5651
macro     precision: 0.3241 | recall: 0.2344 | f1-score: 0.2070 | support: 40183 | mAP: 0.3345

==================================================
ROUND 12/40
==================================================
Epoch 1/1
----------
Prune before sending to global...
Epoch 1/1
----------
Prune before sending to global...
Epoch 1/1
----------
Prune before sending to global...
Epoch 1/1
----------
Prune before sending to global...
Epoch 1/1
----------
Prune before sending to global...
Epoch 1/1
----------
Prune before sending to global...
Epoch 1/1
----------
Prune before sending to global...
Epoch 1/1
----------
Prune before sending to global...
micro     precision: 0.6265 | recall: 0.5192 | f1-score: 0.5678 | support: 40183 | mAP: 0.6194
macro     precision: 0.3684 | recall: 0.2334 | f1-score: 0.2295 | support: 40183 | mAP: 0.3921

==================================================
ROUND 13/40
==================================================
Epoch 1/1
----------
Prune before sending to global...
Epoch 1/1
----------
Prune before sending to global...
Epoch 1/1
----------
Prune before sending to global...
Epoch 1/1
----------
Prune before sending to global...
Epoch 1/1
----------
Prune before sending to global...
Epoch 1/1
----------
Prune before sending to global...
Epoch 1/1
----------
Prune before sending to global...
Epoch 1/1
----------
Prune before sending to global...
micro     precision: 0.6718 | recall: 0.5870 | f1-score: 0.6266 | support: 40183 | mAP: 0.6655
macro     precision: 0.4127 | recall: 0.2851 | f1-score: 0.2867 | support: 40183 | mAP: 0.3704

==================================================
ROUND 14/40
==================================================
Epoch 1/1
----------
Prune before sending to global...
Epoch 1/1
----------
Prune before sending to global...
Epoch 1/1
----------
Prune before sending to global...
Epoch 1/1
----------
Prune before sending to global...
Epoch 1/1
----------
Prune before sending to global...
Epoch 1/1
----------
Prune before sending to global...
Epoch 1/1
----------
Prune before sending to global...
Epoch 1/1
----------
Prune before sending to global...
micro     precision: 0.6916 | recall: 0.6273 | f1-score: 0.6579 | support: 40183 | mAP: 0.6967
macro     precision: 0.4887 | recall: 0.3055 | f1-score: 0.2966 | support: 40183 | mAP: 0.4067

==================================================
ROUND 15/40
==================================================
Epoch 1/1
----------
Prune before sending to global...
Epoch 1/1
----------
Prune before sending to global...
Epoch 1/1
----------
Prune before sending to global...
Epoch 1/1
----------
Prune before sending to global...
Epoch 1/1
----------
Prune before sending to global...
Epoch 1/1
----------
Prune before sending to global...
Epoch 1/1
----------
Prune before sending to global...
Epoch 1/1
----------
Prune before sending to global...
micro     precision: 0.6225 | recall: 0.5861 | f1-score: 0.6038 | support: 40183 | mAP: 0.5962
macro     precision: 0.3512 | recall: 0.2796 | f1-score: 0.2667 | support: 40183 | mAP: 0.3706

==================================================
ROUND 16/40
==================================================
Epoch 1/1
----------
Prune before sending to global...
Epoch 1/1
----------
Prune before sending to global...
Epoch 1/1
----------
Prune before sending to global...
Epoch 1/1
----------
Prune before sending to global...
Epoch 1/1
----------
Prune before sending to global...
Epoch 1/1
----------
Prune before sending to global...
Epoch 1/1
----------
Prune before sending to global...
Epoch 1/1
----------
Prune before sending to global...
micro     precision: 0.6582 | recall: 0.6114 | f1-score: 0.6339 | support: 40183 | mAP: 0.6849
macro     precision: 0.4809 | recall: 0.3071 | f1-score: 0.2987 | support: 40183 | mAP: 0.4169

==================================================
ROUND 17/40
==================================================
Epoch 1/1
----------
Prune before sending to global...
Epoch 1/1
----------
Prune before sending to global...
Epoch 1/1
----------
Prune before sending to global...
Epoch 1/1
----------
Prune before sending to global...
Epoch 1/1
----------
Prune before sending to global...
Epoch 1/1
----------
Prune before sending to global...
Epoch 1/1
----------
Prune before sending to global...
Epoch 1/1
----------
Prune before sending to global...
micro     precision: 0.6303 | recall: 0.5949 | f1-score: 0.6121 | support: 40183 | mAP: 0.5840
macro     precision: 0.3948 | recall: 0.2908 | f1-score: 0.2817 | support: 40183 | mAP: 0.3839

==================================================
ROUND 18/40
==================================================
Epoch 1/1
----------
Prune before sending to global...
Epoch 1/1
----------
Prune before sending to global...
Epoch 1/1
----------
Prune before sending to global...
Epoch 1/1
----------
Prune before sending to global...
Epoch 1/1
----------
Prune before sending to global...
Epoch 1/1
----------
Prune before sending to global...
Epoch 1/1
----------
Prune before sending to global...
Epoch 1/1
----------
Prune before sending to global...
micro     precision: 0.6401 | recall: 0.5665 | f1-score: 0.6010 | support: 40183 | mAP: 0.6643
macro     precision: 0.4950 | recall: 0.2634 | f1-score: 0.2629 | support: 40183 | mAP: 0.4117

==================================================
ROUND 19/40
==================================================
Epoch 1/1
----------
Prune before sending to global...
Epoch 1/1
----------
Prune before sending to global...
Epoch 1/1
----------
Prune before sending to global...
Epoch 1/1
----------
Prune before sending to global...
Epoch 1/1
----------
Prune before sending to global...
Epoch 1/1
----------
Prune before sending to global...
Epoch 1/1
----------
Prune before sending to global...
Epoch 1/1
----------
Prune before sending to global...
micro     precision: 0.6976 | recall: 0.6467 | f1-score: 0.6712 | support: 40183 | mAP: 0.7227
macro     precision: 0.4092 | recall: 0.3269 | f1-score: 0.3210 | support: 40183 | mAP: 0.4052

==================================================
ROUND 20/40
==================================================
Epoch 1/1
----------
Prune before sending to global...
Epoch 1/1
----------
Prune before sending to global...
Epoch 1/1
----------
Prune before sending to global...
Epoch 1/1
----------
Prune before sending to global...
Epoch 1/1
----------
Prune before sending to global...
Epoch 1/1
----------
Prune before sending to global...
Epoch 1/1
----------
Prune before sending to global...
Epoch 1/1
----------
Prune before sending to global...
micro     precision: 0.7158 | recall: 0.5888 | f1-score: 0.6461 | support: 40183 | mAP: 0.6810
macro     precision: 0.4886 | recall: 0.2827 | f1-score: 0.2953 | support: 40183 | mAP: 0.4163

==================================================
ROUND 21/40
==================================================
Epoch 1/1
----------
Prune before sending to global...
Epoch 1/1
----------
Prune before sending to global...
Epoch 1/1
----------
Prune before sending to global...
Epoch 1/1
----------
Prune before sending to global...
Epoch 1/1
----------
Prune before sending to global...
Epoch 1/1
----------
Prune before sending to global...
Epoch 1/1
----------
Prune before sending to global...
Epoch 1/1
----------
Prune before sending to global...
micro     precision: 0.5918 | recall: 0.5958 | f1-score: 0.5938 | support: 40183 | mAP: 0.5605
macro     precision: 0.3789 | recall: 0.2749 | f1-score: 0.2542 | support: 40183 | mAP: 0.3579

==================================================
ROUND 22/40
==================================================
Epoch 1/1
----------
Prune before sending to global...
Epoch 1/1
----------
Prune before sending to global...
Epoch 1/1
----------
Prune before sending to global...
Epoch 1/1
----------
Prune before sending to global...
Epoch 1/1
----------
Prune before sending to global...
Epoch 1/1
----------
Prune before sending to global...
Epoch 1/1
----------
Prune before sending to global...
Epoch 1/1
----------
Prune before sending to global...
micro     precision: 0.6725 | recall: 0.6171 | f1-score: 0.6436 | support: 40183 | mAP: 0.6927
macro     precision: 0.4803 | recall: 0.3180 | f1-score: 0.3150 | support: 40183 | mAP: 0.4344

==================================================
ROUND 23/40
==================================================
Epoch 1/1
----------
Prune before sending to global...
Epoch 1/1
----------
Prune before sending to global...
Epoch 1/1
----------
Prune before sending to global...
Epoch 1/1
----------
Prune before sending to global...
Epoch 1/1
----------
Prune before sending to global...
Epoch 1/1
----------
Prune before sending to global...
Epoch 1/1
----------
Prune before sending to global...
Epoch 1/1
----------
Prune before sending to global...
micro     precision: 0.7044 | recall: 0.6480 | f1-score: 0.6750 | support: 40183 | mAP: 0.7207
macro     precision: 0.4151 | recall: 0.3289 | f1-score: 0.3280 | support: 40183 | mAP: 0.4029

==================================================
ROUND 24/40
==================================================
Epoch 1/1
----------
Prune before sending to global...
Epoch 1/1
----------
Prune before sending to global...
Epoch 1/1
----------
Prune before sending to global...
Epoch 1/1
----------
Prune before sending to global...
Epoch 1/1
----------
Prune before sending to global...
Epoch 1/1
----------
Prune before sending to global...
Epoch 1/1
----------
Prune before sending to global...
Epoch 1/1
----------
Prune before sending to global...
micro     precision: 0.7421 | recall: 0.5829 | f1-score: 0.6529 | support: 40183 | mAP: 0.7097
macro     precision: 0.5135 | recall: 0.2845 | f1-score: 0.3093 | support: 40183 | mAP: 0.4355

==================================================
ROUND 25/40
==================================================
Epoch 1/1
----------
Prune before sending to global...
Epoch 1/1
----------
Prune before sending to global...
Epoch 1/1
----------
Prune before sending to global...
Epoch 1/1
----------
Prune before sending to global...
Epoch 1/1
----------
Prune before sending to global...
Epoch 1/1
----------
Prune before sending to global...
Epoch 1/1
----------
Prune before sending to global...
Epoch 1/1
----------
Prune before sending to global...
micro     precision: 0.5599 | recall: 0.6000 | f1-score: 0.5792 | support: 40183 | mAP: 0.5932
macro     precision: 0.3620 | recall: 0.2841 | f1-score: 0.2554 | support: 40183 | mAP: 0.3699

==================================================
ROUND 26/40
==================================================
Epoch 1/1
----------
Prune before sending to global...
Epoch 1/1
----------
Prune before sending to global...
Epoch 1/1
----------
Prune before sending to global...
Epoch 1/1
----------
Prune before sending to global...
Epoch 1/1
----------
Prune before sending to global...
Epoch 1/1
----------
Prune before sending to global...
Epoch 1/1
----------
Prune before sending to global...
Epoch 1/1
----------
Prune before sending to global...
micro     precision: 0.7549 | recall: 0.6210 | f1-score: 0.6815 | support: 40183 | mAP: 0.7343
macro     precision: 0.5256 | recall: 0.3169 | f1-score: 0.3342 | support: 40183 | mAP: 0.4377

==================================================
ROUND 27/40
==================================================
Epoch 1/1
----------
Prune before sending to global...
Epoch 1/1
----------
Prune before sending to global...
Epoch 1/1
----------
Prune before sending to global...
Epoch 1/1
----------
Prune before sending to global...
Epoch 1/1
----------
Prune before sending to global...
Epoch 1/1
----------
Prune before sending to global...
Epoch 1/1
----------
Prune before sending to global...
Epoch 1/1
----------
Prune before sending to global...
micro     precision: 0.5430 | recall: 0.5153 | f1-score: 0.5288 | support: 40183 | mAP: 0.5880
macro     precision: 0.4196 | recall: 0.2569 | f1-score: 0.2451 | support: 40183 | mAP: 0.3791

==================================================
ROUND 28/40
==================================================
Epoch 1/1
----------
Prune before sending to global...
Epoch 1/1
----------
Prune before sending to global...
Epoch 1/1
----------
Prune before sending to global...
Epoch 1/1
----------
Prune before sending to global...
Epoch 1/1
----------
Prune before sending to global...
Epoch 1/1
----------
Prune before sending to global...
Epoch 1/1
----------
Prune before sending to global...
Epoch 1/1
----------
Prune before sending to global...
micro     precision: 0.7368 | recall: 0.6302 | f1-score: 0.6793 | support: 40183 | mAP: 0.7421
macro     precision: 0.5141 | recall: 0.3167 | f1-score: 0.3230 | support: 40183 | mAP: 0.4403

==================================================
ROUND 29/40
==================================================
Epoch 1/1
----------
Prune before sending to global...
Epoch 1/1
----------
Prune before sending to global...
Epoch 1/1
----------
Prune before sending to global...
Epoch 1/1
----------
Prune before sending to global...
Epoch 1/1
----------
Prune before sending to global...
Epoch 1/1
----------
Prune before sending to global...
Epoch 1/1
----------
Prune before sending to global...
Epoch 1/1
----------
Prune before sending to global...
micro     precision: 0.5936 | recall: 0.5328 | f1-score: 0.5616 | support: 40183 | mAP: 0.6135
macro     precision: 0.4287 | recall: 0.2801 | f1-score: 0.2777 | support: 40183 | mAP: 0.4002

==================================================
ROUND 30/40
==================================================
Epoch 1/1
----------
Prune before sending to global...
Epoch 1/1
----------
Prune before sending to global...
Epoch 1/1
----------
Prune before sending to global...
Epoch 1/1
----------
Prune before sending to global...
Epoch 1/1
----------
Prune before sending to global...
Epoch 1/1
----------
Prune before sending to global...
Epoch 1/1
----------
Prune before sending to global...
Epoch 1/1
----------
Prune before sending to global...
micro     precision: 0.7524 | recall: 0.6198 | f1-score: 0.6797 | support: 40183 | mAP: 0.7444
macro     precision: 0.5035 | recall: 0.3032 | f1-score: 0.3133 | support: 40183 | mAP: 0.4232

==================================================
ROUND 31/40
==================================================
Epoch 1/1
----------
Prune before sending to global...
Epoch 1/1
----------
Prune before sending to global...
Epoch 1/1
----------
Prune before sending to global...
Epoch 1/1
----------
Prune before sending to global...
Epoch 1/1
----------
Prune before sending to global...
Epoch 1/1
----------
Prune before sending to global...
Epoch 1/1
----------
Prune before sending to global...
Epoch 1/1
----------
Prune before sending to global...
micro     precision: 0.6221 | recall: 0.5671 | f1-score: 0.5933 | support: 40183 | mAP: 0.6384
macro     precision: 0.4814 | recall: 0.2854 | f1-score: 0.2818 | support: 40183 | mAP: 0.4077

==================================================
ROUND 32/40
==================================================
Epoch 1/1
----------
Prune before sending to global...
Epoch 1/1
----------
Prune before sending to global...
Epoch 1/1
----------
Prune before sending to global...
Epoch 1/1
----------
Prune before sending to global...
Epoch 1/1
----------
Prune before sending to global...
Epoch 1/1
----------
Prune before sending to global...
Epoch 1/1
----------
Prune before sending to global...
Epoch 1/1
----------
Prune before sending to global...
micro     precision: 0.6804 | recall: 0.5822 | f1-score: 0.6274 | support: 40183 | mAP: 0.6662
macro     precision: 0.4898 | recall: 0.2784 | f1-score: 0.2866 | support: 40183 | mAP: 0.4052

==================================================
ROUND 33/40
==================================================
Epoch 1/1
----------
Prune before sending to global...
Epoch 1/1
----------
Prune before sending to global...
Epoch 1/1
----------
Prune before sending to global...
Epoch 1/1
----------
Prune before sending to global...
Epoch 1/1
----------
Prune before sending to global...
Epoch 1/1
----------
Prune before sending to global...
Epoch 1/1
----------
Prune before sending to global...
Epoch 1/1
----------
Prune before sending to global...
micro     precision: 0.6274 | recall: 0.5560 | f1-score: 0.5895 | support: 40183 | mAP: 0.6176
macro     precision: 0.4613 | recall: 0.2891 | f1-score: 0.2922 | support: 40183 | mAP: 0.4132

==================================================
ROUND 34/40
==================================================
Epoch 1/1
----------
Prune before sending to global...
Epoch 1/1
----------
Prune before sending to global...
Epoch 1/1
----------
Prune before sending to global...
Epoch 1/1
----------
Prune before sending to global...
Epoch 1/1
----------
Prune before sending to global...
Epoch 1/1
----------
Prune before sending to global...
Epoch 1/1
----------
Prune before sending to global...
Epoch 1/1
----------
Prune before sending to global...
micro     precision: 0.6903 | recall: 0.5936 | f1-score: 0.6383 | support: 40183 | mAP: 0.6757
macro     precision: 0.4894 | recall: 0.2871 | f1-score: 0.2974 | support: 40183 | mAP: 0.4123

==================================================
ROUND 35/40
==================================================
Epoch 1/1
----------
Prune before sending to global...
Epoch 1/1
----------
Prune before sending to global...
Epoch 1/1
----------
Prune before sending to global...
Epoch 1/1
----------
Prune before sending to global...
Epoch 1/1
----------
Prune before sending to global...
Epoch 1/1
----------
Prune before sending to global...
Epoch 1/1
----------
Prune before sending to global...
Epoch 1/1
----------
Prune before sending to global...
micro     precision: 0.6376 | recall: 0.5249 | f1-score: 0.5758 | support: 40183 | mAP: 0.5777
macro     precision: 0.5588 | recall: 0.2830 | f1-score: 0.2972 | support: 40183 | mAP: 0.4289

==================================================
ROUND 36/40
==================================================
Epoch 1/1
----------
Prune before sending to global...
Epoch 1/1
----------
Prune before sending to global...
Epoch 1/1
----------
Prune before sending to global...
Epoch 1/1
----------
Prune before sending to global...
Epoch 1/1
----------
Prune before sending to global...
Epoch 1/1
----------
Prune before sending to global...
Epoch 1/1
----------
Prune before sending to global...
Epoch 1/1
----------
Prune before sending to global...
micro     precision: 0.6386 | recall: 0.5684 | f1-score: 0.6015 | support: 40183 | mAP: 0.6365
macro     precision: 0.4405 | recall: 0.2832 | f1-score: 0.2893 | support: 40183 | mAP: 0.4058

==================================================
ROUND 37/40
==================================================
Epoch 1/1
----------
Prune before sending to global...
Epoch 1/1
----------
Prune before sending to global...
Epoch 1/1
----------
Prune before sending to global...
Epoch 1/1
----------
Prune before sending to global...
Epoch 1/1
----------
Prune before sending to global...
Epoch 1/1
----------
Prune before sending to global...
Epoch 1/1
----------
Prune before sending to global...
Epoch 1/1
----------
Prune before sending to global...
micro     precision: 0.6403 | recall: 0.5794 | f1-score: 0.6083 | support: 40183 | mAP: 0.6665
macro     precision: 0.4696 | recall: 0.2971 | f1-score: 0.2968 | support: 40183 | mAP: 0.4248

==================================================
ROUND 38/40
==================================================
Epoch 1/1
----------
Prune before sending to global...
Epoch 1/1
----------
Prune before sending to global...
Epoch 1/1
----------
Prune before sending to global...
Epoch 1/1
----------
Prune before sending to global...
Epoch 1/1
----------
Prune before sending to global...
Epoch 1/1
----------
Prune before sending to global...
Epoch 1/1
----------
Prune before sending to global...
Epoch 1/1
----------
Prune before sending to global...
micro     precision: 0.6607 | recall: 0.5484 | f1-score: 0.5993 | support: 40183 | mAP: 0.6478
macro     precision: 0.4579 | recall: 0.2837 | f1-score: 0.2971 | support: 40183 | mAP: 0.4071

==================================================
ROUND 39/40
==================================================
Epoch 1/1
----------
Prune before sending to global...
Epoch 1/1
----------
Prune before sending to global...
Epoch 1/1
----------
Prune before sending to global...
Epoch 1/1
----------
Prune before sending to global...
Epoch 1/1
----------
Prune before sending to global...
Epoch 1/1
----------
Prune before sending to global...
Epoch 1/1
----------
Prune before sending to global...
Epoch 1/1
----------
Prune before sending to global...
micro     precision: 0.6316 | recall: 0.5872 | f1-score: 0.6086 | support: 40183 | mAP: 0.6440
macro     precision: 0.5099 | recall: 0.3112 | f1-score: 0.3104 | support: 40183 | mAP: 0.4218

==================================================
ROUND 40/40
==================================================
Epoch 1/1
----------
