Using device: cuda:0
Pre-filtered 30767 patches based on country and season (split ignored)
Loading BEN data for train...
    237871 patches indexed
    14805 filtered patches indexed
    14805 patches indexed considering max_len
Merged metadata with snow/cloud metadata
Loaded 549488 labels
Loaded 549488 keys
Loaded mapping created
Pre-filtered 30767 patches based on country and season (split ignored)
Loading BEN data for test...
    119825 patches indexed
    8209 filtered patches indexed
    8209 patches indexed considering max_len
Merged metadata with snow/cloud metadata
Loaded 549488 labels
Loaded 549488 keys
Loaded mapping created
Pre-filtered 15549 patches based on country and season (split ignored)
Loading BEN data for train...
    237871 patches indexed
    7150 filtered patches indexed
    7150 patches indexed considering max_len
Merged metadata with snow/cloud metadata
Loaded 549488 labels
Loaded 549488 keys
Loaded mapping created
Pre-filtered 15549 patches based on country and season (split ignored)
Loading BEN data for test...
    119825 patches indexed
    4263 filtered patches indexed
    4263 patches indexed considering max_len
Merged metadata with snow/cloud metadata
Loaded 549488 labels
Loaded 549488 keys
Loaded mapping created
Pre-filtered 13683 patches based on country and season (split ignored)
Loading BEN data for train...
    237871 patches indexed
    7180 filtered patches indexed
    7180 patches indexed considering max_len
Merged metadata with snow/cloud metadata
Loaded 549488 labels
Loaded 549488 keys
Loaded mapping created
Pre-filtered 13683 patches based on country and season (split ignored)
Loading BEN data for test...
    119825 patches indexed
    3248 filtered patches indexed
    3248 patches indexed considering max_len
Merged metadata with snow/cloud metadata
Loaded 549488 labels
Loaded 549488 keys
Loaded mapping created
Pre-filtered 10372 patches based on country and season (split ignored)
Loading BEN data for train...
    237871 patches indexed
    5941 filtered patches indexed
    5941 patches indexed considering max_len
Merged metadata with snow/cloud metadata
Loaded 549488 labels
Loaded 549488 keys
Loaded mapping created
Pre-filtered 10372 patches based on country and season (split ignored)
Loading BEN data for test...
    119825 patches indexed
    1871 filtered patches indexed
    1871 patches indexed considering max_len
Merged metadata with snow/cloud metadata
Loaded 549488 labels
Loaded 549488 keys
Loaded mapping created
Pre-filtered 1939 patches based on country and season (split ignored)
Loading BEN data for train...
    237871 patches indexed
    1323 filtered patches indexed
    1323 patches indexed considering max_len
Merged metadata with snow/cloud metadata
Loaded 549488 labels
Loaded 549488 keys
Loaded mapping created
Pre-filtered 1939 patches based on country and season (split ignored)
Loading BEN data for test...
    119825 patches indexed
    32 filtered patches indexed
    32 patches indexed considering max_len
Merged metadata with snow/cloud metadata
Loaded 549488 labels
Loaded 549488 keys
Loaded mapping created
Pre-filtered 8775 patches based on country and season (split ignored)
Loading BEN data for train...
    237871 patches indexed
    4206 filtered patches indexed
    4206 patches indexed considering max_len
Merged metadata with snow/cloud metadata
Loaded 549488 labels
Loaded 549488 keys
Loaded mapping created
Pre-filtered 8775 patches based on country and season (split ignored)
Loading BEN data for test...
    119825 patches indexed
    2151 filtered patches indexed
    2151 patches indexed considering max_len
Merged metadata with snow/cloud metadata
Loaded 549488 labels
Loaded 549488 keys
Loaded mapping created
Pre-filtered 16438 patches based on country and season (split ignored)
Loading BEN data for train...
    237871 patches indexed
    8037 filtered patches indexed
    8037 patches indexed considering max_len
Merged metadata with snow/cloud metadata
Loaded 549488 labels
Loaded 549488 keys
Loaded mapping created
Pre-filtered 16438 patches based on country and season (split ignored)
Loading BEN data for test...
    119825 patches indexed
    4220 filtered patches indexed
    4220 patches indexed considering max_len
Merged metadata with snow/cloud metadata
Loaded 549488 labels
Loaded 549488 keys
Loaded mapping created
Pre-filtered 4874 patches based on country and season (split ignored)
Loading BEN data for train...
    237871 patches indexed
    1692 filtered patches indexed
    1692 patches indexed considering max_len
Merged metadata with snow/cloud metadata
Loaded 549488 labels
Loaded 549488 keys
Loaded mapping created
Pre-filtered 4874 patches based on country and season (split ignored)
Loading BEN data for test...
    119825 patches indexed
    2039 filtered patches indexed
    2039 patches indexed considering max_len
Merged metadata with snow/cloud metadata
Loaded 549488 labels
Loaded 549488 keys
Loaded mapping created
Pre-filtered 59999 patches based on country and season (split ignored)
Loading BEN data for test...
    119825 patches indexed
    15720 filtered patches indexed
    15720 patches indexed considering max_len
Merged metadata with snow/cloud metadata
Loaded 549488 labels
Loaded 549488 keys
Loaded mapping created
Pre-filtered 59999 patches based on country and season (split ignored)
Loading BEN data for train...
    237871 patches indexed
    29135 filtered patches indexed
    29135 patches indexed considering max_len
Merged metadata with snow/cloud metadata
Loaded 549488 labels
Loaded 549488 keys
Loaded mapping created
Loading BEN data for train...
    237871 patches indexed
    237871 filtered patches indexed
    237871 patches indexed considering max_len
Merged metadata with snow/cloud metadata
Loaded 549488 labels
Loaded 549488 keys
Loaded mapping created
==================================================
ROUND 1/70
==================================================
Epoch 1/1
----------
Epoch 1/1
----------
Epoch 1/1
----------
Epoch 1/1
----------
Epoch 1/1
----------
Epoch 1/1
----------
Epoch 1/1
----------
Epoch 1/1
----------
micro     precision: 0.0000 | recall: 0.0000 | f1-score: 0.0000 | support: 40183 | mAP: 0.3524
macro     precision: 0.0000 | recall: 0.0000 | f1-score: 0.0000 | support: 40183 | mAP: 0.2486

==================================================
ROUND 2/70
==================================================
Epoch 1/1
----------
Epoch 1/1
----------
Epoch 1/1
----------
Epoch 1/1
----------
Epoch 1/1
----------
Epoch 1/1
----------
Epoch 1/1
----------
Epoch 1/1
----------
micro     precision: 0.8047 | recall: 0.1185 | f1-score: 0.2065 | support: 40183 | mAP: 0.4883
macro     precision: 0.1191 | recall: 0.0486 | f1-score: 0.0687 | support: 40183 | mAP: 0.2972

==================================================
ROUND 3/70
==================================================
Epoch 1/1
----------
Epoch 1/1
----------
Epoch 1/1
----------
Epoch 1/1
----------
Epoch 1/1
----------
Epoch 1/1
----------
Epoch 1/1
----------
Epoch 1/1
----------
micro     precision: 0.4420 | recall: 0.1387 | f1-score: 0.2112 | support: 40183 | mAP: 0.3930
macro     precision: 0.0501 | recall: 0.0672 | f1-score: 0.0540 | support: 40183 | mAP: 0.3117

==================================================
ROUND 4/70
==================================================
Finale Anzahl der Pruning-Patches: 17
Anzahl eindeutiger Klassen: 18
Klassenverteilung in den Pruning-Patches (Häufigkeiten): {'Marine waters': 9, 'Transitional woodland, shrub': 7, 'Mixed forest': 7, 'Coniferous forest': 6, 'Land principally occupied by agriculture, with significant areas of natural vegetation': 2, 'Inland waters': 1, 'Broad-leaved forest': 2, 'Arable land': 4, 'Urban fabric': 1, 'Industrial or commercial units': 1, 'Coastal wetlands': 2, 'Inland wetlands': 2, 'Pastures': 4, 'Complex cultivation patterns': 1, 'Moors, heathland and sclerophyllous vegetation': 1, 'Natural grassland and sparsely vegetated areas': 1, 'Beaches, dunes, sands': 1, 'Permanent crops': 1}
[INFO] Erstelle Prune Loader...
[INFO] 12 Patches nach Filterung übrig.
[SUCCESS] Prune Loader erfolgreich erstellt.
Used Composite Rules:
low_level_hidden_layer_rule: Epsilon
mid_level_hidden_layer_rule: Gamma
high_level_hidden_layer_rule: Gamma
fully_connected_layers_rule: Epsilon
softmax_rule: Epsilon
Starting relevance computation and pruning mask generation.
Type of components_relevances: <class 'collections.OrderedDict'>
Layer: conv1
Total layer relevance: 5.654986305224335e+23
--------------------------------------------------
Layer: encoder.4.0.conv1
Total layer relevance: 3.1301458562105706e+23
--------------------------------------------------
Layer: encoder.4.0.conv2
Total layer relevance: 2.400009674542309e+23
--------------------------------------------------
Layer: encoder.4.0.conv3
Total layer relevance: 5.103067468730304e+22
--------------------------------------------------
Layer: encoder.4.0.downsample.0
Total layer relevance: 5.143758392083522e+22
--------------------------------------------------
Layer: encoder.4.1.conv1
Total layer relevance: 2.49592474983626e+21
--------------------------------------------------
Layer: encoder.4.1.conv2
Total layer relevance: 1.6287107611648674e+21
--------------------------------------------------
Layer: encoder.4.1.conv3
Total layer relevance: 3.13886398066423e+20
--------------------------------------------------
Layer: encoder.4.2.conv1
Total layer relevance: 2.334719043289324e+19
--------------------------------------------------
Layer: encoder.4.2.conv2
Total layer relevance: 1.5184981257260892e+19
--------------------------------------------------
Layer: encoder.4.2.conv3
Total layer relevance: 5.065906366489559e+18
--------------------------------------------------
Layer: encoder.5.0.conv1
Total layer relevance: 6.543998401967555e+17
--------------------------------------------------
Layer: encoder.5.0.conv2
Total layer relevance: 5.140747374213202e+17
--------------------------------------------------
Layer: encoder.5.0.conv3
Total layer relevance: 1.1865321319589478e+17
--------------------------------------------------
Layer: encoder.5.0.downsample.0
Total layer relevance: 1.1988393607456358e+17
--------------------------------------------------
Layer: encoder.5.1.conv1
Total layer relevance: 5363690450714624.0
--------------------------------------------------
Layer: encoder.5.1.conv2
Total layer relevance: 4277853998809088.0
--------------------------------------------------
Layer: encoder.5.1.conv3
Total layer relevance: 814457064259584.0
--------------------------------------------------
Layer: encoder.5.2.conv1
Total layer relevance: 71320515641344.0
--------------------------------------------------
Layer: encoder.5.2.conv2
Total layer relevance: 64067792273408.0
--------------------------------------------------
Layer: encoder.5.2.conv3
Total layer relevance: 20354470772736.0
--------------------------------------------------
Layer: encoder.5.3.conv1
Total layer relevance: 3792013623296.0
--------------------------------------------------
Layer: encoder.5.3.conv2
Total layer relevance: 3538833899520.0
--------------------------------------------------
Layer: encoder.5.3.conv3
Total layer relevance: 761803309056.0
--------------------------------------------------
Layer: encoder.6.0.conv1
Total layer relevance: 122271318016.0
--------------------------------------------------
Layer: encoder.6.0.conv2
Total layer relevance: 140741541888.0
--------------------------------------------------
Layer: encoder.6.0.conv3
Total layer relevance: 24873011200.0
--------------------------------------------------
Layer: encoder.6.0.downsample.0
Total layer relevance: 25093140480.0
--------------------------------------------------
Layer: encoder.6.1.conv1
Total layer relevance: 1291888384.0
--------------------------------------------------
Layer: encoder.6.1.conv2
Total layer relevance: 1792604288.0
--------------------------------------------------
Layer: encoder.6.1.conv3
Total layer relevance: 401823296.0
--------------------------------------------------
Layer: encoder.6.2.conv1
Total layer relevance: 77395624.0
--------------------------------------------------
Layer: encoder.6.2.conv2
Total layer relevance: 127959064.0
--------------------------------------------------
Layer: encoder.6.2.conv3
Total layer relevance: 29537160.0
--------------------------------------------------
Layer: encoder.6.3.conv1
Total layer relevance: 8117586.0
--------------------------------------------------
Layer: encoder.6.3.conv2
Total layer relevance: 15312326.0
--------------------------------------------------
Layer: encoder.6.3.conv3
Total layer relevance: 2785517.5
--------------------------------------------------
Layer: encoder.6.4.conv1
Total layer relevance: 550252.25
--------------------------------------------------
Layer: encoder.6.4.conv2
Total layer relevance: 983622.8125
--------------------------------------------------
Layer: encoder.6.4.conv3
Total layer relevance: 203146.140625
--------------------------------------------------
Layer: encoder.6.5.conv1
Total layer relevance: 105684.828125
--------------------------------------------------
Layer: encoder.6.5.conv2
Total layer relevance: 239863.390625
--------------------------------------------------
Layer: encoder.6.5.conv3
Total layer relevance: 27090.58203125
--------------------------------------------------
Layer: encoder.7.0.conv1
Total layer relevance: 5026.41845703125
--------------------------------------------------
Layer: encoder.7.0.conv2
Total layer relevance: 22322.61328125
--------------------------------------------------
Layer: encoder.7.0.conv3
Total layer relevance: 7724.14453125
--------------------------------------------------
Layer: encoder.7.0.downsample.0
Total layer relevance: 9378.802734375
--------------------------------------------------
Layer: encoder.7.1.conv1
Total layer relevance: 1843.835205078125
--------------------------------------------------
Layer: encoder.7.1.conv2
Total layer relevance: 8846.677734375
--------------------------------------------------
Layer: encoder.7.1.conv3
Total layer relevance: 3323.32470703125
--------------------------------------------------
Layer: encoder.7.2.conv1
Total layer relevance: 1713.4892578125
--------------------------------------------------
Layer: encoder.7.2.conv2
Total layer relevance: 3851.30224609375
--------------------------------------------------
Layer: encoder.7.2.conv3
Total layer relevance: 2180.0419921875
--------------------------------------------------
Minimal retained neurons per layer:  0.98
--------------------------------------------------
Global Pruning Mask
Pruning-rate: 0.98
Layer: conv1		% of pruned neurons: 0.00%
Layer: encoder.4.0.conv1		% of pruned neurons: 0.00%
Layer: encoder.4.0.conv2		% of pruned neurons: 0.00%
Layer: encoder.4.0.conv3		% of pruned neurons: 44.53%
Layer: encoder.4.0.downsample.0		% of pruned neurons: 39.84%
Layer: encoder.4.1.conv1		% of pruned neurons: 54.69%
Layer: encoder.4.1.conv2		% of pruned neurons: 79.69%
Layer: encoder.4.1.conv3		% of pruned neurons: 96.88%
Layer: encoder.4.2.conv1		% of pruned neurons: 96.88%
Layer: encoder.4.2.conv2		% of pruned neurons: 96.88%
Layer: encoder.4.2.conv3		% of pruned neurons: 96.88%
Layer: encoder.5.0.conv1		% of pruned neurons: 96.88%
Layer: encoder.5.0.conv2		% of pruned neurons: 96.88%
Layer: encoder.5.0.conv3		% of pruned neurons: 96.88%
Layer: encoder.5.0.downsample.0		% of pruned neurons: 96.88%
Layer: encoder.5.1.conv1		% of pruned neurons: 96.88%
Layer: encoder.5.1.conv2		% of pruned neurons: 96.88%
Layer: encoder.5.1.conv3		% of pruned neurons: 96.88%
Layer: encoder.5.2.conv1		% of pruned neurons: 96.88%
Layer: encoder.5.2.conv2		% of pruned neurons: 96.88%
Layer: encoder.5.2.conv3		% of pruned neurons: 96.88%
Layer: encoder.5.3.conv1		% of pruned neurons: 96.88%
Layer: encoder.5.3.conv2		% of pruned neurons: 96.88%
Layer: encoder.5.3.conv3		% of pruned neurons: 96.88%
Layer: encoder.6.0.conv1		% of pruned neurons: 96.88%
Layer: encoder.6.0.conv2		% of pruned neurons: 96.88%
Layer: encoder.6.0.conv3		% of pruned neurons: 96.97%
Layer: encoder.6.0.downsample.0		% of pruned neurons: 96.97%
Layer: encoder.6.1.conv1		% of pruned neurons: 96.88%
Layer: encoder.6.1.conv2		% of pruned neurons: 96.88%
Layer: encoder.6.1.conv3		% of pruned neurons: 96.97%
Layer: encoder.6.2.conv1		% of pruned neurons: 96.88%
Layer: encoder.6.2.conv2		% of pruned neurons: 96.88%
Layer: encoder.6.2.conv3		% of pruned neurons: 96.97%
Layer: encoder.6.3.conv1		% of pruned neurons: 96.88%
Layer: encoder.6.3.conv2		% of pruned neurons: 96.88%
Layer: encoder.6.3.conv3		% of pruned neurons: 96.97%
Layer: encoder.6.4.conv1		% of pruned neurons: 96.88%
Layer: encoder.6.4.conv2		% of pruned neurons: 96.88%
Layer: encoder.6.4.conv3		% of pruned neurons: 96.97%
Layer: encoder.6.5.conv1		% of pruned neurons: 96.88%
Layer: encoder.6.5.conv2		% of pruned neurons: 96.88%
Layer: encoder.6.5.conv3		% of pruned neurons: 96.97%
Layer: encoder.7.0.conv1		% of pruned neurons: 96.88%
Layer: encoder.7.0.conv2		% of pruned neurons: 96.88%
Layer: encoder.7.0.conv3		% of pruned neurons: 96.97%
Layer: encoder.7.0.downsample.0		% of pruned neurons: 96.97%
Layer: encoder.7.1.conv1		% of pruned neurons: 96.88%
Layer: encoder.7.1.conv2		% of pruned neurons: 96.88%
Layer: encoder.7.1.conv3		% of pruned neurons: 96.97%
Layer: encoder.7.2.conv1		% of pruned neurons: 96.88%
Layer: encoder.7.2.conv2		% of pruned neurons: 96.88%
Layer: encoder.7.2.conv3		% of pruned neurons: 96.97%
Sending pruning mask to clients...
[INFO] Pruner and pruning mask received and stored.
[INFO] Pruner and pruning mask received and stored.
[INFO] Pruner and pruning mask received and stored.
[INFO] Pruner and pruning mask received and stored.
[INFO] Pruner and pruning mask received and stored.
[INFO] Pruner and pruning mask received and stored.
[INFO] Pruner and pruning mask received and stored.
[INFO] Pruner and pruning mask received and stored.
Epoch 1/1
----------
Prune before sending to global...
Epoch 1/1
----------
Prune before sending to global...
Epoch 1/1
----------
Prune before sending to global...
Epoch 1/1
----------
Prune before sending to global...
Epoch 1/1
----------
Prune before sending to global...
Epoch 1/1
----------
Prune before sending to global...
Epoch 1/1
----------
Prune before sending to global...
Epoch 1/1
----------
Prune before sending to global...
micro     precision: 0.3744 | recall: 0.1465 | f1-score: 0.2106 | support: 40183 | mAP: 0.2458
macro     precision: 0.0197 | recall: 0.0526 | f1-score: 0.0287 | support: 40183 | mAP: 0.1351

==================================================
ROUND 5/70
==================================================
Epoch 1/1
----------
Prune before sending to global...
Epoch 1/1
----------
Prune before sending to global...
Epoch 1/1
----------
Prune before sending to global...
Epoch 1/1
----------
Prune before sending to global...
Epoch 1/1
----------
Prune before sending to global...
Epoch 1/1
----------
Prune before sending to global...
Epoch 1/1
----------
Prune before sending to global...
Epoch 1/1
----------
Prune before sending to global...
micro     precision: 0.3744 | recall: 0.1465 | f1-score: 0.2106 | support: 40183 | mAP: 0.3221
macro     precision: 0.0197 | recall: 0.0526 | f1-score: 0.0287 | support: 40183 | mAP: 0.2489

==================================================
ROUND 6/70
==================================================
Epoch 1/1
----------
Prune before sending to global...
Epoch 1/1
----------
Prune before sending to global...
Epoch 1/1
----------
Prune before sending to global...
Epoch 1/1
----------
Prune before sending to global...
Epoch 1/1
----------
Prune before sending to global...
Epoch 1/1
----------
Prune before sending to global...
Epoch 1/1
----------
Prune before sending to global...
Epoch 1/1
----------
Prune before sending to global...
micro     precision: 0.3744 | recall: 0.1465 | f1-score: 0.2106 | support: 40183 | mAP: 0.3748
macro     precision: 0.0197 | recall: 0.0526 | f1-score: 0.0287 | support: 40183 | mAP: 0.2928

==================================================
ROUND 7/70
==================================================
Epoch 1/1
----------
Prune before sending to global...
Epoch 1/1
----------
Prune before sending to global...
Epoch 1/1
----------
Prune before sending to global...
Epoch 1/1
----------
Prune before sending to global...
Epoch 1/1
----------
Prune before sending to global...
Epoch 1/1
----------
Prune before sending to global...
Epoch 1/1
----------
Prune before sending to global...
Epoch 1/1
----------
Prune before sending to global...
micro     precision: 0.5559 | recall: 0.3400 | f1-score: 0.4219 | support: 40183 | mAP: 0.5073
macro     precision: 0.2011 | recall: 0.1683 | f1-score: 0.1635 | support: 40183 | mAP: 0.3090

==================================================
ROUND 8/70
==================================================
Epoch 1/1
----------
Prune before sending to global...
Epoch 1/1
----------
Prune before sending to global...
Epoch 1/1
----------
Prune before sending to global...
Epoch 1/1
----------
Prune before sending to global...
Epoch 1/1
----------
Prune before sending to global...
Epoch 1/1
----------
Prune before sending to global...
Epoch 1/1
----------
Prune before sending to global...
Epoch 1/1
----------
Prune before sending to global...
micro     precision: 0.5211 | recall: 0.3678 | f1-score: 0.4312 | support: 40183 | mAP: 0.5305
macro     precision: 0.3091 | recall: 0.1910 | f1-score: 0.1807 | support: 40183 | mAP: 0.3378

==================================================
ROUND 9/70
==================================================
Epoch 1/1
----------
Prune before sending to global...
Epoch 1/1
----------
Prune before sending to global...
Epoch 1/1
----------
Prune before sending to global...
Epoch 1/1
----------
Prune before sending to global...
Epoch 1/1
----------
Prune before sending to global...
Epoch 1/1
----------
Prune before sending to global...
Epoch 1/1
----------
Prune before sending to global...
Epoch 1/1
----------
Prune before sending to global...
micro     precision: 0.5611 | recall: 0.4219 | f1-score: 0.4816 | support: 40183 | mAP: 0.5421
macro     precision: 0.2592 | recall: 0.2083 | f1-score: 0.2129 | support: 40183 | mAP: 0.3210

==================================================
ROUND 10/70
==================================================
Epoch 1/1
----------
Prune before sending to global...
Epoch 1/1
----------
Prune before sending to global...
Epoch 1/1
----------
Prune before sending to global...
Epoch 1/1
----------
Prune before sending to global...
Epoch 1/1
----------
Prune before sending to global...
Epoch 1/1
----------
Prune before sending to global...
Epoch 1/1
----------
Prune before sending to global...
Epoch 1/1
----------
Prune before sending to global...
micro     precision: 0.6095 | recall: 0.4245 | f1-score: 0.5005 | support: 40183 | mAP: 0.5608
macro     precision: 0.2721 | recall: 0.2046 | f1-score: 0.2102 | support: 40183 | mAP: 0.3493

==================================================
ROUND 11/70
==================================================
Epoch 1/1
----------
Prune before sending to global...
Epoch 1/1
----------
Prune before sending to global...
Epoch 1/1
----------
Prune before sending to global...
Epoch 1/1
----------
Prune before sending to global...
Epoch 1/1
----------
Prune before sending to global...
Epoch 1/1
----------
Prune before sending to global...
Epoch 1/1
----------
Prune before sending to global...
Epoch 1/1
----------
Prune before sending to global...
micro     precision: 0.6040 | recall: 0.3793 | f1-score: 0.4660 | support: 40183 | mAP: 0.5687
macro     precision: 0.3376 | recall: 0.1886 | f1-score: 0.1957 | support: 40183 | mAP: 0.3542

==================================================
ROUND 12/70
==================================================
Epoch 1/1
----------
Prune before sending to global...
Epoch 1/1
----------
Prune before sending to global...
Epoch 1/1
----------
Prune before sending to global...
Epoch 1/1
----------
Prune before sending to global...
Epoch 1/1
----------
Prune before sending to global...
Epoch 1/1
----------
Prune before sending to global...
Epoch 1/1
----------
Prune before sending to global...
Epoch 1/1
----------
Prune before sending to global...
micro     precision: 0.5626 | recall: 0.3524 | f1-score: 0.4334 | support: 40183 | mAP: 0.4785
macro     precision: 0.3182 | recall: 0.1837 | f1-score: 0.1861 | support: 40183 | mAP: 0.3344

==================================================
ROUND 13/70
==================================================
Epoch 1/1
----------
Prune before sending to global...
Epoch 1/1
----------
Prune before sending to global...
Epoch 1/1
----------
Prune before sending to global...
Epoch 1/1
----------
Prune before sending to global...
Epoch 1/1
----------
Prune before sending to global...
Epoch 1/1
----------
Prune before sending to global...
Epoch 1/1
----------
Prune before sending to global...
Epoch 1/1
----------
Prune before sending to global...
micro     precision: 0.5974 | recall: 0.3967 | f1-score: 0.4768 | support: 40183 | mAP: 0.5868
macro     precision: 0.4073 | recall: 0.1895 | f1-score: 0.2009 | support: 40183 | mAP: 0.3648

==================================================
ROUND 14/70
==================================================
Epoch 1/1
----------
Prune before sending to global...
Epoch 1/1
----------
Prune before sending to global...
Epoch 1/1
----------
Prune before sending to global...
Epoch 1/1
----------
Prune before sending to global...
Epoch 1/1
----------
Prune before sending to global...
Epoch 1/1
----------
Prune before sending to global...
Epoch 1/1
----------
Prune before sending to global...
Epoch 1/1
----------
Prune before sending to global...
micro     precision: 0.5940 | recall: 0.4380 | f1-score: 0.5042 | support: 40183 | mAP: 0.5198
macro     precision: 0.3058 | recall: 0.2085 | f1-score: 0.2114 | support: 40183 | mAP: 0.3143

==================================================
ROUND 15/70
==================================================
Epoch 1/1
----------
Prune before sending to global...
Epoch 1/1
----------
Prune before sending to global...
Epoch 1/1
----------
Prune before sending to global...
Epoch 1/1
----------
Prune before sending to global...
Epoch 1/1
----------
Prune before sending to global...
Epoch 1/1
----------
Prune before sending to global...
Epoch 1/1
----------
Prune before sending to global...
Epoch 1/1
----------
Prune before sending to global...
micro     precision: 0.6287 | recall: 0.3922 | f1-score: 0.4831 | support: 40183 | mAP: 0.5057
macro     precision: 0.3513 | recall: 0.1916 | f1-score: 0.2059 | support: 40183 | mAP: 0.3436

==================================================
ROUND 16/70
==================================================
Epoch 1/1
----------
Prune before sending to global...
Epoch 1/1
----------
Prune before sending to global...
Epoch 1/1
----------
Prune before sending to global...
Epoch 1/1
----------
Prune before sending to global...
Epoch 1/1
----------
Prune before sending to global...
Epoch 1/1
----------
Prune before sending to global...
Epoch 1/1
----------
Prune before sending to global...
Epoch 1/1
----------
Prune before sending to global...
micro     precision: 0.6562 | recall: 0.4557 | f1-score: 0.5379 | support: 40183 | mAP: 0.5823
macro     precision: 0.3810 | recall: 0.2178 | f1-score: 0.2354 | support: 40183 | mAP: 0.3626

==================================================
ROUND 17/70
==================================================
Epoch 1/1
----------
Prune before sending to global...
Epoch 1/1
----------
Prune before sending to global...
Epoch 1/1
----------
Prune before sending to global...
Epoch 1/1
----------
Prune before sending to global...
Epoch 1/1
----------
Prune before sending to global...
Epoch 1/1
----------
Prune before sending to global...
Epoch 1/1
----------
Prune before sending to global...
Epoch 1/1
----------
Prune before sending to global...
micro     precision: 0.6539 | recall: 0.4295 | f1-score: 0.5185 | support: 40183 | mAP: 0.5238
macro     precision: 0.3528 | recall: 0.2074 | f1-score: 0.2198 | support: 40183 | mAP: 0.3524

==================================================
ROUND 18/70
==================================================
Epoch 1/1
----------
Prune before sending to global...
Epoch 1/1
----------
Prune before sending to global...
Epoch 1/1
----------
Prune before sending to global...
Epoch 1/1
----------
Prune before sending to global...
Epoch 1/1
----------
Prune before sending to global...
Epoch 1/1
----------
Prune before sending to global...
Epoch 1/1
----------
Prune before sending to global...
Epoch 1/1
----------
Prune before sending to global...
micro     precision: 0.7199 | recall: 0.4832 | f1-score: 0.5783 | support: 40183 | mAP: 0.6657
macro     precision: 0.4144 | recall: 0.2480 | f1-score: 0.2797 | support: 40183 | mAP: 0.3884

==================================================
ROUND 19/70
==================================================
Epoch 1/1
----------
Prune before sending to global...
Epoch 1/1
----------
Prune before sending to global...
Epoch 1/1
----------
Prune before sending to global...
Epoch 1/1
----------
Prune before sending to global...
Epoch 1/1
----------
Prune before sending to global...
Epoch 1/1
----------
Prune before sending to global...
Epoch 1/1
----------
Prune before sending to global...
Epoch 1/1
----------
Prune before sending to global...
micro     precision: 0.6732 | recall: 0.4696 | f1-score: 0.5532 | support: 40183 | mAP: 0.5331
macro     precision: 0.3667 | recall: 0.2287 | f1-score: 0.2508 | support: 40183 | mAP: 0.3659

==================================================
ROUND 20/70
==================================================
Epoch 1/1
----------
Prune before sending to global...
Epoch 1/1
----------
Prune before sending to global...
Epoch 1/1
----------
Prune before sending to global...
Epoch 1/1
----------
Prune before sending to global...
Epoch 1/1
----------
Prune before sending to global...
Epoch 1/1
----------
Prune before sending to global...
Epoch 1/1
----------
Prune before sending to global...
Epoch 1/1
----------
Prune before sending to global...
micro     precision: 0.6566 | recall: 0.4938 | f1-score: 0.5637 | support: 40183 | mAP: 0.5916
macro     precision: 0.4063 | recall: 0.2407 | f1-score: 0.2576 | support: 40183 | mAP: 0.3752

==================================================
ROUND 21/70
==================================================
Epoch 1/1
----------
Prune before sending to global...
Epoch 1/1
----------
Prune before sending to global...
Epoch 1/1
----------
Prune before sending to global...
Epoch 1/1
----------
Prune before sending to global...
Epoch 1/1
----------
Prune before sending to global...
Epoch 1/1
----------
Prune before sending to global...
Epoch 1/1
----------
Prune before sending to global...
Epoch 1/1
----------
Prune before sending to global...
micro     precision: 0.6545 | recall: 0.4615 | f1-score: 0.5413 | support: 40183 | mAP: 0.5560
macro     precision: 0.4051 | recall: 0.2275 | f1-score: 0.2468 | support: 40183 | mAP: 0.3766

==================================================
ROUND 22/70
==================================================
Epoch 1/1
----------
Prune before sending to global...
Epoch 1/1
----------
Prune before sending to global...
Epoch 1/1
----------
Prune before sending to global...
Epoch 1/1
----------
Prune before sending to global...
Epoch 1/1
----------
Prune before sending to global...
Epoch 1/1
----------
Prune before sending to global...
Epoch 1/1
----------
Prune before sending to global...
Epoch 1/1
----------
Prune before sending to global...
micro     precision: 0.7400 | recall: 0.4911 | f1-score: 0.5904 | support: 40183 | mAP: 0.6702
macro     precision: 0.4271 | recall: 0.2632 | f1-score: 0.3005 | support: 40183 | mAP: 0.3943

==================================================
ROUND 23/70
==================================================
Epoch 1/1
----------
Prune before sending to global...
Epoch 1/1
----------
Prune before sending to global...
Epoch 1/1
----------
Prune before sending to global...
Epoch 1/1
----------
Prune before sending to global...
Epoch 1/1
----------
Prune before sending to global...
Epoch 1/1
----------
Prune before sending to global...
Epoch 1/1
----------
Prune before sending to global...
Epoch 1/1
----------
Prune before sending to global...
micro     precision: 0.6759 | recall: 0.4440 | f1-score: 0.5359 | support: 40183 | mAP: 0.5384
macro     precision: 0.3801 | recall: 0.2115 | f1-score: 0.2340 | support: 40183 | mAP: 0.3557

==================================================
ROUND 24/70
==================================================
Epoch 1/1
----------
Prune before sending to global...
Epoch 1/1
----------
Prune before sending to global...
Epoch 1/1
----------
Prune before sending to global...
Epoch 1/1
----------
Prune before sending to global...
Epoch 1/1
----------
Prune before sending to global...
Epoch 1/1
----------
Prune before sending to global...
Epoch 1/1
----------
Prune before sending to global...
Epoch 1/1
----------
Prune before sending to global...
micro     precision: 0.7780 | recall: 0.5295 | f1-score: 0.6301 | support: 40183 | mAP: 0.7136
macro     precision: 0.4439 | recall: 0.2713 | f1-score: 0.3088 | support: 40183 | mAP: 0.4002

==================================================
ROUND 25/70
==================================================
Epoch 1/1
----------
Prune before sending to global...
Epoch 1/1
----------
Prune before sending to global...
Epoch 1/1
----------
Prune before sending to global...
Epoch 1/1
----------
Prune before sending to global...
Epoch 1/1
----------
Prune before sending to global...
Epoch 1/1
----------
Prune before sending to global...
Epoch 1/1
----------
Prune before sending to global...
Epoch 1/1
----------
Prune before sending to global...
micro     precision: 0.6970 | recall: 0.5007 | f1-score: 0.5827 | support: 40183 | mAP: 0.6138
macro     precision: 0.4218 | recall: 0.2456 | f1-score: 0.2724 | support: 40183 | mAP: 0.3916

==================================================
ROUND 26/70
==================================================
Epoch 1/1
----------
Prune before sending to global...
Epoch 1/1
----------
Prune before sending to global...
Epoch 1/1
----------
Prune before sending to global...
Epoch 1/1
----------
Prune before sending to global...
Epoch 1/1
----------
Prune before sending to global...
Epoch 1/1
----------
Prune before sending to global...
Epoch 1/1
----------
Prune before sending to global...
Epoch 1/1
----------
Prune before sending to global...
micro     precision: 0.7046 | recall: 0.4904 | f1-score: 0.5783 | support: 40183 | mAP: 0.5951
macro     precision: 0.4253 | recall: 0.2456 | f1-score: 0.2749 | support: 40183 | mAP: 0.3902

==================================================
ROUND 27/70
==================================================
Epoch 1/1
----------
Prune before sending to global...
Epoch 1/1
----------
Prune before sending to global...
Epoch 1/1
----------
Prune before sending to global...
Epoch 1/1
----------
Prune before sending to global...
Epoch 1/1
----------
Prune before sending to global...
Epoch 1/1
----------
Prune before sending to global...
Epoch 1/1
----------
Prune before sending to global...
Epoch 1/1
----------
Prune before sending to global...
micro     precision: 0.7384 | recall: 0.5162 | f1-score: 0.6076 | support: 40183 | mAP: 0.6782
macro     precision: 0.4273 | recall: 0.2723 | f1-score: 0.3115 | support: 40183 | mAP: 0.3930

==================================================
ROUND 28/70
==================================================
Epoch 1/1
----------
Prune before sending to global...
Epoch 1/1
----------
Prune before sending to global...
Epoch 1/1
----------
Prune before sending to global...
Epoch 1/1
----------
Prune before sending to global...
Epoch 1/1
----------
Prune before sending to global...
Epoch 1/1
----------
Prune before sending to global...
Epoch 1/1
----------
Prune before sending to global...
Epoch 1/1
----------
Prune before sending to global...
micro     precision: 0.6917 | recall: 0.4791 | f1-score: 0.5661 | support: 40183 | mAP: 0.5773
macro     precision: 0.4271 | recall: 0.2366 | f1-score: 0.2657 | support: 40183 | mAP: 0.3784

==================================================
ROUND 29/70
==================================================
Epoch 1/1
----------
Prune before sending to global...
Epoch 1/1
----------
Prune before sending to global...
Epoch 1/1
----------
Prune before sending to global...
Epoch 1/1
----------
Prune before sending to global...
Epoch 1/1
----------
Prune before sending to global...
Epoch 1/1
----------
Prune before sending to global...
Epoch 1/1
----------
Prune before sending to global...
Epoch 1/1
----------
Prune before sending to global...
micro     precision: 0.6564 | recall: 0.4998 | f1-score: 0.5675 | support: 40183 | mAP: 0.5568
macro     precision: 0.3591 | recall: 0.2610 | f1-score: 0.2802 | support: 40183 | mAP: 0.3700

==================================================
ROUND 30/70
==================================================
Epoch 1/1
----------
Prune before sending to global...
Epoch 1/1
----------
Prune before sending to global...
Epoch 1/1
----------
Prune before sending to global...
Epoch 1/1
----------
Prune before sending to global...
Epoch 1/1
----------
Prune before sending to global...
Epoch 1/1
----------
Prune before sending to global...
Epoch 1/1
----------
Prune before sending to global...
Epoch 1/1
----------
Prune before sending to global...
micro     precision: 0.7044 | recall: 0.4909 | f1-score: 0.5786 | support: 40183 | mAP: 0.5989
macro     precision: 0.4366 | recall: 0.2450 | f1-score: 0.2729 | support: 40183 | mAP: 0.3880

==================================================
ROUND 31/70
==================================================
Epoch 1/1
----------
Prune before sending to global...
Epoch 1/1
----------
Prune before sending to global...
Epoch 1/1
----------
Prune before sending to global...
Epoch 1/1
----------
Prune before sending to global...
Epoch 1/1
----------
Prune before sending to global...
Epoch 1/1
----------
Prune before sending to global...
Epoch 1/1
----------
Prune before sending to global...
Epoch 1/1
----------
Prune before sending to global...
micro     precision: 0.6832 | recall: 0.5310 | f1-score: 0.5976 | support: 40183 | mAP: 0.5696
macro     precision: 0.3658 | recall: 0.2764 | f1-score: 0.2964 | support: 40183 | mAP: 0.3757

==================================================
ROUND 32/70
==================================================
Epoch 1/1
----------
Prune before sending to global...
Epoch 1/1
----------
Prune before sending to global...
Epoch 1/1
----------
Prune before sending to global...
Epoch 1/1
----------
Prune before sending to global...
Epoch 1/1
----------
Prune before sending to global...
Epoch 1/1
----------
Prune before sending to global...
Epoch 1/1
----------
Prune before sending to global...
Epoch 1/1
----------
Prune before sending to global...
micro     precision: 0.6947 | recall: 0.4741 | f1-score: 0.5636 | support: 40183 | mAP: 0.5459
macro     precision: 0.3914 | recall: 0.2367 | f1-score: 0.2659 | support: 40183 | mAP: 0.3717

==================================================
ROUND 33/70
==================================================
Epoch 1/1
----------
Prune before sending to global...
Epoch 1/1
----------
Prune before sending to global...
Epoch 1/1
----------
Prune before sending to global...
Epoch 1/1
----------
Prune before sending to global...
Epoch 1/1
----------
Prune before sending to global...
Epoch 1/1
----------
Prune before sending to global...
Epoch 1/1
----------
Prune before sending to global...
Epoch 1/1
----------
Prune before sending to global...
micro     precision: 0.6809 | recall: 0.5597 | f1-score: 0.6144 | support: 40183 | mAP: 0.6233
macro     precision: 0.3984 | recall: 0.2924 | f1-score: 0.3079 | support: 40183 | mAP: 0.3939

==================================================
ROUND 34/70
==================================================
Epoch 1/1
----------
Prune before sending to global...
Epoch 1/1
----------
Prune before sending to global...
Epoch 1/1
----------
Prune before sending to global...
Epoch 1/1
----------
Prune before sending to global...
Epoch 1/1
----------
Prune before sending to global...
Epoch 1/1
----------
Prune before sending to global...
Epoch 1/1
----------
Prune before sending to global...
Epoch 1/1
----------
Prune before sending to global...
micro     precision: 0.7102 | recall: 0.5228 | f1-score: 0.6022 | support: 40183 | mAP: 0.6159
macro     precision: 0.4270 | recall: 0.2655 | f1-score: 0.2925 | support: 40183 | mAP: 0.4021

==================================================
ROUND 35/70
==================================================
Epoch 1/1
----------
Prune before sending to global...
Epoch 1/1
----------
Prune before sending to global...
Epoch 1/1
----------
Prune before sending to global...
Epoch 1/1
----------
Prune before sending to global...
Epoch 1/1
----------
Prune before sending to global...
Epoch 1/1
----------
Prune before sending to global...
Epoch 1/1
----------
Prune before sending to global...
Epoch 1/1
----------
Prune before sending to global...
micro     precision: 0.6712 | recall: 0.5430 | f1-score: 0.6003 | support: 40183 | mAP: 0.5800
macro     precision: 0.4015 | recall: 0.2811 | f1-score: 0.2969 | support: 40183 | mAP: 0.3874

==================================================
ROUND 36/70
==================================================
Epoch 1/1
----------
Prune before sending to global...
Epoch 1/1
----------
Prune before sending to global...
Epoch 1/1
----------
Prune before sending to global...
Epoch 1/1
----------
Prune before sending to global...
Epoch 1/1
----------
Prune before sending to global...
Epoch 1/1
----------
Prune before sending to global...
Epoch 1/1
----------
Prune before sending to global...
Epoch 1/1
----------
Prune before sending to global...
micro     precision: 0.6883 | recall: 0.5589 | f1-score: 0.6169 | support: 40183 | mAP: 0.6434
macro     precision: 0.4176 | recall: 0.2829 | f1-score: 0.3044 | support: 40183 | mAP: 0.4023

==================================================
ROUND 37/70
==================================================
Epoch 1/1
----------
Prune before sending to global...
Epoch 1/1
----------
Prune before sending to global...
Epoch 1/1
----------
Prune before sending to global...
Epoch 1/1
----------
Prune before sending to global...
Epoch 1/1
----------
Prune before sending to global...
Epoch 1/1
----------
Prune before sending to global...
Epoch 1/1
----------
Prune before sending to global...
Epoch 1/1
----------
Prune before sending to global...
micro     precision: 0.6778 | recall: 0.5633 | f1-score: 0.6152 | support: 40183 | mAP: 0.5674
macro     precision: 0.4339 | recall: 0.2928 | f1-score: 0.3047 | support: 40183 | mAP: 0.3891

==================================================
ROUND 38/70
==================================================
Epoch 1/1
----------
Prune before sending to global...
Epoch 1/1
----------
Prune before sending to global...
Epoch 1/1
----------
Prune before sending to global...
Epoch 1/1
----------
Prune before sending to global...
Epoch 1/1
----------
Prune before sending to global...
Epoch 1/1
----------
Prune before sending to global...
Epoch 1/1
----------
Prune before sending to global...
Epoch 1/1
----------
Prune before sending to global...
micro     precision: 0.6489 | recall: 0.5526 | f1-score: 0.5969 | support: 40183 | mAP: 0.5558
macro     precision: 0.3872 | recall: 0.2893 | f1-score: 0.2975 | support: 40183 | mAP: 0.3809

==================================================
ROUND 39/70
==================================================
Epoch 1/1
----------
Prune before sending to global...
Epoch 1/1
----------
Prune before sending to global...
Epoch 1/1
----------
Prune before sending to global...
Epoch 1/1
----------
Prune before sending to global...
Epoch 1/1
----------
Prune before sending to global...
Epoch 1/1
----------
Prune before sending to global...
Epoch 1/1
----------
Prune before sending to global...
Epoch 1/1
----------
Prune before sending to global...
micro     precision: 0.6792 | recall: 0.5449 | f1-score: 0.6047 | support: 40183 | mAP: 0.5529
macro     precision: 0.4240 | recall: 0.2837 | f1-score: 0.2969 | support: 40183 | mAP: 0.3852

==================================================
ROUND 40/70
==================================================
Epoch 1/1
----------
Prune before sending to global...
Epoch 1/1
----------
Prune before sending to global...
Epoch 1/1
----------
Prune before sending to global...
Epoch 1/1
----------
Prune before sending to global...
Epoch 1/1
----------
Prune before sending to global...
Epoch 1/1
----------
Prune before sending to global...
Epoch 1/1
----------
Prune before sending to global...
Epoch 1/1
----------
Prune before sending to global...
micro     precision: 0.7071 | recall: 0.5271 | f1-score: 0.6039 | support: 40183 | mAP: 0.6171
macro     precision: 0.4281 | recall: 0.2653 | f1-score: 0.2914 | support: 40183 | mAP: 0.3933

==================================================
ROUND 41/70
==================================================
Epoch 1/1
----------
Prune before sending to global...
Epoch 1/1
----------
Prune before sending to global...
Epoch 1/1
----------
Prune before sending to global...
Epoch 1/1
----------
Prune before sending to global...
Epoch 1/1
----------
Prune before sending to global...
Epoch 1/1
----------
Prune before sending to global...
Epoch 1/1
----------
Prune before sending to global...
Epoch 1/1
----------
Prune before sending to global...
micro     precision: 0.6541 | recall: 0.5676 | f1-score: 0.6078 | support: 40183 | mAP: 0.5756
macro     precision: 0.4480 | recall: 0.2937 | f1-score: 0.2992 | support: 40183 | mAP: 0.3950

==================================================
ROUND 42/70
==================================================
Epoch 1/1
----------
Prune before sending to global...
Epoch 1/1
----------
Prune before sending to global...
Epoch 1/1
----------
Prune before sending to global...
Epoch 1/1
----------
Prune before sending to global...
Epoch 1/1
----------
Prune before sending to global...
Epoch 1/1
----------
Prune before sending to global...
Epoch 1/1
----------
Prune before sending to global...
Epoch 1/1
----------
Prune before sending to global...
micro     precision: 0.7069 | recall: 0.6215 | f1-score: 0.6614 | support: 40183 | mAP: 0.7183
macro     precision: 0.4264 | recall: 0.3406 | f1-score: 0.3562 | support: 40183 | mAP: 0.4168

==================================================
ROUND 43/70
==================================================
Epoch 1/1
----------
Prune before sending to global...
Epoch 1/1
----------
Prune before sending to global...
Epoch 1/1
----------
Prune before sending to global...
Epoch 1/1
----------
Prune before sending to global...
Epoch 1/1
----------
Prune before sending to global...
Epoch 1/1
----------
Prune before sending to global...
Epoch 1/1
----------
Prune before sending to global...
Epoch 1/1
----------
Prune before sending to global...
micro     precision: 0.6781 | recall: 0.5538 | f1-score: 0.6097 | support: 40183 | mAP: 0.6129
macro     precision: 0.4115 | recall: 0.2852 | f1-score: 0.2989 | support: 40183 | mAP: 0.3959

==================================================
ROUND 44/70
==================================================
Epoch 1/1
----------
Prune before sending to global...
Epoch 1/1
----------
Prune before sending to global...
Epoch 1/1
----------
Prune before sending to global...
Epoch 1/1
----------
Prune before sending to global...
Epoch 1/1
----------
Prune before sending to global...
Epoch 1/1
----------
Prune before sending to global...
Epoch 1/1
----------
Prune before sending to global...
Epoch 1/1
----------
Prune before sending to global...
micro     precision: 0.6675 | recall: 0.5587 | f1-score: 0.6083 | support: 40183 | mAP: 0.6125
macro     precision: 0.4102 | recall: 0.2884 | f1-score: 0.2994 | support: 40183 | mAP: 0.4016

==================================================
ROUND 45/70
==================================================
Epoch 1/1
----------
Prune before sending to global...
Epoch 1/1
----------
Prune before sending to global...
Epoch 1/1
----------
Prune before sending to global...
Epoch 1/1
----------
Prune before sending to global...
Epoch 1/1
----------
Prune before sending to global...
Epoch 1/1
----------
Prune before sending to global...
Epoch 1/1
----------
Prune before sending to global...
Epoch 1/1
----------
Prune before sending to global...
micro     precision: 0.6700 | recall: 0.5915 | f1-score: 0.6283 | support: 40183 | mAP: 0.6528
macro     precision: 0.4538 | recall: 0.3140 | f1-score: 0.3237 | support: 40183 | mAP: 0.4086

==================================================
ROUND 46/70
==================================================
Epoch 1/1
----------
Prune before sending to global...
Epoch 1/1
----------
Prune before sending to global...
Epoch 1/1
----------
Prune before sending to global...
Epoch 1/1
----------
Prune before sending to global...
Epoch 1/1
----------
Prune before sending to global...
Epoch 1/1
----------
Prune before sending to global...
Epoch 1/1
----------
Prune before sending to global...
Epoch 1/1
----------
Prune before sending to global...
micro     precision: 0.6511 | recall: 0.5780 | f1-score: 0.6124 | support: 40183 | mAP: 0.5591
macro     precision: 0.3748 | recall: 0.3096 | f1-score: 0.3057 | support: 40183 | mAP: 0.3940

==================================================
ROUND 47/70
==================================================
Epoch 1/1
----------
Prune before sending to global...
Epoch 1/1
----------
Prune before sending to global...
Epoch 1/1
----------
Prune before sending to global...
Epoch 1/1
----------
Prune before sending to global...
Epoch 1/1
----------
Prune before sending to global...
Epoch 1/1
----------
Prune before sending to global...
Epoch 1/1
----------
Prune before sending to global...
Epoch 1/1
----------
Prune before sending to global...
micro     precision: 0.6859 | recall: 0.5429 | f1-score: 0.6061 | support: 40183 | mAP: 0.5616
macro     precision: 0.4717 | recall: 0.2747 | f1-score: 0.2920 | support: 40183 | mAP: 0.3886

==================================================
ROUND 48/70
==================================================
Epoch 1/1
----------
Prune before sending to global...
Epoch 1/1
----------
Prune before sending to global...
Epoch 1/1
----------
Prune before sending to global...
Epoch 1/1
----------
Prune before sending to global...
Epoch 1/1
----------
Prune before sending to global...
Epoch 1/1
----------
Prune before sending to global...
Epoch 1/1
----------
Prune before sending to global...
Epoch 1/1
----------
Prune before sending to global...
micro     precision: 0.6430 | recall: 0.5945 | f1-score: 0.6178 | support: 40183 | mAP: 0.6375
macro     precision: 0.3948 | recall: 0.3155 | f1-score: 0.3210 | support: 40183 | mAP: 0.3997

==================================================
ROUND 49/70
==================================================
Epoch 1/1
----------
Prune before sending to global...
Epoch 1/1
----------
Prune before sending to global...
Epoch 1/1
----------
Prune before sending to global...
Epoch 1/1
----------
Prune before sending to global...
Epoch 1/1
----------
Prune before sending to global...
Epoch 1/1
----------
Prune before sending to global...
Epoch 1/1
----------
Prune before sending to global...
Epoch 1/1
----------
Prune before sending to global...
micro     precision: 0.6618 | recall: 0.5730 | f1-score: 0.6142 | support: 40183 | mAP: 0.6214
macro     precision: 0.4532 | recall: 0.3020 | f1-score: 0.3067 | support: 40183 | mAP: 0.4045

==================================================
ROUND 50/70
==================================================
Epoch 1/1
----------
Prune before sending to global...
Epoch 1/1
----------
Prune before sending to global...
Epoch 1/1
----------
Prune before sending to global...
Epoch 1/1
----------
Prune before sending to global...
Epoch 1/1
----------
Prune before sending to global...
Epoch 1/1
----------
Prune before sending to global...
Epoch 1/1
----------
Prune before sending to global...
Epoch 1/1
----------
Prune before sending to global...
micro     precision: 0.6557 | recall: 0.5384 | f1-score: 0.5913 | support: 40183 | mAP: 0.5389
macro     precision: 0.3601 | recall: 0.2842 | f1-score: 0.2916 | support: 40183 | mAP: 0.3818

==================================================
ROUND 51/70
==================================================
Epoch 1/1
----------
Prune before sending to global...
Epoch 1/1
----------
Prune before sending to global...
Epoch 1/1
----------
Prune before sending to global...
Epoch 1/1
----------
Prune before sending to global...
Epoch 1/1
----------
Prune before sending to global...
Epoch 1/1
----------
Prune before sending to global...
Epoch 1/1
----------
Prune before sending to global...
Epoch 1/1
----------
Prune before sending to global...
micro     precision: 0.6937 | recall: 0.5829 | f1-score: 0.6335 | support: 40183 | mAP: 0.6687
macro     precision: 0.4229 | recall: 0.3123 | f1-score: 0.3341 | support: 40183 | mAP: 0.4077

==================================================
ROUND 52/70
==================================================
Epoch 1/1
----------
Prune before sending to global...
Epoch 1/1
----------
Prune before sending to global...
Epoch 1/1
----------
Prune before sending to global...
Epoch 1/1
----------
Prune before sending to global...
Epoch 1/1
----------
Prune before sending to global...
Epoch 1/1
----------
Prune before sending to global...
Epoch 1/1
----------
Prune before sending to global...
Epoch 1/1
----------
Prune before sending to global...
micro     precision: 0.6319 | recall: 0.5552 | f1-score: 0.5911 | support: 40183 | mAP: 0.5440
macro     precision: 0.3806 | recall: 0.2940 | f1-score: 0.2929 | support: 40183 | mAP: 0.3880

==================================================
ROUND 53/70
==================================================
Epoch 1/1
----------
Prune before sending to global...
Epoch 1/1
----------
Prune before sending to global...
Epoch 1/1
----------
Prune before sending to global...
Epoch 1/1
----------
Prune before sending to global...
Epoch 1/1
----------
Prune before sending to global...
Epoch 1/1
----------
Prune before sending to global...
Epoch 1/1
----------
Prune before sending to global...
Epoch 1/1
----------
Prune before sending to global...
micro     precision: 0.6753 | recall: 0.5693 | f1-score: 0.6178 | support: 40183 | mAP: 0.6562
macro     precision: 0.4675 | recall: 0.3083 | f1-score: 0.3272 | support: 40183 | mAP: 0.4115

==================================================
ROUND 54/70
==================================================
Epoch 1/1
----------
Prune before sending to global...
Epoch 1/1
----------
Prune before sending to global...
Epoch 1/1
----------
Prune before sending to global...
Epoch 1/1
----------
Prune before sending to global...
Epoch 1/1
----------
Prune before sending to global...
Epoch 1/1
----------
Prune before sending to global...
Epoch 1/1
----------
Prune before sending to global...
Epoch 1/1
----------
Prune before sending to global...
micro     precision: 0.6554 | recall: 0.5620 | f1-score: 0.6051 | support: 40183 | mAP: 0.5767
macro     precision: 0.3943 | recall: 0.3013 | f1-score: 0.3048 | support: 40183 | mAP: 0.4023

==================================================
ROUND 55/70
==================================================
Epoch 1/1
----------
Prune before sending to global...
Epoch 1/1
----------
Prune before sending to global...
Epoch 1/1
----------
Prune before sending to global...
Epoch 1/1
----------
Prune before sending to global...
Epoch 1/1
----------
Prune before sending to global...
Epoch 1/1
----------
Prune before sending to global...
Epoch 1/1
----------
Prune before sending to global...
Epoch 1/1
----------
Prune before sending to global...
micro     precision: 0.6942 | recall: 0.6032 | f1-score: 0.6455 | support: 40183 | mAP: 0.7161
macro     precision: 0.4726 | recall: 0.3296 | f1-score: 0.3438 | support: 40183 | mAP: 0.4111

==================================================
ROUND 56/70
==================================================
Epoch 1/1
----------
Prune before sending to global...
Epoch 1/1
----------
Prune before sending to global...
Epoch 1/1
----------
Prune before sending to global...
Epoch 1/1
----------
Prune before sending to global...
Epoch 1/1
----------
Prune before sending to global...
Epoch 1/1
----------
Prune before sending to global...
Epoch 1/1
----------
Prune before sending to global...
Epoch 1/1
----------
Prune before sending to global...
micro     precision: 0.6598 | recall: 0.5599 | f1-score: 0.6058 | support: 40183 | mAP: 0.5517
macro     precision: 0.3779 | recall: 0.2890 | f1-score: 0.2943 | support: 40183 | mAP: 0.3815

==================================================
ROUND 57/70
==================================================
Epoch 1/1
----------
Prune before sending to global...
Epoch 1/1
----------
Prune before sending to global...
Epoch 1/1
----------
Prune before sending to global...
Epoch 1/1
----------
Prune before sending to global...
Epoch 1/1
----------
Prune before sending to global...
Epoch 1/1
----------
Prune before sending to global...
Epoch 1/1
----------
Prune before sending to global...
Epoch 1/1
----------
Prune before sending to global...
micro     precision: 0.6684 | recall: 0.5609 | f1-score: 0.6099 | support: 40183 | mAP: 0.6334
macro     precision: 0.4582 | recall: 0.2979 | f1-score: 0.3118 | support: 40183 | mAP: 0.4075

==================================================
ROUND 58/70
==================================================
Epoch 1/1
----------
Prune before sending to global...
Epoch 1/1
----------
Prune before sending to global...
Epoch 1/1
----------
Prune before sending to global...
Epoch 1/1
----------
Prune before sending to global...
Epoch 1/1
----------
Prune before sending to global...
Epoch 1/1
----------
Prune before sending to global...
Epoch 1/1
----------
Prune before sending to global...
Epoch 1/1
----------
Prune before sending to global...
micro     precision: 0.6734 | recall: 0.5629 | f1-score: 0.6132 | support: 40183 | mAP: 0.5611
macro     precision: 0.3806 | recall: 0.2932 | f1-score: 0.3015 | support: 40183 | mAP: 0.3879

==================================================
ROUND 59/70
==================================================
Epoch 1/1
----------
Prune before sending to global...
Epoch 1/1
----------
Prune before sending to global...
Epoch 1/1
----------
Prune before sending to global...
Epoch 1/1
----------
Prune before sending to global...
Epoch 1/1
----------
Prune before sending to global...
Epoch 1/1
----------
Prune before sending to global...
Epoch 1/1
----------
Prune before sending to global...
Epoch 1/1
----------
Prune before sending to global...
micro     precision: 0.6947 | recall: 0.5796 | f1-score: 0.6320 | support: 40183 | mAP: 0.6891
macro     precision: 0.4699 | recall: 0.3131 | f1-score: 0.3307 | support: 40183 | mAP: 0.4144

==================================================
ROUND 60/70
==================================================
Epoch 1/1
----------
Prune before sending to global...
Epoch 1/1
----------
Prune before sending to global...
Epoch 1/1
----------
Prune before sending to global...
Epoch 1/1
----------
Prune before sending to global...
Epoch 1/1
----------
Prune before sending to global...
Epoch 1/1
----------
Prune before sending to global...
Epoch 1/1
----------
Prune before sending to global...
Epoch 1/1
----------
Prune before sending to global...
micro     precision: 0.6990 | recall: 0.5786 | f1-score: 0.6331 | support: 40183 | mAP: 0.6559
macro     precision: 0.4106 | recall: 0.3073 | f1-score: 0.3279 | support: 40183 | mAP: 0.3961

==================================================
ROUND 61/70
==================================================
Epoch 1/1
----------
Prune before sending to global...
Epoch 1/1
----------
Prune before sending to global...
Epoch 1/1
----------
Prune before sending to global...
Epoch 1/1
----------
Prune before sending to global...
Epoch 1/1
----------
Prune before sending to global...
Epoch 1/1
----------
Prune before sending to global...
Epoch 1/1
----------
Prune before sending to global...
Epoch 1/1
----------
Prune before sending to global...
micro     precision: 0.6644 | recall: 0.5632 | f1-score: 0.6096 | support: 40183 | mAP: 0.6503
macro     precision: 0.4523 | recall: 0.3013 | f1-score: 0.3130 | support: 40183 | mAP: 0.4074

==================================================
ROUND 62/70
==================================================
Epoch 1/1
----------
Prune before sending to global...
Epoch 1/1
----------
Prune before sending to global...
Epoch 1/1
----------
Prune before sending to global...
Epoch 1/1
----------
Prune before sending to global...
Epoch 1/1
----------
Prune before sending to global...
Epoch 1/1
----------
Prune before sending to global...
Epoch 1/1
----------
Prune before sending to global...
Epoch 1/1
----------
Prune before sending to global...
micro     precision: 0.6503 | recall: 0.5463 | f1-score: 0.5938 | support: 40183 | mAP: 0.6105
macro     precision: 0.4408 | recall: 0.2951 | f1-score: 0.3018 | support: 40183 | mAP: 0.3920

==================================================
ROUND 63/70
==================================================
Epoch 1/1
----------
Prune before sending to global...
Epoch 1/1
----------
Prune before sending to global...
Epoch 1/1
----------
Prune before sending to global...
Epoch 1/1
----------
Prune before sending to global...
Epoch 1/1
----------
Prune before sending to global...
Epoch 1/1
----------
Prune before sending to global...
Epoch 1/1
----------
Prune before sending to global...
Epoch 1/1
----------
Prune before sending to global...
micro     precision: 0.6951 | recall: 0.6044 | f1-score: 0.6466 | support: 40183 | mAP: 0.7144
macro     precision: 0.4639 | recall: 0.3327 | f1-score: 0.3457 | support: 40183 | mAP: 0.4168

==================================================
ROUND 64/70
==================================================
Epoch 1/1
----------
Prune before sending to global...
Epoch 1/1
----------
Prune before sending to global...
Epoch 1/1
----------
Prune before sending to global...
Epoch 1/1
----------
Prune before sending to global...
Epoch 1/1
----------
Prune before sending to global...
Epoch 1/1
----------
Prune before sending to global...
Epoch 1/1
----------
Prune before sending to global...
Epoch 1/1
----------
Prune before sending to global...
micro     precision: 0.6640 | recall: 0.5648 | f1-score: 0.6104 | support: 40183 | mAP: 0.6257
macro     precision: 0.4278 | recall: 0.3006 | f1-score: 0.3092 | support: 40183 | mAP: 0.3999

==================================================
ROUND 65/70
==================================================
Epoch 1/1
----------
Prune before sending to global...
Epoch 1/1
----------
Prune before sending to global...
Epoch 1/1
----------
Prune before sending to global...
Epoch 1/1
----------
Prune before sending to global...
Epoch 1/1
----------
Prune before sending to global...
Epoch 1/1
----------
Prune before sending to global...
Epoch 1/1
----------
Prune before sending to global...
Epoch 1/1
----------
Prune before sending to global...
micro     precision: 0.6566 | recall: 0.5442 | f1-score: 0.5952 | support: 40183 | mAP: 0.6020
macro     precision: 0.4107 | recall: 0.2896 | f1-score: 0.2997 | support: 40183 | mAP: 0.4080

==================================================
ROUND 66/70
==================================================
Epoch 1/1
----------
Prune before sending to global...
Epoch 1/1
----------
Prune before sending to global...
Epoch 1/1
----------
Prune before sending to global...
Epoch 1/1
----------
Prune before sending to global...
Epoch 1/1
----------
Prune before sending to global...
Epoch 1/1
----------
Prune before sending to global...
Epoch 1/1
----------
Prune before sending to global...
Epoch 1/1
----------
Prune before sending to global...
micro     precision: 0.6396 | recall: 0.5440 | f1-score: 0.5879 | support: 40183 | mAP: 0.5547
macro     precision: 0.4174 | recall: 0.2907 | f1-score: 0.2919 | support: 40183 | mAP: 0.3906

==================================================
ROUND 67/70
==================================================
Epoch 1/1
----------
Prune before sending to global...
Epoch 1/1
----------
Prune before sending to global...
Epoch 1/1
----------
Prune before sending to global...
Epoch 1/1
----------
Prune before sending to global...
Epoch 1/1
----------
Prune before sending to global...
Epoch 1/1
----------
Prune before sending to global...
Epoch 1/1
----------
Prune before sending to global...
Epoch 1/1
----------
Prune before sending to global...
micro     precision: 0.6472 | recall: 0.5485 | f1-score: 0.5938 | support: 40183 | mAP: 0.6116
macro     precision: 0.4535 | recall: 0.2835 | f1-score: 0.2900 | support: 40183 | mAP: 0.4038

==================================================
ROUND 68/70
==================================================
Epoch 1/1
----------
Prune before sending to global...
Epoch 1/1
----------
Prune before sending to global...
Epoch 1/1
----------
Prune before sending to global...
Epoch 1/1
----------
Prune before sending to global...
Epoch 1/1
----------
Prune before sending to global...
Epoch 1/1
----------
Prune before sending to global...
Epoch 1/1
----------
Prune before sending to global...
Epoch 1/1
----------
Prune before sending to global...
micro     precision: 0.6726 | recall: 0.5349 | f1-score: 0.5959 | support: 40183 | mAP: 0.6336
macro     precision: 0.4019 | recall: 0.2822 | f1-score: 0.2974 | support: 40183 | mAP: 0.4022

==================================================
ROUND 69/70
==================================================
Epoch 1/1
----------
Prune before sending to global...
Epoch 1/1
----------
Prune before sending to global...
Epoch 1/1
----------
Prune before sending to global...
Epoch 1/1
----------
Prune before sending to global...
Epoch 1/1
----------
Prune before sending to global...
Epoch 1/1
----------
Prune before sending to global...
Epoch 1/1
----------
Prune before sending to global...
Epoch 1/1
----------
Prune before sending to global...
micro     precision: 0.6266 | recall: 0.5355 | f1-score: 0.5775 | support: 40183 | mAP: 0.6170
macro     precision: 0.3918 | recall: 0.2878 | f1-score: 0.2897 | support: 40183 | mAP: 0.4036

==================================================
ROUND 70/70
==================================================
Epoch 1/1
----------
Prune before sending to global...
Epoch 1/1
----------
Prune before sending to global...
Epoch 1/1
----------
Prune before sending to global...
Epoch 1/1
----------
Prune before sending to global...
Epoch 1/1
----------
Prune before sending to global...
Epoch 1/1
----------
Prune before sending to global...
Epoch 1/1
----------
Prune before sending to global...
Epoch 1/1
----------
Prune before sending to global...
micro     precision: 0.6533 | recall: 0.5378 | f1-score: 0.5900 | support: 40183 | mAP: 0.5810
macro     precision: 0.4353 | recall: 0.2898 | f1-score: 0.2966 | support: 40183 | mAP: 0.4015

[{'0': {'precision': [], 'recall': [], 'f1-score': [], 'support': []}, '1': {'precision': [], 'recall': [], 'f1-score': [], 'support': []}, '2': {'precision': [], 'recall': [], 'f1-score': [], 'support': []}, '3': {'precision': [], 'recall': [], 'f1-score': [], 'support': []}, '4': {'precision': [], 'recall': [], 'f1-score': [], 'support': []}, '5': {'precision': [], 'recall': [], 'f1-score': [], 'support': []}, '6': {'precision': [], 'recall': [], 'f1-score': [], 'support': []}, '7': {'precision': [], 'recall': [], 'f1-score': [], 'support': []}, '8': {'precision': [], 'recall': [], 'f1-score': [], 'support': []}, '9': {'precision': [], 'recall': [], 'f1-score': [], 'support': []}, '10': {'precision': [], 'recall': [], 'f1-score': [], 'support': []}, '11': {'precision': [], 'recall': [], 'f1-score': [], 'support': []}, '12': {'precision': [], 'recall': [], 'f1-score': [], 'support': []}, '13': {'precision': [], 'recall': [], 'f1-score': [], 'support': []}, '14': {'precision': [], 'recall': [], 'f1-score': [], 'support': []}, '15': {'precision': [], 'recall': [], 'f1-score': [], 'support': []}, '16': {'precision': [], 'recall': [], 'f1-score': [], 'support': []}, '17': {'precision': [], 'recall': [], 'f1-score': [], 'support': []}, '18': {'precision': [], 'recall': [], 'f1-score': [], 'support': []}, 'micro avg': {'precision': [], 'recall': [], 'f1-score': [], 'support': []}, 'macro avg': {'precision': [], 'recall': [], 'f1-score': [], 'support': []}, 'weighted avg': {'precision': [], 'recall': [], 'f1-score': [], 'support': []}, 'ap_mic': [], 'ap_mac': []}, {'0': {'precision': [], 'recall': [], 'f1-score': [], 'support': []}, '1': {'precision': [], 'recall': [], 'f1-score': [], 'support': []}, '2': {'precision': [], 'recall': [], 'f1-score': [], 'support': []}, '3': {'precision': [], 'recall': [], 'f1-score': [], 'support': []}, '4': {'precision': [], 'recall': [], 'f1-score': [], 'support': []}, '5': {'precision': [], 'recall': [], 'f1-score': [], 'support': []}, '6': {'precision': [], 'recall': [], 'f1-score': [], 'support': []}, '7': {'precision': [], 'recall': [], 'f1-score': [], 'support': []}, '8': {'precision': [], 'recall': [], 'f1-score': [], 'support': []}, '9': {'precision': [], 'recall': [], 'f1-score': [], 'support': []}, '10': {'precision': [], 'recall': [], 'f1-score': [], 'support': []}, '11': {'precision': [], 'recall': [], 'f1-score': [], 'support': []}, '12': {'precision': [], 'recall': [], 'f1-score': [], 'support': []}, '13': {'precision': [], 'recall': [], 'f1-score': [], 'support': []}, '14': {'precision': [], 'recall': [], 'f1-score': [], 'support': []}, '15': {'precision': [], 'recall': [], 'f1-score': [], 'support': []}, '16': {'precision': [], 'recall': [], 'f1-score': [], 'support': []}, '17': {'precision': [], 'recall': [], 'f1-score': [], 'support': []}, '18': {'precision': [], 'recall': [], 'f1-score': [], 'support': []}, 'micro avg': {'precision': [], 'recall': [], 'f1-score': [], 'support': []}, 'macro avg': {'precision': [], 'recall': [], 'f1-score': [], 'support': []}, 'weighted avg': {'precision': [], 'recall': [], 'f1-score': [], 'support': []}, 'ap_mic': [], 'ap_mac': []}, {'0': {'precision': [], 'recall': [], 'f1-score': [], 'support': []}, '1': {'precision': [], 'recall': [], 'f1-score': [], 'support': []}, '2': {'precision': [], 'recall': [], 'f1-score': [], 'support': []}, '3': {'precision': [], 'recall': [], 'f1-score': [], 'support': []}, '4': {'precision': [], 'recall': [], 'f1-score': [], 'support': []}, '5': {'precision': [], 'recall': [], 'f1-score': [], 'support': []}, '6': {'precision': [], 'recall': [], 'f1-score': [], 'support': []}, '7': {'precision': [], 'recall': [], 'f1-score': [], 'support': []}, '8': {'precision': [], 'recall': [], 'f1-score': [], 'support': []}, '9': {'precision': [], 'recall': [], 'f1-score': [], 'support': []}, '10': {'precision': [], 'recall': [], 'f1-score': [], 'support': []}, '11': {'precision': [], 'recall': [], 'f1-score': [], 'support': []}, '12': {'precision': [], 'recall': [], 'f1-score': [], 'support': []}, '13': {'precision': [], 'recall': [], 'f1-score': [], 'support': []}, '14': {'precision': [], 'recall': [], 'f1-score': [], 'support': []}, '15': {'precision': [], 'recall': [], 'f1-score': [], 'support': []}, '16': {'precision': [], 'recall': [], 'f1-score': [], 'support': []}, '17': {'precision': [], 'recall': [], 'f1-score': [], 'support': []}, '18': {'precision': [], 'recall': [], 'f1-score': [], 'support': []}, 'micro avg': {'precision': [], 'recall': [], 'f1-score': [], 'support': []}, 'macro avg': {'precision': [], 'recall': [], 'f1-score': [], 'support': []}, 'weighted avg': {'precision': [], 'recall': [], 'f1-score': [], 'support': []}, 'ap_mic': [], 'ap_mac': []}, {'0': {'precision': [], 'recall': [], 'f1-score': [], 'support': []}, '1': {'precision': [], 'recall': [], 'f1-score': [], 'support': []}, '2': {'precision': [], 'recall': [], 'f1-score': [], 'support': []}, '3': {'precision': [], 'recall': [], 'f1-score': [], 'support': []}, '4': {'precision': [], 'recall': [], 'f1-score': [], 'support': []}, '5': {'precision': [], 'recall': [], 'f1-score': [], 'support': []}, '6': {'precision': [], 'recall': [], 'f1-score': [], 'support': []}, '7': {'precision': [], 'recall': [], 'f1-score': [], 'support': []}, '8': {'precision': [], 'recall': [], 'f1-score': [], 'support': []}, '9': {'precision': [], 'recall': [], 'f1-score': [], 'support': []}, '10': {'precision': [], 'recall': [], 'f1-score': [], 'support': []}, '11': {'precision': [], 'recall': [], 'f1-score': [], 'support': []}, '12': {'precision': [], 'recall': [], 'f1-score': [], 'support': []}, '13': {'precision': [], 'recall': [], 'f1-score': [], 'support': []}, '14': {'precision': [], 'recall': [], 'f1-score': [], 'support': []}, '15': {'precision': [], 'recall': [], 'f1-score': [], 'support': []}, '16': {'precision': [], 'recall': [], 'f1-score': [], 'support': []}, '17': {'precision': [], 'recall': [], 'f1-score': [], 'support': []}, '18': {'precision': [], 'recall': [], 'f1-score': [], 'support': []}, 'micro avg': {'precision': [], 'recall': [], 'f1-score': [], 'support': []}, 'macro avg': {'precision': [], 'recall': [], 'f1-score': [], 'support': []}, 'weighted avg': {'precision': [], 'recall': [], 'f1-score': [], 'support': []}, 'ap_mic': [], 'ap_mac': []}, {'0': {'precision': [], 'recall': [], 'f1-score': [], 'support': []}, '1': {'precision': [], 'recall': [], 'f1-score': [], 'support': []}, '2': {'precision': [], 'recall': [], 'f1-score': [], 'support': []}, '3': {'precision': [], 'recall': [], 'f1-score': [], 'support': []}, '4': {'precision': [], 'recall': [], 'f1-score': [], 'support': []}, '5': {'precision': [], 'recall': [], 'f1-score': [], 'support': []}, '6': {'precision': [], 'recall': [], 'f1-score': [], 'support': []}, '7': {'precision': [], 'recall': [], 'f1-score': [], 'support': []}, '8': {'precision': [], 'recall': [], 'f1-score': [], 'support': []}, '9': {'precision': [], 'recall': [], 'f1-score': [], 'support': []}, '10': {'precision': [], 'recall': [], 'f1-score': [], 'support': []}, '11': {'precision': [], 'recall': [], 'f1-score': [], 'support': []}, '12': {'precision': [], 'recall': [], 'f1-score': [], 'support': []}, '13': {'precision': [], 'recall': [], 'f1-score': [], 'support': []}, '14': {'precision': [], 'recall': [], 'f1-score': [], 'support': []}, '15': {'precision': [], 'recall': [], 'f1-score': [], 'support': []}, '16': {'precision': [], 'recall': [], 'f1-score': [], 'support': []}, '17': {'precision': [], 'recall': [], 'f1-score': [], 'support': []}, '18': {'precision': [], 'recall': [], 'f1-score': [], 'support': []}, 'micro avg': {'precision': [], 'recall': [], 'f1-score': [], 'support': []}, 'macro avg': {'precision': [], 'recall': [], 'f1-score': [], 'support': []}, 'weighted avg': {'precision': [], 'recall': [], 'f1-score': [], 'support': []}, 'ap_mic': [], 'ap_mac': []}, {'0': {'precision': [], 'recall': [], 'f1-score': [], 'support': []}, '1': {'precision': [], 'recall': [], 'f1-score': [], 'support': []}, '2': {'precision': [], 'recall': [], 'f1-score': [], 'support': []}, '3': {'precision': [], 'recall': [], 'f1-score': [], 'support': []}, '4': {'precision': [], 'recall': [], 'f1-score': [], 'support': []}, '5': {'precision': [], 'recall': [], 'f1-score': [], 'support': []}, '6': {'precision': [], 'recall': [], 'f1-score': [], 'support': []}, '7': {'precision': [], 'recall': [], 'f1-score': [], 'support': []}, '8': {'precision': [], 'recall': [], 'f1-score': [], 'support': []}, '9': {'precision': [], 'recall': [], 'f1-score': [], 'support': []}, '10': {'precision': [], 'recall': [], 'f1-score': [], 'support': []}, '11': {'precision': [], 'recall': [], 'f1-score': [], 'support': []}, '12': {'precision': [], 'recall': [], 'f1-score': [], 'support': []}, '13': {'precision': [], 'recall': [], 'f1-score': [], 'support': []}, '14': {'precision': [], 'recall': [], 'f1-score': [], 'support': []}, '15': {'precision': [], 'recall': [], 'f1-score': [], 'support': []}, '16': {'precision': [], 'recall': [], 'f1-score': [], 'support': []}, '17': {'precision': [], 'recall': [], 'f1-score': [], 'support': []}, '18': {'precision': [], 'recall': [], 'f1-score': [], 'support': []}, 'micro avg': {'precision': [], 'recall': [], 'f1-score': [], 'support': []}, 'macro avg': {'precision': [], 'recall': [], 'f1-score': [], 'support': []}, 'weighted avg': {'precision': [], 'recall': [], 'f1-score': [], 'support': []}, 'ap_mic': [], 'ap_mac': []}, {'0': {'precision': [], 'recall': [], 'f1-score': [], 'support': []}, '1': {'precision': [], 'recall': [], 'f1-score': [], 'support': []}, '2': {'precision': [], 'recall': [], 'f1-score': [], 'support': []}, '3': {'precision': [], 'recall': [], 'f1-score': [], 'support': []}, '4': {'precision': [], 'recall': [], 'f1-score': [], 'support': []}, '5': {'precision': [], 'recall': [], 'f1-score': [], 'support': []}, '6': {'precision': [], 'recall': [], 'f1-score': [], 'support': []}, '7': {'precision': [], 'recall': [], 'f1-score': [], 'support': []}, '8': {'precision': [], 'recall': [], 'f1-score': [], 'support': []}, '9': {'precision': [], 'recall': [], 'f1-score': [], 'support': []}, '10': {'precision': [], 'recall': [], 'f1-score': [], 'support': []}, '11': {'precision': [], 'recall': [], 'f1-score': [], 'support': []}, '12': {'precision': [], 'recall': [], 'f1-score': [], 'support': []}, '13': {'precision': [], 'recall': [], 'f1-score': [], 'support': []}, '14': {'precision': [], 'recall': [], 'f1-score': [], 'support': []}, '15': {'precision': [], 'recall': [], 'f1-score': [], 'support': []}, '16': {'precision': [], 'recall': [], 'f1-score': [], 'support': []}, '17': {'precision': [], 'recall': [], 'f1-score': [], 'support': []}, '18': {'precision': [], 'recall': [], 'f1-score': [], 'support': []}, 'micro avg': {'precision': [], 'recall': [], 'f1-score': [], 'support': []}, 'macro avg': {'precision': [], 'recall': [], 'f1-score': [], 'support': []}, 'weighted avg': {'precision': [], 'recall': [], 'f1-score': [], 'support': []}, 'ap_mic': [], 'ap_mac': []}, {'0': {'precision': [], 'recall': [], 'f1-score': [], 'support': []}, '1': {'precision': [], 'recall': [], 'f1-score': [], 'support': []}, '2': {'precision': [], 'recall': [], 'f1-score': [], 'support': []}, '3': {'precision': [], 'recall': [], 'f1-score': [], 'support': []}, '4': {'precision': [], 'recall': [], 'f1-score': [], 'support': []}, '5': {'precision': [], 'recall': [], 'f1-score': [], 'support': []}, '6': {'precision': [], 'recall': [], 'f1-score': [], 'support': []}, '7': {'precision': [], 'recall': [], 'f1-score': [], 'support': []}, '8': {'precision': [], 'recall': [], 'f1-score': [], 'support': []}, '9': {'precision': [], 'recall': [], 'f1-score': [], 'support': []}, '10': {'precision': [], 'recall': [], 'f1-score': [], 'support': []}, '11': {'precision': [], 'recall': [], 'f1-score': [], 'support': []}, '12': {'precision': [], 'recall': [], 'f1-score': [], 'support': []}, '13': {'precision': [], 'recall': [], 'f1-score': [], 'support': []}, '14': {'precision': [], 'recall': [], 'f1-score': [], 'support': []}, '15': {'precision': [], 'recall': [], 'f1-score': [], 'support': []}, '16': {'precision': [], 'recall': [], 'f1-score': [], 'support': []}, '17': {'precision': [], 'recall': [], 'f1-score': [], 'support': []}, '18': {'precision': [], 'recall': [], 'f1-score': [], 'support': []}, 'micro avg': {'precision': [], 'recall': [], 'f1-score': [], 'support': []}, 'macro avg': {'precision': [], 'recall': [], 'f1-score': [], 'support': []}, 'weighted avg': {'precision': [], 'recall': [], 'f1-score': [], 'support': []}, 'ap_mic': [], 'ap_mac': []}]
