Using device: cuda:0
Pre-filtered 30767 patches based on country and season (split ignored)
Loading BEN data for train...
    237871 patches indexed
    14805 filtered patches indexed
    14805 patches indexed considering max_len
Merged metadata with snow/cloud metadata
Loaded 549488 labels
Loaded 549488 keys
Loaded mapping created
Pre-filtered 30767 patches based on country and season (split ignored)
Loading BEN data for test...
    119825 patches indexed
    8209 filtered patches indexed
    8209 patches indexed considering max_len
Merged metadata with snow/cloud metadata
Loaded 549488 labels
Loaded 549488 keys
Loaded mapping created
Pre-filtered 15549 patches based on country and season (split ignored)
Loading BEN data for train...
    237871 patches indexed
    7150 filtered patches indexed
    7150 patches indexed considering max_len
Merged metadata with snow/cloud metadata
Loaded 549488 labels
Loaded 549488 keys
Loaded mapping created
Pre-filtered 15549 patches based on country and season (split ignored)
Loading BEN data for test...
    119825 patches indexed
    4263 filtered patches indexed
    4263 patches indexed considering max_len
Merged metadata with snow/cloud metadata
Loaded 549488 labels
Loaded 549488 keys
Loaded mapping created
Pre-filtered 13683 patches based on country and season (split ignored)
Loading BEN data for train...
    237871 patches indexed
    7180 filtered patches indexed
    7180 patches indexed considering max_len
Merged metadata with snow/cloud metadata
Loaded 549488 labels
Loaded 549488 keys
Loaded mapping created
Pre-filtered 13683 patches based on country and season (split ignored)
Loading BEN data for test...
    119825 patches indexed
    3248 filtered patches indexed
    3248 patches indexed considering max_len
Merged metadata with snow/cloud metadata
Loaded 549488 labels
Loaded 549488 keys
Loaded mapping created
Pre-filtered 10372 patches based on country and season (split ignored)
Loading BEN data for train...
    237871 patches indexed
    5941 filtered patches indexed
    5941 patches indexed considering max_len
Merged metadata with snow/cloud metadata
Loaded 549488 labels
Loaded 549488 keys
Loaded mapping created
Pre-filtered 10372 patches based on country and season (split ignored)
Loading BEN data for test...
    119825 patches indexed
    1871 filtered patches indexed
    1871 patches indexed considering max_len
Merged metadata with snow/cloud metadata
Loaded 549488 labels
Loaded 549488 keys
Loaded mapping created
Pre-filtered 1939 patches based on country and season (split ignored)
Loading BEN data for train...
    237871 patches indexed
    1323 filtered patches indexed
    1323 patches indexed considering max_len
Merged metadata with snow/cloud metadata
Loaded 549488 labels
Loaded 549488 keys
Loaded mapping created
Pre-filtered 1939 patches based on country and season (split ignored)
Loading BEN data for test...
    119825 patches indexed
    32 filtered patches indexed
    32 patches indexed considering max_len
Merged metadata with snow/cloud metadata
Loaded 549488 labels
Loaded 549488 keys
Loaded mapping created
Pre-filtered 8775 patches based on country and season (split ignored)
Loading BEN data for train...
    237871 patches indexed
    4206 filtered patches indexed
    4206 patches indexed considering max_len
Merged metadata with snow/cloud metadata
Loaded 549488 labels
Loaded 549488 keys
Loaded mapping created
Pre-filtered 8775 patches based on country and season (split ignored)
Loading BEN data for test...
    119825 patches indexed
    2151 filtered patches indexed
    2151 patches indexed considering max_len
Merged metadata with snow/cloud metadata
Loaded 549488 labels
Loaded 549488 keys
Loaded mapping created
Pre-filtered 16438 patches based on country and season (split ignored)
Loading BEN data for train...
    237871 patches indexed
    8037 filtered patches indexed
    8037 patches indexed considering max_len
Merged metadata with snow/cloud metadata
Loaded 549488 labels
Loaded 549488 keys
Loaded mapping created
Pre-filtered 16438 patches based on country and season (split ignored)
Loading BEN data for test...
    119825 patches indexed
    4220 filtered patches indexed
    4220 patches indexed considering max_len
Merged metadata with snow/cloud metadata
Loaded 549488 labels
Loaded 549488 keys
Loaded mapping created
Pre-filtered 4874 patches based on country and season (split ignored)
Loading BEN data for train...
    237871 patches indexed
    1692 filtered patches indexed
    1692 patches indexed considering max_len
Merged metadata with snow/cloud metadata
Loaded 549488 labels
Loaded 549488 keys
Loaded mapping created
Pre-filtered 4874 patches based on country and season (split ignored)
Loading BEN data for test...
    119825 patches indexed
    2039 filtered patches indexed
    2039 patches indexed considering max_len
Merged metadata with snow/cloud metadata
Loaded 549488 labels
Loaded 549488 keys
Loaded mapping created
Pre-filtered 59999 patches based on country and season (split ignored)
Loading BEN data for test...
    119825 patches indexed
    15720 filtered patches indexed
    15720 patches indexed considering max_len
Merged metadata with snow/cloud metadata
Loaded 549488 labels
Loaded 549488 keys
Loaded mapping created
Pre-filtered 59999 patches based on country and season (split ignored)
Loading BEN data for train...
    237871 patches indexed
    29135 filtered patches indexed
    29135 patches indexed considering max_len
Merged metadata with snow/cloud metadata
Loaded 549488 labels
Loaded 549488 keys
Loaded mapping created
Loading BEN data for train...
    237871 patches indexed
    237871 filtered patches indexed
    237871 patches indexed considering max_len
Merged metadata with snow/cloud metadata
Loaded 549488 labels
Loaded 549488 keys
Loaded mapping created
==================================================
ROUND 1/40
==================================================
Epoch 1/1
----------
Epoch 1/1
----------
Epoch 1/1
----------
Epoch 1/1
----------
Epoch 1/1
----------
Epoch 1/1
----------
Epoch 1/1
----------
Epoch 1/1
----------
micro     precision: 1.0000 | recall: 0.0000 | f1-score: 0.0000 | support: 40183 | mAP: 0.3869
macro     precision: 0.0526 | recall: 0.0000 | f1-score: 0.0000 | support: 40183 | mAP: 0.2732

==================================================
ROUND 2/40
==================================================
Epoch 1/1
----------
Epoch 1/1
----------
Epoch 1/1
----------
Epoch 1/1
----------
Epoch 1/1
----------
Epoch 1/1
----------
Epoch 1/1
----------
Epoch 1/1
----------
micro     precision: 0.6290 | recall: 0.2658 | f1-score: 0.3737 | support: 40183 | mAP: 0.5011
macro     precision: 0.1443 | recall: 0.1150 | f1-score: 0.1194 | support: 40183 | mAP: 0.3074

==================================================
ROUND 3/40
==================================================
Epoch 1/1
----------
Epoch 1/1
----------
Epoch 1/1
----------
Epoch 1/1
----------
Epoch 1/1
----------
Epoch 1/1
----------
Epoch 1/1
----------
Epoch 1/1
----------
micro     precision: 0.4492 | recall: 0.1646 | f1-score: 0.2409 | support: 40183 | mAP: 0.4377
macro     precision: 0.1145 | recall: 0.0802 | f1-score: 0.0665 | support: 40183 | mAP: 0.3104

==================================================
ROUND 4/40
==================================================
Finale Anzahl der Pruning-Patches: 17
Anzahl eindeutiger Klassen: 18
Klassenverteilung in den Pruning-Patches (Häufigkeiten): {'Marine waters': 9, 'Transitional woodland, shrub': 7, 'Mixed forest': 7, 'Coniferous forest': 6, 'Land principally occupied by agriculture, with significant areas of natural vegetation': 2, 'Inland waters': 1, 'Broad-leaved forest': 2, 'Arable land': 4, 'Urban fabric': 1, 'Industrial or commercial units': 1, 'Coastal wetlands': 2, 'Inland wetlands': 2, 'Pastures': 4, 'Complex cultivation patterns': 1, 'Moors, heathland and sclerophyllous vegetation': 1, 'Natural grassland and sparsely vegetated areas': 1, 'Beaches, dunes, sands': 1, 'Permanent crops': 1}
[INFO] Erstelle Prune Loader...
[INFO] 12 Patches nach Filterung übrig.
[SUCCESS] Prune Loader erfolgreich erstellt.
Used Composite Rules:
low_level_hidden_layer_rule: Epsilon
mid_level_hidden_layer_rule: Gamma
high_level_hidden_layer_rule: Gamma
fully_connected_layers_rule: Epsilon
softmax_rule: Epsilon
Starting relevance computation and pruning mask generation.
Type of components_relevances: <class 'collections.OrderedDict'>
Layer: conv1
Total layer relevance: 1.5475584651832384e+24
--------------------------------------------------
Layer: encoder.4.0.conv1
Total layer relevance: 1.0047718118408075e+24
--------------------------------------------------
Layer: encoder.4.0.conv2
Total layer relevance: 6.800791401843996e+23
--------------------------------------------------
Layer: encoder.4.0.conv3
Total layer relevance: 1.0805663127055424e+23
--------------------------------------------------
Layer: encoder.4.0.downsample.0
Total layer relevance: 1.0811053035089461e+23
--------------------------------------------------
Layer: encoder.4.1.conv1
Total layer relevance: 3.223560927056373e+21
--------------------------------------------------
Layer: encoder.4.1.conv2
Total layer relevance: 2.328997281535401e+21
--------------------------------------------------
Layer: encoder.4.1.conv3
Total layer relevance: 6.473720394986973e+20
--------------------------------------------------
Layer: encoder.4.2.conv1
Total layer relevance: 4.995110791897992e+19
--------------------------------------------------
Layer: encoder.4.2.conv2
Total layer relevance: 3.561670225989678e+19
--------------------------------------------------
Layer: encoder.4.2.conv3
Total layer relevance: 1.3076235602930696e+19
--------------------------------------------------
Layer: encoder.5.0.conv1
Total layer relevance: 1.5127720066075853e+18
--------------------------------------------------
Layer: encoder.5.0.conv2
Total layer relevance: 1.227952727842095e+18
--------------------------------------------------
Layer: encoder.5.0.conv3
Total layer relevance: 3.964911085210829e+17
--------------------------------------------------
Layer: encoder.5.0.downsample.0
Total layer relevance: 4.022888676940841e+17
--------------------------------------------------
Layer: encoder.5.1.conv1
Total layer relevance: 3.138314134827827e+16
--------------------------------------------------
Layer: encoder.5.1.conv2
Total layer relevance: 2.4790697261400064e+16
--------------------------------------------------
Layer: encoder.5.1.conv3
Total layer relevance: 6313969144823808.0
--------------------------------------------------
Layer: encoder.5.2.conv1
Total layer relevance: 1230283449827328.0
--------------------------------------------------
Layer: encoder.5.2.conv2
Total layer relevance: 1060384542818304.0
--------------------------------------------------
Layer: encoder.5.2.conv3
Total layer relevance: 91631122382848.0
--------------------------------------------------
Layer: encoder.5.3.conv1
Total layer relevance: 2745473433600.0
--------------------------------------------------
Layer: encoder.5.3.conv2
Total layer relevance: 2593907802112.0
--------------------------------------------------
Layer: encoder.5.3.conv3
Total layer relevance: 745207431168.0
--------------------------------------------------
Layer: encoder.6.0.conv1
Total layer relevance: 182489513984.0
--------------------------------------------------
Layer: encoder.6.0.conv2
Total layer relevance: 228546248704.0
--------------------------------------------------
Layer: encoder.6.0.conv3
Total layer relevance: 43869954048.0
--------------------------------------------------
Layer: encoder.6.0.downsample.0
Total layer relevance: 44608593920.0
--------------------------------------------------
Layer: encoder.6.1.conv1
Total layer relevance: 4247648768.0
--------------------------------------------------
Layer: encoder.6.1.conv2
Total layer relevance: 5418171904.0
--------------------------------------------------
Layer: encoder.6.1.conv3
Total layer relevance: 851292672.0
--------------------------------------------------
Layer: encoder.6.2.conv1
Total layer relevance: 126615040.0
--------------------------------------------------
Layer: encoder.6.2.conv2
Total layer relevance: 213923744.0
--------------------------------------------------
Layer: encoder.6.2.conv3
Total layer relevance: 58459296.0
--------------------------------------------------
Layer: encoder.6.3.conv1
Total layer relevance: 18342860.0
--------------------------------------------------
Layer: encoder.6.3.conv2
Total layer relevance: 31162500.0
--------------------------------------------------
Layer: encoder.6.3.conv3
Total layer relevance: 6888037.5
--------------------------------------------------
Layer: encoder.6.4.conv1
Total layer relevance: 3586382.5
--------------------------------------------------
Layer: encoder.6.4.conv2
Total layer relevance: 6335869.5
--------------------------------------------------
Layer: encoder.6.4.conv3
Total layer relevance: 624124.625
--------------------------------------------------
Layer: encoder.6.5.conv1
Total layer relevance: 145454.1875
--------------------------------------------------
Layer: encoder.6.5.conv2
Total layer relevance: 270949.125
--------------------------------------------------
Layer: encoder.6.5.conv3
Total layer relevance: 59505.8203125
--------------------------------------------------
Layer: encoder.7.0.conv1
Total layer relevance: 20300.68359375
--------------------------------------------------
Layer: encoder.7.0.conv2
Total layer relevance: 68485.8828125
--------------------------------------------------
Layer: encoder.7.0.conv3
Total layer relevance: 26663.068359375
--------------------------------------------------
Layer: encoder.7.0.downsample.0
Total layer relevance: 31989.109375
--------------------------------------------------
Layer: encoder.7.1.conv1
Total layer relevance: 5118.57421875
--------------------------------------------------
Layer: encoder.7.1.conv2
Total layer relevance: 17487.232421875
--------------------------------------------------
Layer: encoder.7.1.conv3
Total layer relevance: 5832.14892578125
--------------------------------------------------
Layer: encoder.7.2.conv1
Total layer relevance: 2111.61962890625
--------------------------------------------------
Layer: encoder.7.2.conv2
Total layer relevance: 6510.9892578125
--------------------------------------------------
Layer: encoder.7.2.conv3
Total layer relevance: 2877.35400390625
--------------------------------------------------
Minimal retained neurons per layer:  0.5
--------------------------------------------------
Global Pruning Mask
Pruning-rate: 0.5
Layer: conv1		% of pruned neurons: 0.00%
Layer: encoder.4.0.conv1		% of pruned neurons: 0.00%
Layer: encoder.4.0.conv2		% of pruned neurons: 0.00%
Layer: encoder.4.0.conv3		% of pruned neurons: 0.00%
Layer: encoder.4.0.downsample.0		% of pruned neurons: 0.00%
Layer: encoder.4.1.conv1		% of pruned neurons: 0.00%
Layer: encoder.4.1.conv2		% of pruned neurons: 0.00%
Layer: encoder.4.1.conv3		% of pruned neurons: 0.00%
Layer: encoder.4.2.conv1		% of pruned neurons: 0.00%
Layer: encoder.4.2.conv2		% of pruned neurons: 0.00%
Layer: encoder.4.2.conv3		% of pruned neurons: 0.00%
Layer: encoder.5.0.conv1		% of pruned neurons: 0.00%
Layer: encoder.5.0.conv2		% of pruned neurons: 0.00%
Layer: encoder.5.0.conv3		% of pruned neurons: 0.00%
Layer: encoder.5.0.downsample.0		% of pruned neurons: 0.00%
Layer: encoder.5.1.conv1		% of pruned neurons: 0.00%
Layer: encoder.5.1.conv2		% of pruned neurons: 0.00%
Layer: encoder.5.1.conv3		% of pruned neurons: 0.00%
Layer: encoder.5.2.conv1		% of pruned neurons: 0.00%
Layer: encoder.5.2.conv2		% of pruned neurons: 0.00%
Layer: encoder.5.2.conv3		% of pruned neurons: 0.00%
Layer: encoder.5.3.conv1		% of pruned neurons: 0.00%
Layer: encoder.5.3.conv2		% of pruned neurons: 0.00%
Layer: encoder.5.3.conv3		% of pruned neurons: 0.00%
Layer: encoder.6.0.conv1		% of pruned neurons: 0.00%
Layer: encoder.6.0.conv2		% of pruned neurons: 0.00%
Layer: encoder.6.0.conv3		% of pruned neurons: 0.00%
Layer: encoder.6.0.downsample.0		% of pruned neurons: 0.00%
Layer: encoder.6.1.conv1		% of pruned neurons: 0.00%
Layer: encoder.6.1.conv2		% of pruned neurons: 0.00%
Layer: encoder.6.1.conv3		% of pruned neurons: 0.00%
Layer: encoder.6.2.conv1		% of pruned neurons: 0.00%
Layer: encoder.6.2.conv2		% of pruned neurons: 0.00%
Layer: encoder.6.2.conv3		% of pruned neurons: 0.00%
Layer: encoder.6.3.conv1		% of pruned neurons: 0.00%
Layer: encoder.6.3.conv2		% of pruned neurons: 0.00%
Layer: encoder.6.3.conv3		% of pruned neurons: 15.04%
Layer: encoder.6.4.conv1		% of pruned neurons: 0.00%
Layer: encoder.6.4.conv2		% of pruned neurons: 0.00%
Layer: encoder.6.4.conv3		% of pruned neurons: 84.96%
Layer: encoder.6.5.conv1		% of pruned neurons: 10.16%
Layer: encoder.6.5.conv2		% of pruned neurons: 0.00%
Layer: encoder.6.5.conv3		% of pruned neurons: 96.78%
Layer: encoder.7.0.conv1		% of pruned neurons: 100.00%
Layer: encoder.7.0.conv2		% of pruned neurons: 100.00%
Layer: encoder.7.0.conv3		% of pruned neurons: 99.46%
Layer: encoder.7.0.downsample.0		% of pruned neurons: 99.37%
Layer: encoder.7.1.conv1		% of pruned neurons: 100.00%
Layer: encoder.7.1.conv2		% of pruned neurons: 100.00%
Layer: encoder.7.1.conv3		% of pruned neurons: 99.95%
Layer: encoder.7.2.conv1		% of pruned neurons: 100.00%
Layer: encoder.7.2.conv2		% of pruned neurons: 100.00%
Layer: encoder.7.2.conv3		% of pruned neurons: 100.00%
Sending pruning mask to clients...
[INFO] Pruner and pruning mask received and stored.
[INFO] Pruner and pruning mask received and stored.
[INFO] Pruner and pruning mask received and stored.
[INFO] Pruner and pruning mask received and stored.
[INFO] Pruner and pruning mask received and stored.
[INFO] Pruner and pruning mask received and stored.
[INFO] Pruner and pruning mask received and stored.
[INFO] Pruner and pruning mask received and stored.
Epoch 1/1
----------
Prune before sending to global...
Epoch 1/1
----------
Prune before sending to global...
Epoch 1/1
----------
Prune before sending to global...
Epoch 1/1
----------
Prune before sending to global...
Epoch 1/1
----------
Prune before sending to global...
Epoch 1/1
----------
Prune before sending to global...
Epoch 1/1
----------
Prune before sending to global...
Epoch 1/1
----------
Prune before sending to global...
micro     precision: 1.0000 | recall: 0.0000 | f1-score: 0.0000 | support: 40183 | mAP: 0.3195
macro     precision: 0.0526 | recall: 0.0000 | f1-score: 0.0000 | support: 40183 | mAP: 0.2199

==================================================
ROUND 5/40
==================================================
Epoch 1/1
----------
Prune before sending to global...
Epoch 1/1
----------
Prune before sending to global...
Epoch 1/1
----------
Prune before sending to global...
Epoch 1/1
----------
Prune before sending to global...
Epoch 1/1
----------
Prune before sending to global...
Epoch 1/1
----------
Prune before sending to global...
Epoch 1/1
----------
Prune before sending to global...
Epoch 1/1
----------
Prune before sending to global...
micro     precision: 0.9016 | recall: 0.0741 | f1-score: 0.1369 | support: 40183 | mAP: 0.3841
macro     precision: 0.0475 | recall: 0.0266 | f1-score: 0.0341 | support: 40183 | mAP: 0.2944

==================================================
ROUND 6/40
==================================================
Epoch 1/1
----------
Prune before sending to global...
Epoch 1/1
----------
Prune before sending to global...
Epoch 1/1
----------
Prune before sending to global...
Epoch 1/1
----------
Prune before sending to global...
Epoch 1/1
----------
Prune before sending to global...
Epoch 1/1
----------
Prune before sending to global...
Epoch 1/1
----------
Prune before sending to global...
Epoch 1/1
----------
Prune before sending to global...
micro     precision: 0.7341 | recall: 0.1127 | f1-score: 0.1955 | support: 40183 | mAP: 0.3884
macro     precision: 0.0386 | recall: 0.0405 | f1-score: 0.0395 | support: 40183 | mAP: 0.3067

==================================================
ROUND 7/40
==================================================
Epoch 1/1
----------
Prune before sending to global...
Epoch 1/1
----------
Prune before sending to global...
Epoch 1/1
----------
Prune before sending to global...
Epoch 1/1
----------
Prune before sending to global...
Epoch 1/1
----------
Prune before sending to global...
Epoch 1/1
----------
Prune before sending to global...
Epoch 1/1
----------
Prune before sending to global...
Epoch 1/1
----------
Prune before sending to global...
micro     precision: 0.8088 | recall: 0.1037 | f1-score: 0.1838 | support: 40183 | mAP: 0.3955
macro     precision: 0.0426 | recall: 0.0373 | f1-score: 0.0397 | support: 40183 | mAP: 0.2822

==================================================
ROUND 8/40
==================================================
Epoch 1/1
----------
Prune before sending to global...
Epoch 1/1
----------
Prune before sending to global...
Epoch 1/1
----------
Prune before sending to global...
Epoch 1/1
----------
Prune before sending to global...
Epoch 1/1
----------
Prune before sending to global...
Epoch 1/1
----------
Prune before sending to global...
Epoch 1/1
----------
Prune before sending to global...
Epoch 1/1
----------
Prune before sending to global...
micro     precision: 0.7318 | recall: 0.1181 | f1-score: 0.2034 | support: 40183 | mAP: 0.4091
macro     precision: 0.0385 | recall: 0.0424 | f1-score: 0.0404 | support: 40183 | mAP: 0.2598

==================================================
ROUND 9/40
==================================================
Epoch 1/1
----------
Prune before sending to global...
Epoch 1/1
----------
Prune before sending to global...
Epoch 1/1
----------
Prune before sending to global...
Epoch 1/1
----------
Prune before sending to global...
Epoch 1/1
----------
Prune before sending to global...
Epoch 1/1
----------
Prune before sending to global...
Epoch 1/1
----------
Prune before sending to global...
Epoch 1/1
----------
Prune before sending to global...
micro     precision: 0.7418 | recall: 0.1103 | f1-score: 0.1920 | support: 40183 | mAP: 0.4610
macro     precision: 0.0390 | recall: 0.0396 | f1-score: 0.0393 | support: 40183 | mAP: 0.2936

==================================================
ROUND 10/40
==================================================
Epoch 1/1
----------
Prune before sending to global...
Epoch 1/1
----------
Prune before sending to global...
Epoch 1/1
----------
Prune before sending to global...
Epoch 1/1
----------
Prune before sending to global...
Epoch 1/1
----------
Prune before sending to global...
Epoch 1/1
----------
Prune before sending to global...
Epoch 1/1
----------
Prune before sending to global...
Epoch 1/1
----------
Prune before sending to global...
micro     precision: 0.8429 | recall: 0.1010 | f1-score: 0.1803 | support: 40183 | mAP: 0.5338
macro     precision: 0.0444 | recall: 0.0363 | f1-score: 0.0399 | support: 40183 | mAP: 0.3192

==================================================
ROUND 11/40
==================================================
Epoch 1/1
----------
Prune before sending to global...
Epoch 1/1
----------
Prune before sending to global...
Epoch 1/1
----------
Prune before sending to global...
Epoch 1/1
----------
Prune before sending to global...
Epoch 1/1
----------
Prune before sending to global...
Epoch 1/1
----------
Prune before sending to global...
Epoch 1/1
----------
Prune before sending to global...
Epoch 1/1
----------
Prune before sending to global...
micro     precision: 0.8270 | recall: 0.1051 | f1-score: 0.1866 | support: 40183 | mAP: 0.5441
macro     precision: 0.0435 | recall: 0.0378 | f1-score: 0.0404 | support: 40183 | mAP: 0.3009

==================================================
ROUND 12/40
==================================================
Epoch 1/1
----------
Prune before sending to global...
Epoch 1/1
----------
Prune before sending to global...
Epoch 1/1
----------
Prune before sending to global...
Epoch 1/1
----------
Prune before sending to global...
Epoch 1/1
----------
Prune before sending to global...
Epoch 1/1
----------
Prune before sending to global...
Epoch 1/1
----------
Prune before sending to global...
Epoch 1/1
----------
Prune before sending to global...
micro     precision: 0.9189 | recall: 0.0871 | f1-score: 0.1591 | support: 40183 | mAP: 0.5277
macro     precision: 0.0484 | recall: 0.0313 | f1-score: 0.0380 | support: 40183 | mAP: 0.3281

==================================================
ROUND 13/40
==================================================
Epoch 1/1
----------
Prune before sending to global...
Epoch 1/1
----------
Prune before sending to global...
Epoch 1/1
----------
Prune before sending to global...
Epoch 1/1
----------
Prune before sending to global...
Epoch 1/1
----------
Prune before sending to global...
Epoch 1/1
----------
Prune before sending to global...
Epoch 1/1
----------
Prune before sending to global...
Epoch 1/1
----------
Prune before sending to global...
micro     precision: 0.8393 | recall: 0.1056 | f1-score: 0.1875 | support: 40183 | mAP: 0.5882
macro     precision: 0.1494 | recall: 0.0380 | f1-score: 0.0414 | support: 40183 | mAP: 0.3281

==================================================
ROUND 14/40
==================================================
Epoch 1/1
----------
Prune before sending to global...
Epoch 1/1
----------
Prune before sending to global...
Epoch 1/1
----------
Prune before sending to global...
Epoch 1/1
----------
Prune before sending to global...
Epoch 1/1
----------
Prune before sending to global...
Epoch 1/1
----------
Prune before sending to global...
Epoch 1/1
----------
Prune before sending to global...
Epoch 1/1
----------
Prune before sending to global...
micro     precision: 0.9157 | recall: 0.1103 | f1-score: 0.1968 | support: 40183 | mAP: 0.5895
macro     precision: 0.1484 | recall: 0.0399 | f1-score: 0.0522 | support: 40183 | mAP: 0.3391

==================================================
ROUND 15/40
==================================================
Epoch 1/1
----------
Prune before sending to global...
Epoch 1/1
----------
Prune before sending to global...
Epoch 1/1
----------
Prune before sending to global...
Epoch 1/1
----------
Prune before sending to global...
Epoch 1/1
----------
Prune before sending to global...
Epoch 1/1
----------
Prune before sending to global...
Epoch 1/1
----------
Prune before sending to global...
Epoch 1/1
----------
Prune before sending to global...
micro     precision: 0.7927 | recall: 0.2440 | f1-score: 0.3732 | support: 40183 | mAP: 0.6066
macro     precision: 0.1497 | recall: 0.0907 | f1-score: 0.1053 | support: 40183 | mAP: 0.3409

==================================================
ROUND 16/40
==================================================
Epoch 1/1
----------
Prune before sending to global...
Epoch 1/1
----------
Prune before sending to global...
Epoch 1/1
----------
Prune before sending to global...
Epoch 1/1
----------
Prune before sending to global...
Epoch 1/1
----------
Prune before sending to global...
Epoch 1/1
----------
Prune before sending to global...
Epoch 1/1
----------
Prune before sending to global...
Epoch 1/1
----------
Prune before sending to global...
micro     precision: 0.8088 | recall: 0.2830 | f1-score: 0.4193 | support: 40183 | mAP: 0.5955
macro     precision: 0.2153 | recall: 0.1112 | f1-score: 0.1359 | support: 40183 | mAP: 0.3418

==================================================
ROUND 17/40
==================================================
Epoch 1/1
----------
Prune before sending to global...
Epoch 1/1
----------
Prune before sending to global...
Epoch 1/1
----------
Prune before sending to global...
Epoch 1/1
----------
Prune before sending to global...
Epoch 1/1
----------
Prune before sending to global...
Epoch 1/1
----------
Prune before sending to global...
Epoch 1/1
----------
Prune before sending to global...
Epoch 1/1
----------
Prune before sending to global...
micro     precision: 0.7957 | recall: 0.3648 | f1-score: 0.5003 | support: 40183 | mAP: 0.6285
macro     precision: 0.2094 | recall: 0.1651 | f1-score: 0.1840 | support: 40183 | mAP: 0.3510

==================================================
ROUND 18/40
==================================================
Epoch 1/1
----------
Prune before sending to global...
Epoch 1/1
----------
Prune before sending to global...
Epoch 1/1
----------
Prune before sending to global...
Epoch 1/1
----------
Prune before sending to global...
Epoch 1/1
----------
Prune before sending to global...
Epoch 1/1
----------
Prune before sending to global...
Epoch 1/1
----------
Prune before sending to global...
Epoch 1/1
----------
Prune before sending to global...
micro     precision: 0.5716 | recall: 0.3925 | f1-score: 0.4654 | support: 40183 | mAP: 0.4871
macro     precision: 0.1743 | recall: 0.1611 | f1-score: 0.1541 | support: 40183 | mAP: 0.2608

==================================================
ROUND 19/40
==================================================
Epoch 1/1
----------
Prune before sending to global...
Epoch 1/1
----------
Prune before sending to global...
Epoch 1/1
----------
Prune before sending to global...
Epoch 1/1
----------
Prune before sending to global...
Epoch 1/1
----------
Prune before sending to global...
Epoch 1/1
----------
Prune before sending to global...
Epoch 1/1
----------
Prune before sending to global...
Epoch 1/1
----------
Prune before sending to global...
micro     precision: 0.7437 | recall: 0.3579 | f1-score: 0.4832 | support: 40183 | mAP: 0.6168
macro     precision: 0.2811 | recall: 0.1628 | f1-score: 0.1793 | support: 40183 | mAP: 0.3569

==================================================
ROUND 20/40
==================================================
Epoch 1/1
----------
Prune before sending to global...
Epoch 1/1
----------
Prune before sending to global...
Epoch 1/1
----------
Prune before sending to global...
Epoch 1/1
----------
Prune before sending to global...
Epoch 1/1
----------
Prune before sending to global...
Epoch 1/1
----------
Prune before sending to global...
Epoch 1/1
----------
Prune before sending to global...
Epoch 1/1
----------
Prune before sending to global...
micro     precision: 0.6344 | recall: 0.3798 | f1-score: 0.4751 | support: 40183 | mAP: 0.5222
macro     precision: 0.1809 | recall: 0.1594 | f1-score: 0.1638 | support: 40183 | mAP: 0.3016

==================================================
ROUND 21/40
==================================================
Epoch 1/1
----------
Prune before sending to global...
Epoch 1/1
----------
Prune before sending to global...
Epoch 1/1
----------
Prune before sending to global...
Epoch 1/1
----------
Prune before sending to global...
Epoch 1/1
----------
Prune before sending to global...
Epoch 1/1
----------
Prune before sending to global...
Epoch 1/1
----------
Prune before sending to global...
Epoch 1/1
----------
Prune before sending to global...
micro     precision: 0.7926 | recall: 0.3707 | f1-score: 0.5051 | support: 40183 | mAP: 0.6411
macro     precision: 0.3088 | recall: 0.1717 | f1-score: 0.1985 | support: 40183 | mAP: 0.3749

==================================================
ROUND 22/40
==================================================
Epoch 1/1
----------
Prune before sending to global...
Epoch 1/1
----------
Prune before sending to global...
Epoch 1/1
----------
Prune before sending to global...
Epoch 1/1
----------
Prune before sending to global...
Epoch 1/1
----------
Prune before sending to global...
Epoch 1/1
----------
Prune before sending to global...
Epoch 1/1
----------
Prune before sending to global...
Epoch 1/1
----------
Prune before sending to global...
micro     precision: 0.7763 | recall: 0.4588 | f1-score: 0.5768 | support: 40183 | mAP: 0.6554
macro     precision: 0.3314 | recall: 0.2114 | f1-score: 0.2293 | support: 40183 | mAP: 0.3687

==================================================
ROUND 23/40
==================================================
Epoch 1/1
----------
Prune before sending to global...
Epoch 1/1
----------
Prune before sending to global...
Epoch 1/1
----------
Prune before sending to global...
Epoch 1/1
----------
Prune before sending to global...
Epoch 1/1
----------
Prune before sending to global...
Epoch 1/1
----------
Prune before sending to global...
Epoch 1/1
----------
Prune before sending to global...
Epoch 1/1
----------
Prune before sending to global...
micro     precision: 0.7752 | recall: 0.4150 | f1-score: 0.5406 | support: 40183 | mAP: 0.6495
macro     precision: 0.3496 | recall: 0.1960 | f1-score: 0.2186 | support: 40183 | mAP: 0.3836

==================================================
ROUND 24/40
==================================================
Epoch 1/1
----------
Prune before sending to global...
Epoch 1/1
----------
Prune before sending to global...
Epoch 1/1
----------
Prune before sending to global...
Epoch 1/1
----------
Prune before sending to global...
Epoch 1/1
----------
Prune before sending to global...
Epoch 1/1
----------
Prune before sending to global...
Epoch 1/1
----------
Prune before sending to global...
Epoch 1/1
----------
Prune before sending to global...
micro     precision: 0.7849 | recall: 0.4423 | f1-score: 0.5658 | support: 40183 | mAP: 0.6675
macro     precision: 0.3544 | recall: 0.2080 | f1-score: 0.2330 | support: 40183 | mAP: 0.3760

==================================================
ROUND 25/40
==================================================
Epoch 1/1
----------
Prune before sending to global...
Epoch 1/1
----------
Prune before sending to global...
Epoch 1/1
----------
Prune before sending to global...
Epoch 1/1
----------
Prune before sending to global...
Epoch 1/1
----------
Prune before sending to global...
Epoch 1/1
----------
Prune before sending to global...
Epoch 1/1
----------
Prune before sending to global...
Epoch 1/1
----------
Prune before sending to global...
micro     precision: 0.7497 | recall: 0.4579 | f1-score: 0.5685 | support: 40183 | mAP: 0.6599
macro     precision: 0.3459 | recall: 0.2243 | f1-score: 0.2458 | support: 40183 | mAP: 0.3986

==================================================
ROUND 26/40
==================================================
Epoch 1/1
----------
Prune before sending to global...
Epoch 1/1
----------
Prune before sending to global...
Epoch 1/1
----------
Prune before sending to global...
Epoch 1/1
----------
Prune before sending to global...
Epoch 1/1
----------
Prune before sending to global...
Epoch 1/1
----------
Prune before sending to global...
Epoch 1/1
----------
Prune before sending to global...
Epoch 1/1
----------
Prune before sending to global...
micro     precision: 0.7121 | recall: 0.4747 | f1-score: 0.5696 | support: 40183 | mAP: 0.6696
macro     precision: 0.3447 | recall: 0.2337 | f1-score: 0.2578 | support: 40183 | mAP: 0.3822

==================================================
ROUND 27/40
==================================================
Epoch 1/1
----------
Prune before sending to global...
Epoch 1/1
----------
Prune before sending to global...
Epoch 1/1
----------
Prune before sending to global...
Epoch 1/1
----------
Prune before sending to global...
Epoch 1/1
----------
Prune before sending to global...
Epoch 1/1
----------
Prune before sending to global...
Epoch 1/1
----------
Prune before sending to global...
Epoch 1/1
----------
Prune before sending to global...
micro     precision: 0.7783 | recall: 0.4737 | f1-score: 0.5890 | support: 40183 | mAP: 0.6854
macro     precision: 0.3720 | recall: 0.2317 | f1-score: 0.2598 | support: 40183 | mAP: 0.3981

==================================================
ROUND 28/40
==================================================
Epoch 1/1
----------
Prune before sending to global...
Epoch 1/1
----------
Prune before sending to global...
Epoch 1/1
----------
Prune before sending to global...
Epoch 1/1
----------
Prune before sending to global...
Epoch 1/1
----------
Prune before sending to global...
Epoch 1/1
----------
Prune before sending to global...
Epoch 1/1
----------
Prune before sending to global...
Epoch 1/1
----------
Prune before sending to global...
micro     precision: 0.7710 | recall: 0.4558 | f1-score: 0.5729 | support: 40183 | mAP: 0.6672
macro     precision: 0.3606 | recall: 0.2187 | f1-score: 0.2373 | support: 40183 | mAP: 0.3827

==================================================
ROUND 29/40
==================================================
Epoch 1/1
----------
Prune before sending to global...
Epoch 1/1
----------
Prune before sending to global...
Epoch 1/1
----------
Prune before sending to global...
Epoch 1/1
----------
Prune before sending to global...
Epoch 1/1
----------
Prune before sending to global...
Epoch 1/1
----------
Prune before sending to global...
Epoch 1/1
----------
Prune before sending to global...
Epoch 1/1
----------
Prune before sending to global...
micro     precision: 0.7627 | recall: 0.4531 | f1-score: 0.5684 | support: 40183 | mAP: 0.6776
macro     precision: 0.4102 | recall: 0.2288 | f1-score: 0.2577 | support: 40183 | mAP: 0.3888

==================================================
ROUND 30/40
==================================================
Epoch 1/1
----------
Prune before sending to global...
Epoch 1/1
----------
Prune before sending to global...
Epoch 1/1
----------
Prune before sending to global...
Epoch 1/1
----------
Prune before sending to global...
Epoch 1/1
----------
Prune before sending to global...
Epoch 1/1
----------
Prune before sending to global...
Epoch 1/1
----------
Prune before sending to global...
Epoch 1/1
----------
Prune before sending to global...
micro     precision: 0.6962 | recall: 0.4614 | f1-score: 0.5550 | support: 40183 | mAP: 0.6632
macro     precision: 0.3988 | recall: 0.2279 | f1-score: 0.2367 | support: 40183 | mAP: 0.3832

==================================================
ROUND 31/40
==================================================
Epoch 1/1
----------
Prune before sending to global...
Epoch 1/1
----------
Prune before sending to global...
Epoch 1/1
----------
Prune before sending to global...
Epoch 1/1
----------
Prune before sending to global...
Epoch 1/1
----------
Prune before sending to global...
Epoch 1/1
----------
Prune before sending to global...
Epoch 1/1
----------
Prune before sending to global...
Epoch 1/1
----------
Prune before sending to global...
micro     precision: 0.7645 | recall: 0.4080 | f1-score: 0.5321 | support: 40183 | mAP: 0.6602
macro     precision: 0.4095 | recall: 0.2081 | f1-score: 0.2434 | support: 40183 | mAP: 0.3965

==================================================
ROUND 32/40
==================================================
Epoch 1/1
----------
Prune before sending to global...
Epoch 1/1
----------
Prune before sending to global...
Epoch 1/1
----------
Prune before sending to global...
Epoch 1/1
----------
Prune before sending to global...
Epoch 1/1
----------
Prune before sending to global...
Epoch 1/1
----------
Prune before sending to global...
Epoch 1/1
----------
Prune before sending to global...
Epoch 1/1
----------
Prune before sending to global...
micro     precision: 0.7304 | recall: 0.4797 | f1-score: 0.5791 | support: 40183 | mAP: 0.6599
macro     precision: 0.4043 | recall: 0.2274 | f1-score: 0.2473 | support: 40183 | mAP: 0.3704

==================================================
ROUND 33/40
==================================================
Epoch 1/1
----------
Prune before sending to global...
Epoch 1/1
----------
Prune before sending to global...
Epoch 1/1
----------
Prune before sending to global...
Epoch 1/1
----------
Prune before sending to global...
Epoch 1/1
----------
Prune before sending to global...
Epoch 1/1
----------
Prune before sending to global...
Epoch 1/1
----------
Prune before sending to global...
Epoch 1/1
----------
Prune before sending to global...
micro     precision: 0.7033 | recall: 0.4937 | f1-score: 0.5801 | support: 40183 | mAP: 0.6773
macro     precision: 0.3910 | recall: 0.2469 | f1-score: 0.2625 | support: 40183 | mAP: 0.4085

==================================================
ROUND 34/40
==================================================
Epoch 1/1
----------
Prune before sending to global...
Epoch 1/1
----------
Prune before sending to global...
Epoch 1/1
----------
Prune before sending to global...
Epoch 1/1
----------
Prune before sending to global...
Epoch 1/1
----------
Prune before sending to global...
Epoch 1/1
----------
Prune before sending to global...
Epoch 1/1
----------
Prune before sending to global...
Epoch 1/1
----------
Prune before sending to global...
micro     precision: 0.7417 | recall: 0.4911 | f1-score: 0.5909 | support: 40183 | mAP: 0.6811
macro     precision: 0.3892 | recall: 0.2443 | f1-score: 0.2651 | support: 40183 | mAP: 0.3909

==================================================
ROUND 35/40
==================================================
Epoch 1/1
----------
Prune before sending to global...
Epoch 1/1
----------
Prune before sending to global...
Epoch 1/1
----------
Prune before sending to global...
Epoch 1/1
----------
Prune before sending to global...
Epoch 1/1
----------
Prune before sending to global...
Epoch 1/1
----------
Prune before sending to global...
Epoch 1/1
----------
Prune before sending to global...
Epoch 1/1
----------
Prune before sending to global...
micro     precision: 0.7302 | recall: 0.4909 | f1-score: 0.5871 | support: 40183 | mAP: 0.6809
macro     precision: 0.3864 | recall: 0.2432 | f1-score: 0.2629 | support: 40183 | mAP: 0.3989

==================================================
ROUND 36/40
==================================================
Epoch 1/1
----------
Prune before sending to global...
Epoch 1/1
----------
Prune before sending to global...
Epoch 1/1
----------
Prune before sending to global...
Epoch 1/1
----------
Prune before sending to global...
Epoch 1/1
----------
Prune before sending to global...
Epoch 1/1
----------
Prune before sending to global...
Epoch 1/1
----------
Prune before sending to global...
Epoch 1/1
----------
Prune before sending to global...
micro     precision: 0.7071 | recall: 0.4958 | f1-score: 0.5829 | support: 40183 | mAP: 0.6800
macro     precision: 0.3840 | recall: 0.2497 | f1-score: 0.2643 | support: 40183 | mAP: 0.4029

==================================================
ROUND 37/40
==================================================
Epoch 1/1
----------
Prune before sending to global...
Epoch 1/1
----------
Prune before sending to global...
Epoch 1/1
----------
Prune before sending to global...
Epoch 1/1
----------
Prune before sending to global...
Epoch 1/1
----------
Prune before sending to global...
Epoch 1/1
----------
Prune before sending to global...
Epoch 1/1
----------
Prune before sending to global...
Epoch 1/1
----------
Prune before sending to global...
micro     precision: 0.7664 | recall: 0.4803 | f1-score: 0.5905 | support: 40183 | mAP: 0.6904
macro     precision: 0.4087 | recall: 0.2303 | f1-score: 0.2519 | support: 40183 | mAP: 0.3964

==================================================
ROUND 38/40
==================================================
Epoch 1/1
----------
Prune before sending to global...
Epoch 1/1
----------
Prune before sending to global...
Epoch 1/1
----------
Prune before sending to global...
Epoch 1/1
----------
Prune before sending to global...
Epoch 1/1
----------
Prune before sending to global...
Epoch 1/1
----------
Prune before sending to global...
Epoch 1/1
----------
Prune before sending to global...
Epoch 1/1
----------
Prune before sending to global...
micro     precision: 0.6405 | recall: 0.4487 | f1-score: 0.5277 | support: 40183 | mAP: 0.6131
macro     precision: 0.3557 | recall: 0.2164 | f1-score: 0.2294 | support: 40183 | mAP: 0.3749

==================================================
ROUND 39/40
==================================================
Epoch 1/1
----------
Prune before sending to global...
Epoch 1/1
----------
Prune before sending to global...
Epoch 1/1
----------
Prune before sending to global...
Epoch 1/1
----------
Prune before sending to global...
Epoch 1/1
----------
Prune before sending to global...
Epoch 1/1
----------
Prune before sending to global...
Epoch 1/1
----------
Prune before sending to global...
Epoch 1/1
----------
Prune before sending to global...
micro     precision: 0.7084 | recall: 0.5070 | f1-score: 0.5910 | support: 40183 | mAP: 0.6789
macro     precision: 0.4009 | recall: 0.2518 | f1-score: 0.2638 | support: 40183 | mAP: 0.4069

==================================================
ROUND 40/40
==================================================
Epoch 1/1
----------
Prune before sending to global...
Epoch 1/1
----------
Prune before sending to global...
Epoch 1/1
----------
Prune before sending to global...
Epoch 1/1
----------
Prune before sending to global...
Epoch 1/1
----------
Prune before sending to global...
Epoch 1/1
----------
Prune before sending to global...
Epoch 1/1
----------
Prune before sending to global...
Epoch 1/1
----------
Prune before sending to global...
micro     precision: 0.7285 | recall: 0.4903 | f1-score: 0.5861 | support: 40183 | mAP: 0.6877
macro     precision: 0.3911 | recall: 0.2483 | f1-score: 0.2691 | support: 40183 | mAP: 0.4007

[{'0': {'precision': [], 'recall': [], 'f1-score': [], 'support': []}, '1': {'precision': [], 'recall': [], 'f1-score': [], 'support': []}, '2': {'precision': [], 'recall': [], 'f1-score': [], 'support': []}, '3': {'precision': [], 'recall': [], 'f1-score': [], 'support': []}, '4': {'precision': [], 'recall': [], 'f1-score': [], 'support': []}, '5': {'precision': [], 'recall': [], 'f1-score': [], 'support': []}, '6': {'precision': [], 'recall': [], 'f1-score': [], 'support': []}, '7': {'precision': [], 'recall': [], 'f1-score': [], 'support': []}, '8': {'precision': [], 'recall': [], 'f1-score': [], 'support': []}, '9': {'precision': [], 'recall': [], 'f1-score': [], 'support': []}, '10': {'precision': [], 'recall': [], 'f1-score': [], 'support': []}, '11': {'precision': [], 'recall': [], 'f1-score': [], 'support': []}, '12': {'precision': [], 'recall': [], 'f1-score': [], 'support': []}, '13': {'precision': [], 'recall': [], 'f1-score': [], 'support': []}, '14': {'precision': [], 'recall': [], 'f1-score': [], 'support': []}, '15': {'precision': [], 'recall': [], 'f1-score': [], 'support': []}, '16': {'precision': [], 'recall': [], 'f1-score': [], 'support': []}, '17': {'precision': [], 'recall': [], 'f1-score': [], 'support': []}, '18': {'precision': [], 'recall': [], 'f1-score': [], 'support': []}, 'micro avg': {'precision': [], 'recall': [], 'f1-score': [], 'support': []}, 'macro avg': {'precision': [], 'recall': [], 'f1-score': [], 'support': []}, 'weighted avg': {'precision': [], 'recall': [], 'f1-score': [], 'support': []}, 'ap_mic': [], 'ap_mac': []}, {'0': {'precision': [], 'recall': [], 'f1-score': [], 'support': []}, '1': {'precision': [], 'recall': [], 'f1-score': [], 'support': []}, '2': {'precision': [], 'recall': [], 'f1-score': [], 'support': []}, '3': {'precision': [], 'recall': [], 'f1-score': [], 'support': []}, '4': {'precision': [], 'recall': [], 'f1-score': [], 'support': []}, '5': {'precision': [], 'recall': [], 'f1-score': [], 'support': []}, '6': {'precision': [], 'recall': [], 'f1-score': [], 'support': []}, '7': {'precision': [], 'recall': [], 'f1-score': [], 'support': []}, '8': {'precision': [], 'recall': [], 'f1-score': [], 'support': []}, '9': {'precision': [], 'recall': [], 'f1-score': [], 'support': []}, '10': {'precision': [], 'recall': [], 'f1-score': [], 'support': []}, '11': {'precision': [], 'recall': [], 'f1-score': [], 'support': []}, '12': {'precision': [], 'recall': [], 'f1-score': [], 'support': []}, '13': {'precision': [], 'recall': [], 'f1-score': [], 'support': []}, '14': {'precision': [], 'recall': [], 'f1-score': [], 'support': []}, '15': {'precision': [], 'recall': [], 'f1-score': [], 'support': []}, '16': {'precision': [], 'recall': [], 'f1-score': [], 'support': []}, '17': {'precision': [], 'recall': [], 'f1-score': [], 'support': []}, '18': {'precision': [], 'recall': [], 'f1-score': [], 'support': []}, 'micro avg': {'precision': [], 'recall': [], 'f1-score': [], 'support': []}, 'macro avg': {'precision': [], 'recall': [], 'f1-score': [], 'support': []}, 'weighted avg': {'precision': [], 'recall': [], 'f1-score': [], 'support': []}, 'ap_mic': [], 'ap_mac': []}, {'0': {'precision': [], 'recall': [], 'f1-score': [], 'support': []}, '1': {'precision': [], 'recall': [], 'f1-score': [], 'support': []}, '2': {'precision': [], 'recall': [], 'f1-score': [], 'support': []}, '3': {'precision': [], 'recall': [], 'f1-score': [], 'support': []}, '4': {'precision': [], 'recall': [], 'f1-score': [], 'support': []}, '5': {'precision': [], 'recall': [], 'f1-score': [], 'support': []}, '6': {'precision': [], 'recall': [], 'f1-score': [], 'support': []}, '7': {'precision': [], 'recall': [], 'f1-score': [], 'support': []}, '8': {'precision': [], 'recall': [], 'f1-score': [], 'support': []}, '9': {'precision': [], 'recall': [], 'f1-score': [], 'support': []}, '10': {'precision': [], 'recall': [], 'f1-score': [], 'support': []}, '11': {'precision': [], 'recall': [], 'f1-score': [], 'support': []}, '12': {'precision': [], 'recall': [], 'f1-score': [], 'support': []}, '13': {'precision': [], 'recall': [], 'f1-score': [], 'support': []}, '14': {'precision': [], 'recall': [], 'f1-score': [], 'support': []}, '15': {'precision': [], 'recall': [], 'f1-score': [], 'support': []}, '16': {'precision': [], 'recall': [], 'f1-score': [], 'support': []}, '17': {'precision': [], 'recall': [], 'f1-score': [], 'support': []}, '18': {'precision': [], 'recall': [], 'f1-score': [], 'support': []}, 'micro avg': {'precision': [], 'recall': [], 'f1-score': [], 'support': []}, 'macro avg': {'precision': [], 'recall': [], 'f1-score': [], 'support': []}, 'weighted avg': {'precision': [], 'recall': [], 'f1-score': [], 'support': []}, 'ap_mic': [], 'ap_mac': []}, {'0': {'precision': [], 'recall': [], 'f1-score': [], 'support': []}, '1': {'precision': [], 'recall': [], 'f1-score': [], 'support': []}, '2': {'precision': [], 'recall': [], 'f1-score': [], 'support': []}, '3': {'precision': [], 'recall': [], 'f1-score': [], 'support': []}, '4': {'precision': [], 'recall': [], 'f1-score': [], 'support': []}, '5': {'precision': [], 'recall': [], 'f1-score': [], 'support': []}, '6': {'precision': [], 'recall': [], 'f1-score': [], 'support': []}, '7': {'precision': [], 'recall': [], 'f1-score': [], 'support': []}, '8': {'precision': [], 'recall': [], 'f1-score': [], 'support': []}, '9': {'precision': [], 'recall': [], 'f1-score': [], 'support': []}, '10': {'precision': [], 'recall': [], 'f1-score': [], 'support': []}, '11': {'precision': [], 'recall': [], 'f1-score': [], 'support': []}, '12': {'precision': [], 'recall': [], 'f1-score': [], 'support': []}, '13': {'precision': [], 'recall': [], 'f1-score': [], 'support': []}, '14': {'precision': [], 'recall': [], 'f1-score': [], 'support': []}, '15': {'precision': [], 'recall': [], 'f1-score': [], 'support': []}, '16': {'precision': [], 'recall': [], 'f1-score': [], 'support': []}, '17': {'precision': [], 'recall': [], 'f1-score': [], 'support': []}, '18': {'precision': [], 'recall': [], 'f1-score': [], 'support': []}, 'micro avg': {'precision': [], 'recall': [], 'f1-score': [], 'support': []}, 'macro avg': {'precision': [], 'recall': [], 'f1-score': [], 'support': []}, 'weighted avg': {'precision': [], 'recall': [], 'f1-score': [], 'support': []}, 'ap_mic': [], 'ap_mac': []}, {'0': {'precision': [], 'recall': [], 'f1-score': [], 'support': []}, '1': {'precision': [], 'recall': [], 'f1-score': [], 'support': []}, '2': {'precision': [], 'recall': [], 'f1-score': [], 'support': []}, '3': {'precision': [], 'recall': [], 'f1-score': [], 'support': []}, '4': {'precision': [], 'recall': [], 'f1-score': [], 'support': []}, '5': {'precision': [], 'recall': [], 'f1-score': [], 'support': []}, '6': {'precision': [], 'recall': [], 'f1-score': [], 'support': []}, '7': {'precision': [], 'recall': [], 'f1-score': [], 'support': []}, '8': {'precision': [], 'recall': [], 'f1-score': [], 'support': []}, '9': {'precision': [], 'recall': [], 'f1-score': [], 'support': []}, '10': {'precision': [], 'recall': [], 'f1-score': [], 'support': []}, '11': {'precision': [], 'recall': [], 'f1-score': [], 'support': []}, '12': {'precision': [], 'recall': [], 'f1-score': [], 'support': []}, '13': {'precision': [], 'recall': [], 'f1-score': [], 'support': []}, '14': {'precision': [], 'recall': [], 'f1-score': [], 'support': []}, '15': {'precision': [], 'recall': [], 'f1-score': [], 'support': []}, '16': {'precision': [], 'recall': [], 'f1-score': [], 'support': []}, '17': {'precision': [], 'recall': [], 'f1-score': [], 'support': []}, '18': {'precision': [], 'recall': [], 'f1-score': [], 'support': []}, 'micro avg': {'precision': [], 'recall': [], 'f1-score': [], 'support': []}, 'macro avg': {'precision': [], 'recall': [], 'f1-score': [], 'support': []}, 'weighted avg': {'precision': [], 'recall': [], 'f1-score': [], 'support': []}, 'ap_mic': [], 'ap_mac': []}, {'0': {'precision': [], 'recall': [], 'f1-score': [], 'support': []}, '1': {'precision': [], 'recall': [], 'f1-score': [], 'support': []}, '2': {'precision': [], 'recall': [], 'f1-score': [], 'support': []}, '3': {'precision': [], 'recall': [], 'f1-score': [], 'support': []}, '4': {'precision': [], 'recall': [], 'f1-score': [], 'support': []}, '5': {'precision': [], 'recall': [], 'f1-score': [], 'support': []}, '6': {'precision': [], 'recall': [], 'f1-score': [], 'support': []}, '7': {'precision': [], 'recall': [], 'f1-score': [], 'support': []}, '8': {'precision': [], 'recall': [], 'f1-score': [], 'support': []}, '9': {'precision': [], 'recall': [], 'f1-score': [], 'support': []}, '10': {'precision': [], 'recall': [], 'f1-score': [], 'support': []}, '11': {'precision': [], 'recall': [], 'f1-score': [], 'support': []}, '12': {'precision': [], 'recall': [], 'f1-score': [], 'support': []}, '13': {'precision': [], 'recall': [], 'f1-score': [], 'support': []}, '14': {'precision': [], 'recall': [], 'f1-score': [], 'support': []}, '15': {'precision': [], 'recall': [], 'f1-score': [], 'support': []}, '16': {'precision': [], 'recall': [], 'f1-score': [], 'support': []}, '17': {'precision': [], 'recall': [], 'f1-score': [], 'support': []}, '18': {'precision': [], 'recall': [], 'f1-score': [], 'support': []}, 'micro avg': {'precision': [], 'recall': [], 'f1-score': [], 'support': []}, 'macro avg': {'precision': [], 'recall': [], 'f1-score': [], 'support': []}, 'weighted avg': {'precision': [], 'recall': [], 'f1-score': [], 'support': []}, 'ap_mic': [], 'ap_mac': []}, {'0': {'precision': [], 'recall': [], 'f1-score': [], 'support': []}, '1': {'precision': [], 'recall': [], 'f1-score': [], 'support': []}, '2': {'precision': [], 'recall': [], 'f1-score': [], 'support': []}, '3': {'precision': [], 'recall': [], 'f1-score': [], 'support': []}, '4': {'precision': [], 'recall': [], 'f1-score': [], 'support': []}, '5': {'precision': [], 'recall': [], 'f1-score': [], 'support': []}, '6': {'precision': [], 'recall': [], 'f1-score': [], 'support': []}, '7': {'precision': [], 'recall': [], 'f1-score': [], 'support': []}, '8': {'precision': [], 'recall': [], 'f1-score': [], 'support': []}, '9': {'precision': [], 'recall': [], 'f1-score': [], 'support': []}, '10': {'precision': [], 'recall': [], 'f1-score': [], 'support': []}, '11': {'precision': [], 'recall': [], 'f1-score': [], 'support': []}, '12': {'precision': [], 'recall': [], 'f1-score': [], 'support': []}, '13': {'precision': [], 'recall': [], 'f1-score': [], 'support': []}, '14': {'precision': [], 'recall': [], 'f1-score': [], 'support': []}, '15': {'precision': [], 'recall': [], 'f1-score': [], 'support': []}, '16': {'precision': [], 'recall': [], 'f1-score': [], 'support': []}, '17': {'precision': [], 'recall': [], 'f1-score': [], 'support': []}, '18': {'precision': [], 'recall': [], 'f1-score': [], 'support': []}, 'micro avg': {'precision': [], 'recall': [], 'f1-score': [], 'support': []}, 'macro avg': {'precision': [], 'recall': [], 'f1-score': [], 'support': []}, 'weighted avg': {'precision': [], 'recall': [], 'f1-score': [], 'support': []}, 'ap_mic': [], 'ap_mac': []}, {'0': {'precision': [], 'recall': [], 'f1-score': [], 'support': []}, '1': {'precision': [], 'recall': [], 'f1-score': [], 'support': []}, '2': {'precision': [], 'recall': [], 'f1-score': [], 'support': []}, '3': {'precision': [], 'recall': [], 'f1-score': [], 'support': []}, '4': {'precision': [], 'recall': [], 'f1-score': [], 'support': []}, '5': {'precision': [], 'recall': [], 'f1-score': [], 'support': []}, '6': {'precision': [], 'recall': [], 'f1-score': [], 'support': []}, '7': {'precision': [], 'recall': [], 'f1-score': [], 'support': []}, '8': {'precision': [], 'recall': [], 'f1-score': [], 'support': []}, '9': {'precision': [], 'recall': [], 'f1-score': [], 'support': []}, '10': {'precision': [], 'recall': [], 'f1-score': [], 'support': []}, '11': {'precision': [], 'recall': [], 'f1-score': [], 'support': []}, '12': {'precision': [], 'recall': [], 'f1-score': [], 'support': []}, '13': {'precision': [], 'recall': [], 'f1-score': [], 'support': []}, '14': {'precision': [], 'recall': [], 'f1-score': [], 'support': []}, '15': {'precision': [], 'recall': [], 'f1-score': [], 'support': []}, '16': {'precision': [], 'recall': [], 'f1-score': [], 'support': []}, '17': {'precision': [], 'recall': [], 'f1-score': [], 'support': []}, '18': {'precision': [], 'recall': [], 'f1-score': [], 'support': []}, 'micro avg': {'precision': [], 'recall': [], 'f1-score': [], 'support': []}, 'macro avg': {'precision': [], 'recall': [], 'f1-score': [], 'support': []}, 'weighted avg': {'precision': [], 'recall': [], 'f1-score': [], 'support': []}, 'ap_mic': [], 'ap_mac': []}]
