Using device: cuda:0
Pre-filtered 30767 patches based on country and season (split ignored)
Loading BEN data for train...
    237871 patches indexed
    14805 filtered patches indexed
    14805 patches indexed considering max_len
Merged metadata with snow/cloud metadata
Loaded 549488 labels
Loaded 549488 keys
Loaded mapping created
Pre-filtered 30767 patches based on country and season (split ignored)
Loading BEN data for test...
    119825 patches indexed
    8209 filtered patches indexed
    8209 patches indexed considering max_len
Merged metadata with snow/cloud metadata
Loaded 549488 labels
Loaded 549488 keys
Loaded mapping created
Pre-filtered 15549 patches based on country and season (split ignored)
Loading BEN data for train...
    237871 patches indexed
    7150 filtered patches indexed
    7150 patches indexed considering max_len
Merged metadata with snow/cloud metadata
Loaded 549488 labels
Loaded 549488 keys
Loaded mapping created
Pre-filtered 15549 patches based on country and season (split ignored)
Loading BEN data for test...
    119825 patches indexed
    4263 filtered patches indexed
    4263 patches indexed considering max_len
Merged metadata with snow/cloud metadata
Loaded 549488 labels
Loaded 549488 keys
Loaded mapping created
Pre-filtered 13683 patches based on country and season (split ignored)
Loading BEN data for train...
    237871 patches indexed
    7180 filtered patches indexed
    7180 patches indexed considering max_len
Merged metadata with snow/cloud metadata
Loaded 549488 labels
Loaded 549488 keys
Loaded mapping created
Pre-filtered 13683 patches based on country and season (split ignored)
Loading BEN data for test...
    119825 patches indexed
    3248 filtered patches indexed
    3248 patches indexed considering max_len
Merged metadata with snow/cloud metadata
Loaded 549488 labels
Loaded 549488 keys
Loaded mapping created
Pre-filtered 10372 patches based on country and season (split ignored)
Loading BEN data for train...
    237871 patches indexed
    5941 filtered patches indexed
    5941 patches indexed considering max_len
Merged metadata with snow/cloud metadata
Loaded 549488 labels
Loaded 549488 keys
Loaded mapping created
Pre-filtered 10372 patches based on country and season (split ignored)
Loading BEN data for test...
    119825 patches indexed
    1871 filtered patches indexed
    1871 patches indexed considering max_len
Merged metadata with snow/cloud metadata
Loaded 549488 labels
Loaded 549488 keys
Loaded mapping created
Pre-filtered 1939 patches based on country and season (split ignored)
Loading BEN data for train...
    237871 patches indexed
    1323 filtered patches indexed
    1323 patches indexed considering max_len
Merged metadata with snow/cloud metadata
Loaded 549488 labels
Loaded 549488 keys
Loaded mapping created
Pre-filtered 1939 patches based on country and season (split ignored)
Loading BEN data for test...
    119825 patches indexed
    32 filtered patches indexed
    32 patches indexed considering max_len
Merged metadata with snow/cloud metadata
Loaded 549488 labels
Loaded 549488 keys
Loaded mapping created
Pre-filtered 8775 patches based on country and season (split ignored)
Loading BEN data for train...
    237871 patches indexed
    4206 filtered patches indexed
    4206 patches indexed considering max_len
Merged metadata with snow/cloud metadata
Loaded 549488 labels
Loaded 549488 keys
Loaded mapping created
Pre-filtered 8775 patches based on country and season (split ignored)
Loading BEN data for test...
    119825 patches indexed
    2151 filtered patches indexed
    2151 patches indexed considering max_len
Merged metadata with snow/cloud metadata
Loaded 549488 labels
Loaded 549488 keys
Loaded mapping created
Pre-filtered 16438 patches based on country and season (split ignored)
Loading BEN data for train...
    237871 patches indexed
    8037 filtered patches indexed
    8037 patches indexed considering max_len
Merged metadata with snow/cloud metadata
Loaded 549488 labels
Loaded 549488 keys
Loaded mapping created
Pre-filtered 16438 patches based on country and season (split ignored)
Loading BEN data for test...
    119825 patches indexed
    4220 filtered patches indexed
    4220 patches indexed considering max_len
Merged metadata with snow/cloud metadata
Loaded 549488 labels
Loaded 549488 keys
Loaded mapping created
Pre-filtered 4874 patches based on country and season (split ignored)
Loading BEN data for train...
    237871 patches indexed
    1692 filtered patches indexed
    1692 patches indexed considering max_len
Merged metadata with snow/cloud metadata
Loaded 549488 labels
Loaded 549488 keys
Loaded mapping created
Pre-filtered 4874 patches based on country and season (split ignored)
Loading BEN data for test...
    119825 patches indexed
    2039 filtered patches indexed
    2039 patches indexed considering max_len
Merged metadata with snow/cloud metadata
Loaded 549488 labels
Loaded 549488 keys
Loaded mapping created
Pre-filtered 59999 patches based on country and season (split ignored)
Loading BEN data for test...
    119825 patches indexed
    15720 filtered patches indexed
    15720 patches indexed considering max_len
Merged metadata with snow/cloud metadata
Loaded 549488 labels
Loaded 549488 keys
Loaded mapping created
Round 1/70
----------
Epoch 1/1
----------
Epoch 1/1
----------
Epoch 1/1
----------
Epoch 1/1
----------
Epoch 1/1
----------
Epoch 1/1
----------
Epoch 1/1
----------
Epoch 1/1
----------
micro     precision: 1.0000 | recall: 0.0001 | f1-score: 0.0001 | support: 40183 | mAP: 0.3821
macro     precision: 0.1053 | recall: 0.0001 | f1-score: 0.0001 | support: 40183 | mAP: 0.2269

Round 2/70
----------
Epoch 1/1
----------
Epoch 1/1
----------
Epoch 1/1
----------
Epoch 1/1
----------
Epoch 1/1
----------
Epoch 1/1
----------
Epoch 1/1
----------
Epoch 1/1
----------
micro     precision: 0.5621 | recall: 0.0787 | f1-score: 0.1381 | support: 40183 | mAP: 0.4146
macro     precision: 0.1532 | recall: 0.0347 | f1-score: 0.0432 | support: 40183 | mAP: 0.2890

Round 3/70
----------
Epoch 1/1
----------
Epoch 1/1
----------
Epoch 1/1
----------
Epoch 1/1
----------
Epoch 1/1
----------
Epoch 1/1
----------
Epoch 1/1
----------
Epoch 1/1
----------
micro     precision: 0.5055 | recall: 0.1392 | f1-score: 0.2183 | support: 40183 | mAP: 0.3889
macro     precision: 0.0720 | recall: 0.0502 | f1-score: 0.0354 | support: 40183 | mAP: 0.3140

Round 4/70
----------
Epoch 1/1
----------
Epoch 1/1
----------
Epoch 1/1
----------
Epoch 1/1
----------
Epoch 1/1
----------
Epoch 1/1
----------
Epoch 1/1
----------
Epoch 1/1
----------
micro     precision: 0.4413 | recall: 0.2931 | f1-score: 0.3522 | support: 40183 | mAP: 0.4337
macro     precision: 0.0747 | recall: 0.1344 | f1-score: 0.0912 | support: 40183 | mAP: 0.3224

Round 5/70
----------
Epoch 1/1
----------
Epoch 1/1
----------
Epoch 1/1
----------
Epoch 1/1
----------
Epoch 1/1
----------
Epoch 1/1
----------
Epoch 1/1
----------
Epoch 1/1
----------
micro     precision: 0.5127 | recall: 0.2849 | f1-score: 0.3663 | support: 40183 | mAP: 0.4786
macro     precision: 0.2159 | recall: 0.1285 | f1-score: 0.1193 | support: 40183 | mAP: 0.3486

Round 6/70
----------
Epoch 1/1
----------
Epoch 1/1
----------
Epoch 1/1
----------
Epoch 1/1
----------
Epoch 1/1
----------
Epoch 1/1
----------
Epoch 1/1
----------
Epoch 1/1
----------
micro     precision: 0.5271 | recall: 0.3131 | f1-score: 0.3928 | support: 40183 | mAP: 0.4372
macro     precision: 0.2131 | recall: 0.1462 | f1-score: 0.1242 | support: 40183 | mAP: 0.3080

Round 7/70
----------
Epoch 1/1
----------
Epoch 1/1
----------
Epoch 1/1
----------
Epoch 1/1
----------
Epoch 1/1
----------
Epoch 1/1
----------
Epoch 1/1
----------
Epoch 1/1
----------
micro     precision: 0.4778 | recall: 0.3708 | f1-score: 0.4176 | support: 40183 | mAP: 0.4110
macro     precision: 0.2825 | recall: 0.1910 | f1-score: 0.1732 | support: 40183 | mAP: 0.3360

Round 8/70
----------
Epoch 1/1
----------
Epoch 1/1
----------
Epoch 1/1
----------
Epoch 1/1
----------
Epoch 1/1
----------
Epoch 1/1
----------
Epoch 1/1
----------
Epoch 1/1
----------
micro     precision: 0.4763 | recall: 0.2995 | f1-score: 0.3677 | support: 40183 | mAP: 0.4941
macro     precision: 0.2296 | recall: 0.1331 | f1-score: 0.0998 | support: 40183 | mAP: 0.3513

Round 9/70
----------
Epoch 1/1
----------
Epoch 1/1
----------
Epoch 1/1
----------
Epoch 1/1
----------
Epoch 1/1
----------
Epoch 1/1
----------
Epoch 1/1
----------
Epoch 1/1
----------
micro     precision: 0.6691 | recall: 0.5608 | f1-score: 0.6102 | support: 40183 | mAP: 0.6352
macro     precision: 0.3409 | recall: 0.2762 | f1-score: 0.2711 | support: 40183 | mAP: 0.3917

Round 10/70
----------
Epoch 1/1
----------
Epoch 1/1
----------
Epoch 1/1
----------
Epoch 1/1
----------
Epoch 1/1
----------
Epoch 1/1
----------
Epoch 1/1
----------
Epoch 1/1
----------
micro     precision: 0.5387 | recall: 0.3507 | f1-score: 0.4248 | support: 40183 | mAP: 0.4811
macro     precision: 0.2525 | recall: 0.1588 | f1-score: 0.1608 | support: 40183 | mAP: 0.3055

Round 11/70
----------
Epoch 1/1
----------
Epoch 1/1
----------
Epoch 1/1
----------
Epoch 1/1
----------
Epoch 1/1
----------
Epoch 1/1
----------
Epoch 1/1
----------
Epoch 1/1
----------
micro     precision: 0.6185 | recall: 0.5364 | f1-score: 0.5745 | support: 40183 | mAP: 0.6485
macro     precision: 0.3878 | recall: 0.2728 | f1-score: 0.2572 | support: 40183 | mAP: 0.3885

Round 12/70
----------
Epoch 1/1
----------
Epoch 1/1
----------
Epoch 1/1
----------
Epoch 1/1
----------
Epoch 1/1
----------
Epoch 1/1
----------
Epoch 1/1
----------
Epoch 1/1
----------
micro     precision: 0.5075 | recall: 0.5806 | f1-score: 0.5416 | support: 40183 | mAP: 0.5450
macro     precision: 0.3640 | recall: 0.2852 | f1-score: 0.2496 | support: 40183 | mAP: 0.3629

Round 13/70
----------
Epoch 1/1
----------
Epoch 1/1
----------
Epoch 1/1
----------
Epoch 1/1
----------
Epoch 1/1
----------
Epoch 1/1
----------
Epoch 1/1
----------
Epoch 1/1
----------
micro     precision: 0.5983 | recall: 0.4642 | f1-score: 0.5228 | support: 40183 | mAP: 0.5845
macro     precision: 0.3308 | recall: 0.2384 | f1-score: 0.2171 | support: 40183 | mAP: 0.3616

Round 14/70
----------
Epoch 1/1
----------
Epoch 1/1
----------
Epoch 1/1
----------
Epoch 1/1
----------
Epoch 1/1
----------
Epoch 1/1
----------
Epoch 1/1
----------
Epoch 1/1
----------
micro     precision: 0.4955 | recall: 0.5094 | f1-score: 0.5023 | support: 40183 | mAP: 0.4524
macro     precision: 0.2890 | recall: 0.2327 | f1-score: 0.1928 | support: 40183 | mAP: 0.3158

Round 15/70
----------
Epoch 1/1
----------
Epoch 1/1
----------
Epoch 1/1
----------
Epoch 1/1
----------
Epoch 1/1
----------
Epoch 1/1
----------
Epoch 1/1
----------
Epoch 1/1
----------
micro     precision: 0.5779 | recall: 0.5455 | f1-score: 0.5612 | support: 40183 | mAP: 0.6137
macro     precision: 0.4213 | recall: 0.2815 | f1-score: 0.2744 | support: 40183 | mAP: 0.3938

Round 16/70
----------
Epoch 1/1
----------
Epoch 1/1
----------
Epoch 1/1
----------
Epoch 1/1
----------
Epoch 1/1
----------
Epoch 1/1
----------
Epoch 1/1
----------
Epoch 1/1
----------
micro     precision: 0.5090 | recall: 0.5698 | f1-score: 0.5377 | support: 40183 | mAP: 0.4630
macro     precision: 0.3757 | recall: 0.2631 | f1-score: 0.2173 | support: 40183 | mAP: 0.3209

Round 17/70
----------
Epoch 1/1
----------
Epoch 1/1
----------
Epoch 1/1
----------
Epoch 1/1
----------
Epoch 1/1
----------
Epoch 1/1
----------
Epoch 1/1
----------
Epoch 1/1
----------
micro     precision: 0.7016 | recall: 0.5834 | f1-score: 0.6371 | support: 40183 | mAP: 0.6649
macro     precision: 0.5085 | recall: 0.2873 | f1-score: 0.2848 | support: 40183 | mAP: 0.4239

Round 18/70
----------
Epoch 1/1
----------
Epoch 1/1
----------
Epoch 1/1
----------
Epoch 1/1
----------
Epoch 1/1
----------
Epoch 1/1
----------
Epoch 1/1
----------
Epoch 1/1
----------
micro     precision: 0.6413 | recall: 0.5912 | f1-score: 0.6152 | support: 40183 | mAP: 0.6741
macro     precision: 0.4168 | recall: 0.2822 | f1-score: 0.2719 | support: 40183 | mAP: 0.4117

Round 19/70
----------
Epoch 1/1
----------
Epoch 1/1
----------
Epoch 1/1
----------
Epoch 1/1
----------
Epoch 1/1
----------
Epoch 1/1
----------
Epoch 1/1
----------
Epoch 1/1
----------
micro     precision: 0.7572 | recall: 0.4989 | f1-score: 0.6015 | support: 40183 | mAP: 0.6673
macro     precision: 0.4424 | recall: 0.2408 | f1-score: 0.2625 | support: 40183 | mAP: 0.4124

Round 20/70
----------
Epoch 1/1
----------
Epoch 1/1
----------
Epoch 1/1
----------
Epoch 1/1
----------
Epoch 1/1
----------
Epoch 1/1
----------
Epoch 1/1
----------
Epoch 1/1
----------
micro     precision: 0.5783 | recall: 0.4153 | f1-score: 0.4834 | support: 40183 | mAP: 0.5856
macro     precision: 0.2700 | recall: 0.2028 | f1-score: 0.1876 | support: 40183 | mAP: 0.3509

Round 21/70
----------
Epoch 1/1
----------
Epoch 1/1
----------
Epoch 1/1
----------
Epoch 1/1
----------
Epoch 1/1
----------
Epoch 1/1
----------
Epoch 1/1
----------
Epoch 1/1
----------
micro     precision: 0.7056 | recall: 0.4982 | f1-score: 0.5841 | support: 40183 | mAP: 0.6289
macro     precision: 0.4592 | recall: 0.2444 | f1-score: 0.2485 | support: 40183 | mAP: 0.3834

Round 22/70
----------
Epoch 1/1
----------
Epoch 1/1
----------
Epoch 1/1
----------
Epoch 1/1
----------
Epoch 1/1
----------
Epoch 1/1
----------
Epoch 1/1
----------
Epoch 1/1
----------
micro     precision: 0.6456 | recall: 0.4704 | f1-score: 0.5442 | support: 40183 | mAP: 0.6372
macro     precision: 0.4320 | recall: 0.2440 | f1-score: 0.2481 | support: 40183 | mAP: 0.4229

Round 23/70
----------
Epoch 1/1
----------
Epoch 1/1
----------
Epoch 1/1
----------
Epoch 1/1
----------
Epoch 1/1
----------
Epoch 1/1
----------
Epoch 1/1
----------
Epoch 1/1
----------
micro     precision: 0.7611 | recall: 0.4434 | f1-score: 0.5603 | support: 40183 | mAP: 0.6599
macro     precision: 0.4375 | recall: 0.2126 | f1-score: 0.2250 | support: 40183 | mAP: 0.3827

Round 24/70
----------
Epoch 1/1
----------
Epoch 1/1
----------
Epoch 1/1
----------
Epoch 1/1
----------
Epoch 1/1
----------
Epoch 1/1
----------
Epoch 1/1
----------
Epoch 1/1
----------
micro     precision: 0.7431 | recall: 0.5277 | f1-score: 0.6171 | support: 40183 | mAP: 0.6643
macro     precision: 0.4085 | recall: 0.2470 | f1-score: 0.2706 | support: 40183 | mAP: 0.3909

Round 25/70
----------
Epoch 1/1
----------
Epoch 1/1
----------
Epoch 1/1
----------
Epoch 1/1
----------
Epoch 1/1
----------
Epoch 1/1
----------
Epoch 1/1
----------
Epoch 1/1
----------
micro     precision: 0.7362 | recall: 0.4794 | f1-score: 0.5806 | support: 40183 | mAP: 0.6624
macro     precision: 0.4979 | recall: 0.2365 | f1-score: 0.2538 | support: 40183 | mAP: 0.3977

Round 26/70
----------
Epoch 1/1
----------
Epoch 1/1
----------
Epoch 1/1
----------
Epoch 1/1
----------
Epoch 1/1
----------
Epoch 1/1
----------
Epoch 1/1
----------
Epoch 1/1
----------
micro     precision: 0.6710 | recall: 0.5241 | f1-score: 0.5885 | support: 40183 | mAP: 0.6792
macro     precision: 0.3816 | recall: 0.2587 | f1-score: 0.2565 | support: 40183 | mAP: 0.4129

Round 27/70
----------
Epoch 1/1
----------
Epoch 1/1
----------
Epoch 1/1
----------
Epoch 1/1
----------
Epoch 1/1
----------
Epoch 1/1
----------
Epoch 1/1
----------
Epoch 1/1
----------
micro     precision: 0.7512 | recall: 0.4495 | f1-score: 0.5625 | support: 40183 | mAP: 0.6657
macro     precision: 0.5039 | recall: 0.2211 | f1-score: 0.2423 | support: 40183 | mAP: 0.3938

Round 28/70
----------
Epoch 1/1
----------
Epoch 1/1
----------
Epoch 1/1
----------
Epoch 1/1
----------
Epoch 1/1
----------
Epoch 1/1
----------
Epoch 1/1
----------
Epoch 1/1
----------
micro     precision: 0.7468 | recall: 0.4666 | f1-score: 0.5744 | support: 40183 | mAP: 0.6897
macro     precision: 0.4779 | recall: 0.2306 | f1-score: 0.2467 | support: 40183 | mAP: 0.4021

Round 29/70
----------
Epoch 1/1
----------
Epoch 1/1
----------
Epoch 1/1
----------
Epoch 1/1
----------
Epoch 1/1
----------
Epoch 1/1
----------
Epoch 1/1
----------
Epoch 1/1
----------
micro     precision: 0.7532 | recall: 0.5276 | f1-score: 0.6205 | support: 40183 | mAP: 0.7121
macro     precision: 0.4990 | recall: 0.2584 | f1-score: 0.2811 | support: 40183 | mAP: 0.4206

Round 30/70
----------
Epoch 1/1
----------
Epoch 1/1
----------
Epoch 1/1
----------
Epoch 1/1
----------
Epoch 1/1
----------
Epoch 1/1
----------
Epoch 1/1
----------
Epoch 1/1
----------
micro     precision: 0.7135 | recall: 0.5685 | f1-score: 0.6328 | support: 40183 | mAP: 0.7114
macro     precision: 0.4432 | recall: 0.2956 | f1-score: 0.3116 | support: 40183 | mAP: 0.4418

Round 31/70
----------
Epoch 1/1
----------
Epoch 1/1
----------
Epoch 1/1
----------
Epoch 1/1
----------
Epoch 1/1
----------
Epoch 1/1
----------
Epoch 1/1
----------
Epoch 1/1
----------
micro     precision: 0.7412 | recall: 0.5663 | f1-score: 0.6420 | support: 40183 | mAP: 0.7050
macro     precision: 0.5945 | recall: 0.2950 | f1-score: 0.3290 | support: 40183 | mAP: 0.4363

Round 32/70
----------
Epoch 1/1
----------
Epoch 1/1
----------
Epoch 1/1
----------
Epoch 1/1
----------
Epoch 1/1
----------
Epoch 1/1
----------
Epoch 1/1
----------
Epoch 1/1
----------
micro     precision: 0.7205 | recall: 0.4988 | f1-score: 0.5895 | support: 40183 | mAP: 0.6691
macro     precision: 0.4020 | recall: 0.2462 | f1-score: 0.2536 | support: 40183 | mAP: 0.4301

Round 33/70
----------
Epoch 1/1
----------
Epoch 1/1
----------
Epoch 1/1
----------
Epoch 1/1
----------
Epoch 1/1
----------
Epoch 1/1
----------
Epoch 1/1
----------
Epoch 1/1
----------
micro     precision: 0.7617 | recall: 0.5686 | f1-score: 0.6511 | support: 40183 | mAP: 0.7200
macro     precision: 0.5644 | recall: 0.2872 | f1-score: 0.3149 | support: 40183 | mAP: 0.4394

Round 34/70
----------
Epoch 1/1
----------
Epoch 1/1
----------
Epoch 1/1
----------
Epoch 1/1
----------
Epoch 1/1
----------
Epoch 1/1
----------
Epoch 1/1
----------
Epoch 1/1
----------
micro     precision: 0.6213 | recall: 0.4648 | f1-score: 0.5318 | support: 40183 | mAP: 0.6262
macro     precision: 0.3842 | recall: 0.2337 | f1-score: 0.2420 | support: 40183 | mAP: 0.4234

Round 35/70
----------
Epoch 1/1
----------
Epoch 1/1
----------
Epoch 1/1
----------
Epoch 1/1
----------
Epoch 1/1
----------
Epoch 1/1
----------
Epoch 1/1
----------
Epoch 1/1
----------
micro     precision: 0.7918 | recall: 0.4557 | f1-score: 0.5785 | support: 40183 | mAP: 0.6809
macro     precision: 0.4967 | recall: 0.2230 | f1-score: 0.2541 | support: 40183 | mAP: 0.4048

Round 36/70
----------
Epoch 1/1
----------
Epoch 1/1
----------
Epoch 1/1
----------
Epoch 1/1
----------
Epoch 1/1
----------
Epoch 1/1
----------
Epoch 1/1
----------
Epoch 1/1
----------
micro     precision: 0.6388 | recall: 0.5207 | f1-score: 0.5737 | support: 40183 | mAP: 0.6652
macro     precision: 0.3714 | recall: 0.2425 | f1-score: 0.2285 | support: 40183 | mAP: 0.3952

Round 37/70
----------
Epoch 1/1
----------
Epoch 1/1
----------
Epoch 1/1
----------
Epoch 1/1
----------
Epoch 1/1
----------
Epoch 1/1
----------
Epoch 1/1
----------
Epoch 1/1
----------
micro     precision: 0.7442 | recall: 0.5097 | f1-score: 0.6050 | support: 40183 | mAP: 0.6839
macro     precision: 0.5065 | recall: 0.2444 | f1-score: 0.2690 | support: 40183 | mAP: 0.4137

Round 38/70
----------
Epoch 1/1
----------
Epoch 1/1
----------
Epoch 1/1
----------
Epoch 1/1
----------
Epoch 1/1
----------
Epoch 1/1
----------
Epoch 1/1
----------
Epoch 1/1
----------
micro     precision: 0.7389 | recall: 0.4431 | f1-score: 0.5540 | support: 40183 | mAP: 0.6737
macro     precision: 0.4536 | recall: 0.2020 | f1-score: 0.2141 | support: 40183 | mAP: 0.4120

Round 39/70
----------
Epoch 1/1
----------
Epoch 1/1
----------
Epoch 1/1
----------
Epoch 1/1
----------
Epoch 1/1
----------
Epoch 1/1
----------
Epoch 1/1
----------
Epoch 1/1
----------
micro     precision: 0.7184 | recall: 0.5916 | f1-score: 0.6489 | support: 40183 | mAP: 0.7157
macro     precision: 0.5053 | recall: 0.2938 | f1-score: 0.3064 | support: 40183 | mAP: 0.4240

Round 40/70
----------
Epoch 1/1
----------
Epoch 1/1
----------
Epoch 1/1
----------
Epoch 1/1
----------
Epoch 1/1
----------
Epoch 1/1
----------
Epoch 1/1
----------
Epoch 1/1
----------
micro     precision: 0.6848 | recall: 0.5173 | f1-score: 0.5894 | support: 40183 | mAP: 0.6247
macro     precision: 0.4216 | recall: 0.2568 | f1-score: 0.2788 | support: 40183 | mAP: 0.3973

Round 41/70
----------
Epoch 1/1
----------
Epoch 1/1
----------
Epoch 1/1
----------
Epoch 1/1
----------
Epoch 1/1
----------
Epoch 1/1
----------
Epoch 1/1
----------
Epoch 1/1
----------
micro     precision: 0.7707 | recall: 0.4428 | f1-score: 0.5625 | support: 40183 | mAP: 0.6846
macro     precision: 0.5003 | recall: 0.2256 | f1-score: 0.2549 | support: 40183 | mAP: 0.4133

Round 42/70
----------
Epoch 1/1
----------
Epoch 1/1
----------
Epoch 1/1
----------
Epoch 1/1
----------
Epoch 1/1
----------
Epoch 1/1
----------
Epoch 1/1
----------
Epoch 1/1
----------
micro     precision: 0.7631 | recall: 0.4652 | f1-score: 0.5780 | support: 40183 | mAP: 0.6629
macro     precision: 0.4344 | recall: 0.2272 | f1-score: 0.2510 | support: 40183 | mAP: 0.3837

Round 43/70
----------
Epoch 1/1
----------
Epoch 1/1
----------
Epoch 1/1
----------
Epoch 1/1
----------
Epoch 1/1
----------
Epoch 1/1
----------
Epoch 1/1
----------
Epoch 1/1
----------
micro     precision: 0.7731 | recall: 0.5432 | f1-score: 0.6380 | support: 40183 | mAP: 0.7202
macro     precision: 0.5330 | recall: 0.2715 | f1-score: 0.3054 | support: 40183 | mAP: 0.4230

Round 44/70
----------
Epoch 1/1
----------
Epoch 1/1
----------
Epoch 1/1
----------
Epoch 1/1
----------
Epoch 1/1
----------
Epoch 1/1
----------
Epoch 1/1
----------
Epoch 1/1
----------
micro     precision: 0.7043 | recall: 0.4878 | f1-score: 0.5764 | support: 40183 | mAP: 0.6493
macro     precision: 0.4466 | recall: 0.2406 | f1-score: 0.2619 | support: 40183 | mAP: 0.3956

Round 45/70
----------
Epoch 1/1
----------
Epoch 1/1
----------
Epoch 1/1
----------
Epoch 1/1
----------
Epoch 1/1
----------
Epoch 1/1
----------
Epoch 1/1
----------
Epoch 1/1
----------
micro     precision: 0.6697 | recall: 0.5383 | f1-score: 0.5969 | support: 40183 | mAP: 0.6713
macro     precision: 0.4816 | recall: 0.3116 | f1-score: 0.3173 | support: 40183 | mAP: 0.4274

Round 46/70
----------
Epoch 1/1
----------
Epoch 1/1
----------
Epoch 1/1
----------
Epoch 1/1
----------
Epoch 1/1
----------
Epoch 1/1
----------
Epoch 1/1
----------
Epoch 1/1
----------
micro     precision: 0.7701 | recall: 0.4702 | f1-score: 0.5839 | support: 40183 | mAP: 0.7028
macro     precision: 0.5043 | recall: 0.2386 | f1-score: 0.2716 | support: 40183 | mAP: 0.4075

Round 47/70
----------
Epoch 1/1
----------
Epoch 1/1
----------
Epoch 1/1
----------
Epoch 1/1
----------
Epoch 1/1
----------
Epoch 1/1
----------
Epoch 1/1
----------
Epoch 1/1
----------
micro     precision: 0.7394 | recall: 0.5289 | f1-score: 0.6167 | support: 40183 | mAP: 0.7171
macro     precision: 0.5084 | recall: 0.2609 | f1-score: 0.2775 | support: 40183 | mAP: 0.4138

Round 48/70
----------
Epoch 1/1
----------
Epoch 1/1
----------
Epoch 1/1
----------
Epoch 1/1
----------
Epoch 1/1
----------
Epoch 1/1
----------
Epoch 1/1
----------
Epoch 1/1
----------
micro     precision: 0.7241 | recall: 0.5228 | f1-score: 0.6072 | support: 40183 | mAP: 0.6871
macro     precision: 0.4533 | recall: 0.2508 | f1-score: 0.2726 | support: 40183 | mAP: 0.4041

Round 49/70
----------
Epoch 1/1
----------
Epoch 1/1
----------
Epoch 1/1
----------
Epoch 1/1
----------
Epoch 1/1
----------
Epoch 1/1
----------
Epoch 1/1
----------
Epoch 1/1
----------
micro     precision: 0.7316 | recall: 0.5082 | f1-score: 0.5998 | support: 40183 | mAP: 0.6818
macro     precision: 0.4592 | recall: 0.2364 | f1-score: 0.2578 | support: 40183 | mAP: 0.3815

Round 50/70
----------
Epoch 1/1
----------
Epoch 1/1
----------
Epoch 1/1
----------
Epoch 1/1
----------
Epoch 1/1
----------
Epoch 1/1
----------
Epoch 1/1
----------
Epoch 1/1
----------
micro     precision: 0.7055 | recall: 0.5287 | f1-score: 0.6044 | support: 40183 | mAP: 0.7110
macro     precision: 0.5000 | recall: 0.2802 | f1-score: 0.3013 | support: 40183 | mAP: 0.4286

Round 51/70
----------
Epoch 1/1
----------
Epoch 1/1
----------
Epoch 1/1
----------
Epoch 1/1
----------
Epoch 1/1
----------
Epoch 1/1
----------
Epoch 1/1
----------
Epoch 1/1
----------
micro     precision: 0.6440 | recall: 0.4412 | f1-score: 0.5236 | support: 40183 | mAP: 0.6218
macro     precision: 0.4993 | recall: 0.2246 | f1-score: 0.2404 | support: 40183 | mAP: 0.3963

Round 52/70
----------
Epoch 1/1
----------
Epoch 1/1
----------
Epoch 1/1
----------
Epoch 1/1
----------
Epoch 1/1
----------
Epoch 1/1
----------
Epoch 1/1
----------
Epoch 1/1
----------
micro     precision: 0.7657 | recall: 0.5155 | f1-score: 0.6162 | support: 40183 | mAP: 0.7176
macro     precision: 0.4811 | recall: 0.2450 | f1-score: 0.2674 | support: 40183 | mAP: 0.3928

Round 53/70
----------
Epoch 1/1
----------
Epoch 1/1
----------
Epoch 1/1
----------
Epoch 1/1
----------
Epoch 1/1
----------
Epoch 1/1
----------
Epoch 1/1
----------
Epoch 1/1
----------
micro     precision: 0.7836 | recall: 0.5044 | f1-score: 0.6138 | support: 40183 | mAP: 0.7046
macro     precision: 0.5056 | recall: 0.2489 | f1-score: 0.2884 | support: 40183 | mAP: 0.4111

Round 54/70
----------
Epoch 1/1
----------
Epoch 1/1
----------
Epoch 1/1
----------
Epoch 1/1
----------
Epoch 1/1
----------
Epoch 1/1
----------
Epoch 1/1
----------
Epoch 1/1
----------
micro     precision: 0.6789 | recall: 0.4224 | f1-score: 0.5208 | support: 40183 | mAP: 0.6361
macro     precision: 0.4467 | recall: 0.1949 | f1-score: 0.2150 | support: 40183 | mAP: 0.3787

Round 55/70
----------
Epoch 1/1
----------
Epoch 1/1
----------
Epoch 1/1
----------
Epoch 1/1
----------
Epoch 1/1
----------
Epoch 1/1
----------
Epoch 1/1
----------
Epoch 1/1
----------
micro     precision: 0.7093 | recall: 0.5164 | f1-score: 0.5977 | support: 40183 | mAP: 0.7088
macro     precision: 0.4907 | recall: 0.2680 | f1-score: 0.2984 | support: 40183 | mAP: 0.4268

Round 56/70
----------
Epoch 1/1
----------
Epoch 1/1
----------
Epoch 1/1
----------
Epoch 1/1
----------
Epoch 1/1
----------
Epoch 1/1
----------
Epoch 1/1
----------
Epoch 1/1
----------
micro     precision: 0.6941 | recall: 0.5767 | f1-score: 0.6299 | support: 40183 | mAP: 0.6984
macro     precision: 0.5583 | recall: 0.3404 | f1-score: 0.3490 | support: 40183 | mAP: 0.4463

Round 57/70
----------
Epoch 1/1
----------
Epoch 1/1
----------
Epoch 1/1
----------
Epoch 1/1
----------
Epoch 1/1
----------
Epoch 1/1
----------
Epoch 1/1
----------
Epoch 1/1
----------
micro     precision: 0.7258 | recall: 0.5338 | f1-score: 0.6152 | support: 40183 | mAP: 0.7309
macro     precision: 0.5171 | recall: 0.2899 | f1-score: 0.3222 | support: 40183 | mAP: 0.4333

Round 58/70
----------
Epoch 1/1
----------
Epoch 1/1
----------
Epoch 1/1
----------
Epoch 1/1
----------
Epoch 1/1
----------
Epoch 1/1
----------
Epoch 1/1
----------
Epoch 1/1
----------
micro     precision: 0.7490 | recall: 0.6147 | f1-score: 0.6752 | support: 40183 | mAP: 0.7376
macro     precision: 0.4942 | recall: 0.3104 | f1-score: 0.3209 | support: 40183 | mAP: 0.4329

Round 59/70
----------
Epoch 1/1
----------
Epoch 1/1
----------
Epoch 1/1
----------
Epoch 1/1
----------
Epoch 1/1
----------
Epoch 1/1
----------
Epoch 1/1
----------
Epoch 1/1
----------
micro     precision: 0.7220 | recall: 0.5668 | f1-score: 0.6351 | support: 40183 | mAP: 0.7388
macro     precision: 0.4825 | recall: 0.2793 | f1-score: 0.2946 | support: 40183 | mAP: 0.4309

Round 60/70
----------
Epoch 1/1
----------
Epoch 1/1
----------
Epoch 1/1
----------
Epoch 1/1
----------
Epoch 1/1
----------
Epoch 1/1
----------
Epoch 1/1
----------
Epoch 1/1
----------
micro     precision: 0.7405 | recall: 0.5073 | f1-score: 0.6021 | support: 40183 | mAP: 0.6945
macro     precision: 0.5573 | recall: 0.2566 | f1-score: 0.2868 | support: 40183 | mAP: 0.4214

Round 61/70
----------
Epoch 1/1
----------
Epoch 1/1
----------
Epoch 1/1
----------
Epoch 1/1
----------
Epoch 1/1
----------
Epoch 1/1
----------
Epoch 1/1
----------
Epoch 1/1
----------
micro     precision: 0.7523 | recall: 0.5025 | f1-score: 0.6025 | support: 40183 | mAP: 0.7235
macro     precision: 0.4728 | recall: 0.2608 | f1-score: 0.2978 | support: 40183 | mAP: 0.4226

Round 62/70
----------
Epoch 1/1
----------
Epoch 1/1
----------
Epoch 1/1
----------
Epoch 1/1
----------
Epoch 1/1
----------
Epoch 1/1
----------
Epoch 1/1
----------
Epoch 1/1
----------
micro     precision: 0.7079 | recall: 0.5878 | f1-score: 0.6423 | support: 40183 | mAP: 0.7307
macro     precision: 0.5344 | recall: 0.3115 | f1-score: 0.3386 | support: 40183 | mAP: 0.4310

Round 63/70
----------
Epoch 1/1
----------
Epoch 1/1
----------
Epoch 1/1
----------
Epoch 1/1
----------
Epoch 1/1
----------
Epoch 1/1
----------
Epoch 1/1
----------
Epoch 1/1
----------
micro     precision: 0.7656 | recall: 0.5661 | f1-score: 0.6509 | support: 40183 | mAP: 0.7412
macro     precision: 0.5028 | recall: 0.2938 | f1-score: 0.3307 | support: 40183 | mAP: 0.4437

Round 64/70
----------
Epoch 1/1
----------
Epoch 1/1
----------
Epoch 1/1
----------
Epoch 1/1
----------
Epoch 1/1
----------
Epoch 1/1
----------
Epoch 1/1
----------
Epoch 1/1
----------
micro     precision: 0.7224 | recall: 0.4813 | f1-score: 0.5778 | support: 40183 | mAP: 0.7071
macro     precision: 0.4727 | recall: 0.2359 | f1-score: 0.2694 | support: 40183 | mAP: 0.4011

Round 65/70
----------
Epoch 1/1
----------
Epoch 1/1
----------
Epoch 1/1
----------
Epoch 1/1
----------
Epoch 1/1
----------
Epoch 1/1
----------
Epoch 1/1
----------
Epoch 1/1
----------
micro     precision: 0.6961 | recall: 0.5543 | f1-score: 0.6172 | support: 40183 | mAP: 0.6855
macro     precision: 0.4097 | recall: 0.2805 | f1-score: 0.2863 | support: 40183 | mAP: 0.4249

Round 66/70
----------
Epoch 1/1
----------
Epoch 1/1
----------
Epoch 1/1
----------
Epoch 1/1
----------
Epoch 1/1
----------
Epoch 1/1
----------
Epoch 1/1
----------
Epoch 1/1
----------
micro     precision: 0.7200 | recall: 0.5813 | f1-score: 0.6433 | support: 40183 | mAP: 0.6928
macro     precision: 0.4687 | recall: 0.2870 | f1-score: 0.3076 | support: 40183 | mAP: 0.4136

Round 67/70
----------
Epoch 1/1
----------
Epoch 1/1
----------
Epoch 1/1
----------
Epoch 1/1
----------
Epoch 1/1
----------
Epoch 1/1
----------
Epoch 1/1
----------
Epoch 1/1
----------
micro     precision: 0.7550 | recall: 0.4844 | f1-score: 0.5902 | support: 40183 | mAP: 0.7185
macro     precision: 0.4833 | recall: 0.2475 | f1-score: 0.2827 | support: 40183 | mAP: 0.3989

Round 68/70
----------
Epoch 1/1
----------
Epoch 1/1
----------
Epoch 1/1
----------
Epoch 1/1
----------
Epoch 1/1
----------
Epoch 1/1
----------
Epoch 1/1
----------
Epoch 1/1
----------
micro     precision: 0.7628 | recall: 0.5702 | f1-score: 0.6526 | support: 40183 | mAP: 0.7520
macro     precision: 0.5868 | recall: 0.3118 | f1-score: 0.3511 | support: 40183 | mAP: 0.4372

Round 69/70
----------
Epoch 1/1
----------
Epoch 1/1
----------
Epoch 1/1
----------
Epoch 1/1
----------
Epoch 1/1
----------
Epoch 1/1
----------
Epoch 1/1
----------
Epoch 1/1
----------
micro     precision: 0.7381 | recall: 0.5487 | f1-score: 0.6294 | support: 40183 | mAP: 0.7269
macro     precision: 0.4909 | recall: 0.2763 | f1-score: 0.3084 | support: 40183 | mAP: 0.4060

Round 70/70
----------
Epoch 1/1
----------
Epoch 1/1
----------
Epoch 1/1
----------
Epoch 1/1
----------
Epoch 1/1
----------
Epoch 1/1
----------
Epoch 1/1
----------
Epoch 1/1
----------
micro     precision: 0.7160 | recall: 0.5829 | f1-score: 0.6427 | support: 40183 | mAP: 0.7143
macro     precision: 0.5290 | recall: 0.3140 | f1-score: 0.3376 | support: 40183 | mAP: 0.4312

[{'0': {'precision': [], 'recall': [], 'f1-score': [], 'support': []}, '1': {'precision': [], 'recall': [], 'f1-score': [], 'support': []}, '2': {'precision': [], 'recall': [], 'f1-score': [], 'support': []}, '3': {'precision': [], 'recall': [], 'f1-score': [], 'support': []}, '4': {'precision': [], 'recall': [], 'f1-score': [], 'support': []}, '5': {'precision': [], 'recall': [], 'f1-score': [], 'support': []}, '6': {'precision': [], 'recall': [], 'f1-score': [], 'support': []}, '7': {'precision': [], 'recall': [], 'f1-score': [], 'support': []}, '8': {'precision': [], 'recall': [], 'f1-score': [], 'support': []}, '9': {'precision': [], 'recall': [], 'f1-score': [], 'support': []}, '10': {'precision': [], 'recall': [], 'f1-score': [], 'support': []}, '11': {'precision': [], 'recall': [], 'f1-score': [], 'support': []}, '12': {'precision': [], 'recall': [], 'f1-score': [], 'support': []}, '13': {'precision': [], 'recall': [], 'f1-score': [], 'support': []}, '14': {'precision': [], 'recall': [], 'f1-score': [], 'support': []}, '15': {'precision': [], 'recall': [], 'f1-score': [], 'support': []}, '16': {'precision': [], 'recall': [], 'f1-score': [], 'support': []}, '17': {'precision': [], 'recall': [], 'f1-score': [], 'support': []}, '18': {'precision': [], 'recall': [], 'f1-score': [], 'support': []}, 'micro avg': {'precision': [], 'recall': [], 'f1-score': [], 'support': []}, 'macro avg': {'precision': [], 'recall': [], 'f1-score': [], 'support': []}, 'weighted avg': {'precision': [], 'recall': [], 'f1-score': [], 'support': []}, 'ap_mic': [], 'ap_mac': []}, {'0': {'precision': [], 'recall': [], 'f1-score': [], 'support': []}, '1': {'precision': [], 'recall': [], 'f1-score': [], 'support': []}, '2': {'precision': [], 'recall': [], 'f1-score': [], 'support': []}, '3': {'precision': [], 'recall': [], 'f1-score': [], 'support': []}, '4': {'precision': [], 'recall': [], 'f1-score': [], 'support': []}, '5': {'precision': [], 'recall': [], 'f1-score': [], 'support': []}, '6': {'precision': [], 'recall': [], 'f1-score': [], 'support': []}, '7': {'precision': [], 'recall': [], 'f1-score': [], 'support': []}, '8': {'precision': [], 'recall': [], 'f1-score': [], 'support': []}, '9': {'precision': [], 'recall': [], 'f1-score': [], 'support': []}, '10': {'precision': [], 'recall': [], 'f1-score': [], 'support': []}, '11': {'precision': [], 'recall': [], 'f1-score': [], 'support': []}, '12': {'precision': [], 'recall': [], 'f1-score': [], 'support': []}, '13': {'precision': [], 'recall': [], 'f1-score': [], 'support': []}, '14': {'precision': [], 'recall': [], 'f1-score': [], 'support': []}, '15': {'precision': [], 'recall': [], 'f1-score': [], 'support': []}, '16': {'precision': [], 'recall': [], 'f1-score': [], 'support': []}, '17': {'precision': [], 'recall': [], 'f1-score': [], 'support': []}, '18': {'precision': [], 'recall': [], 'f1-score': [], 'support': []}, 'micro avg': {'precision': [], 'recall': [], 'f1-score': [], 'support': []}, 'macro avg': {'precision': [], 'recall': [], 'f1-score': [], 'support': []}, 'weighted avg': {'precision': [], 'recall': [], 'f1-score': [], 'support': []}, 'ap_mic': [], 'ap_mac': []}, {'0': {'precision': [], 'recall': [], 'f1-score': [], 'support': []}, '1': {'precision': [], 'recall': [], 'f1-score': [], 'support': []}, '2': {'precision': [], 'recall': [], 'f1-score': [], 'support': []}, '3': {'precision': [], 'recall': [], 'f1-score': [], 'support': []}, '4': {'precision': [], 'recall': [], 'f1-score': [], 'support': []}, '5': {'precision': [], 'recall': [], 'f1-score': [], 'support': []}, '6': {'precision': [], 'recall': [], 'f1-score': [], 'support': []}, '7': {'precision': [], 'recall': [], 'f1-score': [], 'support': []}, '8': {'precision': [], 'recall': [], 'f1-score': [], 'support': []}, '9': {'precision': [], 'recall': [], 'f1-score': [], 'support': []}, '10': {'precision': [], 'recall': [], 'f1-score': [], 'support': []}, '11': {'precision': [], 'recall': [], 'f1-score': [], 'support': []}, '12': {'precision': [], 'recall': [], 'f1-score': [], 'support': []}, '13': {'precision': [], 'recall': [], 'f1-score': [], 'support': []}, '14': {'precision': [], 'recall': [], 'f1-score': [], 'support': []}, '15': {'precision': [], 'recall': [], 'f1-score': [], 'support': []}, '16': {'precision': [], 'recall': [], 'f1-score': [], 'support': []}, '17': {'precision': [], 'recall': [], 'f1-score': [], 'support': []}, '18': {'precision': [], 'recall': [], 'f1-score': [], 'support': []}, 'micro avg': {'precision': [], 'recall': [], 'f1-score': [], 'support': []}, 'macro avg': {'precision': [], 'recall': [], 'f1-score': [], 'support': []}, 'weighted avg': {'precision': [], 'recall': [], 'f1-score': [], 'support': []}, 'ap_mic': [], 'ap_mac': []}, {'0': {'precision': [], 'recall': [], 'f1-score': [], 'support': []}, '1': {'precision': [], 'recall': [], 'f1-score': [], 'support': []}, '2': {'precision': [], 'recall': [], 'f1-score': [], 'support': []}, '3': {'precision': [], 'recall': [], 'f1-score': [], 'support': []}, '4': {'precision': [], 'recall': [], 'f1-score': [], 'support': []}, '5': {'precision': [], 'recall': [], 'f1-score': [], 'support': []}, '6': {'precision': [], 'recall': [], 'f1-score': [], 'support': []}, '7': {'precision': [], 'recall': [], 'f1-score': [], 'support': []}, '8': {'precision': [], 'recall': [], 'f1-score': [], 'support': []}, '9': {'precision': [], 'recall': [], 'f1-score': [], 'support': []}, '10': {'precision': [], 'recall': [], 'f1-score': [], 'support': []}, '11': {'precision': [], 'recall': [], 'f1-score': [], 'support': []}, '12': {'precision': [], 'recall': [], 'f1-score': [], 'support': []}, '13': {'precision': [], 'recall': [], 'f1-score': [], 'support': []}, '14': {'precision': [], 'recall': [], 'f1-score': [], 'support': []}, '15': {'precision': [], 'recall': [], 'f1-score': [], 'support': []}, '16': {'precision': [], 'recall': [], 'f1-score': [], 'support': []}, '17': {'precision': [], 'recall': [], 'f1-score': [], 'support': []}, '18': {'precision': [], 'recall': [], 'f1-score': [], 'support': []}, 'micro avg': {'precision': [], 'recall': [], 'f1-score': [], 'support': []}, 'macro avg': {'precision': [], 'recall': [], 'f1-score': [], 'support': []}, 'weighted avg': {'precision': [], 'recall': [], 'f1-score': [], 'support': []}, 'ap_mic': [], 'ap_mac': []}, {'0': {'precision': [], 'recall': [], 'f1-score': [], 'support': []}, '1': {'precision': [], 'recall': [], 'f1-score': [], 'support': []}, '2': {'precision': [], 'recall': [], 'f1-score': [], 'support': []}, '3': {'precision': [], 'recall': [], 'f1-score': [], 'support': []}, '4': {'precision': [], 'recall': [], 'f1-score': [], 'support': []}, '5': {'precision': [], 'recall': [], 'f1-score': [], 'support': []}, '6': {'precision': [], 'recall': [], 'f1-score': [], 'support': []}, '7': {'precision': [], 'recall': [], 'f1-score': [], 'support': []}, '8': {'precision': [], 'recall': [], 'f1-score': [], 'support': []}, '9': {'precision': [], 'recall': [], 'f1-score': [], 'support': []}, '10': {'precision': [], 'recall': [], 'f1-score': [], 'support': []}, '11': {'precision': [], 'recall': [], 'f1-score': [], 'support': []}, '12': {'precision': [], 'recall': [], 'f1-score': [], 'support': []}, '13': {'precision': [], 'recall': [], 'f1-score': [], 'support': []}, '14': {'precision': [], 'recall': [], 'f1-score': [], 'support': []}, '15': {'precision': [], 'recall': [], 'f1-score': [], 'support': []}, '16': {'precision': [], 'recall': [], 'f1-score': [], 'support': []}, '17': {'precision': [], 'recall': [], 'f1-score': [], 'support': []}, '18': {'precision': [], 'recall': [], 'f1-score': [], 'support': []}, 'micro avg': {'precision': [], 'recall': [], 'f1-score': [], 'support': []}, 'macro avg': {'precision': [], 'recall': [], 'f1-score': [], 'support': []}, 'weighted avg': {'precision': [], 'recall': [], 'f1-score': [], 'support': []}, 'ap_mic': [], 'ap_mac': []}, {'0': {'precision': [], 'recall': [], 'f1-score': [], 'support': []}, '1': {'precision': [], 'recall': [], 'f1-score': [], 'support': []}, '2': {'precision': [], 'recall': [], 'f1-score': [], 'support': []}, '3': {'precision': [], 'recall': [], 'f1-score': [], 'support': []}, '4': {'precision': [], 'recall': [], 'f1-score': [], 'support': []}, '5': {'precision': [], 'recall': [], 'f1-score': [], 'support': []}, '6': {'precision': [], 'recall': [], 'f1-score': [], 'support': []}, '7': {'precision': [], 'recall': [], 'f1-score': [], 'support': []}, '8': {'precision': [], 'recall': [], 'f1-score': [], 'support': []}, '9': {'precision': [], 'recall': [], 'f1-score': [], 'support': []}, '10': {'precision': [], 'recall': [], 'f1-score': [], 'support': []}, '11': {'precision': [], 'recall': [], 'f1-score': [], 'support': []}, '12': {'precision': [], 'recall': [], 'f1-score': [], 'support': []}, '13': {'precision': [], 'recall': [], 'f1-score': [], 'support': []}, '14': {'precision': [], 'recall': [], 'f1-score': [], 'support': []}, '15': {'precision': [], 'recall': [], 'f1-score': [], 'support': []}, '16': {'precision': [], 'recall': [], 'f1-score': [], 'support': []}, '17': {'precision': [], 'recall': [], 'f1-score': [], 'support': []}, '18': {'precision': [], 'recall': [], 'f1-score': [], 'support': []}, 'micro avg': {'precision': [], 'recall': [], 'f1-score': [], 'support': []}, 'macro avg': {'precision': [], 'recall': [], 'f1-score': [], 'support': []}, 'weighted avg': {'precision': [], 'recall': [], 'f1-score': [], 'support': []}, 'ap_mic': [], 'ap_mac': []}, {'0': {'precision': [], 'recall': [], 'f1-score': [], 'support': []}, '1': {'precision': [], 'recall': [], 'f1-score': [], 'support': []}, '2': {'precision': [], 'recall': [], 'f1-score': [], 'support': []}, '3': {'precision': [], 'recall': [], 'f1-score': [], 'support': []}, '4': {'precision': [], 'recall': [], 'f1-score': [], 'support': []}, '5': {'precision': [], 'recall': [], 'f1-score': [], 'support': []}, '6': {'precision': [], 'recall': [], 'f1-score': [], 'support': []}, '7': {'precision': [], 'recall': [], 'f1-score': [], 'support': []}, '8': {'precision': [], 'recall': [], 'f1-score': [], 'support': []}, '9': {'precision': [], 'recall': [], 'f1-score': [], 'support': []}, '10': {'precision': [], 'recall': [], 'f1-score': [], 'support': []}, '11': {'precision': [], 'recall': [], 'f1-score': [], 'support': []}, '12': {'precision': [], 'recall': [], 'f1-score': [], 'support': []}, '13': {'precision': [], 'recall': [], 'f1-score': [], 'support': []}, '14': {'precision': [], 'recall': [], 'f1-score': [], 'support': []}, '15': {'precision': [], 'recall': [], 'f1-score': [], 'support': []}, '16': {'precision': [], 'recall': [], 'f1-score': [], 'support': []}, '17': {'precision': [], 'recall': [], 'f1-score': [], 'support': []}, '18': {'precision': [], 'recall': [], 'f1-score': [], 'support': []}, 'micro avg': {'precision': [], 'recall': [], 'f1-score': [], 'support': []}, 'macro avg': {'precision': [], 'recall': [], 'f1-score': [], 'support': []}, 'weighted avg': {'precision': [], 'recall': [], 'f1-score': [], 'support': []}, 'ap_mic': [], 'ap_mac': []}, {'0': {'precision': [], 'recall': [], 'f1-score': [], 'support': []}, '1': {'precision': [], 'recall': [], 'f1-score': [], 'support': []}, '2': {'precision': [], 'recall': [], 'f1-score': [], 'support': []}, '3': {'precision': [], 'recall': [], 'f1-score': [], 'support': []}, '4': {'precision': [], 'recall': [], 'f1-score': [], 'support': []}, '5': {'precision': [], 'recall': [], 'f1-score': [], 'support': []}, '6': {'precision': [], 'recall': [], 'f1-score': [], 'support': []}, '7': {'precision': [], 'recall': [], 'f1-score': [], 'support': []}, '8': {'precision': [], 'recall': [], 'f1-score': [], 'support': []}, '9': {'precision': [], 'recall': [], 'f1-score': [], 'support': []}, '10': {'precision': [], 'recall': [], 'f1-score': [], 'support': []}, '11': {'precision': [], 'recall': [], 'f1-score': [], 'support': []}, '12': {'precision': [], 'recall': [], 'f1-score': [], 'support': []}, '13': {'precision': [], 'recall': [], 'f1-score': [], 'support': []}, '14': {'precision': [], 'recall': [], 'f1-score': [], 'support': []}, '15': {'precision': [], 'recall': [], 'f1-score': [], 'support': []}, '16': {'precision': [], 'recall': [], 'f1-score': [], 'support': []}, '17': {'precision': [], 'recall': [], 'f1-score': [], 'support': []}, '18': {'precision': [], 'recall': [], 'f1-score': [], 'support': []}, 'micro avg': {'precision': [], 'recall': [], 'f1-score': [], 'support': []}, 'macro avg': {'precision': [], 'recall': [], 'f1-score': [], 'support': []}, 'weighted avg': {'precision': [], 'recall': [], 'f1-score': [], 'support': []}, 'ap_mic': [], 'ap_mac': []}]
