Using device: cuda:0
Pre-filtered 30767 patches based on country and season (split ignored)
Loading BEN data for train...
    237871 patches indexed
    14805 filtered patches indexed
    14805 patches indexed considering max_len
Merged metadata with snow/cloud metadata
Loaded 549488 labels
Loaded 549488 keys
Loaded mapping created
Pre-filtered 30767 patches based on country and season (split ignored)
Loading BEN data for test...
    119825 patches indexed
    8209 filtered patches indexed
    8209 patches indexed considering max_len
Merged metadata with snow/cloud metadata
Loaded 549488 labels
Loaded 549488 keys
Loaded mapping created
Pre-filtered 15549 patches based on country and season (split ignored)
Loading BEN data for train...
    237871 patches indexed
    7150 filtered patches indexed
    7150 patches indexed considering max_len
Merged metadata with snow/cloud metadata
Loaded 549488 labels
Loaded 549488 keys
Loaded mapping created
Pre-filtered 15549 patches based on country and season (split ignored)
Loading BEN data for test...
    119825 patches indexed
    4263 filtered patches indexed
    4263 patches indexed considering max_len
Merged metadata with snow/cloud metadata
Loaded 549488 labels
Loaded 549488 keys
Loaded mapping created
Pre-filtered 13683 patches based on country and season (split ignored)
Loading BEN data for train...
    237871 patches indexed
    7180 filtered patches indexed
    7180 patches indexed considering max_len
Merged metadata with snow/cloud metadata
Loaded 549488 labels
Loaded 549488 keys
Loaded mapping created
Pre-filtered 13683 patches based on country and season (split ignored)
Loading BEN data for test...
    119825 patches indexed
    3248 filtered patches indexed
    3248 patches indexed considering max_len
Merged metadata with snow/cloud metadata
Loaded 549488 labels
Loaded 549488 keys
Loaded mapping created
Pre-filtered 10372 patches based on country and season (split ignored)
Loading BEN data for train...
    237871 patches indexed
    5941 filtered patches indexed
    5941 patches indexed considering max_len
Merged metadata with snow/cloud metadata
Loaded 549488 labels
Loaded 549488 keys
Loaded mapping created
Pre-filtered 10372 patches based on country and season (split ignored)
Loading BEN data for test...
    119825 patches indexed
    1871 filtered patches indexed
    1871 patches indexed considering max_len
Merged metadata with snow/cloud metadata
Loaded 549488 labels
Loaded 549488 keys
Loaded mapping created
Pre-filtered 1939 patches based on country and season (split ignored)
Loading BEN data for train...
    237871 patches indexed
    1323 filtered patches indexed
    1323 patches indexed considering max_len
Merged metadata with snow/cloud metadata
Loaded 549488 labels
Loaded 549488 keys
Loaded mapping created
Pre-filtered 1939 patches based on country and season (split ignored)
Loading BEN data for test...
    119825 patches indexed
    32 filtered patches indexed
    32 patches indexed considering max_len
Merged metadata with snow/cloud metadata
Loaded 549488 labels
Loaded 549488 keys
Loaded mapping created
Pre-filtered 8775 patches based on country and season (split ignored)
Loading BEN data for train...
    237871 patches indexed
    4206 filtered patches indexed
    4206 patches indexed considering max_len
Merged metadata with snow/cloud metadata
Loaded 549488 labels
Loaded 549488 keys
Loaded mapping created
Pre-filtered 8775 patches based on country and season (split ignored)
Loading BEN data for test...
    119825 patches indexed
    2151 filtered patches indexed
    2151 patches indexed considering max_len
Merged metadata with snow/cloud metadata
Loaded 549488 labels
Loaded 549488 keys
Loaded mapping created
Pre-filtered 16438 patches based on country and season (split ignored)
Loading BEN data for train...
    237871 patches indexed
    8037 filtered patches indexed
    8037 patches indexed considering max_len
Merged metadata with snow/cloud metadata
Loaded 549488 labels
Loaded 549488 keys
Loaded mapping created
Pre-filtered 16438 patches based on country and season (split ignored)
Loading BEN data for test...
    119825 patches indexed
    4220 filtered patches indexed
    4220 patches indexed considering max_len
Merged metadata with snow/cloud metadata
Loaded 549488 labels
Loaded 549488 keys
Loaded mapping created
Pre-filtered 4874 patches based on country and season (split ignored)
Loading BEN data for train...
    237871 patches indexed
    1692 filtered patches indexed
    1692 patches indexed considering max_len
Merged metadata with snow/cloud metadata
Loaded 549488 labels
Loaded 549488 keys
Loaded mapping created
Pre-filtered 4874 patches based on country and season (split ignored)
Loading BEN data for test...
    119825 patches indexed
    2039 filtered patches indexed
    2039 patches indexed considering max_len
Merged metadata with snow/cloud metadata
Loaded 549488 labels
Loaded 549488 keys
Loaded mapping created
Pre-filtered 59999 patches based on country and season (split ignored)
Loading BEN data for test...
    119825 patches indexed
    15720 filtered patches indexed
    15720 patches indexed considering max_len
Merged metadata with snow/cloud metadata
Loaded 549488 labels
Loaded 549488 keys
Loaded mapping created
Pre-filtered 59999 patches based on country and season (split ignored)
Loading BEN data for train...
    237871 patches indexed
    29135 filtered patches indexed
    29135 patches indexed considering max_len
Merged metadata with snow/cloud metadata
Loaded 549488 labels
Loaded 549488 keys
Loaded mapping created
Loading BEN data for train...
    237871 patches indexed
    237871 filtered patches indexed
    237871 patches indexed considering max_len
Merged metadata with snow/cloud metadata
Loaded 549488 labels
Loaded 549488 keys
Loaded mapping created
==================================================
ROUND 1/40
==================================================
Epoch 1/1
----------
Epoch 1/1
----------
Epoch 1/1
----------
Epoch 1/1
----------
Epoch 1/1
----------
Epoch 1/1
----------
Epoch 1/1
----------
Epoch 1/1
----------
micro     precision: 1.0000 | recall: 0.0011 | f1-score: 0.0023 | support: 40183 | mAP: 0.3610
macro     precision: 0.1053 | recall: 0.0009 | f1-score: 0.0018 | support: 40183 | mAP: 0.3014

==================================================
ROUND 2/40
==================================================
Epoch 1/1
----------
Epoch 1/1
----------
Epoch 1/1
----------
Epoch 1/1
----------
Epoch 1/1
----------
Epoch 1/1
----------
Epoch 1/1
----------
Epoch 1/1
----------
micro     precision: 0.4554 | recall: 0.1787 | f1-score: 0.2566 | support: 40183 | mAP: 0.3919
macro     precision: 0.1087 | recall: 0.0921 | f1-score: 0.0824 | support: 40183 | mAP: 0.3214

==================================================
ROUND 3/40
==================================================
Epoch 1/1
----------
Epoch 1/1
----------
Epoch 1/1
----------
Epoch 1/1
----------
Epoch 1/1
----------
Epoch 1/1
----------
Epoch 1/1
----------
Epoch 1/1
----------
micro     precision: 0.5264 | recall: 0.2997 | f1-score: 0.3819 | support: 40183 | mAP: 0.4554
macro     precision: 0.1263 | recall: 0.1304 | f1-score: 0.1099 | support: 40183 | mAP: 0.3088

==================================================
ROUND 4/40
==================================================
Finale Anzahl der Pruning-Patches: 17
Anzahl eindeutiger Klassen: 18
Klassenverteilung in den Pruning-Patches (Häufigkeiten): {'Marine waters': 9, 'Transitional woodland, shrub': 7, 'Mixed forest': 7, 'Coniferous forest': 6, 'Land principally occupied by agriculture, with significant areas of natural vegetation': 2, 'Inland waters': 1, 'Broad-leaved forest': 2, 'Arable land': 4, 'Urban fabric': 1, 'Industrial or commercial units': 1, 'Coastal wetlands': 2, 'Inland wetlands': 2, 'Pastures': 4, 'Complex cultivation patterns': 1, 'Moors, heathland and sclerophyllous vegetation': 1, 'Natural grassland and sparsely vegetated areas': 1, 'Beaches, dunes, sands': 1, 'Permanent crops': 1}
[INFO] Erstelle Prune Loader...
[INFO] 12 Patches nach Filterung übrig.
[SUCCESS] Prune Loader erfolgreich erstellt.
Used Composite Rules:
low_level_hidden_layer_rule: Epsilon
mid_level_hidden_layer_rule: Gamma
high_level_hidden_layer_rule: Gamma
fully_connected_layers_rule: Epsilon
softmax_rule: Epsilon
Starting relevance computation and pruning mask generation.
Type of components_relevances: <class 'collections.OrderedDict'>
Layer: conv1
Total layer relevance: 4.6335468513066145e+23
--------------------------------------------------
Layer: encoder.4.0.conv1
Total layer relevance: 2.723191946970088e+23
--------------------------------------------------
Layer: encoder.4.0.conv2
Total layer relevance: 1.74704051076122e+23
--------------------------------------------------
Layer: encoder.4.0.conv3
Total layer relevance: 5.129309043039067e+22
--------------------------------------------------
Layer: encoder.4.0.downsample.0
Total layer relevance: 5.41900579122945e+22
--------------------------------------------------
Layer: encoder.4.1.conv1
Total layer relevance: 6.520430885897129e+21
--------------------------------------------------
Layer: encoder.4.1.conv2
Total layer relevance: 4.4439049772596535e+21
--------------------------------------------------
Layer: encoder.4.1.conv3
Total layer relevance: 6.224750148586863e+20
--------------------------------------------------
Layer: encoder.4.2.conv1
Total layer relevance: 2.4394725947001012e+19
--------------------------------------------------
Layer: encoder.4.2.conv2
Total layer relevance: 1.7390001249230782e+19
--------------------------------------------------
Layer: encoder.4.2.conv3
Total layer relevance: 3.8873019195253064e+18
--------------------------------------------------
Layer: encoder.5.0.conv1
Total layer relevance: 4.619954758185124e+17
--------------------------------------------------
Layer: encoder.5.0.conv2
Total layer relevance: 3.3625422655442125e+17
--------------------------------------------------
Layer: encoder.5.0.conv3
Total layer relevance: 7.958673183735808e+16
--------------------------------------------------
Layer: encoder.5.0.downsample.0
Total layer relevance: 8.018921266977178e+16
--------------------------------------------------
Layer: encoder.5.1.conv1
Total layer relevance: 3227339357945856.0
--------------------------------------------------
Layer: encoder.5.1.conv2
Total layer relevance: 2977248781008896.0
--------------------------------------------------
Layer: encoder.5.1.conv3
Total layer relevance: 591930916339712.0
--------------------------------------------------
Layer: encoder.5.2.conv1
Total layer relevance: 72810852515840.0
--------------------------------------------------
Layer: encoder.5.2.conv2
Total layer relevance: 68004700225536.0
--------------------------------------------------
Layer: encoder.5.2.conv3
Total layer relevance: 14305703493632.0
--------------------------------------------------
Layer: encoder.5.3.conv1
Total layer relevance: 2364868395008.0
--------------------------------------------------
Layer: encoder.5.3.conv2
Total layer relevance: 2022186024960.0
--------------------------------------------------
Layer: encoder.5.3.conv3
Total layer relevance: 328795881472.0
--------------------------------------------------
Layer: encoder.6.0.conv1
Total layer relevance: 33553383424.0
--------------------------------------------------
Layer: encoder.6.0.conv2
Total layer relevance: 38897262592.0
--------------------------------------------------
Layer: encoder.6.0.conv3
Total layer relevance: 8442908672.0
--------------------------------------------------
Layer: encoder.6.0.downsample.0
Total layer relevance: 8542529024.0
--------------------------------------------------
Layer: encoder.6.1.conv1
Total layer relevance: 713835136.0
--------------------------------------------------
Layer: encoder.6.1.conv2
Total layer relevance: 929961472.0
--------------------------------------------------
Layer: encoder.6.1.conv3
Total layer relevance: 154646528.0
--------------------------------------------------
Layer: encoder.6.2.conv1
Total layer relevance: 43146724.0
--------------------------------------------------
Layer: encoder.6.2.conv2
Total layer relevance: 67961208.0
--------------------------------------------------
Layer: encoder.6.2.conv3
Total layer relevance: 11626038.0
--------------------------------------------------
Layer: encoder.6.3.conv1
Total layer relevance: 3289932.75
--------------------------------------------------
Layer: encoder.6.3.conv2
Total layer relevance: 5984400.5
--------------------------------------------------
Layer: encoder.6.3.conv3
Total layer relevance: 1201359.75
--------------------------------------------------
Layer: encoder.6.4.conv1
Total layer relevance: 361717.625
--------------------------------------------------
Layer: encoder.6.4.conv2
Total layer relevance: 642978.375
--------------------------------------------------
Layer: encoder.6.4.conv3
Total layer relevance: 103232.734375
--------------------------------------------------
Layer: encoder.6.5.conv1
Total layer relevance: 49812.13671875
--------------------------------------------------
Layer: encoder.6.5.conv2
Total layer relevance: 96421.1875
--------------------------------------------------
Layer: encoder.6.5.conv3
Total layer relevance: 17904.23046875
--------------------------------------------------
Layer: encoder.7.0.conv1
Total layer relevance: 4879.7861328125
--------------------------------------------------
Layer: encoder.7.0.conv2
Total layer relevance: 21470.525390625
--------------------------------------------------
Layer: encoder.7.0.conv3
Total layer relevance: 6586.7724609375
--------------------------------------------------
Layer: encoder.7.0.downsample.0
Total layer relevance: 7766.9599609375
--------------------------------------------------
Layer: encoder.7.1.conv1
Total layer relevance: 1537.5439453125
--------------------------------------------------
Layer: encoder.7.1.conv2
Total layer relevance: 6416.39453125
--------------------------------------------------
Layer: encoder.7.1.conv3
Total layer relevance: 2596.0732421875
--------------------------------------------------
Layer: encoder.7.2.conv1
Total layer relevance: 1303.243408203125
--------------------------------------------------
Layer: encoder.7.2.conv2
Total layer relevance: 4624.9375
--------------------------------------------------
Layer: encoder.7.2.conv3
Total layer relevance: 1840.10791015625
--------------------------------------------------
Minimal retained neurons per layer:  0.040000000000000036
--------------------------------------------------
Global Pruning Mask
Pruning-rate: 0.98
Layer: conv1           Pruned: 0          Percentage: 0.00%
Layer: encoder.4.0.conv1 Pruned: 0          Percentage: 0.00%
Layer: encoder.4.0.conv2 Pruned: 0          Percentage: 0.00%
Layer: encoder.4.0.conv3 Pruned: 8710       Percentage: 52.34%
Layer: encoder.4.0.downsample.0 Pruned: 7410       Percentage: 44.53%
Layer: encoder.4.1.conv1 Pruned: 5397       Percentage: 32.81%
Layer: encoder.4.1.conv2 Pruned: 18464      Percentage: 50.00%
Layer: encoder.4.1.conv3 Pruned: 15925      Percentage: 95.70%
Layer: encoder.4.2.conv1 Pruned: 15677      Percentage: 95.31%
Layer: encoder.4.2.conv2 Pruned: 35197      Percentage: 95.31%
Layer: encoder.4.2.conv3 Pruned: 15925      Percentage: 95.70%
Layer: encoder.5.0.conv1 Pruned: 31354      Percentage: 95.31%
Layer: encoder.5.0.conv2 Pruned: 140666     Percentage: 95.31%
Layer: encoder.5.0.conv3 Pruned: 63339      Percentage: 95.90%
Layer: encoder.5.0.downsample.0 Pruned: 126187     Percentage: 95.90%
Layer: encoder.5.1.conv1 Pruned: 62586      Percentage: 95.31%
Layer: encoder.5.1.conv2 Pruned: 140666     Percentage: 95.31%
Layer: encoder.5.1.conv3 Pruned: 63339      Percentage: 95.90%
Layer: encoder.5.2.conv1 Pruned: 62586      Percentage: 95.31%
Layer: encoder.5.2.conv2 Pruned: 140666     Percentage: 95.31%
Layer: encoder.5.2.conv3 Pruned: 63339      Percentage: 95.90%
Layer: encoder.5.3.conv1 Pruned: 62586      Percentage: 95.31%
Layer: encoder.5.3.conv2 Pruned: 140666     Percentage: 95.31%
Layer: encoder.5.3.conv3 Pruned: 63339      Percentage: 95.90%
Layer: encoder.6.0.conv1 Pruned: 125685     Percentage: 95.70%
Layer: encoder.6.0.conv2 Pruned: 564725     Percentage: 95.70%
Layer: encoder.6.0.conv3 Pruned: 252631     Percentage: 96.00%
Layer: encoder.6.0.downsample.0 Pruned: 504279     Percentage: 96.00%
Layer: encoder.6.1.conv1 Pruned: 251125     Percentage: 95.70%
Layer: encoder.6.1.conv2 Pruned: 564725     Percentage: 95.70%
Layer: encoder.6.1.conv3 Pruned: 252631     Percentage: 96.00%
Layer: encoder.6.2.conv1 Pruned: 251125     Percentage: 95.70%
Layer: encoder.6.2.conv2 Pruned: 564725     Percentage: 95.70%
Layer: encoder.6.2.conv3 Pruned: 252631     Percentage: 96.00%
Layer: encoder.6.3.conv1 Pruned: 251125     Percentage: 95.70%
Layer: encoder.6.3.conv2 Pruned: 564725     Percentage: 95.70%
Layer: encoder.6.3.conv3 Pruned: 252631     Percentage: 96.00%
Layer: encoder.6.4.conv1 Pruned: 251125     Percentage: 95.70%
Layer: encoder.6.4.conv2 Pruned: 564725     Percentage: 95.70%
Layer: encoder.6.4.conv3 Pruned: 252631     Percentage: 96.00%
Layer: encoder.6.5.conv1 Pruned: 251125     Percentage: 95.70%
Layer: encoder.6.5.conv2 Pruned: 564725     Percentage: 95.70%
Layer: encoder.6.5.conv3 Pruned: 252631     Percentage: 96.00%
Layer: encoder.7.0.conv1 Pruned: 503275     Percentage: 95.90%
Layer: encoder.7.0.conv2 Pruned: 2263019    Percentage: 95.90%
Layer: encoder.7.0.conv3 Pruned: 1008558    Percentage: 96.00%
Layer: encoder.7.0.downsample.0 Pruned: 2015150    Percentage: 96.00%
Layer: encoder.7.1.conv1 Pruned: 1006059    Percentage: 95.90%
Layer: encoder.7.1.conv2 Pruned: 2263019    Percentage: 95.90%
Layer: encoder.7.1.conv3 Pruned: 1008558    Percentage: 96.00%
Layer: encoder.7.2.conv1 Pruned: 1006059    Percentage: 95.90%
Layer: encoder.7.2.conv2 Pruned: 2263019    Percentage: 95.90%
Layer: encoder.7.2.conv3 Pruned: 1008558    Percentage: 96.00%
Overall Percentage of pruned neurons across all layers: 95.39%
Sending pruning mask to clients...
[INFO] Pruner and pruning mask received and stored.
[INFO] Pruner and pruning mask received and stored.
[INFO] Pruner and pruning mask received and stored.
[INFO] Pruner and pruning mask received and stored.
[INFO] Pruner and pruning mask received and stored.
[INFO] Pruner and pruning mask received and stored.
[INFO] Pruner and pruning mask received and stored.
[INFO] Pruner and pruning mask received and stored.
Epoch 1/1
----------
Prune before sending to global...
Epoch 1/1
----------
Prune before sending to global...
Epoch 1/1
----------
Prune before sending to global...
Epoch 1/1
----------
Prune before sending to global...
Epoch 1/1
----------
Prune before sending to global...
Epoch 1/1
----------
Prune before sending to global...
Epoch 1/1
----------
Prune before sending to global...
Epoch 1/1
----------
Prune before sending to global...
micro     precision: 0.0000 | recall: 0.0000 | f1-score: 0.0000 | support: 40183 | mAP: 0.3228
macro     precision: 0.0000 | recall: 0.0000 | f1-score: 0.0000 | support: 40183 | mAP: 0.1913

==================================================
ROUND 5/40
==================================================
Epoch 1/1
----------
Prune before sending to global...
Epoch 1/1
----------
Prune before sending to global...
Epoch 1/1
----------
Prune before sending to global...
Epoch 1/1
----------
Prune before sending to global...
Epoch 1/1
----------
Prune before sending to global...
Epoch 1/1
----------
Prune before sending to global...
Epoch 1/1
----------
Prune before sending to global...
Epoch 1/1
----------
Prune before sending to global...
micro     precision: 0.0000 | recall: 0.0000 | f1-score: 0.0000 | support: 40183 | mAP: 0.2783
macro     precision: 0.0000 | recall: 0.0000 | f1-score: 0.0000 | support: 40183 | mAP: 0.2797

==================================================
ROUND 6/40
==================================================
Epoch 1/1
----------
Prune before sending to global...
Epoch 1/1
----------
Prune before sending to global...
Epoch 1/1
----------
Prune before sending to global...
Epoch 1/1
----------
Prune before sending to global...
Epoch 1/1
----------
Prune before sending to global...
Epoch 1/1
----------
Prune before sending to global...
Epoch 1/1
----------
Prune before sending to global...
Epoch 1/1
----------
Prune before sending to global...
micro     precision: 0.1507 | recall: 0.0154 | f1-score: 0.0279 | support: 40183 | mAP: 0.3974
macro     precision: 0.1128 | recall: 0.0119 | f1-score: 0.0098 | support: 40183 | mAP: 0.3224

==================================================
ROUND 7/40
==================================================
Epoch 1/1
----------
Prune before sending to global...
Epoch 1/1
----------
Prune before sending to global...
Epoch 1/1
----------
Prune before sending to global...
Epoch 1/1
----------
Prune before sending to global...
Epoch 1/1
----------
Prune before sending to global...
Epoch 1/1
----------
Prune before sending to global...
Epoch 1/1
----------
Prune before sending to global...
Epoch 1/1
----------
Prune before sending to global...
micro     precision: 0.6469 | recall: 0.3197 | f1-score: 0.4279 | support: 40183 | mAP: 0.5791
macro     precision: 0.2422 | recall: 0.1663 | f1-score: 0.1695 | support: 40183 | mAP: 0.3416

==================================================
ROUND 8/40
==================================================
Epoch 1/1
----------
Prune before sending to global...
Epoch 1/1
----------
Prune before sending to global...
Epoch 1/1
----------
Prune before sending to global...
Epoch 1/1
----------
Prune before sending to global...
Epoch 1/1
----------
Prune before sending to global...
Epoch 1/1
----------
Prune before sending to global...
Epoch 1/1
----------
Prune before sending to global...
Epoch 1/1
----------
Prune before sending to global...
micro     precision: 0.4957 | recall: 0.2700 | f1-score: 0.3496 | support: 40183 | mAP: 0.4502
macro     precision: 0.2556 | recall: 0.1403 | f1-score: 0.1453 | support: 40183 | mAP: 0.3292

==================================================
ROUND 9/40
==================================================
Epoch 1/1
----------
Prune before sending to global...
Epoch 1/1
----------
Prune before sending to global...
Epoch 1/1
----------
Prune before sending to global...
Epoch 1/1
----------
Prune before sending to global...
Epoch 1/1
----------
Prune before sending to global...
Epoch 1/1
----------
Prune before sending to global...
Epoch 1/1
----------
Prune before sending to global...
Epoch 1/1
----------
Prune before sending to global...
micro     precision: 0.6472 | recall: 0.4543 | f1-score: 0.5339 | support: 40183 | mAP: 0.6250
macro     precision: 0.3247 | recall: 0.2325 | f1-score: 0.2322 | support: 40183 | mAP: 0.3684

==================================================
ROUND 10/40
==================================================
Epoch 1/1
----------
Prune before sending to global...
Epoch 1/1
----------
Prune before sending to global...
Epoch 1/1
----------
Prune before sending to global...
Epoch 1/1
----------
Prune before sending to global...
Epoch 1/1
----------
Prune before sending to global...
Epoch 1/1
----------
Prune before sending to global...
Epoch 1/1
----------
Prune before sending to global...
Epoch 1/1
----------
Prune before sending to global...
micro     precision: 0.5631 | recall: 0.3266 | f1-score: 0.4134 | support: 40183 | mAP: 0.4647
macro     precision: 0.3641 | recall: 0.1697 | f1-score: 0.1708 | support: 40183 | mAP: 0.3355

==================================================
ROUND 11/40
==================================================
Epoch 1/1
----------
Prune before sending to global...
Epoch 1/1
----------
Prune before sending to global...
Epoch 1/1
----------
Prune before sending to global...
Epoch 1/1
----------
Prune before sending to global...
Epoch 1/1
----------
Prune before sending to global...
Epoch 1/1
----------
Prune before sending to global...
Epoch 1/1
----------
Prune before sending to global...
Epoch 1/1
----------
Prune before sending to global...
micro     precision: 0.6672 | recall: 0.4496 | f1-score: 0.5372 | support: 40183 | mAP: 0.6254
macro     precision: 0.3433 | recall: 0.2319 | f1-score: 0.2382 | support: 40183 | mAP: 0.3811

==================================================
ROUND 12/40
==================================================
Epoch 1/1
----------
Prune before sending to global...
Epoch 1/1
----------
Prune before sending to global...
Epoch 1/1
----------
Prune before sending to global...
Epoch 1/1
----------
Prune before sending to global...
Epoch 1/1
----------
Prune before sending to global...
Epoch 1/1
----------
Prune before sending to global...
Epoch 1/1
----------
Prune before sending to global...
Epoch 1/1
----------
Prune before sending to global...
micro     precision: 0.5733 | recall: 0.3701 | f1-score: 0.4498 | support: 40183 | mAP: 0.4794
macro     precision: 0.3388 | recall: 0.1937 | f1-score: 0.2044 | support: 40183 | mAP: 0.3393

==================================================
ROUND 13/40
==================================================
Epoch 1/1
----------
Prune before sending to global...
Epoch 1/1
----------
Prune before sending to global...
Epoch 1/1
----------
Prune before sending to global...
Epoch 1/1
----------
Prune before sending to global...
Epoch 1/1
----------
Prune before sending to global...
Epoch 1/1
----------
Prune before sending to global...
Epoch 1/1
----------
Prune before sending to global...
Epoch 1/1
----------
Prune before sending to global...
micro     precision: 0.6436 | recall: 0.4749 | f1-score: 0.5465 | support: 40183 | mAP: 0.6390
macro     precision: 0.4168 | recall: 0.2397 | f1-score: 0.2406 | support: 40183 | mAP: 0.3786

==================================================
ROUND 14/40
==================================================
Epoch 1/1
----------
Prune before sending to global...
Epoch 1/1
----------
Prune before sending to global...
Epoch 1/1
----------
Prune before sending to global...
Epoch 1/1
----------
Prune before sending to global...
Epoch 1/1
----------
Prune before sending to global...
Epoch 1/1
----------
Prune before sending to global...
Epoch 1/1
----------
Prune before sending to global...
Epoch 1/1
----------
Prune before sending to global...
micro     precision: 0.5546 | recall: 0.4341 | f1-score: 0.4870 | support: 40183 | mAP: 0.5208
macro     precision: 0.3241 | recall: 0.2123 | f1-score: 0.2062 | support: 40183 | mAP: 0.3612

==================================================
ROUND 15/40
==================================================
Epoch 1/1
----------
Prune before sending to global...
Epoch 1/1
----------
Prune before sending to global...
Epoch 1/1
----------
Prune before sending to global...
Epoch 1/1
----------
Prune before sending to global...
Epoch 1/1
----------
Prune before sending to global...
Epoch 1/1
----------
Prune before sending to global...
Epoch 1/1
----------
Prune before sending to global...
Epoch 1/1
----------
Prune before sending to global...
micro     precision: 0.7036 | recall: 0.4359 | f1-score: 0.5383 | support: 40183 | mAP: 0.6410
macro     precision: 0.4226 | recall: 0.2241 | f1-score: 0.2435 | support: 40183 | mAP: 0.3810

==================================================
ROUND 16/40
==================================================
Epoch 1/1
----------
Prune before sending to global...
Epoch 1/1
----------
Prune before sending to global...
Epoch 1/1
----------
Prune before sending to global...
Epoch 1/1
----------
Prune before sending to global...
Epoch 1/1
----------
Prune before sending to global...
Epoch 1/1
----------
Prune before sending to global...
Epoch 1/1
----------
Prune before sending to global...
Epoch 1/1
----------
Prune before sending to global...
micro     precision: 0.6065 | recall: 0.4322 | f1-score: 0.5048 | support: 40183 | mAP: 0.5771
macro     precision: 0.3764 | recall: 0.2005 | f1-score: 0.2037 | support: 40183 | mAP: 0.3522

==================================================
ROUND 17/40
==================================================
Epoch 1/1
----------
Prune before sending to global...
Epoch 1/1
----------
Prune before sending to global...
Epoch 1/1
----------
Prune before sending to global...
Epoch 1/1
----------
Prune before sending to global...
Epoch 1/1
----------
Prune before sending to global...
Epoch 1/1
----------
Prune before sending to global...
Epoch 1/1
----------
Prune before sending to global...
Epoch 1/1
----------
Prune before sending to global...
micro     precision: 0.6508 | recall: 0.4869 | f1-score: 0.5570 | support: 40183 | mAP: 0.6406
macro     precision: 0.4217 | recall: 0.2534 | f1-score: 0.2656 | support: 40183 | mAP: 0.3909

==================================================
ROUND 18/40
==================================================
Epoch 1/1
----------
Prune before sending to global...
Epoch 1/1
----------
Prune before sending to global...
Epoch 1/1
----------
Prune before sending to global...
Epoch 1/1
----------
Prune before sending to global...
Epoch 1/1
----------
Prune before sending to global...
Epoch 1/1
----------
Prune before sending to global...
Epoch 1/1
----------
Prune before sending to global...
Epoch 1/1
----------
Prune before sending to global...
micro     precision: 0.7055 | recall: 0.5247 | f1-score: 0.6018 | support: 40183 | mAP: 0.6858
macro     precision: 0.4191 | recall: 0.2807 | f1-score: 0.3103 | support: 40183 | mAP: 0.3937

==================================================
ROUND 19/40
==================================================
Epoch 1/1
----------
Prune before sending to global...
Epoch 1/1
----------
Prune before sending to global...
Epoch 1/1
----------
Prune before sending to global...
Epoch 1/1
----------
Prune before sending to global...
Epoch 1/1
----------
Prune before sending to global...
Epoch 1/1
----------
Prune before sending to global...
Epoch 1/1
----------
Prune before sending to global...
Epoch 1/1
----------
Prune before sending to global...
micro     precision: 0.6183 | recall: 0.5272 | f1-score: 0.5691 | support: 40183 | mAP: 0.6534
macro     precision: 0.3711 | recall: 0.2845 | f1-score: 0.2996 | support: 40183 | mAP: 0.3705

==================================================
ROUND 20/40
==================================================
Epoch 1/1
----------
Prune before sending to global...
Epoch 1/1
----------
Prune before sending to global...
Epoch 1/1
----------
Prune before sending to global...
Epoch 1/1
----------
Prune before sending to global...
Epoch 1/1
----------
Prune before sending to global...
Epoch 1/1
----------
Prune before sending to global...
Epoch 1/1
----------
Prune before sending to global...
Epoch 1/1
----------
Prune before sending to global...
micro     precision: 0.6708 | recall: 0.5205 | f1-score: 0.5862 | support: 40183 | mAP: 0.6612
macro     precision: 0.4217 | recall: 0.2815 | f1-score: 0.3053 | support: 40183 | mAP: 0.3971

==================================================
ROUND 21/40
==================================================
Epoch 1/1
----------
Prune before sending to global...
Epoch 1/1
----------
Prune before sending to global...
Epoch 1/1
----------
Prune before sending to global...
Epoch 1/1
----------
Prune before sending to global...
Epoch 1/1
----------
Prune before sending to global...
Epoch 1/1
----------
Prune before sending to global...
Epoch 1/1
----------
Prune before sending to global...
Epoch 1/1
----------
Prune before sending to global...
micro     precision: 0.6020 | recall: 0.4684 | f1-score: 0.5269 | support: 40183 | mAP: 0.5386
macro     precision: 0.3532 | recall: 0.2210 | f1-score: 0.2217 | support: 40183 | mAP: 0.3487

==================================================
ROUND 22/40
==================================================
Epoch 1/1
----------
Prune before sending to global...
Epoch 1/1
----------
Prune before sending to global...
Epoch 1/1
----------
Prune before sending to global...
Epoch 1/1
----------
Prune before sending to global...
Epoch 1/1
----------
Prune before sending to global...
Epoch 1/1
----------
Prune before sending to global...
Epoch 1/1
----------
Prune before sending to global...
Epoch 1/1
----------
Prune before sending to global...
micro     precision: 0.6679 | recall: 0.5599 | f1-score: 0.6092 | support: 40183 | mAP: 0.6738
macro     precision: 0.4175 | recall: 0.2995 | f1-score: 0.3156 | support: 40183 | mAP: 0.4074

==================================================
ROUND 23/40
==================================================
Epoch 1/1
----------
Prune before sending to global...
Epoch 1/1
----------
Prune before sending to global...
Epoch 1/1
----------
Prune before sending to global...
Epoch 1/1
----------
Prune before sending to global...
Epoch 1/1
----------
Prune before sending to global...
Epoch 1/1
----------
Prune before sending to global...
Epoch 1/1
----------
Prune before sending to global...
Epoch 1/1
----------
Prune before sending to global...
micro     precision: 0.5763 | recall: 0.5002 | f1-score: 0.5355 | support: 40183 | mAP: 0.5406
macro     precision: 0.3765 | recall: 0.2372 | f1-score: 0.2306 | support: 40183 | mAP: 0.3594

==================================================
ROUND 24/40
==================================================
Epoch 1/1
----------
Prune before sending to global...
Epoch 1/1
----------
Prune before sending to global...
Epoch 1/1
----------
Prune before sending to global...
Epoch 1/1
----------
Prune before sending to global...
Epoch 1/1
----------
Prune before sending to global...
Epoch 1/1
----------
Prune before sending to global...
Epoch 1/1
----------
Prune before sending to global...
Epoch 1/1
----------
Prune before sending to global...
micro     precision: 0.6633 | recall: 0.5407 | f1-score: 0.5957 | support: 40183 | mAP: 0.6595
macro     precision: 0.4205 | recall: 0.2873 | f1-score: 0.3044 | support: 40183 | mAP: 0.4047

==================================================
ROUND 25/40
==================================================
Epoch 1/1
----------
Prune before sending to global...
Epoch 1/1
----------
Prune before sending to global...
Epoch 1/1
----------
Prune before sending to global...
Epoch 1/1
----------
Prune before sending to global...
Epoch 1/1
----------
Prune before sending to global...
Epoch 1/1
----------
Prune before sending to global...
Epoch 1/1
----------
Prune before sending to global...
Epoch 1/1
----------
Prune before sending to global...
micro     precision: 0.6930 | recall: 0.5362 | f1-score: 0.6046 | support: 40183 | mAP: 0.6449
macro     precision: 0.4067 | recall: 0.2704 | f1-score: 0.2930 | support: 40183 | mAP: 0.3812

==================================================
ROUND 26/40
==================================================
Epoch 1/1
----------
Prune before sending to global...
Epoch 1/1
----------
Prune before sending to global...
Epoch 1/1
----------
Prune before sending to global...
Epoch 1/1
----------
Prune before sending to global...
Epoch 1/1
----------
Prune before sending to global...
Epoch 1/1
----------
Prune before sending to global...
Epoch 1/1
----------
Prune before sending to global...
Epoch 1/1
----------
Prune before sending to global...
micro     precision: 0.6724 | recall: 0.5311 | f1-score: 0.5934 | support: 40183 | mAP: 0.6744
macro     precision: 0.4110 | recall: 0.2910 | f1-score: 0.3161 | support: 40183 | mAP: 0.4072

==================================================
ROUND 27/40
==================================================
Epoch 1/1
----------
Prune before sending to global...
Epoch 1/1
----------
Prune before sending to global...
Epoch 1/1
----------
Prune before sending to global...
Epoch 1/1
----------
Prune before sending to global...
Epoch 1/1
----------
Prune before sending to global...
Epoch 1/1
----------
Prune before sending to global...
Epoch 1/1
----------
Prune before sending to global...
Epoch 1/1
----------
Prune before sending to global...
micro     precision: 0.6870 | recall: 0.5738 | f1-score: 0.6254 | support: 40183 | mAP: 0.6897
macro     precision: 0.4093 | recall: 0.2903 | f1-score: 0.2974 | support: 40183 | mAP: 0.4060

==================================================
ROUND 28/40
==================================================
Epoch 1/1
----------
Prune before sending to global...
Epoch 1/1
----------
Prune before sending to global...
Epoch 1/1
----------
Prune before sending to global...
Epoch 1/1
----------
Prune before sending to global...
Epoch 1/1
----------
Prune before sending to global...
Epoch 1/1
----------
Prune before sending to global...
Epoch 1/1
----------
Prune before sending to global...
Epoch 1/1
----------
Prune before sending to global...
micro     precision: 0.7062 | recall: 0.5637 | f1-score: 0.6269 | support: 40183 | mAP: 0.6960
macro     precision: 0.4186 | recall: 0.2914 | f1-score: 0.3065 | support: 40183 | mAP: 0.4160

==================================================
ROUND 29/40
==================================================
Epoch 1/1
----------
Prune before sending to global...
Epoch 1/1
----------
Prune before sending to global...
Epoch 1/1
----------
Prune before sending to global...
Epoch 1/1
----------
Prune before sending to global...
Epoch 1/1
----------
Prune before sending to global...
Epoch 1/1
----------
Prune before sending to global...
Epoch 1/1
----------
Prune before sending to global...
Epoch 1/1
----------
Prune before sending to global...
micro     precision: 0.6975 | recall: 0.5383 | f1-score: 0.6077 | support: 40183 | mAP: 0.6793
macro     precision: 0.4165 | recall: 0.2652 | f1-score: 0.2712 | support: 40183 | mAP: 0.3964

==================================================
ROUND 30/40
==================================================
Epoch 1/1
----------
Prune before sending to global...
Epoch 1/1
----------
Prune before sending to global...
Epoch 1/1
----------
Prune before sending to global...
Epoch 1/1
----------
Prune before sending to global...
Epoch 1/1
----------
Prune before sending to global...
Epoch 1/1
----------
Prune before sending to global...
Epoch 1/1
----------
Prune before sending to global...
Epoch 1/1
----------
Prune before sending to global...
micro     precision: 0.7056 | recall: 0.5865 | f1-score: 0.6406 | support: 40183 | mAP: 0.7032
macro     precision: 0.4235 | recall: 0.3035 | f1-score: 0.3164 | support: 40183 | mAP: 0.4173

==================================================
ROUND 31/40
==================================================
Epoch 1/1
----------
Prune before sending to global...
Epoch 1/1
----------
Prune before sending to global...
Epoch 1/1
----------
Prune before sending to global...
Epoch 1/1
----------
Prune before sending to global...
Epoch 1/1
----------
Prune before sending to global...
Epoch 1/1
----------
Prune before sending to global...
Epoch 1/1
----------
Prune before sending to global...
Epoch 1/1
----------
Prune before sending to global...
micro     precision: 0.6820 | recall: 0.6074 | f1-score: 0.6426 | support: 40183 | mAP: 0.7085
macro     precision: 0.4105 | recall: 0.3144 | f1-score: 0.3153 | support: 40183 | mAP: 0.4169

==================================================
ROUND 32/40
==================================================
Epoch 1/1
----------
Prune before sending to global...
Epoch 1/1
----------
Prune before sending to global...
Epoch 1/1
----------
Prune before sending to global...
Epoch 1/1
----------
Prune before sending to global...
Epoch 1/1
----------
Prune before sending to global...
Epoch 1/1
----------
Prune before sending to global...
Epoch 1/1
----------
Prune before sending to global...
Epoch 1/1
----------
Prune before sending to global...
micro     precision: 0.7012 | recall: 0.5307 | f1-score: 0.6042 | support: 40183 | mAP: 0.6844
macro     precision: 0.4317 | recall: 0.2811 | f1-score: 0.3050 | support: 40183 | mAP: 0.4173

==================================================
ROUND 33/40
==================================================
Epoch 1/1
----------
Prune before sending to global...
Epoch 1/1
----------
Prune before sending to global...
Epoch 1/1
----------
Prune before sending to global...
Epoch 1/1
----------
Prune before sending to global...
Epoch 1/1
----------
Prune before sending to global...
Epoch 1/1
----------
Prune before sending to global...
Epoch 1/1
----------
Prune before sending to global...
Epoch 1/1
----------
Prune before sending to global...
micro     precision: 0.7371 | recall: 0.5977 | f1-score: 0.6601 | support: 40183 | mAP: 0.7238
macro     precision: 0.4167 | recall: 0.3087 | f1-score: 0.3251 | support: 40183 | mAP: 0.4070

==================================================
ROUND 34/40
==================================================
Epoch 1/1
----------
Prune before sending to global...
Epoch 1/1
----------
Prune before sending to global...
Epoch 1/1
----------
Prune before sending to global...
Epoch 1/1
----------
Prune before sending to global...
Epoch 1/1
----------
Prune before sending to global...
Epoch 1/1
----------
Prune before sending to global...
Epoch 1/1
----------
Prune before sending to global...
Epoch 1/1
----------
Prune before sending to global...
micro     precision: 0.7434 | recall: 0.6144 | f1-score: 0.6728 | support: 40183 | mAP: 0.7318
macro     precision: 0.4953 | recall: 0.3266 | f1-score: 0.3480 | support: 40183 | mAP: 0.4189

==================================================
ROUND 35/40
==================================================
Epoch 1/1
----------
Prune before sending to global...
Epoch 1/1
----------
Prune before sending to global...
Epoch 1/1
----------
Prune before sending to global...
Epoch 1/1
----------
Prune before sending to global...
Epoch 1/1
----------
Prune before sending to global...
Epoch 1/1
----------
Prune before sending to global...
Epoch 1/1
----------
Prune before sending to global...
Epoch 1/1
----------
Prune before sending to global...
micro     precision: 0.7300 | recall: 0.6018 | f1-score: 0.6598 | support: 40183 | mAP: 0.7252
macro     precision: 0.4309 | recall: 0.3213 | f1-score: 0.3397 | support: 40183 | mAP: 0.4257

==================================================
ROUND 36/40
==================================================
Epoch 1/1
----------
Prune before sending to global...
Epoch 1/1
----------
Prune before sending to global...
Epoch 1/1
----------
Prune before sending to global...
Epoch 1/1
----------
Prune before sending to global...
Epoch 1/1
----------
Prune before sending to global...
Epoch 1/1
----------
Prune before sending to global...
Epoch 1/1
----------
Prune before sending to global...
Epoch 1/1
----------
Prune before sending to global...
micro     precision: 0.7440 | recall: 0.6077 | f1-score: 0.6690 | support: 40183 | mAP: 0.7351
macro     precision: 0.4872 | recall: 0.3211 | f1-score: 0.3431 | support: 40183 | mAP: 0.4217

==================================================
ROUND 37/40
==================================================
Epoch 1/1
----------
Prune before sending to global...
Epoch 1/1
----------
Prune before sending to global...
Epoch 1/1
----------
Prune before sending to global...
Epoch 1/1
----------
Prune before sending to global...
Epoch 1/1
----------
Prune before sending to global...
Epoch 1/1
----------
Prune before sending to global...
Epoch 1/1
----------
Prune before sending to global...
Epoch 1/1
----------
Prune before sending to global...
micro     precision: 0.7065 | recall: 0.5906 | f1-score: 0.6434 | support: 40183 | mAP: 0.7130
macro     precision: 0.4210 | recall: 0.3202 | f1-score: 0.3370 | support: 40183 | mAP: 0.4208

==================================================
ROUND 38/40
==================================================
Epoch 1/1
----------
Prune before sending to global...
Epoch 1/1
----------
Prune before sending to global...
Epoch 1/1
----------
Prune before sending to global...
Epoch 1/1
----------
Prune before sending to global...
Epoch 1/1
----------
Prune before sending to global...
Epoch 1/1
----------
Prune before sending to global...
Epoch 1/1
----------
Prune before sending to global...
Epoch 1/1
----------
Prune before sending to global...
micro     precision: 0.7610 | recall: 0.5494 | f1-score: 0.6381 | support: 40183 | mAP: 0.7114
macro     precision: 0.4955 | recall: 0.2856 | f1-score: 0.3180 | support: 40183 | mAP: 0.4041

==================================================
ROUND 39/40
==================================================
Epoch 1/1
----------
Prune before sending to global...
Epoch 1/1
----------
Prune before sending to global...
Epoch 1/1
----------
Prune before sending to global...
Epoch 1/1
----------
Prune before sending to global...
Epoch 1/1
----------
Prune before sending to global...
Epoch 1/1
----------
Prune before sending to global...
Epoch 1/1
----------
Prune before sending to global...
Epoch 1/1
----------
Prune before sending to global...
micro     precision: 0.6810 | recall: 0.6062 | f1-score: 0.6414 | support: 40183 | mAP: 0.7079
macro     precision: 0.4589 | recall: 0.3270 | f1-score: 0.3322 | support: 40183 | mAP: 0.4152

==================================================
ROUND 40/40
==================================================
Epoch 1/1
----------
Prune before sending to global...
Epoch 1/1
----------
Prune before sending to global...
Epoch 1/1
----------
Prune before sending to global...
Epoch 1/1
----------
Prune before sending to global...
Epoch 1/1
----------
Prune before sending to global...
Epoch 1/1
----------
Prune before sending to global...
Epoch 1/1
----------
Prune before sending to global...
Epoch 1/1
----------
Prune before sending to global...
micro     precision: 0.7076 | recall: 0.6061 | f1-score: 0.6529 | support: 40183 | mAP: 0.7236
macro     precision: 0.4866 | recall: 0.3303 | f1-score: 0.3465 | support: 40183 | mAP: 0.4213

[{'0': {'precision': [], 'recall': [], 'f1-score': [], 'support': []}, '1': {'precision': [], 'recall': [], 'f1-score': [], 'support': []}, '2': {'precision': [], 'recall': [], 'f1-score': [], 'support': []}, '3': {'precision': [], 'recall': [], 'f1-score': [], 'support': []}, '4': {'precision': [], 'recall': [], 'f1-score': [], 'support': []}, '5': {'precision': [], 'recall': [], 'f1-score': [], 'support': []}, '6': {'precision': [], 'recall': [], 'f1-score': [], 'support': []}, '7': {'precision': [], 'recall': [], 'f1-score': [], 'support': []}, '8': {'precision': [], 'recall': [], 'f1-score': [], 'support': []}, '9': {'precision': [], 'recall': [], 'f1-score': [], 'support': []}, '10': {'precision': [], 'recall': [], 'f1-score': [], 'support': []}, '11': {'precision': [], 'recall': [], 'f1-score': [], 'support': []}, '12': {'precision': [], 'recall': [], 'f1-score': [], 'support': []}, '13': {'precision': [], 'recall': [], 'f1-score': [], 'support': []}, '14': {'precision': [], 'recall': [], 'f1-score': [], 'support': []}, '15': {'precision': [], 'recall': [], 'f1-score': [], 'support': []}, '16': {'precision': [], 'recall': [], 'f1-score': [], 'support': []}, '17': {'precision': [], 'recall': [], 'f1-score': [], 'support': []}, '18': {'precision': [], 'recall': [], 'f1-score': [], 'support': []}, 'micro avg': {'precision': [], 'recall': [], 'f1-score': [], 'support': []}, 'macro avg': {'precision': [], 'recall': [], 'f1-score': [], 'support': []}, 'weighted avg': {'precision': [], 'recall': [], 'f1-score': [], 'support': []}, 'ap_mic': [], 'ap_mac': []}, {'0': {'precision': [], 'recall': [], 'f1-score': [], 'support': []}, '1': {'precision': [], 'recall': [], 'f1-score': [], 'support': []}, '2': {'precision': [], 'recall': [], 'f1-score': [], 'support': []}, '3': {'precision': [], 'recall': [], 'f1-score': [], 'support': []}, '4': {'precision': [], 'recall': [], 'f1-score': [], 'support': []}, '5': {'precision': [], 'recall': [], 'f1-score': [], 'support': []}, '6': {'precision': [], 'recall': [], 'f1-score': [], 'support': []}, '7': {'precision': [], 'recall': [], 'f1-score': [], 'support': []}, '8': {'precision': [], 'recall': [], 'f1-score': [], 'support': []}, '9': {'precision': [], 'recall': [], 'f1-score': [], 'support': []}, '10': {'precision': [], 'recall': [], 'f1-score': [], 'support': []}, '11': {'precision': [], 'recall': [], 'f1-score': [], 'support': []}, '12': {'precision': [], 'recall': [], 'f1-score': [], 'support': []}, '13': {'precision': [], 'recall': [], 'f1-score': [], 'support': []}, '14': {'precision': [], 'recall': [], 'f1-score': [], 'support': []}, '15': {'precision': [], 'recall': [], 'f1-score': [], 'support': []}, '16': {'precision': [], 'recall': [], 'f1-score': [], 'support': []}, '17': {'precision': [], 'recall': [], 'f1-score': [], 'support': []}, '18': {'precision': [], 'recall': [], 'f1-score': [], 'support': []}, 'micro avg': {'precision': [], 'recall': [], 'f1-score': [], 'support': []}, 'macro avg': {'precision': [], 'recall': [], 'f1-score': [], 'support': []}, 'weighted avg': {'precision': [], 'recall': [], 'f1-score': [], 'support': []}, 'ap_mic': [], 'ap_mac': []}, {'0': {'precision': [], 'recall': [], 'f1-score': [], 'support': []}, '1': {'precision': [], 'recall': [], 'f1-score': [], 'support': []}, '2': {'precision': [], 'recall': [], 'f1-score': [], 'support': []}, '3': {'precision': [], 'recall': [], 'f1-score': [], 'support': []}, '4': {'precision': [], 'recall': [], 'f1-score': [], 'support': []}, '5': {'precision': [], 'recall': [], 'f1-score': [], 'support': []}, '6': {'precision': [], 'recall': [], 'f1-score': [], 'support': []}, '7': {'precision': [], 'recall': [], 'f1-score': [], 'support': []}, '8': {'precision': [], 'recall': [], 'f1-score': [], 'support': []}, '9': {'precision': [], 'recall': [], 'f1-score': [], 'support': []}, '10': {'precision': [], 'recall': [], 'f1-score': [], 'support': []}, '11': {'precision': [], 'recall': [], 'f1-score': [], 'support': []}, '12': {'precision': [], 'recall': [], 'f1-score': [], 'support': []}, '13': {'precision': [], 'recall': [], 'f1-score': [], 'support': []}, '14': {'precision': [], 'recall': [], 'f1-score': [], 'support': []}, '15': {'precision': [], 'recall': [], 'f1-score': [], 'support': []}, '16': {'precision': [], 'recall': [], 'f1-score': [], 'support': []}, '17': {'precision': [], 'recall': [], 'f1-score': [], 'support': []}, '18': {'precision': [], 'recall': [], 'f1-score': [], 'support': []}, 'micro avg': {'precision': [], 'recall': [], 'f1-score': [], 'support': []}, 'macro avg': {'precision': [], 'recall': [], 'f1-score': [], 'support': []}, 'weighted avg': {'precision': [], 'recall': [], 'f1-score': [], 'support': []}, 'ap_mic': [], 'ap_mac': []}, {'0': {'precision': [], 'recall': [], 'f1-score': [], 'support': []}, '1': {'precision': [], 'recall': [], 'f1-score': [], 'support': []}, '2': {'precision': [], 'recall': [], 'f1-score': [], 'support': []}, '3': {'precision': [], 'recall': [], 'f1-score': [], 'support': []}, '4': {'precision': [], 'recall': [], 'f1-score': [], 'support': []}, '5': {'precision': [], 'recall': [], 'f1-score': [], 'support': []}, '6': {'precision': [], 'recall': [], 'f1-score': [], 'support': []}, '7': {'precision': [], 'recall': [], 'f1-score': [], 'support': []}, '8': {'precision': [], 'recall': [], 'f1-score': [], 'support': []}, '9': {'precision': [], 'recall': [], 'f1-score': [], 'support': []}, '10': {'precision': [], 'recall': [], 'f1-score': [], 'support': []}, '11': {'precision': [], 'recall': [], 'f1-score': [], 'support': []}, '12': {'precision': [], 'recall': [], 'f1-score': [], 'support': []}, '13': {'precision': [], 'recall': [], 'f1-score': [], 'support': []}, '14': {'precision': [], 'recall': [], 'f1-score': [], 'support': []}, '15': {'precision': [], 'recall': [], 'f1-score': [], 'support': []}, '16': {'precision': [], 'recall': [], 'f1-score': [], 'support': []}, '17': {'precision': [], 'recall': [], 'f1-score': [], 'support': []}, '18': {'precision': [], 'recall': [], 'f1-score': [], 'support': []}, 'micro avg': {'precision': [], 'recall': [], 'f1-score': [], 'support': []}, 'macro avg': {'precision': [], 'recall': [], 'f1-score': [], 'support': []}, 'weighted avg': {'precision': [], 'recall': [], 'f1-score': [], 'support': []}, 'ap_mic': [], 'ap_mac': []}, {'0': {'precision': [], 'recall': [], 'f1-score': [], 'support': []}, '1': {'precision': [], 'recall': [], 'f1-score': [], 'support': []}, '2': {'precision': [], 'recall': [], 'f1-score': [], 'support': []}, '3': {'precision': [], 'recall': [], 'f1-score': [], 'support': []}, '4': {'precision': [], 'recall': [], 'f1-score': [], 'support': []}, '5': {'precision': [], 'recall': [], 'f1-score': [], 'support': []}, '6': {'precision': [], 'recall': [], 'f1-score': [], 'support': []}, '7': {'precision': [], 'recall': [], 'f1-score': [], 'support': []}, '8': {'precision': [], 'recall': [], 'f1-score': [], 'support': []}, '9': {'precision': [], 'recall': [], 'f1-score': [], 'support': []}, '10': {'precision': [], 'recall': [], 'f1-score': [], 'support': []}, '11': {'precision': [], 'recall': [], 'f1-score': [], 'support': []}, '12': {'precision': [], 'recall': [], 'f1-score': [], 'support': []}, '13': {'precision': [], 'recall': [], 'f1-score': [], 'support': []}, '14': {'precision': [], 'recall': [], 'f1-score': [], 'support': []}, '15': {'precision': [], 'recall': [], 'f1-score': [], 'support': []}, '16': {'precision': [], 'recall': [], 'f1-score': [], 'support': []}, '17': {'precision': [], 'recall': [], 'f1-score': [], 'support': []}, '18': {'precision': [], 'recall': [], 'f1-score': [], 'support': []}, 'micro avg': {'precision': [], 'recall': [], 'f1-score': [], 'support': []}, 'macro avg': {'precision': [], 'recall': [], 'f1-score': [], 'support': []}, 'weighted avg': {'precision': [], 'recall': [], 'f1-score': [], 'support': []}, 'ap_mic': [], 'ap_mac': []}, {'0': {'precision': [], 'recall': [], 'f1-score': [], 'support': []}, '1': {'precision': [], 'recall': [], 'f1-score': [], 'support': []}, '2': {'precision': [], 'recall': [], 'f1-score': [], 'support': []}, '3': {'precision': [], 'recall': [], 'f1-score': [], 'support': []}, '4': {'precision': [], 'recall': [], 'f1-score': [], 'support': []}, '5': {'precision': [], 'recall': [], 'f1-score': [], 'support': []}, '6': {'precision': [], 'recall': [], 'f1-score': [], 'support': []}, '7': {'precision': [], 'recall': [], 'f1-score': [], 'support': []}, '8': {'precision': [], 'recall': [], 'f1-score': [], 'support': []}, '9': {'precision': [], 'recall': [], 'f1-score': [], 'support': []}, '10': {'precision': [], 'recall': [], 'f1-score': [], 'support': []}, '11': {'precision': [], 'recall': [], 'f1-score': [], 'support': []}, '12': {'precision': [], 'recall': [], 'f1-score': [], 'support': []}, '13': {'precision': [], 'recall': [], 'f1-score': [], 'support': []}, '14': {'precision': [], 'recall': [], 'f1-score': [], 'support': []}, '15': {'precision': [], 'recall': [], 'f1-score': [], 'support': []}, '16': {'precision': [], 'recall': [], 'f1-score': [], 'support': []}, '17': {'precision': [], 'recall': [], 'f1-score': [], 'support': []}, '18': {'precision': [], 'recall': [], 'f1-score': [], 'support': []}, 'micro avg': {'precision': [], 'recall': [], 'f1-score': [], 'support': []}, 'macro avg': {'precision': [], 'recall': [], 'f1-score': [], 'support': []}, 'weighted avg': {'precision': [], 'recall': [], 'f1-score': [], 'support': []}, 'ap_mic': [], 'ap_mac': []}, {'0': {'precision': [], 'recall': [], 'f1-score': [], 'support': []}, '1': {'precision': [], 'recall': [], 'f1-score': [], 'support': []}, '2': {'precision': [], 'recall': [], 'f1-score': [], 'support': []}, '3': {'precision': [], 'recall': [], 'f1-score': [], 'support': []}, '4': {'precision': [], 'recall': [], 'f1-score': [], 'support': []}, '5': {'precision': [], 'recall': [], 'f1-score': [], 'support': []}, '6': {'precision': [], 'recall': [], 'f1-score': [], 'support': []}, '7': {'precision': [], 'recall': [], 'f1-score': [], 'support': []}, '8': {'precision': [], 'recall': [], 'f1-score': [], 'support': []}, '9': {'precision': [], 'recall': [], 'f1-score': [], 'support': []}, '10': {'precision': [], 'recall': [], 'f1-score': [], 'support': []}, '11': {'precision': [], 'recall': [], 'f1-score': [], 'support': []}, '12': {'precision': [], 'recall': [], 'f1-score': [], 'support': []}, '13': {'precision': [], 'recall': [], 'f1-score': [], 'support': []}, '14': {'precision': [], 'recall': [], 'f1-score': [], 'support': []}, '15': {'precision': [], 'recall': [], 'f1-score': [], 'support': []}, '16': {'precision': [], 'recall': [], 'f1-score': [], 'support': []}, '17': {'precision': [], 'recall': [], 'f1-score': [], 'support': []}, '18': {'precision': [], 'recall': [], 'f1-score': [], 'support': []}, 'micro avg': {'precision': [], 'recall': [], 'f1-score': [], 'support': []}, 'macro avg': {'precision': [], 'recall': [], 'f1-score': [], 'support': []}, 'weighted avg': {'precision': [], 'recall': [], 'f1-score': [], 'support': []}, 'ap_mic': [], 'ap_mac': []}, {'0': {'precision': [], 'recall': [], 'f1-score': [], 'support': []}, '1': {'precision': [], 'recall': [], 'f1-score': [], 'support': []}, '2': {'precision': [], 'recall': [], 'f1-score': [], 'support': []}, '3': {'precision': [], 'recall': [], 'f1-score': [], 'support': []}, '4': {'precision': [], 'recall': [], 'f1-score': [], 'support': []}, '5': {'precision': [], 'recall': [], 'f1-score': [], 'support': []}, '6': {'precision': [], 'recall': [], 'f1-score': [], 'support': []}, '7': {'precision': [], 'recall': [], 'f1-score': [], 'support': []}, '8': {'precision': [], 'recall': [], 'f1-score': [], 'support': []}, '9': {'precision': [], 'recall': [], 'f1-score': [], 'support': []}, '10': {'precision': [], 'recall': [], 'f1-score': [], 'support': []}, '11': {'precision': [], 'recall': [], 'f1-score': [], 'support': []}, '12': {'precision': [], 'recall': [], 'f1-score': [], 'support': []}, '13': {'precision': [], 'recall': [], 'f1-score': [], 'support': []}, '14': {'precision': [], 'recall': [], 'f1-score': [], 'support': []}, '15': {'precision': [], 'recall': [], 'f1-score': [], 'support': []}, '16': {'precision': [], 'recall': [], 'f1-score': [], 'support': []}, '17': {'precision': [], 'recall': [], 'f1-score': [], 'support': []}, '18': {'precision': [], 'recall': [], 'f1-score': [], 'support': []}, 'micro avg': {'precision': [], 'recall': [], 'f1-score': [], 'support': []}, 'macro avg': {'precision': [], 'recall': [], 'f1-score': [], 'support': []}, 'weighted avg': {'precision': [], 'recall': [], 'f1-score': [], 'support': []}, 'ap_mic': [], 'ap_mac': []}]
