Using device: cuda:0
Pre-filtered 12895 patches based on country and season (split ignored)
Loading BEN data for train...
    237871 patches indexed
    6281 filtered patches indexed
    6281 patches indexed considering max_len
Merged metadata with snow/cloud metadata
Loaded 549488 labels
Loaded 549488 keys
Loaded mapping created
Pre-filtered 12895 patches based on country and season (split ignored)
Loading BEN data for test...
    119825 patches indexed
    3357 filtered patches indexed
    3357 patches indexed considering max_len
Merged metadata with snow/cloud metadata
Loaded 549488 labels
Loaded 549488 keys
Loaded mapping created
Pre-filtered 12765 patches based on country and season (split ignored)
Loading BEN data for train...
    237871 patches indexed
    6281 filtered patches indexed
    6281 patches indexed considering max_len
Merged metadata with snow/cloud metadata
Loaded 549488 labels
Loaded 549488 keys
Loaded mapping created
Pre-filtered 12765 patches based on country and season (split ignored)
Loading BEN data for test...
    119825 patches indexed
    3231 filtered patches indexed
    3231 patches indexed considering max_len
Merged metadata with snow/cloud metadata
Loaded 549488 labels
Loaded 549488 keys
Loaded mapping created
Pre-filtered 12878 patches based on country and season (split ignored)
Loading BEN data for train...
    237871 patches indexed
    6342 filtered patches indexed
    6342 patches indexed considering max_len
Merged metadata with snow/cloud metadata
Loaded 549488 labels
Loaded 549488 keys
Loaded mapping created
Pre-filtered 12878 patches based on country and season (split ignored)
Loading BEN data for test...
    119825 patches indexed
    3170 filtered patches indexed
    3170 patches indexed considering max_len
Merged metadata with snow/cloud metadata
Loaded 549488 labels
Loaded 549488 keys
Loaded mapping created
Pre-filtered 12695 patches based on country and season (split ignored)
Loading BEN data for train...
    237871 patches indexed
    6239 filtered patches indexed
    6239 patches indexed considering max_len
Merged metadata with snow/cloud metadata
Loaded 549488 labels
Loaded 549488 keys
Loaded mapping created
Pre-filtered 12695 patches based on country and season (split ignored)
Loading BEN data for test...
    119825 patches indexed
    3202 filtered patches indexed
    3202 patches indexed considering max_len
Merged metadata with snow/cloud metadata
Loaded 549488 labels
Loaded 549488 keys
Loaded mapping created
Pre-filtered 12781 patches based on country and season (split ignored)
Loading BEN data for train...
    237871 patches indexed
    6167 filtered patches indexed
    6167 patches indexed considering max_len
Merged metadata with snow/cloud metadata
Loaded 549488 labels
Loaded 549488 keys
Loaded mapping created
Pre-filtered 12781 patches based on country and season (split ignored)
Loading BEN data for test...
    119825 patches indexed
    3318 filtered patches indexed
    3318 patches indexed considering max_len
Merged metadata with snow/cloud metadata
Loaded 549488 labels
Loaded 549488 keys
Loaded mapping created
Pre-filtered 12810 patches based on country and season (split ignored)
Loading BEN data for train...
    237871 patches indexed
    6429 filtered patches indexed
    6429 patches indexed considering max_len
Merged metadata with snow/cloud metadata
Loaded 549488 labels
Loaded 549488 keys
Loaded mapping created
Pre-filtered 12810 patches based on country and season (split ignored)
Loading BEN data for test...
    119825 patches indexed
    3241 filtered patches indexed
    3241 patches indexed considering max_len
Merged metadata with snow/cloud metadata
Loaded 549488 labels
Loaded 549488 keys
Loaded mapping created
Pre-filtered 12868 patches based on country and season (split ignored)
Loading BEN data for train...
    237871 patches indexed
    6376 filtered patches indexed
    6376 patches indexed considering max_len
Merged metadata with snow/cloud metadata
Loaded 549488 labels
Loaded 549488 keys
Loaded mapping created
Pre-filtered 12868 patches based on country and season (split ignored)
Loading BEN data for test...
    119825 patches indexed
    3232 filtered patches indexed
    3232 patches indexed considering max_len
Merged metadata with snow/cloud metadata
Loaded 549488 labels
Loaded 549488 keys
Loaded mapping created
Pre-filtered 12705 patches based on country and season (split ignored)
Loading BEN data for train...
    237871 patches indexed
    6219 filtered patches indexed
    6219 patches indexed considering max_len
Merged metadata with snow/cloud metadata
Loaded 549488 labels
Loaded 549488 keys
Loaded mapping created
Pre-filtered 12705 patches based on country and season (split ignored)
Loading BEN data for test...
    119825 patches indexed
    3282 filtered patches indexed
    3282 patches indexed considering max_len
Merged metadata with snow/cloud metadata
Loaded 549488 labels
Loaded 549488 keys
Loaded mapping created

init GLOBALClient VALIDATION dataset and dataloader
Pre-filtered 59999 patches based on country and season (split ignored)
Loading BEN data for test...
    119825 patches indexed
    15720 filtered patches indexed
    15720 patches indexed considering max_len
Merged metadata with snow/cloud metadata
Loaded 549488 labels
Loaded 549488 keys
Loaded mapping created
Pre-filtered 59999 patches based on country and season (split ignored)
Loading BEN data for train...
    237871 patches indexed
    29135 filtered patches indexed
    29135 patches indexed considering max_len
Merged metadata with snow/cloud metadata
Loaded 549488 labels
Loaded 549488 keys
Loaded mapping created
Loading BEN data for train...
    237871 patches indexed
    237871 filtered patches indexed
    237871 patches indexed considering max_len
Merged metadata with snow/cloud metadata
Loaded 549488 labels
Loaded 549488 keys
Loaded mapping created
==================================================
ROUND 1/40
==================================================
Epoch 1/1
----------
Epoch 1/1
----------
Epoch 1/1
----------
Epoch 1/1
----------
Epoch 1/1
----------
Epoch 1/1
----------
Epoch 1/1
----------
Epoch 1/1
----------
micro     precision: 0.7076 | recall: 0.5071 | f1-score: 0.5908 | support: 40183 | mAP: 0.6451
macro     precision: 0.2248 | recall: 0.2370 | f1-score: 0.2296 | support: 40183 | mAP: 0.3411

==================================================
ROUND 2/40
==================================================
Epoch 1/1
----------
Epoch 1/1
----------
Epoch 1/1
----------
Epoch 1/1
----------
Epoch 1/1
----------
Epoch 1/1
----------
Epoch 1/1
----------
Epoch 1/1
----------
micro     precision: 0.6031 | recall: 0.5990 | f1-score: 0.6011 | support: 40183 | mAP: 0.6607
macro     precision: 0.3687 | recall: 0.3208 | f1-score: 0.3038 | support: 40183 | mAP: 0.3978

==================================================
ROUND 3/40
==================================================
Epoch 1/1
----------
Epoch 1/1
----------
Epoch 1/1
----------
Epoch 1/1
----------
Epoch 1/1
----------
Epoch 1/1
----------
Epoch 1/1
----------
Epoch 1/1
----------
micro     precision: 0.7751 | recall: 0.6364 | f1-score: 0.6989 | support: 40183 | mAP: 0.7734
macro     precision: 0.4729 | recall: 0.3223 | f1-score: 0.3359 | support: 40183 | mAP: 0.4604

==================================================
ROUND 4/40
==================================================
Finale Anzahl der Pruning-Patches: 17
Anzahl eindeutiger Klassen: 18
Klassenverteilung in den Pruning-Patches (Häufigkeiten): {'Marine waters': 9, 'Transitional woodland, shrub': 7, 'Mixed forest': 7, 'Coniferous forest': 6, 'Land principally occupied by agriculture, with significant areas of natural vegetation': 2, 'Inland waters': 1, 'Broad-leaved forest': 2, 'Arable land': 4, 'Urban fabric': 1, 'Industrial or commercial units': 1, 'Coastal wetlands': 2, 'Inland wetlands': 2, 'Pastures': 4, 'Complex cultivation patterns': 1, 'Moors, heathland and sclerophyllous vegetation': 1, 'Natural grassland and sparsely vegetated areas': 1, 'Beaches, dunes, sands': 1, 'Permanent crops': 1}
[INFO] Erstelle Prune Loader...
[INFO] 2 Patches nach Filterung übrig.
[SUCCESS] Prune Loader erfolgreich erstellt.
Used Composite Rules:
low_level_hidden_layer_rule: Epsilon
mid_level_hidden_layer_rule: Gamma
high_level_hidden_layer_rule: Gamma
fully_connected_layers_rule: Epsilon
softmax_rule: Epsilon
Starting relevance computation and pruning mask generation.
Type of components_relevances: <class 'collections.OrderedDict'>
Layer: conv1
Total layer relevance: 5.612552741016904e+24
--------------------------------------------------
Layer: encoder.4.0.conv1
Total layer relevance: 3.1799220892504666e+24
--------------------------------------------------
Layer: encoder.4.0.conv2
Total layer relevance: 1.7489836518708438e+24
--------------------------------------------------
Layer: encoder.4.0.conv3
Total layer relevance: 4.9650506949818635e+23
--------------------------------------------------
Layer: encoder.4.0.downsample.0
Total layer relevance: 4.93204327288091e+23
--------------------------------------------------
Layer: encoder.4.1.conv1
Total layer relevance: 9.89163416396252e+21
--------------------------------------------------
Layer: encoder.4.1.conv2
Total layer relevance: 6.671160172975732e+21
--------------------------------------------------
Layer: encoder.4.1.conv3
Total layer relevance: 2.5182184124166743e+21
--------------------------------------------------
Layer: encoder.4.2.conv1
Total layer relevance: 2.6575264652871493e+20
--------------------------------------------------
Layer: encoder.4.2.conv2
Total layer relevance: 1.780748625410198e+20
--------------------------------------------------
Layer: encoder.4.2.conv3
Total layer relevance: 5.8702033003518886e+19
--------------------------------------------------
Layer: encoder.5.0.conv1
Total layer relevance: 7.950730208657539e+18
--------------------------------------------------
Layer: encoder.5.0.conv2
Total layer relevance: 6.473740296147436e+18
--------------------------------------------------
Layer: encoder.5.0.conv3
Total layer relevance: 1.4078709007363604e+18
--------------------------------------------------
Layer: encoder.5.0.downsample.0
Total layer relevance: 1.399654112903037e+18
--------------------------------------------------
Layer: encoder.5.1.conv1
Total layer relevance: 6.90710198091776e+16
--------------------------------------------------
Layer: encoder.5.1.conv2
Total layer relevance: 5.583913610326835e+16
--------------------------------------------------
Layer: encoder.5.1.conv3
Total layer relevance: 1.1125982857527296e+16
--------------------------------------------------
Layer: encoder.5.2.conv1
Total layer relevance: 982014475894784.0
--------------------------------------------------
Layer: encoder.5.2.conv2
Total layer relevance: 779106866167808.0
--------------------------------------------------
Layer: encoder.5.2.conv3
Total layer relevance: 209129809379328.0
--------------------------------------------------
Layer: encoder.5.3.conv1
Total layer relevance: 25352158052352.0
--------------------------------------------------
Layer: encoder.5.3.conv2
Total layer relevance: 20711156482048.0
--------------------------------------------------
Layer: encoder.5.3.conv3
Total layer relevance: 3972726784000.0
--------------------------------------------------
Layer: encoder.6.0.conv1
Total layer relevance: 318487068672.0
--------------------------------------------------
Layer: encoder.6.0.conv2
Total layer relevance: 326214483968.0
--------------------------------------------------
Layer: encoder.6.0.conv3
Total layer relevance: 111243927552.0
--------------------------------------------------
Layer: encoder.6.0.downsample.0
Total layer relevance: 112578191360.0
--------------------------------------------------
Layer: encoder.6.1.conv1
Total layer relevance: 12296437760.0
--------------------------------------------------
Layer: encoder.6.1.conv2
Total layer relevance: 12379164672.0
--------------------------------------------------
Layer: encoder.6.1.conv3
Total layer relevance: 2718107904.0
--------------------------------------------------
Layer: encoder.6.2.conv1
Total layer relevance: 475110592.0
--------------------------------------------------
Layer: encoder.6.2.conv2
Total layer relevance: 642655232.0
--------------------------------------------------
Layer: encoder.6.2.conv3
Total layer relevance: 213500800.0
--------------------------------------------------
Layer: encoder.6.3.conv1
Total layer relevance: 60617608.0
--------------------------------------------------
Layer: encoder.6.3.conv2
Total layer relevance: 128593552.0
--------------------------------------------------
Layer: encoder.6.3.conv3
Total layer relevance: 28164308.0
--------------------------------------------------
Layer: encoder.6.4.conv1
Total layer relevance: 11021318.0
--------------------------------------------------
Layer: encoder.6.4.conv2
Total layer relevance: 19714532.0
--------------------------------------------------
Layer: encoder.6.4.conv3
Total layer relevance: 2300860.25
--------------------------------------------------
Layer: encoder.6.5.conv1
Total layer relevance: 117887.171875
--------------------------------------------------
Layer: encoder.6.5.conv2
Total layer relevance: 243080.84375
--------------------------------------------------
Layer: encoder.6.5.conv3
Total layer relevance: 64905.02734375
--------------------------------------------------
Layer: encoder.7.0.conv1
Total layer relevance: 9773.3583984375
--------------------------------------------------
Layer: encoder.7.0.conv2
Total layer relevance: 47214.8515625
--------------------------------------------------
Layer: encoder.7.0.conv3
Total layer relevance: 22563.205078125
--------------------------------------------------
Layer: encoder.7.0.downsample.0
Total layer relevance: 27225.34765625
--------------------------------------------------
Layer: encoder.7.1.conv1
Total layer relevance: 4089.515869140625
--------------------------------------------------
Layer: encoder.7.1.conv2
Total layer relevance: 19198.03125
--------------------------------------------------
Layer: encoder.7.1.conv3
Total layer relevance: 4967.83740234375
--------------------------------------------------
Layer: encoder.7.2.conv1
Total layer relevance: 2238.7509765625
--------------------------------------------------
Layer: encoder.7.2.conv2
Total layer relevance: 7238.591796875
--------------------------------------------------
Layer: encoder.7.2.conv3
Total layer relevance: 1040.884521484375
--------------------------------------------------
Minimal retained neurons per layer:  0.040000000000000036
--------------------------------------------------
Global Pruning Mask
Pruning-rate: 0.97
Layer: conv1                Num neurons pruned: 0            % neurons pruned: 0.00%
Layer: encoder.4.0.conv1    Num neurons pruned: 0            % neurons pruned: 0.00%
Layer: encoder.4.0.conv2    Num neurons pruned: 0            % neurons pruned: 0.00%
Layer: encoder.4.0.conv3    Num neurons pruned: 1040         % neurons pruned: 6.25%
Layer: encoder.4.0.downsample.0 Num neurons pruned: 1430         % neurons pruned: 8.59%
Layer: encoder.4.1.conv1    Num neurons pruned: 1799         % neurons pruned: 10.94%
Layer: encoder.4.1.conv2    Num neurons pruned: 5770         % neurons pruned: 15.62%
Layer: encoder.4.1.conv3    Num neurons pruned: 15340        % neurons pruned: 92.19%
Layer: encoder.4.2.conv1    Num neurons pruned: 15677        % neurons pruned: 95.31%
Layer: encoder.4.2.conv2    Num neurons pruned: 35197        % neurons pruned: 95.31%
Layer: encoder.4.2.conv3    Num neurons pruned: 15925        % neurons pruned: 95.70%
Layer: encoder.5.0.conv1    Num neurons pruned: 31354        % neurons pruned: 95.31%
Layer: encoder.5.0.conv2    Num neurons pruned: 140666       % neurons pruned: 95.31%
Layer: encoder.5.0.conv3    Num neurons pruned: 63339        % neurons pruned: 95.90%
Layer: encoder.5.0.downsample.0 Num neurons pruned: 126187       % neurons pruned: 95.90%
Layer: encoder.5.1.conv1    Num neurons pruned: 62586        % neurons pruned: 95.31%
Layer: encoder.5.1.conv2    Num neurons pruned: 140666       % neurons pruned: 95.31%
Layer: encoder.5.1.conv3    Num neurons pruned: 63339        % neurons pruned: 95.90%
Layer: encoder.5.2.conv1    Num neurons pruned: 62586        % neurons pruned: 95.31%
Layer: encoder.5.2.conv2    Num neurons pruned: 140666       % neurons pruned: 95.31%
Layer: encoder.5.2.conv3    Num neurons pruned: 63339        % neurons pruned: 95.90%
Layer: encoder.5.3.conv1    Num neurons pruned: 62586        % neurons pruned: 95.31%
Layer: encoder.5.3.conv2    Num neurons pruned: 140666       % neurons pruned: 95.31%
Layer: encoder.5.3.conv3    Num neurons pruned: 63339        % neurons pruned: 95.90%
Layer: encoder.6.0.conv1    Num neurons pruned: 125685       % neurons pruned: 95.70%
Layer: encoder.6.0.conv2    Num neurons pruned: 564725       % neurons pruned: 95.70%
Layer: encoder.6.0.conv3    Num neurons pruned: 252631       % neurons pruned: 96.00%
Layer: encoder.6.0.downsample.0 Num neurons pruned: 504279       % neurons pruned: 96.00%
Layer: encoder.6.1.conv1    Num neurons pruned: 251125       % neurons pruned: 95.70%
Layer: encoder.6.1.conv2    Num neurons pruned: 564725       % neurons pruned: 95.70%
Layer: encoder.6.1.conv3    Num neurons pruned: 252631       % neurons pruned: 96.00%
Layer: encoder.6.2.conv1    Num neurons pruned: 251125       % neurons pruned: 95.70%
Layer: encoder.6.2.conv2    Num neurons pruned: 564725       % neurons pruned: 95.70%
Layer: encoder.6.2.conv3    Num neurons pruned: 252631       % neurons pruned: 96.00%
Layer: encoder.6.3.conv1    Num neurons pruned: 251125       % neurons pruned: 95.70%
Layer: encoder.6.3.conv2    Num neurons pruned: 564725       % neurons pruned: 95.70%
Layer: encoder.6.3.conv3    Num neurons pruned: 252631       % neurons pruned: 96.00%
Layer: encoder.6.4.conv1    Num neurons pruned: 251125       % neurons pruned: 95.70%
Layer: encoder.6.4.conv2    Num neurons pruned: 564725       % neurons pruned: 95.70%
Layer: encoder.6.4.conv3    Num neurons pruned: 252631       % neurons pruned: 96.00%
Layer: encoder.6.5.conv1    Num neurons pruned: 251125       % neurons pruned: 95.70%
Layer: encoder.6.5.conv2    Num neurons pruned: 564725       % neurons pruned: 95.70%
Layer: encoder.6.5.conv3    Num neurons pruned: 252631       % neurons pruned: 96.00%
Layer: encoder.7.0.conv1    Num neurons pruned: 503275       % neurons pruned: 95.90%
Layer: encoder.7.0.conv2    Num neurons pruned: 2263019      % neurons pruned: 95.90%
Layer: encoder.7.0.conv3    Num neurons pruned: 1008558      % neurons pruned: 96.00%
Layer: encoder.7.0.downsample.0 Num neurons pruned: 2015150      % neurons pruned: 96.00%
Layer: encoder.7.1.conv1    Num neurons pruned: 1006059      % neurons pruned: 95.90%
Layer: encoder.7.1.conv2    Num neurons pruned: 2263019      % neurons pruned: 95.90%
Layer: encoder.7.1.conv3    Num neurons pruned: 1008558      % neurons pruned: 96.00%
Layer: encoder.7.2.conv1    Num neurons pruned: 1006059      % neurons pruned: 95.90%
Layer: encoder.7.2.conv2    Num neurons pruned: 2263019      % neurons pruned: 95.90%
Layer: encoder.7.2.conv3    Num neurons pruned: 1008558      % neurons pruned: 96.00%
Overall Percentage of pruned neurons across all layers: 95.26%
Sending pruning mask to clients...
[INFO] Pruner and pruning mask received and stored.
[INFO] Pruner and pruning mask received and stored.
[INFO] Pruner and pruning mask received and stored.
[INFO] Pruner and pruning mask received and stored.
[INFO] Pruner and pruning mask received and stored.
[INFO] Pruner and pruning mask received and stored.
[INFO] Pruner and pruning mask received and stored.
[INFO] Pruner and pruning mask received and stored.
Epoch 1/1
----------
Prune before sending to global...
Epoch 1/1
----------
Prune before sending to global...
Epoch 1/1
----------
Prune before sending to global...
Epoch 1/1
----------
Prune before sending to global...
Epoch 1/1
----------
Prune before sending to global...
Epoch 1/1
----------
Prune before sending to global...
Epoch 1/1
----------
Prune before sending to global...
Epoch 1/1
----------
Prune before sending to global...
micro     precision: 0.3650 | recall: 0.1428 | f1-score: 0.2053 | support: 40183 | mAP: 0.4050
macro     precision: 0.0192 | recall: 0.0526 | f1-score: 0.0281 | support: 40183 | mAP: 0.2788

==================================================
ROUND 5/40
==================================================
Epoch 1/1
----------
Prune before sending to global...
Epoch 1/1
----------
Prune before sending to global...
Epoch 1/1
----------
Prune before sending to global...
Epoch 1/1
----------
Prune before sending to global...
Epoch 1/1
----------
Prune before sending to global...
Epoch 1/1
----------
Prune before sending to global...
Epoch 1/1
----------
Prune before sending to global...
Epoch 1/1
----------
Prune before sending to global...
micro     precision: 0.7850 | recall: 0.4928 | f1-score: 0.6055 | support: 40183 | mAP: 0.6783
macro     precision: 0.2552 | recall: 0.2029 | f1-score: 0.2144 | support: 40183 | mAP: 0.3844

==================================================
ROUND 6/40
==================================================
Epoch 1/1
----------
Prune before sending to global...
Epoch 1/1
----------
Prune before sending to global...
Epoch 1/1
----------
Prune before sending to global...
Epoch 1/1
----------
Prune before sending to global...
Epoch 1/1
----------
Prune before sending to global...
Epoch 1/1
----------
Prune before sending to global...
Epoch 1/1
----------
Prune before sending to global...
Epoch 1/1
----------
Prune before sending to global...
micro     precision: 0.8310 | recall: 0.5667 | f1-score: 0.6739 | support: 40183 | mAP: 0.7863
macro     precision: 0.4583 | recall: 0.2918 | f1-score: 0.3254 | support: 40183 | mAP: 0.4426

==================================================
ROUND 7/40
==================================================
Epoch 1/1
----------
Prune before sending to global...
Epoch 1/1
----------
Prune before sending to global...
Epoch 1/1
----------
Prune before sending to global...
Epoch 1/1
----------
Prune before sending to global...
Epoch 1/1
----------
Prune before sending to global...
Epoch 1/1
----------
Prune before sending to global...
Epoch 1/1
----------
Prune before sending to global...
Epoch 1/1
----------
Prune before sending to global...
micro     precision: 0.8592 | recall: 0.5328 | f1-score: 0.6577 | support: 40183 | mAP: 0.7952
macro     precision: 0.4903 | recall: 0.2747 | f1-score: 0.3148 | support: 40183 | mAP: 0.4564

==================================================
ROUND 8/40
==================================================
Epoch 1/1
----------
Prune before sending to global...
Epoch 1/1
----------
Prune before sending to global...
Epoch 1/1
----------
Prune before sending to global...
Epoch 1/1
----------
Prune before sending to global...
Epoch 1/1
----------
Prune before sending to global...
Epoch 1/1
----------
Prune before sending to global...
Epoch 1/1
----------
Prune before sending to global...
Epoch 1/1
----------
Prune before sending to global...
micro     precision: 0.8638 | recall: 0.5778 | f1-score: 0.6924 | support: 40183 | mAP: 0.8093
macro     precision: 0.5348 | recall: 0.3105 | f1-score: 0.3613 | support: 40183 | mAP: 0.4899

==================================================
ROUND 9/40
==================================================
Epoch 1/1
----------
Prune before sending to global...
Epoch 1/1
----------
Prune before sending to global...
Epoch 1/1
----------
Prune before sending to global...
Epoch 1/1
----------
Prune before sending to global...
Epoch 1/1
----------
Prune before sending to global...
Epoch 1/1
----------
Prune before sending to global...
Epoch 1/1
----------
Prune before sending to global...
Epoch 1/1
----------
Prune before sending to global...
micro     precision: 0.8373 | recall: 0.6155 | f1-score: 0.7095 | support: 40183 | mAP: 0.8163
macro     precision: 0.6132 | recall: 0.3345 | f1-score: 0.3864 | support: 40183 | mAP: 0.5008

==================================================
ROUND 10/40
==================================================
Epoch 1/1
----------
Prune before sending to global...
Epoch 1/1
----------
Prune before sending to global...
Epoch 1/1
----------
Prune before sending to global...
Epoch 1/1
----------
Prune before sending to global...
Epoch 1/1
----------
Prune before sending to global...
Epoch 1/1
----------
Prune before sending to global...
Epoch 1/1
----------
Prune before sending to global...
Epoch 1/1
----------
Prune before sending to global...
micro     precision: 0.8465 | recall: 0.6435 | f1-score: 0.7311 | support: 40183 | mAP: 0.8348
macro     precision: 0.6081 | recall: 0.3631 | f1-score: 0.4223 | support: 40183 | mAP: 0.5140

==================================================
ROUND 11/40
==================================================
Epoch 1/1
----------
Prune before sending to global...
Epoch 1/1
----------
Prune before sending to global...
Epoch 1/1
----------
Prune before sending to global...
Epoch 1/1
----------
Prune before sending to global...
Epoch 1/1
----------
Prune before sending to global...
Epoch 1/1
----------
Prune before sending to global...
Epoch 1/1
----------
Prune before sending to global...
Epoch 1/1
----------
Prune before sending to global...
micro     precision: 0.8551 | recall: 0.6303 | f1-score: 0.7257 | support: 40183 | mAP: 0.8408
macro     precision: 0.6086 | recall: 0.3690 | f1-score: 0.4340 | support: 40183 | mAP: 0.5228

==================================================
ROUND 12/40
==================================================
Epoch 1/1
----------
Prune before sending to global...
Epoch 1/1
----------
Prune before sending to global...
Epoch 1/1
----------
Prune before sending to global...
Epoch 1/1
----------
Prune before sending to global...
Epoch 1/1
----------
Prune before sending to global...
Epoch 1/1
----------
Prune before sending to global...
Epoch 1/1
----------
Prune before sending to global...
Epoch 1/1
----------
Prune before sending to global...
micro     precision: 0.8514 | recall: 0.6568 | f1-score: 0.7416 | support: 40183 | mAP: 0.8425
macro     precision: 0.6156 | recall: 0.3885 | f1-score: 0.4489 | support: 40183 | mAP: 0.5301

==================================================
ROUND 13/40
==================================================
Epoch 1/1
----------
Prune before sending to global...
Epoch 1/1
----------
Prune before sending to global...
Epoch 1/1
----------
Prune before sending to global...
Epoch 1/1
----------
Prune before sending to global...
Epoch 1/1
----------
Prune before sending to global...
Epoch 1/1
----------
Prune before sending to global...
Epoch 1/1
----------
Prune before sending to global...
Epoch 1/1
----------
Prune before sending to global...
micro     precision: 0.8484 | recall: 0.6709 | f1-score: 0.7492 | support: 40183 | mAP: 0.8530
macro     precision: 0.6194 | recall: 0.3966 | f1-score: 0.4541 | support: 40183 | mAP: 0.5389

==================================================
ROUND 14/40
==================================================
Epoch 1/1
----------
Prune before sending to global...
Epoch 1/1
----------
Prune before sending to global...
Epoch 1/1
----------
Prune before sending to global...
Epoch 1/1
----------
Prune before sending to global...
Epoch 1/1
----------
Prune before sending to global...
Epoch 1/1
----------
Prune before sending to global...
Epoch 1/1
----------
Prune before sending to global...
Epoch 1/1
----------
Prune before sending to global...
micro     precision: 0.8514 | recall: 0.6686 | f1-score: 0.7490 | support: 40183 | mAP: 0.8512
macro     precision: 0.6223 | recall: 0.3978 | f1-score: 0.4619 | support: 40183 | mAP: 0.5426

==================================================
ROUND 15/40
==================================================
Epoch 1/1
----------
Prune before sending to global...
Epoch 1/1
----------
Prune before sending to global...
Epoch 1/1
----------
Prune before sending to global...
Epoch 1/1
----------
Prune before sending to global...
Epoch 1/1
----------
Prune before sending to global...
Epoch 1/1
----------
Prune before sending to global...
Epoch 1/1
----------
Prune before sending to global...
Epoch 1/1
----------
Prune before sending to global...
micro     precision: 0.8490 | recall: 0.6778 | f1-score: 0.7538 | support: 40183 | mAP: 0.8593
macro     precision: 0.6197 | recall: 0.3965 | f1-score: 0.4563 | support: 40183 | mAP: 0.5471

==================================================
ROUND 16/40
==================================================
Epoch 1/1
----------
Prune before sending to global...
Epoch 1/1
----------
Prune before sending to global...
Epoch 1/1
----------
Prune before sending to global...
Epoch 1/1
----------
Prune before sending to global...
Epoch 1/1
----------
Prune before sending to global...
Epoch 1/1
----------
Prune before sending to global...
Epoch 1/1
----------
Prune before sending to global...
Epoch 1/1
----------
Prune before sending to global...
micro     precision: 0.8553 | recall: 0.6762 | f1-score: 0.7553 | support: 40183 | mAP: 0.8591
macro     precision: 0.6193 | recall: 0.4074 | f1-score: 0.4689 | support: 40183 | mAP: 0.5485

==================================================
ROUND 17/40
==================================================
Epoch 1/1
----------
Prune before sending to global...
Epoch 1/1
----------
Prune before sending to global...
Epoch 1/1
----------
Prune before sending to global...
Epoch 1/1
----------
Prune before sending to global...
Epoch 1/1
----------
Prune before sending to global...
Epoch 1/1
----------
Prune before sending to global...
Epoch 1/1
----------
Prune before sending to global...
Epoch 1/1
----------
Prune before sending to global...
micro     precision: 0.8627 | recall: 0.6693 | f1-score: 0.7538 | support: 40183 | mAP: 0.8628
macro     precision: 0.6322 | recall: 0.4124 | f1-score: 0.4735 | support: 40183 | mAP: 0.5540

==================================================
ROUND 18/40
==================================================
Epoch 1/1
----------
Prune before sending to global...
Epoch 1/1
----------
Prune before sending to global...
Epoch 1/1
----------
Prune before sending to global...
Epoch 1/1
----------
Prune before sending to global...
Epoch 1/1
----------
Prune before sending to global...
Epoch 1/1
----------
Prune before sending to global...
Epoch 1/1
----------
Prune before sending to global...
Epoch 1/1
----------
Prune before sending to global...
micro     precision: 0.8647 | recall: 0.6799 | f1-score: 0.7612 | support: 40183 | mAP: 0.8682
macro     precision: 0.6293 | recall: 0.4219 | f1-score: 0.4883 | support: 40183 | mAP: 0.5582

==================================================
ROUND 19/40
==================================================
Epoch 1/1
----------
Prune before sending to global...
Epoch 1/1
----------
Prune before sending to global...
Epoch 1/1
----------
Prune before sending to global...
Epoch 1/1
----------
Prune before sending to global...
Epoch 1/1
----------
Prune before sending to global...
Epoch 1/1
----------
Prune before sending to global...
Epoch 1/1
----------
Prune before sending to global...
Epoch 1/1
----------
Prune before sending to global...
micro     precision: 0.8581 | recall: 0.6893 | f1-score: 0.7645 | support: 40183 | mAP: 0.8697
macro     precision: 0.6266 | recall: 0.4238 | f1-score: 0.4841 | support: 40183 | mAP: 0.5597

==================================================
ROUND 20/40
==================================================
Epoch 1/1
----------
Prune before sending to global...
Epoch 1/1
----------
Prune before sending to global...
Epoch 1/1
----------
Prune before sending to global...
Epoch 1/1
----------
Prune before sending to global...
Epoch 1/1
----------
Prune before sending to global...
Epoch 1/1
----------
Prune before sending to global...
Epoch 1/1
----------
Prune before sending to global...
Epoch 1/1
----------
Prune before sending to global...
micro     precision: 0.8616 | recall: 0.7014 | f1-score: 0.7733 | support: 40183 | mAP: 0.8741
macro     precision: 0.6271 | recall: 0.4310 | f1-score: 0.4881 | support: 40183 | mAP: 0.5649

==================================================
ROUND 21/40
==================================================
Epoch 1/1
----------
Prune before sending to global...
Epoch 1/1
----------
Prune before sending to global...
Epoch 1/1
----------
Prune before sending to global...
Epoch 1/1
----------
Prune before sending to global...
Epoch 1/1
----------
Prune before sending to global...
Epoch 1/1
----------
Prune before sending to global...
Epoch 1/1
----------
Prune before sending to global...
Epoch 1/1
----------
Prune before sending to global...
micro     precision: 0.8664 | recall: 0.6927 | f1-score: 0.7699 | support: 40183 | mAP: 0.8739
macro     precision: 0.6251 | recall: 0.4311 | f1-score: 0.4924 | support: 40183 | mAP: 0.5622

==================================================
ROUND 22/40
==================================================
Epoch 1/1
----------
Prune before sending to global...
Epoch 1/1
----------
Prune before sending to global...
Epoch 1/1
----------
Prune before sending to global...
Epoch 1/1
----------
Prune before sending to global...
Epoch 1/1
----------
Prune before sending to global...
Epoch 1/1
----------
Prune before sending to global...
Epoch 1/1
----------
Prune before sending to global...
Epoch 1/1
----------
Prune before sending to global...
micro     precision: 0.8611 | recall: 0.7047 | f1-score: 0.7751 | support: 40183 | mAP: 0.8759
macro     precision: 0.6319 | recall: 0.4370 | f1-score: 0.4968 | support: 40183 | mAP: 0.5684

==================================================
ROUND 23/40
==================================================
Epoch 1/1
----------
Prune before sending to global...
Epoch 1/1
----------
Prune before sending to global...
Epoch 1/1
----------
Prune before sending to global...
Epoch 1/1
----------
Prune before sending to global...
Epoch 1/1
----------
Prune before sending to global...
Epoch 1/1
----------
Prune before sending to global...
Epoch 1/1
----------
Prune before sending to global...
Epoch 1/1
----------
Prune before sending to global...
micro     precision: 0.8692 | recall: 0.6935 | f1-score: 0.7715 | support: 40183 | mAP: 0.8777
macro     precision: 0.6291 | recall: 0.4331 | f1-score: 0.4950 | support: 40183 | mAP: 0.5686

==================================================
ROUND 24/40
==================================================
Epoch 1/1
----------
Prune before sending to global...
Epoch 1/1
----------
Prune before sending to global...
Epoch 1/1
----------
Prune before sending to global...
Epoch 1/1
----------
Prune before sending to global...
Epoch 1/1
----------
Prune before sending to global...
Epoch 1/1
----------
Prune before sending to global...
Epoch 1/1
----------
Prune before sending to global...
Epoch 1/1
----------
Prune before sending to global...
micro     precision: 0.8583 | recall: 0.7121 | f1-score: 0.7784 | support: 40183 | mAP: 0.8765
macro     precision: 0.6290 | recall: 0.4444 | f1-score: 0.5002 | support: 40183 | mAP: 0.5705

==================================================
ROUND 25/40
==================================================
Epoch 1/1
----------
Prune before sending to global...
Epoch 1/1
----------
Prune before sending to global...
Epoch 1/1
----------
Prune before sending to global...
Epoch 1/1
----------
Prune before sending to global...
Epoch 1/1
----------
Prune before sending to global...
Epoch 1/1
----------
Prune before sending to global...
Epoch 1/1
----------
Prune before sending to global...
Epoch 1/1
----------
Prune before sending to global...
micro     precision: 0.8712 | recall: 0.7065 | f1-score: 0.7802 | support: 40183 | mAP: 0.8823
macro     precision: 0.6392 | recall: 0.4389 | f1-score: 0.5016 | support: 40183 | mAP: 0.5748

==================================================
ROUND 26/40
==================================================
Epoch 1/1
----------
Prune before sending to global...
Epoch 1/1
----------
Prune before sending to global...
Epoch 1/1
----------
Prune before sending to global...
Epoch 1/1
----------
Prune before sending to global...
Epoch 1/1
----------
Prune before sending to global...
Epoch 1/1
----------
Prune before sending to global...
Epoch 1/1
----------
Prune before sending to global...
Epoch 1/1
----------
Prune before sending to global...
micro     precision: 0.8520 | recall: 0.7283 | f1-score: 0.7853 | support: 40183 | mAP: 0.8828
macro     precision: 0.6221 | recall: 0.4587 | f1-score: 0.5153 | support: 40183 | mAP: 0.5763

==================================================
ROUND 27/40
==================================================
Epoch 1/1
----------
Prune before sending to global...
Epoch 1/1
----------
Prune before sending to global...
Epoch 1/1
----------
Prune before sending to global...
Epoch 1/1
----------
Prune before sending to global...
Epoch 1/1
----------
Prune before sending to global...
Epoch 1/1
----------
Prune before sending to global...
Epoch 1/1
----------
Prune before sending to global...
Epoch 1/1
----------
Prune before sending to global...
micro     precision: 0.8695 | recall: 0.7133 | f1-score: 0.7837 | support: 40183 | mAP: 0.8836
macro     precision: 0.6424 | recall: 0.4463 | f1-score: 0.5062 | support: 40183 | mAP: 0.5771

==================================================
ROUND 28/40
==================================================
Epoch 1/1
----------
Prune before sending to global...
Epoch 1/1
----------
Prune before sending to global...
Epoch 1/1
----------
Prune before sending to global...
Epoch 1/1
----------
Prune before sending to global...
Epoch 1/1
----------
Prune before sending to global...
Epoch 1/1
----------
Prune before sending to global...
Epoch 1/1
----------
Prune before sending to global...
Epoch 1/1
----------
Prune before sending to global...
micro     precision: 0.8670 | recall: 0.7228 | f1-score: 0.7884 | support: 40183 | mAP: 0.8856
macro     precision: 0.6366 | recall: 0.4552 | f1-score: 0.5150 | support: 40183 | mAP: 0.5789

==================================================
ROUND 29/40
==================================================
Epoch 1/1
----------
Prune before sending to global...
Epoch 1/1
----------
Prune before sending to global...
Epoch 1/1
----------
Prune before sending to global...
Epoch 1/1
----------
Prune before sending to global...
Epoch 1/1
----------
Prune before sending to global...
Epoch 1/1
----------
Prune before sending to global...
Epoch 1/1
----------
Prune before sending to global...
Epoch 1/1
----------
Prune before sending to global...
micro     precision: 0.8506 | recall: 0.7147 | f1-score: 0.7768 | support: 40183 | mAP: 0.8764
macro     precision: 0.6184 | recall: 0.4569 | f1-score: 0.5138 | support: 40183 | mAP: 0.5763

==================================================
ROUND 30/40
==================================================
Epoch 1/1
----------
Prune before sending to global...
Epoch 1/1
----------
Prune before sending to global...
Epoch 1/1
----------
Prune before sending to global...
Epoch 1/1
----------
Prune before sending to global...
Epoch 1/1
----------
Prune before sending to global...
Epoch 1/1
----------
Prune before sending to global...
Epoch 1/1
----------
Prune before sending to global...
Epoch 1/1
----------
Prune before sending to global...
micro     precision: 0.8635 | recall: 0.7265 | f1-score: 0.7891 | support: 40183 | mAP: 0.8856
macro     precision: 0.6319 | recall: 0.4514 | f1-score: 0.5069 | support: 40183 | mAP: 0.5771

==================================================
ROUND 31/40
==================================================
Epoch 1/1
----------
Prune before sending to global...
Epoch 1/1
----------
Prune before sending to global...
Epoch 1/1
----------
Prune before sending to global...
Epoch 1/1
----------
Prune before sending to global...
Epoch 1/1
----------
Prune before sending to global...
Epoch 1/1
----------
Prune before sending to global...
Epoch 1/1
----------
Prune before sending to global...
Epoch 1/1
----------
Prune before sending to global...
micro     precision: 0.8571 | recall: 0.7036 | f1-score: 0.7728 | support: 40183 | mAP: 0.8777
macro     precision: 0.6263 | recall: 0.4518 | f1-score: 0.5092 | support: 40183 | mAP: 0.5765

==================================================
ROUND 32/40
==================================================
Epoch 1/1
----------
Prune before sending to global...
Epoch 1/1
----------
Prune before sending to global...
Epoch 1/1
----------
Prune before sending to global...
Epoch 1/1
----------
Prune before sending to global...
Epoch 1/1
----------
Prune before sending to global...
Epoch 1/1
----------
Prune before sending to global...
Epoch 1/1
----------
Prune before sending to global...
Epoch 1/1
----------
Prune before sending to global...
micro     precision: 0.8680 | recall: 0.7185 | f1-score: 0.7862 | support: 40183 | mAP: 0.8861
macro     precision: 0.6269 | recall: 0.4596 | f1-score: 0.5167 | support: 40183 | mAP: 0.5792

==================================================
ROUND 33/40
==================================================
Epoch 1/1
----------
Prune before sending to global...
Epoch 1/1
----------
Prune before sending to global...
Epoch 1/1
----------
Prune before sending to global...
Epoch 1/1
----------
Prune before sending to global...
Epoch 1/1
----------
Prune before sending to global...
Epoch 1/1
----------
Prune before sending to global...
Epoch 1/1
----------
Prune before sending to global...
Epoch 1/1
----------
Prune before sending to global...
micro     precision: 0.8665 | recall: 0.7249 | f1-score: 0.7894 | support: 40183 | mAP: 0.8893
macro     precision: 0.6328 | recall: 0.4600 | f1-score: 0.5187 | support: 40183 | mAP: 0.5842

==================================================
ROUND 34/40
==================================================
Epoch 1/1
----------
Prune before sending to global...
Epoch 1/1
----------
Prune before sending to global...
Epoch 1/1
----------
Prune before sending to global...
Epoch 1/1
----------
Prune before sending to global...
Epoch 1/1
----------
Prune before sending to global...
Epoch 1/1
----------
Prune before sending to global...
Epoch 1/1
----------
Prune before sending to global...
Epoch 1/1
----------
Prune before sending to global...
micro     precision: 0.8636 | recall: 0.7276 | f1-score: 0.7898 | support: 40183 | mAP: 0.8891
macro     precision: 0.6324 | recall: 0.4654 | f1-score: 0.5232 | support: 40183 | mAP: 0.5860

==================================================
ROUND 35/40
==================================================
Epoch 1/1
----------
Prune before sending to global...
Epoch 1/1
----------
Prune before sending to global...
Epoch 1/1
----------
Prune before sending to global...
Epoch 1/1
----------
Prune before sending to global...
Epoch 1/1
----------
Prune before sending to global...
Epoch 1/1
----------
Prune before sending to global...
Epoch 1/1
----------
Prune before sending to global...
Epoch 1/1
----------
Prune before sending to global...
micro     precision: 0.8664 | recall: 0.7195 | f1-score: 0.7861 | support: 40183 | mAP: 0.8877
macro     precision: 0.6264 | recall: 0.4633 | f1-score: 0.5218 | support: 40183 | mAP: 0.5840

==================================================
ROUND 36/40
==================================================
Epoch 1/1
----------
Prune before sending to global...
Epoch 1/1
----------
Prune before sending to global...
Epoch 1/1
----------
Prune before sending to global...
Epoch 1/1
----------
Prune before sending to global...
Epoch 1/1
----------
Prune before sending to global...
Epoch 1/1
----------
Prune before sending to global...
Epoch 1/1
----------
Prune before sending to global...
Epoch 1/1
----------
Prune before sending to global...
micro     precision: 0.8664 | recall: 0.7231 | f1-score: 0.7883 | support: 40183 | mAP: 0.8881
macro     precision: 0.6327 | recall: 0.4702 | f1-score: 0.5270 | support: 40183 | mAP: 0.5866

==================================================
ROUND 37/40
==================================================
Epoch 1/1
----------
Prune before sending to global...
Epoch 1/1
----------
Prune before sending to global...
Epoch 1/1
----------
Prune before sending to global...
Epoch 1/1
----------
Prune before sending to global...
Epoch 1/1
----------
Prune before sending to global...
Epoch 1/1
----------
Prune before sending to global...
Epoch 1/1
----------
Prune before sending to global...
Epoch 1/1
----------
Prune before sending to global...
micro     precision: 0.8586 | recall: 0.7381 | f1-score: 0.7938 | support: 40183 | mAP: 0.8880
macro     precision: 0.6283 | recall: 0.4726 | f1-score: 0.5259 | support: 40183 | mAP: 0.5862

==================================================
ROUND 38/40
==================================================
Epoch 1/1
----------
Prune before sending to global...
Epoch 1/1
----------
Prune before sending to global...
Epoch 1/1
----------
Prune before sending to global...
Epoch 1/1
----------
Prune before sending to global...
Epoch 1/1
----------
Prune before sending to global...
Epoch 1/1
----------
Prune before sending to global...
Epoch 1/1
----------
Prune before sending to global...
Epoch 1/1
----------
Prune before sending to global...
micro     precision: 0.8698 | recall: 0.7345 | f1-score: 0.7964 | support: 40183 | mAP: 0.8938
macro     precision: 0.6295 | recall: 0.4715 | f1-score: 0.5281 | support: 40183 | mAP: 0.5899

==================================================
ROUND 39/40
==================================================
Epoch 1/1
----------
Prune before sending to global...
Epoch 1/1
----------
Prune before sending to global...
Epoch 1/1
----------
Prune before sending to global...
Epoch 1/1
----------
Prune before sending to global...
Epoch 1/1
----------
Prune before sending to global...
Epoch 1/1
----------
Prune before sending to global...
Epoch 1/1
----------
Prune before sending to global...
Epoch 1/1
----------
Prune before sending to global...
micro     precision: 0.8658 | recall: 0.7297 | f1-score: 0.7919 | support: 40183 | mAP: 0.8932
macro     precision: 0.6295 | recall: 0.4720 | f1-score: 0.5300 | support: 40183 | mAP: 0.5906

==================================================
ROUND 40/40
==================================================
Epoch 1/1
----------
Prune before sending to global...
Epoch 1/1
----------
Prune before sending to global...
Epoch 1/1
----------
Prune before sending to global...
Epoch 1/1
----------
Prune before sending to global...
Epoch 1/1
----------
Prune before sending to global...
Epoch 1/1
----------
Prune before sending to global...
Epoch 1/1
----------
Prune before sending to global...
Epoch 1/1
----------
Prune before sending to global...
micro     precision: 0.8658 | recall: 0.7364 | f1-score: 0.7958 | support: 40183 | mAP: 0.8931
macro     precision: 0.6303 | recall: 0.4791 | f1-score: 0.5347 | support: 40183 | mAP: 0.5901

[{'0': {'precision': [], 'recall': [], 'f1-score': [], 'support': []}, '1': {'precision': [], 'recall': [], 'f1-score': [], 'support': []}, '2': {'precision': [], 'recall': [], 'f1-score': [], 'support': []}, '3': {'precision': [], 'recall': [], 'f1-score': [], 'support': []}, '4': {'precision': [], 'recall': [], 'f1-score': [], 'support': []}, '5': {'precision': [], 'recall': [], 'f1-score': [], 'support': []}, '6': {'precision': [], 'recall': [], 'f1-score': [], 'support': []}, '7': {'precision': [], 'recall': [], 'f1-score': [], 'support': []}, '8': {'precision': [], 'recall': [], 'f1-score': [], 'support': []}, '9': {'precision': [], 'recall': [], 'f1-score': [], 'support': []}, '10': {'precision': [], 'recall': [], 'f1-score': [], 'support': []}, '11': {'precision': [], 'recall': [], 'f1-score': [], 'support': []}, '12': {'precision': [], 'recall': [], 'f1-score': [], 'support': []}, '13': {'precision': [], 'recall': [], 'f1-score': [], 'support': []}, '14': {'precision': [], 'recall': [], 'f1-score': [], 'support': []}, '15': {'precision': [], 'recall': [], 'f1-score': [], 'support': []}, '16': {'precision': [], 'recall': [], 'f1-score': [], 'support': []}, '17': {'precision': [], 'recall': [], 'f1-score': [], 'support': []}, '18': {'precision': [], 'recall': [], 'f1-score': [], 'support': []}, 'micro avg': {'precision': [], 'recall': [], 'f1-score': [], 'support': []}, 'macro avg': {'precision': [], 'recall': [], 'f1-score': [], 'support': []}, 'weighted avg': {'precision': [], 'recall': [], 'f1-score': [], 'support': []}, 'ap_mic': [], 'ap_mac': []}, {'0': {'precision': [], 'recall': [], 'f1-score': [], 'support': []}, '1': {'precision': [], 'recall': [], 'f1-score': [], 'support': []}, '2': {'precision': [], 'recall': [], 'f1-score': [], 'support': []}, '3': {'precision': [], 'recall': [], 'f1-score': [], 'support': []}, '4': {'precision': [], 'recall': [], 'f1-score': [], 'support': []}, '5': {'precision': [], 'recall': [], 'f1-score': [], 'support': []}, '6': {'precision': [], 'recall': [], 'f1-score': [], 'support': []}, '7': {'precision': [], 'recall': [], 'f1-score': [], 'support': []}, '8': {'precision': [], 'recall': [], 'f1-score': [], 'support': []}, '9': {'precision': [], 'recall': [], 'f1-score': [], 'support': []}, '10': {'precision': [], 'recall': [], 'f1-score': [], 'support': []}, '11': {'precision': [], 'recall': [], 'f1-score': [], 'support': []}, '12': {'precision': [], 'recall': [], 'f1-score': [], 'support': []}, '13': {'precision': [], 'recall': [], 'f1-score': [], 'support': []}, '14': {'precision': [], 'recall': [], 'f1-score': [], 'support': []}, '15': {'precision': [], 'recall': [], 'f1-score': [], 'support': []}, '16': {'precision': [], 'recall': [], 'f1-score': [], 'support': []}, '17': {'precision': [], 'recall': [], 'f1-score': [], 'support': []}, '18': {'precision': [], 'recall': [], 'f1-score': [], 'support': []}, 'micro avg': {'precision': [], 'recall': [], 'f1-score': [], 'support': []}, 'macro avg': {'precision': [], 'recall': [], 'f1-score': [], 'support': []}, 'weighted avg': {'precision': [], 'recall': [], 'f1-score': [], 'support': []}, 'ap_mic': [], 'ap_mac': []}, {'0': {'precision': [], 'recall': [], 'f1-score': [], 'support': []}, '1': {'precision': [], 'recall': [], 'f1-score': [], 'support': []}, '2': {'precision': [], 'recall': [], 'f1-score': [], 'support': []}, '3': {'precision': [], 'recall': [], 'f1-score': [], 'support': []}, '4': {'precision': [], 'recall': [], 'f1-score': [], 'support': []}, '5': {'precision': [], 'recall': [], 'f1-score': [], 'support': []}, '6': {'precision': [], 'recall': [], 'f1-score': [], 'support': []}, '7': {'precision': [], 'recall': [], 'f1-score': [], 'support': []}, '8': {'precision': [], 'recall': [], 'f1-score': [], 'support': []}, '9': {'precision': [], 'recall': [], 'f1-score': [], 'support': []}, '10': {'precision': [], 'recall': [], 'f1-score': [], 'support': []}, '11': {'precision': [], 'recall': [], 'f1-score': [], 'support': []}, '12': {'precision': [], 'recall': [], 'f1-score': [], 'support': []}, '13': {'precision': [], 'recall': [], 'f1-score': [], 'support': []}, '14': {'precision': [], 'recall': [], 'f1-score': [], 'support': []}, '15': {'precision': [], 'recall': [], 'f1-score': [], 'support': []}, '16': {'precision': [], 'recall': [], 'f1-score': [], 'support': []}, '17': {'precision': [], 'recall': [], 'f1-score': [], 'support': []}, '18': {'precision': [], 'recall': [], 'f1-score': [], 'support': []}, 'micro avg': {'precision': [], 'recall': [], 'f1-score': [], 'support': []}, 'macro avg': {'precision': [], 'recall': [], 'f1-score': [], 'support': []}, 'weighted avg': {'precision': [], 'recall': [], 'f1-score': [], 'support': []}, 'ap_mic': [], 'ap_mac': []}, {'0': {'precision': [], 'recall': [], 'f1-score': [], 'support': []}, '1': {'precision': [], 'recall': [], 'f1-score': [], 'support': []}, '2': {'precision': [], 'recall': [], 'f1-score': [], 'support': []}, '3': {'precision': [], 'recall': [], 'f1-score': [], 'support': []}, '4': {'precision': [], 'recall': [], 'f1-score': [], 'support': []}, '5': {'precision': [], 'recall': [], 'f1-score': [], 'support': []}, '6': {'precision': [], 'recall': [], 'f1-score': [], 'support': []}, '7': {'precision': [], 'recall': [], 'f1-score': [], 'support': []}, '8': {'precision': [], 'recall': [], 'f1-score': [], 'support': []}, '9': {'precision': [], 'recall': [], 'f1-score': [], 'support': []}, '10': {'precision': [], 'recall': [], 'f1-score': [], 'support': []}, '11': {'precision': [], 'recall': [], 'f1-score': [], 'support': []}, '12': {'precision': [], 'recall': [], 'f1-score': [], 'support': []}, '13': {'precision': [], 'recall': [], 'f1-score': [], 'support': []}, '14': {'precision': [], 'recall': [], 'f1-score': [], 'support': []}, '15': {'precision': [], 'recall': [], 'f1-score': [], 'support': []}, '16': {'precision': [], 'recall': [], 'f1-score': [], 'support': []}, '17': {'precision': [], 'recall': [], 'f1-score': [], 'support': []}, '18': {'precision': [], 'recall': [], 'f1-score': [], 'support': []}, 'micro avg': {'precision': [], 'recall': [], 'f1-score': [], 'support': []}, 'macro avg': {'precision': [], 'recall': [], 'f1-score': [], 'support': []}, 'weighted avg': {'precision': [], 'recall': [], 'f1-score': [], 'support': []}, 'ap_mic': [], 'ap_mac': []}, {'0': {'precision': [], 'recall': [], 'f1-score': [], 'support': []}, '1': {'precision': [], 'recall': [], 'f1-score': [], 'support': []}, '2': {'precision': [], 'recall': [], 'f1-score': [], 'support': []}, '3': {'precision': [], 'recall': [], 'f1-score': [], 'support': []}, '4': {'precision': [], 'recall': [], 'f1-score': [], 'support': []}, '5': {'precision': [], 'recall': [], 'f1-score': [], 'support': []}, '6': {'precision': [], 'recall': [], 'f1-score': [], 'support': []}, '7': {'precision': [], 'recall': [], 'f1-score': [], 'support': []}, '8': {'precision': [], 'recall': [], 'f1-score': [], 'support': []}, '9': {'precision': [], 'recall': [], 'f1-score': [], 'support': []}, '10': {'precision': [], 'recall': [], 'f1-score': [], 'support': []}, '11': {'precision': [], 'recall': [], 'f1-score': [], 'support': []}, '12': {'precision': [], 'recall': [], 'f1-score': [], 'support': []}, '13': {'precision': [], 'recall': [], 'f1-score': [], 'support': []}, '14': {'precision': [], 'recall': [], 'f1-score': [], 'support': []}, '15': {'precision': [], 'recall': [], 'f1-score': [], 'support': []}, '16': {'precision': [], 'recall': [], 'f1-score': [], 'support': []}, '17': {'precision': [], 'recall': [], 'f1-score': [], 'support': []}, '18': {'precision': [], 'recall': [], 'f1-score': [], 'support': []}, 'micro avg': {'precision': [], 'recall': [], 'f1-score': [], 'support': []}, 'macro avg': {'precision': [], 'recall': [], 'f1-score': [], 'support': []}, 'weighted avg': {'precision': [], 'recall': [], 'f1-score': [], 'support': []}, 'ap_mic': [], 'ap_mac': []}, {'0': {'precision': [], 'recall': [], 'f1-score': [], 'support': []}, '1': {'precision': [], 'recall': [], 'f1-score': [], 'support': []}, '2': {'precision': [], 'recall': [], 'f1-score': [], 'support': []}, '3': {'precision': [], 'recall': [], 'f1-score': [], 'support': []}, '4': {'precision': [], 'recall': [], 'f1-score': [], 'support': []}, '5': {'precision': [], 'recall': [], 'f1-score': [], 'support': []}, '6': {'precision': [], 'recall': [], 'f1-score': [], 'support': []}, '7': {'precision': [], 'recall': [], 'f1-score': [], 'support': []}, '8': {'precision': [], 'recall': [], 'f1-score': [], 'support': []}, '9': {'precision': [], 'recall': [], 'f1-score': [], 'support': []}, '10': {'precision': [], 'recall': [], 'f1-score': [], 'support': []}, '11': {'precision': [], 'recall': [], 'f1-score': [], 'support': []}, '12': {'precision': [], 'recall': [], 'f1-score': [], 'support': []}, '13': {'precision': [], 'recall': [], 'f1-score': [], 'support': []}, '14': {'precision': [], 'recall': [], 'f1-score': [], 'support': []}, '15': {'precision': [], 'recall': [], 'f1-score': [], 'support': []}, '16': {'precision': [], 'recall': [], 'f1-score': [], 'support': []}, '17': {'precision': [], 'recall': [], 'f1-score': [], 'support': []}, '18': {'precision': [], 'recall': [], 'f1-score': [], 'support': []}, 'micro avg': {'precision': [], 'recall': [], 'f1-score': [], 'support': []}, 'macro avg': {'precision': [], 'recall': [], 'f1-score': [], 'support': []}, 'weighted avg': {'precision': [], 'recall': [], 'f1-score': [], 'support': []}, 'ap_mic': [], 'ap_mac': []}, {'0': {'precision': [], 'recall': [], 'f1-score': [], 'support': []}, '1': {'precision': [], 'recall': [], 'f1-score': [], 'support': []}, '2': {'precision': [], 'recall': [], 'f1-score': [], 'support': []}, '3': {'precision': [], 'recall': [], 'f1-score': [], 'support': []}, '4': {'precision': [], 'recall': [], 'f1-score': [], 'support': []}, '5': {'precision': [], 'recall': [], 'f1-score': [], 'support': []}, '6': {'precision': [], 'recall': [], 'f1-score': [], 'support': []}, '7': {'precision': [], 'recall': [], 'f1-score': [], 'support': []}, '8': {'precision': [], 'recall': [], 'f1-score': [], 'support': []}, '9': {'precision': [], 'recall': [], 'f1-score': [], 'support': []}, '10': {'precision': [], 'recall': [], 'f1-score': [], 'support': []}, '11': {'precision': [], 'recall': [], 'f1-score': [], 'support': []}, '12': {'precision': [], 'recall': [], 'f1-score': [], 'support': []}, '13': {'precision': [], 'recall': [], 'f1-score': [], 'support': []}, '14': {'precision': [], 'recall': [], 'f1-score': [], 'support': []}, '15': {'precision': [], 'recall': [], 'f1-score': [], 'support': []}, '16': {'precision': [], 'recall': [], 'f1-score': [], 'support': []}, '17': {'precision': [], 'recall': [], 'f1-score': [], 'support': []}, '18': {'precision': [], 'recall': [], 'f1-score': [], 'support': []}, 'micro avg': {'precision': [], 'recall': [], 'f1-score': [], 'support': []}, 'macro avg': {'precision': [], 'recall': [], 'f1-score': [], 'support': []}, 'weighted avg': {'precision': [], 'recall': [], 'f1-score': [], 'support': []}, 'ap_mic': [], 'ap_mac': []}, {'0': {'precision': [], 'recall': [], 'f1-score': [], 'support': []}, '1': {'precision': [], 'recall': [], 'f1-score': [], 'support': []}, '2': {'precision': [], 'recall': [], 'f1-score': [], 'support': []}, '3': {'precision': [], 'recall': [], 'f1-score': [], 'support': []}, '4': {'precision': [], 'recall': [], 'f1-score': [], 'support': []}, '5': {'precision': [], 'recall': [], 'f1-score': [], 'support': []}, '6': {'precision': [], 'recall': [], 'f1-score': [], 'support': []}, '7': {'precision': [], 'recall': [], 'f1-score': [], 'support': []}, '8': {'precision': [], 'recall': [], 'f1-score': [], 'support': []}, '9': {'precision': [], 'recall': [], 'f1-score': [], 'support': []}, '10': {'precision': [], 'recall': [], 'f1-score': [], 'support': []}, '11': {'precision': [], 'recall': [], 'f1-score': [], 'support': []}, '12': {'precision': [], 'recall': [], 'f1-score': [], 'support': []}, '13': {'precision': [], 'recall': [], 'f1-score': [], 'support': []}, '14': {'precision': [], 'recall': [], 'f1-score': [], 'support': []}, '15': {'precision': [], 'recall': [], 'f1-score': [], 'support': []}, '16': {'precision': [], 'recall': [], 'f1-score': [], 'support': []}, '17': {'precision': [], 'recall': [], 'f1-score': [], 'support': []}, '18': {'precision': [], 'recall': [], 'f1-score': [], 'support': []}, 'micro avg': {'precision': [], 'recall': [], 'f1-score': [], 'support': []}, 'macro avg': {'precision': [], 'recall': [], 'f1-score': [], 'support': []}, 'weighted avg': {'precision': [], 'recall': [], 'f1-score': [], 'support': []}, 'ap_mic': [], 'ap_mac': []}]
