Using device: cuda:0
Pre-filtered 102397 patches based on country and season (split ignored)
Loading BEN data for train...
    237871 patches indexed
    50334 filtered patches indexed
    50334 patches indexed considering max_len
Merged metadata with snow/cloud metadata
Loaded 549488 labels
Loaded 549488 keys
Loaded mapping created
Pre-filtered 102397 patches based on country and season (split ignored)
Loading BEN data for test...
    119825 patches indexed
    26033 filtered patches indexed
    26033 patches indexed considering max_len
Merged metadata with snow/cloud metadata
Loaded 549488 labels
Loaded 549488 keys
Loaded mapping created
Pre-filtered 102397 patches based on country and season (split ignored)
Loading BEN data for train...
    237871 patches indexed
    50334 filtered patches indexed
    50334 patches indexed considering max_len
Merged metadata with snow/cloud metadata
Loaded 549488 labels
Loaded 549488 keys
Loaded mapping created
Pre-filtered 102397 patches based on country and season (split ignored)
Loading BEN data for test...
    119825 patches indexed
    26033 filtered patches indexed
    26033 patches indexed considering max_len
Merged metadata with snow/cloud metadata
Loaded 549488 labels
Loaded 549488 keys
Loaded mapping created
Pre-filtered 102397 patches based on country and season (split ignored)
Loading BEN data for train...
    237871 patches indexed
    50334 filtered patches indexed
    50334 patches indexed considering max_len
Merged metadata with snow/cloud metadata
Loaded 549488 labels
Loaded 549488 keys
Loaded mapping created
Pre-filtered 102397 patches based on country and season (split ignored)
Loading BEN data for test...
    119825 patches indexed
    26033 filtered patches indexed
    26033 patches indexed considering max_len
Merged metadata with snow/cloud metadata
Loaded 549488 labels
Loaded 549488 keys
Loaded mapping created
Pre-filtered 102397 patches based on country and season (split ignored)
Loading BEN data for train...
    237871 patches indexed
    50334 filtered patches indexed
    50334 patches indexed considering max_len
Merged metadata with snow/cloud metadata
Loaded 549488 labels
Loaded 549488 keys
Loaded mapping created
Pre-filtered 102397 patches based on country and season (split ignored)
Loading BEN data for test...
    119825 patches indexed
    26033 filtered patches indexed
    26033 patches indexed considering max_len
Merged metadata with snow/cloud metadata
Loaded 549488 labels
Loaded 549488 keys
Loaded mapping created
Pre-filtered 102397 patches based on country and season (split ignored)
Loading BEN data for train...
    237871 patches indexed
    50334 filtered patches indexed
    50334 patches indexed considering max_len
Merged metadata with snow/cloud metadata
Loaded 549488 labels
Loaded 549488 keys
Loaded mapping created
Pre-filtered 102397 patches based on country and season (split ignored)
Loading BEN data for test...
    119825 patches indexed
    26033 filtered patches indexed
    26033 patches indexed considering max_len
Merged metadata with snow/cloud metadata
Loaded 549488 labels
Loaded 549488 keys
Loaded mapping created
Pre-filtered 102397 patches based on country and season (split ignored)
Loading BEN data for train...
    237871 patches indexed
    50334 filtered patches indexed
    50334 patches indexed considering max_len
Merged metadata with snow/cloud metadata
Loaded 549488 labels
Loaded 549488 keys
Loaded mapping created
Pre-filtered 102397 patches based on country and season (split ignored)
Loading BEN data for test...
    119825 patches indexed
    26033 filtered patches indexed
    26033 patches indexed considering max_len
Merged metadata with snow/cloud metadata
Loaded 549488 labels
Loaded 549488 keys
Loaded mapping created
Pre-filtered 102397 patches based on country and season (split ignored)
Loading BEN data for train...
    237871 patches indexed
    50334 filtered patches indexed
    50334 patches indexed considering max_len
Merged metadata with snow/cloud metadata
Loaded 549488 labels
Loaded 549488 keys
Loaded mapping created
Pre-filtered 102397 patches based on country and season (split ignored)
Loading BEN data for test...
    119825 patches indexed
    26033 filtered patches indexed
    26033 patches indexed considering max_len
Merged metadata with snow/cloud metadata
Loaded 549488 labels
Loaded 549488 keys
Loaded mapping created
Pre-filtered 102397 patches based on country and season (split ignored)
Loading BEN data for train...
    237871 patches indexed
    50334 filtered patches indexed
    50334 patches indexed considering max_len
Merged metadata with snow/cloud metadata
Loaded 549488 labels
Loaded 549488 keys
Loaded mapping created
Pre-filtered 102397 patches based on country and season (split ignored)
Loading BEN data for test...
    119825 patches indexed
    26033 filtered patches indexed
    26033 patches indexed considering max_len
Merged metadata with snow/cloud metadata
Loaded 549488 labels
Loaded 549488 keys
Loaded mapping created
Pre-filtered 59999 patches based on country and season (split ignored)
Loading BEN data for test...
    119825 patches indexed
    15720 filtered patches indexed
    15720 patches indexed considering max_len
Merged metadata with snow/cloud metadata
Loaded 549488 labels
Loaded 549488 keys
Loaded mapping created
Pre-filtered 59999 patches based on country and season (split ignored)
Loading BEN data for train...
    237871 patches indexed
    29135 filtered patches indexed
    29135 patches indexed considering max_len
Merged metadata with snow/cloud metadata
Loaded 549488 labels
Loaded 549488 keys
Loaded mapping created
Loading BEN data for train...
    237871 patches indexed
    237871 filtered patches indexed
    237871 patches indexed considering max_len
Merged metadata with snow/cloud metadata
Loaded 549488 labels
Loaded 549488 keys
Loaded mapping created
==================================================
ROUND 1/40
==================================================
Epoch 1/1
----------
Epoch 1/1
----------
Epoch 1/1
----------
Epoch 1/1
----------
Epoch 1/1
----------
Epoch 1/1
----------
Epoch 1/1
----------
Epoch 1/1
----------
micro     precision: 0.4891 | recall: 0.6230 | f1-score: 0.5480 | support: 40183 | mAP: 0.6031
macro     precision: 0.2893 | recall: 0.3204 | f1-score: 0.2466 | support: 40183 | mAP: 0.3733

==================================================
ROUND 2/40
==================================================
Epoch 1/1
----------
Epoch 1/1
----------
Epoch 1/1
----------
Epoch 1/1
----------
Epoch 1/1
----------
Epoch 1/1
----------
Epoch 1/1
----------
Epoch 1/1
----------
micro     precision: 0.5751 | recall: 0.7377 | f1-score: 0.6463 | support: 40183 | mAP: 0.7211
macro     precision: 0.4023 | recall: 0.3929 | f1-score: 0.3352 | support: 40183 | mAP: 0.4485

==================================================
ROUND 3/40
==================================================
Epoch 1/1
----------
Epoch 1/1
----------
Epoch 1/1
----------
Epoch 1/1
----------
Epoch 1/1
----------
Epoch 1/1
----------
Epoch 1/1
----------
Epoch 1/1
----------
micro     precision: 0.7957 | recall: 0.6834 | f1-score: 0.7353 | support: 40183 | mAP: 0.8172
macro     precision: 0.6335 | recall: 0.3681 | f1-score: 0.3964 | support: 40183 | mAP: 0.5165

==================================================
ROUND 4/40
==================================================
Finale Anzahl der Pruning-Patches: 17
Anzahl eindeutiger Klassen: 18
Klassenverteilung in den Pruning-Patches (Häufigkeiten): {'Marine waters': 9, 'Transitional woodland, shrub': 7, 'Mixed forest': 7, 'Coniferous forest': 6, 'Land principally occupied by agriculture, with significant areas of natural vegetation': 2, 'Inland waters': 1, 'Broad-leaved forest': 2, 'Arable land': 4, 'Urban fabric': 1, 'Industrial or commercial units': 1, 'Coastal wetlands': 2, 'Inland wetlands': 2, 'Pastures': 4, 'Complex cultivation patterns': 1, 'Moors, heathland and sclerophyllous vegetation': 1, 'Natural grassland and sparsely vegetated areas': 1, 'Beaches, dunes, sands': 1, 'Permanent crops': 1}
[INFO] Erstelle Prune Loader...
[INFO] 17 Patches nach Filterung übrig.
[SUCCESS] Prune Loader erfolgreich erstellt.
Used Composite Rules:
low_level_hidden_layer_rule: Epsilon
mid_level_hidden_layer_rule: Gamma
high_level_hidden_layer_rule: Gamma
fully_connected_layers_rule: Epsilon
softmax_rule: Epsilon
Starting relevance computation and pruning mask generation.
Type of components_relevances: <class 'collections.OrderedDict'>
Layer: conv1
Total layer relevance: 3.467578550872514e+20
--------------------------------------------------
Layer: encoder.4.0.conv1
Total layer relevance: 2.081312179510208e+20
--------------------------------------------------
Layer: encoder.4.0.conv2
Total layer relevance: 1.541146569922461e+20
--------------------------------------------------
Layer: encoder.4.0.conv3
Total layer relevance: 5.020084659206645e+19
--------------------------------------------------
Layer: encoder.4.0.downsample.0
Total layer relevance: 5.0054651127990845e+19
--------------------------------------------------
Layer: encoder.4.1.conv1
Total layer relevance: 4.232438069728379e+18
--------------------------------------------------
Layer: encoder.4.1.conv2
Total layer relevance: 3.0954034086312673e+18
--------------------------------------------------
Layer: encoder.4.1.conv3
Total layer relevance: 5.534195240707031e+17
--------------------------------------------------
Layer: encoder.4.2.conv1
Total layer relevance: 3.672722312580301e+16
--------------------------------------------------
Layer: encoder.4.2.conv2
Total layer relevance: 2.92853418819584e+16
--------------------------------------------------
Layer: encoder.4.2.conv3
Total layer relevance: 5989387728846848.0
--------------------------------------------------
Layer: encoder.5.0.conv1
Total layer relevance: 641601273593856.0
--------------------------------------------------
Layer: encoder.5.0.conv2
Total layer relevance: 569164771098624.0
--------------------------------------------------
Layer: encoder.5.0.conv3
Total layer relevance: 173978488406016.0
--------------------------------------------------
Layer: encoder.5.0.downsample.0
Total layer relevance: 174911637159936.0
--------------------------------------------------
Layer: encoder.5.1.conv1
Total layer relevance: 20890932740096.0
--------------------------------------------------
Layer: encoder.5.1.conv2
Total layer relevance: 22166231842816.0
--------------------------------------------------
Layer: encoder.5.1.conv3
Total layer relevance: 8086386376704.0
--------------------------------------------------
Layer: encoder.5.2.conv1
Total layer relevance: 2377097674752.0
--------------------------------------------------
Layer: encoder.5.2.conv2
Total layer relevance: 2562619080704.0
--------------------------------------------------
Layer: encoder.5.2.conv3
Total layer relevance: 681583706112.0
--------------------------------------------------
Layer: encoder.5.3.conv1
Total layer relevance: 187848065024.0
--------------------------------------------------
Layer: encoder.5.3.conv2
Total layer relevance: 264405368832.0
--------------------------------------------------
Layer: encoder.5.3.conv3
Total layer relevance: 22102470656.0
--------------------------------------------------
Layer: encoder.6.0.conv1
Total layer relevance: 1351490304.0
--------------------------------------------------
Layer: encoder.6.0.conv2
Total layer relevance: 1927066112.0
--------------------------------------------------
Layer: encoder.6.0.conv3
Total layer relevance: 294307168.0
--------------------------------------------------
Layer: encoder.6.0.downsample.0
Total layer relevance: 295795136.0
--------------------------------------------------
Layer: encoder.6.1.conv1
Total layer relevance: 38937728.0
--------------------------------------------------
Layer: encoder.6.1.conv2
Total layer relevance: 58712336.0
--------------------------------------------------
Layer: encoder.6.1.conv3
Total layer relevance: 12897177.0
--------------------------------------------------
Layer: encoder.6.2.conv1
Total layer relevance: 4343552.0
--------------------------------------------------
Layer: encoder.6.2.conv2
Total layer relevance: 6633335.0
--------------------------------------------------
Layer: encoder.6.2.conv3
Total layer relevance: 1968462.125
--------------------------------------------------
Layer: encoder.6.3.conv1
Total layer relevance: 533707.4375
--------------------------------------------------
Layer: encoder.6.3.conv2
Total layer relevance: 882568.375
--------------------------------------------------
Layer: encoder.6.3.conv3
Total layer relevance: 233981.21875
--------------------------------------------------
Layer: encoder.6.4.conv1
Total layer relevance: 62273.1328125
--------------------------------------------------
Layer: encoder.6.4.conv2
Total layer relevance: 136217.25
--------------------------------------------------
Layer: encoder.6.4.conv3
Total layer relevance: 40332.3984375
--------------------------------------------------
Layer: encoder.6.5.conv1
Total layer relevance: 18941.25390625
--------------------------------------------------
Layer: encoder.6.5.conv2
Total layer relevance: 55270.109375
--------------------------------------------------
Layer: encoder.6.5.conv3
Total layer relevance: 13045.154296875
--------------------------------------------------
Layer: encoder.7.0.conv1
Total layer relevance: 3745.0595703125
--------------------------------------------------
Layer: encoder.7.0.conv2
Total layer relevance: 14315.630859375
--------------------------------------------------
Layer: encoder.7.0.conv3
Total layer relevance: 7772.6865234375
--------------------------------------------------
Layer: encoder.7.0.downsample.0
Total layer relevance: 12431.2294921875
--------------------------------------------------
Layer: encoder.7.1.conv1
Total layer relevance: 2452.52392578125
--------------------------------------------------
Layer: encoder.7.1.conv2
Total layer relevance: 8648.587890625
--------------------------------------------------
Layer: encoder.7.1.conv3
Total layer relevance: 4087.799072265625
--------------------------------------------------
Layer: encoder.7.2.conv1
Total layer relevance: 1093.876953125
--------------------------------------------------
Layer: encoder.7.2.conv2
Total layer relevance: 4004.141845703125
--------------------------------------------------
Layer: encoder.7.2.conv3
Total layer relevance: 2304.86083984375
--------------------------------------------------
Minimal retained neurons per layer:  0.040000000000000036
--------------------------------------------------
Global Pruning Mask
Pruning-rate: 0.97
Layer: conv1                Num neurons pruned: 0            % neurons pruned: 0.00%
Layer: encoder.4.0.conv1    Num neurons pruned: 0            % neurons pruned: 0.00%
Layer: encoder.4.0.conv2    Num neurons pruned: 0            % neurons pruned: 0.00%
Layer: encoder.4.0.conv3    Num neurons pruned: 1365         % neurons pruned: 8.20%
Layer: encoder.4.0.downsample.0 Num neurons pruned: 1235         % neurons pruned: 7.42%
Layer: encoder.4.1.conv1    Num neurons pruned: 257          % neurons pruned: 1.56%
Layer: encoder.4.1.conv2    Num neurons pruned: 577          % neurons pruned: 1.56%
Layer: encoder.4.1.conv3    Num neurons pruned: 15925        % neurons pruned: 95.70%
Layer: encoder.4.2.conv1    Num neurons pruned: 15677        % neurons pruned: 95.31%
Layer: encoder.4.2.conv2    Num neurons pruned: 35197        % neurons pruned: 95.31%
Layer: encoder.4.2.conv3    Num neurons pruned: 15925        % neurons pruned: 95.70%
Layer: encoder.5.0.conv1    Num neurons pruned: 31354        % neurons pruned: 95.31%
Layer: encoder.5.0.conv2    Num neurons pruned: 140666       % neurons pruned: 95.31%
Layer: encoder.5.0.conv3    Num neurons pruned: 63339        % neurons pruned: 95.90%
Layer: encoder.5.0.downsample.0 Num neurons pruned: 126187       % neurons pruned: 95.90%
Layer: encoder.5.1.conv1    Num neurons pruned: 62586        % neurons pruned: 95.31%
Layer: encoder.5.1.conv2    Num neurons pruned: 140666       % neurons pruned: 95.31%
Layer: encoder.5.1.conv3    Num neurons pruned: 63339        % neurons pruned: 95.90%
Layer: encoder.5.2.conv1    Num neurons pruned: 62586        % neurons pruned: 95.31%
Layer: encoder.5.2.conv2    Num neurons pruned: 140666       % neurons pruned: 95.31%
Layer: encoder.5.2.conv3    Num neurons pruned: 63339        % neurons pruned: 95.90%
Layer: encoder.5.3.conv1    Num neurons pruned: 62586        % neurons pruned: 95.31%
Layer: encoder.5.3.conv2    Num neurons pruned: 140666       % neurons pruned: 95.31%
Layer: encoder.5.3.conv3    Num neurons pruned: 63339        % neurons pruned: 95.90%
Layer: encoder.6.0.conv1    Num neurons pruned: 125685       % neurons pruned: 95.70%
Layer: encoder.6.0.conv2    Num neurons pruned: 564725       % neurons pruned: 95.70%
Layer: encoder.6.0.conv3    Num neurons pruned: 252631       % neurons pruned: 96.00%
Layer: encoder.6.0.downsample.0 Num neurons pruned: 504279       % neurons pruned: 96.00%
Layer: encoder.6.1.conv1    Num neurons pruned: 251125       % neurons pruned: 95.70%
Layer: encoder.6.1.conv2    Num neurons pruned: 564725       % neurons pruned: 95.70%
Layer: encoder.6.1.conv3    Num neurons pruned: 252631       % neurons pruned: 96.00%
Layer: encoder.6.2.conv1    Num neurons pruned: 251125       % neurons pruned: 95.70%
Layer: encoder.6.2.conv2    Num neurons pruned: 564725       % neurons pruned: 95.70%
Layer: encoder.6.2.conv3    Num neurons pruned: 252631       % neurons pruned: 96.00%
Layer: encoder.6.3.conv1    Num neurons pruned: 251125       % neurons pruned: 95.70%
Layer: encoder.6.3.conv2    Num neurons pruned: 564725       % neurons pruned: 95.70%
Layer: encoder.6.3.conv3    Num neurons pruned: 252631       % neurons pruned: 96.00%
Layer: encoder.6.4.conv1    Num neurons pruned: 251125       % neurons pruned: 95.70%
Layer: encoder.6.4.conv2    Num neurons pruned: 564725       % neurons pruned: 95.70%
Layer: encoder.6.4.conv3    Num neurons pruned: 252631       % neurons pruned: 96.00%
Layer: encoder.6.5.conv1    Num neurons pruned: 251125       % neurons pruned: 95.70%
Layer: encoder.6.5.conv2    Num neurons pruned: 564725       % neurons pruned: 95.70%
Layer: encoder.6.5.conv3    Num neurons pruned: 252631       % neurons pruned: 96.00%
Layer: encoder.7.0.conv1    Num neurons pruned: 503275       % neurons pruned: 95.90%
Layer: encoder.7.0.conv2    Num neurons pruned: 2263019      % neurons pruned: 95.90%
Layer: encoder.7.0.conv3    Num neurons pruned: 1008558      % neurons pruned: 96.00%
Layer: encoder.7.0.downsample.0 Num neurons pruned: 2015150      % neurons pruned: 96.00%
Layer: encoder.7.1.conv1    Num neurons pruned: 1006059      % neurons pruned: 95.90%
Layer: encoder.7.1.conv2    Num neurons pruned: 2263019      % neurons pruned: 95.90%
Layer: encoder.7.1.conv3    Num neurons pruned: 1008558      % neurons pruned: 96.00%
Layer: encoder.7.2.conv1    Num neurons pruned: 1006059      % neurons pruned: 95.90%
Layer: encoder.7.2.conv2    Num neurons pruned: 2263019      % neurons pruned: 95.90%
Layer: encoder.7.2.conv3    Num neurons pruned: 1008558      % neurons pruned: 96.00%
Overall Percentage of pruned neurons across all layers: 95.23%
Sending pruning mask to clients...
[INFO] Pruner and pruning mask received and stored.
[INFO] Pruner and pruning mask received and stored.
[INFO] Pruner and pruning mask received and stored.
[INFO] Pruner and pruning mask received and stored.
[INFO] Pruner and pruning mask received and stored.
[INFO] Pruner and pruning mask received and stored.
[INFO] Pruner and pruning mask received and stored.
[INFO] Pruner and pruning mask received and stored.
Epoch 1/1
----------
Prune before sending to global...
Epoch 1/1
----------
Prune before sending to global...
Epoch 1/1
----------
Prune before sending to global...
Epoch 1/1
----------
Prune before sending to global...
Epoch 1/1
----------
Prune before sending to global...
Epoch 1/1
----------
Prune before sending to global...
Epoch 1/1
----------
Prune before sending to global...
Epoch 1/1
----------
Prune before sending to global...
micro     precision: 0.4227 | recall: 0.5459 | f1-score: 0.4764 | support: 40183 | mAP: 0.4742
macro     precision: 0.1677 | recall: 0.2447 | f1-score: 0.1689 | support: 40183 | mAP: 0.2818

==================================================
ROUND 5/40
==================================================
Epoch 1/1
----------
Prune before sending to global...
Epoch 1/1
----------
Prune before sending to global...
Epoch 1/1
----------
Prune before sending to global...
Epoch 1/1
----------
Prune before sending to global...
Epoch 1/1
----------
Prune before sending to global...
Epoch 1/1
----------
Prune before sending to global...
Epoch 1/1
----------
Prune before sending to global...
Epoch 1/1
----------
Prune before sending to global...
micro     precision: 0.8312 | recall: 0.6737 | f1-score: 0.7442 | support: 40183 | mAP: 0.8418
macro     precision: 0.6176 | recall: 0.3834 | f1-score: 0.4347 | support: 40183 | mAP: 0.5336

==================================================
ROUND 6/40
==================================================
Epoch 1/1
----------
Prune before sending to global...
Epoch 1/1
----------
Prune before sending to global...
Epoch 1/1
----------
Prune before sending to global...
Epoch 1/1
----------
Prune before sending to global...
Epoch 1/1
----------
Prune before sending to global...
Epoch 1/1
----------
Prune before sending to global...
Epoch 1/1
----------
Prune before sending to global...
Epoch 1/1
----------
Prune before sending to global...
micro     precision: 0.8458 | recall: 0.7180 | f1-score: 0.7766 | support: 40183 | mAP: 0.8773
macro     precision: 0.6209 | recall: 0.4456 | f1-score: 0.5008 | support: 40183 | mAP: 0.5673

==================================================
ROUND 7/40
==================================================
Epoch 1/1
----------
Prune before sending to global...
Epoch 1/1
----------
Prune before sending to global...
Epoch 1/1
----------
Prune before sending to global...
Epoch 1/1
----------
Prune before sending to global...
Epoch 1/1
----------
Prune before sending to global...
Epoch 1/1
----------
Prune before sending to global...
Epoch 1/1
----------
Prune before sending to global...
Epoch 1/1
----------
Prune before sending to global...
micro     precision: 0.8625 | recall: 0.7319 | f1-score: 0.7919 | support: 40183 | mAP: 0.8905
macro     precision: 0.6323 | recall: 0.4691 | f1-score: 0.5249 | support: 40183 | mAP: 0.5832

==================================================
ROUND 8/40
==================================================
Epoch 1/1
----------
Prune before sending to global...
Epoch 1/1
----------
Prune before sending to global...
Epoch 1/1
----------
Prune before sending to global...
Epoch 1/1
----------
Prune before sending to global...
Epoch 1/1
----------
Prune before sending to global...
Epoch 1/1
----------
Prune before sending to global...
Epoch 1/1
----------
Prune before sending to global...
Epoch 1/1
----------
Prune before sending to global...
micro     precision: 0.8701 | recall: 0.7374 | f1-score: 0.7983 | support: 40183 | mAP: 0.8968
macro     precision: 0.6423 | recall: 0.4685 | f1-score: 0.5273 | support: 40183 | mAP: 0.5914

==================================================
ROUND 9/40
==================================================
Epoch 1/1
----------
Prune before sending to global...
Epoch 1/1
----------
Prune before sending to global...
Epoch 1/1
----------
Prune before sending to global...
Epoch 1/1
----------
Prune before sending to global...
Epoch 1/1
----------
Prune before sending to global...
Epoch 1/1
----------
Prune before sending to global...
Epoch 1/1
----------
Prune before sending to global...
Epoch 1/1
----------
Prune before sending to global...
micro     precision: 0.8627 | recall: 0.7491 | f1-score: 0.8019 | support: 40183 | mAP: 0.8991
macro     precision: 0.6415 | recall: 0.4773 | f1-score: 0.5305 | support: 40183 | mAP: 0.5970

==================================================
ROUND 10/40
==================================================
Epoch 1/1
----------
Prune before sending to global...
Epoch 1/1
----------
Prune before sending to global...
Epoch 1/1
----------
Prune before sending to global...
Epoch 1/1
----------
Prune before sending to global...
Epoch 1/1
----------
Prune before sending to global...
Epoch 1/1
----------
Prune before sending to global...
Epoch 1/1
----------
Prune before sending to global...
Epoch 1/1
----------
Prune before sending to global...
micro     precision: 0.8613 | recall: 0.7584 | f1-score: 0.8065 | support: 40183 | mAP: 0.9019
macro     precision: 0.6349 | recall: 0.4880 | f1-score: 0.5381 | support: 40183 | mAP: 0.6028

==================================================
ROUND 11/40
==================================================
Epoch 1/1
----------
Prune before sending to global...
Epoch 1/1
----------
Prune before sending to global...
Epoch 1/1
----------
Prune before sending to global...
Epoch 1/1
----------
Prune before sending to global...
Epoch 1/1
----------
Prune before sending to global...
Epoch 1/1
----------
Prune before sending to global...
Epoch 1/1
----------
Prune before sending to global...
Epoch 1/1
----------
Prune before sending to global...
micro     precision: 0.8638 | recall: 0.7576 | f1-score: 0.8072 | support: 40183 | mAP: 0.9029
macro     precision: 0.6839 | recall: 0.4987 | f1-score: 0.5507 | support: 40183 | mAP: 0.6053

==================================================
ROUND 12/40
==================================================
Epoch 1/1
----------
Prune before sending to global...
Epoch 1/1
----------
Prune before sending to global...
Epoch 1/1
----------
Prune before sending to global...
Epoch 1/1
----------
Prune before sending to global...
Epoch 1/1
----------
Prune before sending to global...
Epoch 1/1
----------
Prune before sending to global...
Epoch 1/1
----------
Prune before sending to global...
Epoch 1/1
----------
Prune before sending to global...
micro     precision: 0.8765 | recall: 0.7461 | f1-score: 0.8060 | support: 40183 | mAP: 0.9047
macro     precision: 0.6481 | recall: 0.4871 | f1-score: 0.5429 | support: 40183 | mAP: 0.6069

==================================================
ROUND 13/40
==================================================
Epoch 1/1
----------
Prune before sending to global...
Epoch 1/1
----------
Prune before sending to global...
Epoch 1/1
----------
Prune before sending to global...
Epoch 1/1
----------
Prune before sending to global...
Epoch 1/1
----------
Prune before sending to global...
Epoch 1/1
----------
Prune before sending to global...
Epoch 1/1
----------
Prune before sending to global...
Epoch 1/1
----------
Prune before sending to global...
micro     precision: 0.8647 | recall: 0.7602 | f1-score: 0.8091 | support: 40183 | mAP: 0.9054
macro     precision: 0.6622 | recall: 0.5013 | f1-score: 0.5556 | support: 40183 | mAP: 0.6086

==================================================
ROUND 14/40
==================================================
Epoch 1/1
----------
Prune before sending to global...
Epoch 1/1
----------
Prune before sending to global...
Epoch 1/1
----------
Prune before sending to global...
Epoch 1/1
----------
Prune before sending to global...
Epoch 1/1
----------
Prune before sending to global...
Epoch 1/1
----------
Prune before sending to global...
Epoch 1/1
----------
Prune before sending to global...
Epoch 1/1
----------
Prune before sending to global...
micro     precision: 0.8710 | recall: 0.7630 | f1-score: 0.8134 | support: 40183 | mAP: 0.9085
macro     precision: 0.6699 | recall: 0.5041 | f1-score: 0.5587 | support: 40183 | mAP: 0.6134

==================================================
ROUND 15/40
==================================================
Epoch 1/1
----------
Prune before sending to global...
Epoch 1/1
----------
Prune before sending to global...
Epoch 1/1
----------
Prune before sending to global...
Epoch 1/1
----------
Prune before sending to global...
Epoch 1/1
----------
Prune before sending to global...
Epoch 1/1
----------
Prune before sending to global...
Epoch 1/1
----------
Prune before sending to global...
Epoch 1/1
----------
Prune before sending to global...
micro     precision: 0.8647 | recall: 0.7689 | f1-score: 0.8140 | support: 40183 | mAP: 0.9079
macro     precision: 0.6628 | recall: 0.5094 | f1-score: 0.5621 | support: 40183 | mAP: 0.6119

==================================================
ROUND 16/40
==================================================
Epoch 1/1
----------
Prune before sending to global...
Epoch 1/1
----------
Prune before sending to global...
Epoch 1/1
----------
Prune before sending to global...
Epoch 1/1
----------
Prune before sending to global...
Epoch 1/1
----------
Prune before sending to global...
Epoch 1/1
----------
Prune before sending to global...
Epoch 1/1
----------
Prune before sending to global...
Epoch 1/1
----------
Prune before sending to global...
micro     precision: 0.8761 | recall: 0.7625 | f1-score: 0.8154 | support: 40183 | mAP: 0.9099
macro     precision: 0.6641 | recall: 0.5099 | f1-score: 0.5650 | support: 40183 | mAP: 0.6159

==================================================
ROUND 17/40
==================================================
Epoch 1/1
----------
Prune before sending to global...
Epoch 1/1
----------
Prune before sending to global...
Epoch 1/1
----------
Prune before sending to global...
Epoch 1/1
----------
Prune before sending to global...
Epoch 1/1
----------
Prune before sending to global...
Epoch 1/1
----------
Prune before sending to global...
Epoch 1/1
----------
Prune before sending to global...
Epoch 1/1
----------
Prune before sending to global...
micro     precision: 0.8663 | recall: 0.7716 | f1-score: 0.8162 | support: 40183 | mAP: 0.9097
macro     precision: 0.6653 | recall: 0.5131 | f1-score: 0.5648 | support: 40183 | mAP: 0.6178

==================================================
ROUND 18/40
==================================================
Epoch 1/1
----------
Prune before sending to global...
Epoch 1/1
----------
Prune before sending to global...
Epoch 1/1
----------
Prune before sending to global...
Epoch 1/1
----------
Prune before sending to global...
Epoch 1/1
----------
Prune before sending to global...
Epoch 1/1
----------
Prune before sending to global...
Epoch 1/1
----------
Prune before sending to global...
Epoch 1/1
----------
Prune before sending to global...
micro     precision: 0.8731 | recall: 0.7599 | f1-score: 0.8126 | support: 40183 | mAP: 0.9084
macro     precision: 0.6578 | recall: 0.5086 | f1-score: 0.5626 | support: 40183 | mAP: 0.6170

==================================================
ROUND 19/40
==================================================
Epoch 1/1
----------
Prune before sending to global...
Epoch 1/1
----------
Prune before sending to global...
Epoch 1/1
----------
Prune before sending to global...
Epoch 1/1
----------
Prune before sending to global...
Epoch 1/1
----------
Prune before sending to global...
Epoch 1/1
----------
Prune before sending to global...
Epoch 1/1
----------
Prune before sending to global...
Epoch 1/1
----------
Prune before sending to global...
micro     precision: 0.8715 | recall: 0.7683 | f1-score: 0.8166 | support: 40183 | mAP: 0.9104
macro     precision: 0.6634 | recall: 0.5176 | f1-score: 0.5702 | support: 40183 | mAP: 0.6182

==================================================
ROUND 20/40
==================================================
Epoch 1/1
----------
Prune before sending to global...
Epoch 1/1
----------
Prune before sending to global...
Epoch 1/1
----------
Prune before sending to global...
Epoch 1/1
----------
Prune before sending to global...
Epoch 1/1
----------
Prune before sending to global...
Epoch 1/1
----------
Prune before sending to global...
Epoch 1/1
----------
Prune before sending to global...
Epoch 1/1
----------
Prune before sending to global...
micro     precision: 0.8705 | recall: 0.7707 | f1-score: 0.8176 | support: 40183 | mAP: 0.9102
macro     precision: 0.6618 | recall: 0.5271 | f1-score: 0.5746 | support: 40183 | mAP: 0.6199

==================================================
ROUND 21/40
==================================================
Epoch 1/1
----------
Prune before sending to global...
Epoch 1/1
----------
Prune before sending to global...
Epoch 1/1
----------
Prune before sending to global...
Epoch 1/1
----------
Prune before sending to global...
Epoch 1/1
----------
Prune before sending to global...
Epoch 1/1
----------
Prune before sending to global...
Epoch 1/1
----------
Prune before sending to global...
Epoch 1/1
----------
Prune before sending to global...
micro     precision: 0.8692 | recall: 0.7715 | f1-score: 0.8175 | support: 40183 | mAP: 0.9114
macro     precision: 0.6618 | recall: 0.5193 | f1-score: 0.5708 | support: 40183 | mAP: 0.6176

==================================================
ROUND 22/40
==================================================
Epoch 1/1
----------
Prune before sending to global...
Epoch 1/1
----------
Prune before sending to global...
Epoch 1/1
----------
Prune before sending to global...
Epoch 1/1
----------
Prune before sending to global...
Epoch 1/1
----------
Prune before sending to global...
Epoch 1/1
----------
Prune before sending to global...
Epoch 1/1
----------
Prune before sending to global...
Epoch 1/1
----------
Prune before sending to global...
micro     precision: 0.8627 | recall: 0.7796 | f1-score: 0.8190 | support: 40183 | mAP: 0.9106
macro     precision: 0.6511 | recall: 0.5375 | f1-score: 0.5798 | support: 40183 | mAP: 0.6189

==================================================
ROUND 23/40
==================================================
Epoch 1/1
----------
Prune before sending to global...
Epoch 1/1
----------
Prune before sending to global...
Epoch 1/1
----------
Prune before sending to global...
Epoch 1/1
----------
Prune before sending to global...
Epoch 1/1
----------
Prune before sending to global...
Epoch 1/1
----------
Prune before sending to global...
Epoch 1/1
----------
Prune before sending to global...
Epoch 1/1
----------
Prune before sending to global...
micro     precision: 0.8691 | recall: 0.7727 | f1-score: 0.8181 | support: 40183 | mAP: 0.9107
macro     precision: 0.6521 | recall: 0.5384 | f1-score: 0.5833 | support: 40183 | mAP: 0.6215

==================================================
ROUND 24/40
==================================================
Epoch 1/1
----------
Prune before sending to global...
Epoch 1/1
----------
Prune before sending to global...
Epoch 1/1
----------
Prune before sending to global...
Epoch 1/1
----------
Prune before sending to global...
Epoch 1/1
----------
Prune before sending to global...
Epoch 1/1
----------
Prune before sending to global...
Epoch 1/1
----------
Prune before sending to global...
Epoch 1/1
----------
Prune before sending to global...
micro     precision: 0.8721 | recall: 0.7695 | f1-score: 0.8176 | support: 40183 | mAP: 0.9119
macro     precision: 0.6547 | recall: 0.5179 | f1-score: 0.5687 | support: 40183 | mAP: 0.6213

==================================================
ROUND 25/40
==================================================
Epoch 1/1
----------
Prune before sending to global...
Epoch 1/1
----------
Prune before sending to global...
Epoch 1/1
----------
Prune before sending to global...
Epoch 1/1
----------
Prune before sending to global...
Epoch 1/1
----------
Prune before sending to global...
Epoch 1/1
----------
Prune before sending to global...
Epoch 1/1
----------
Prune before sending to global...
Epoch 1/1
----------
Prune before sending to global...
micro     precision: 0.8726 | recall: 0.7688 | f1-score: 0.8174 | support: 40183 | mAP: 0.9102
macro     precision: 0.6554 | recall: 0.5299 | f1-score: 0.5765 | support: 40183 | mAP: 0.6201

==================================================
ROUND 26/40
==================================================
Epoch 1/1
----------
Prune before sending to global...
Epoch 1/1
----------
Prune before sending to global...
Epoch 1/1
----------
Prune before sending to global...
Epoch 1/1
----------
Prune before sending to global...
Epoch 1/1
----------
Prune before sending to global...
Epoch 1/1
----------
Prune before sending to global...
Epoch 1/1
----------
Prune before sending to global...
Epoch 1/1
----------
Prune before sending to global...
micro     precision: 0.8705 | recall: 0.7733 | f1-score: 0.8190 | support: 40183 | mAP: 0.9105
macro     precision: 0.6528 | recall: 0.5323 | f1-score: 0.5790 | support: 40183 | mAP: 0.6196

==================================================
ROUND 27/40
==================================================
Epoch 1/1
----------
Prune before sending to global...
Epoch 1/1
----------
Prune before sending to global...
Epoch 1/1
----------
Prune before sending to global...
Epoch 1/1
----------
Prune before sending to global...
Epoch 1/1
----------
Prune before sending to global...
Epoch 1/1
----------
Prune before sending to global...
Epoch 1/1
----------
Prune before sending to global...
Epoch 1/1
----------
Prune before sending to global...
micro     precision: 0.8616 | recall: 0.7836 | f1-score: 0.8207 | support: 40183 | mAP: 0.9107
macro     precision: 0.6479 | recall: 0.5454 | f1-score: 0.5846 | support: 40183 | mAP: 0.6216

==================================================
ROUND 28/40
==================================================
Epoch 1/1
----------
Prune before sending to global...
Epoch 1/1
----------
Prune before sending to global...
Epoch 1/1
----------
Prune before sending to global...
Epoch 1/1
----------
Prune before sending to global...
Epoch 1/1
----------
Prune before sending to global...
Epoch 1/1
----------
Prune before sending to global...
Epoch 1/1
----------
Prune before sending to global...
Epoch 1/1
----------
Prune before sending to global...
micro     precision: 0.8682 | recall: 0.7744 | f1-score: 0.8186 | support: 40183 | mAP: 0.9097
macro     precision: 0.6460 | recall: 0.5370 | f1-score: 0.5811 | support: 40183 | mAP: 0.6204

==================================================
ROUND 29/40
==================================================
Epoch 1/1
----------
Prune before sending to global...
Epoch 1/1
----------
Prune before sending to global...
Epoch 1/1
----------
Prune before sending to global...
Epoch 1/1
----------
Prune before sending to global...
Epoch 1/1
----------
Prune before sending to global...
Epoch 1/1
----------
Prune before sending to global...
Epoch 1/1
----------
Prune before sending to global...
Epoch 1/1
----------
Prune before sending to global...
micro     precision: 0.8667 | recall: 0.7753 | f1-score: 0.8184 | support: 40183 | mAP: 0.9103
macro     precision: 0.6526 | recall: 0.5454 | f1-score: 0.5854 | support: 40183 | mAP: 0.6198

==================================================
ROUND 30/40
==================================================
Epoch 1/1
----------
Prune before sending to global...
Epoch 1/1
----------
Prune before sending to global...
Epoch 1/1
----------
Prune before sending to global...
Epoch 1/1
----------
Prune before sending to global...
Epoch 1/1
----------
Prune before sending to global...
Epoch 1/1
----------
Prune before sending to global...
Epoch 1/1
----------
Prune before sending to global...
Epoch 1/1
----------
Prune before sending to global...
micro     precision: 0.8699 | recall: 0.7718 | f1-score: 0.8179 | support: 40183 | mAP: 0.9112
macro     precision: 0.6535 | recall: 0.5348 | f1-score: 0.5798 | support: 40183 | mAP: 0.6210

==================================================
ROUND 31/40
==================================================
Epoch 1/1
----------
Prune before sending to global...
Epoch 1/1
----------
Prune before sending to global...
Epoch 1/1
----------
Prune before sending to global...
Epoch 1/1
----------
Prune before sending to global...
Epoch 1/1
----------
Prune before sending to global...
Epoch 1/1
----------
Prune before sending to global...
Epoch 1/1
----------
Prune before sending to global...
Epoch 1/1
----------
Prune before sending to global...
micro     precision: 0.8669 | recall: 0.7744 | f1-score: 0.8180 | support: 40183 | mAP: 0.9100
macro     precision: 0.6514 | recall: 0.5336 | f1-score: 0.5788 | support: 40183 | mAP: 0.6193

==================================================
ROUND 32/40
==================================================
Epoch 1/1
----------
Prune before sending to global...
Epoch 1/1
----------
Prune before sending to global...
Epoch 1/1
----------
Prune before sending to global...
Epoch 1/1
----------
Prune before sending to global...
Epoch 1/1
----------
Prune before sending to global...
Epoch 1/1
----------
Prune before sending to global...
Epoch 1/1
----------
Prune before sending to global...
Epoch 1/1
----------
Prune before sending to global...
micro     precision: 0.8579 | recall: 0.7792 | f1-score: 0.8166 | support: 40183 | mAP: 0.9074
macro     precision: 0.6456 | recall: 0.5507 | f1-score: 0.5847 | support: 40183 | mAP: 0.6177

==================================================
ROUND 33/40
==================================================
Epoch 1/1
----------
Prune before sending to global...
Epoch 1/1
----------
Prune before sending to global...
Epoch 1/1
----------
Prune before sending to global...
Epoch 1/1
----------
Prune before sending to global...
Epoch 1/1
----------
Prune before sending to global...
Epoch 1/1
----------
Prune before sending to global...
Epoch 1/1
----------
Prune before sending to global...
Epoch 1/1
----------
Prune before sending to global...
micro     precision: 0.8646 | recall: 0.7740 | f1-score: 0.8168 | support: 40183 | mAP: 0.9087
macro     precision: 0.6493 | recall: 0.5491 | f1-score: 0.5862 | support: 40183 | mAP: 0.6195

==================================================
ROUND 34/40
==================================================
Epoch 1/1
----------
Prune before sending to global...
Epoch 1/1
----------
Prune before sending to global...
Epoch 1/1
----------
Prune before sending to global...
Epoch 1/1
----------
Prune before sending to global...
Epoch 1/1
----------
Prune before sending to global...
Epoch 1/1
----------
Prune before sending to global...
Epoch 1/1
----------
Prune before sending to global...
Epoch 1/1
----------
Prune before sending to global...
micro     precision: 0.8620 | recall: 0.7765 | f1-score: 0.8170 | support: 40183 | mAP: 0.9089
macro     precision: 0.6582 | recall: 0.5486 | f1-score: 0.5893 | support: 40183 | mAP: 0.6200

==================================================
ROUND 35/40
==================================================
Epoch 1/1
----------
Prune before sending to global...
Epoch 1/1
----------
Prune before sending to global...
Epoch 1/1
----------
Prune before sending to global...
Epoch 1/1
----------
Prune before sending to global...
Epoch 1/1
----------
Prune before sending to global...
Epoch 1/1
----------
Prune before sending to global...
Epoch 1/1
----------
Prune before sending to global...
Epoch 1/1
----------
Prune before sending to global...
micro     precision: 0.8584 | recall: 0.7801 | f1-score: 0.8174 | support: 40183 | mAP: 0.9077
macro     precision: 0.6481 | recall: 0.5554 | f1-score: 0.5877 | support: 40183 | mAP: 0.6182

==================================================
ROUND 36/40
==================================================
Epoch 1/1
----------
Prune before sending to global...
Epoch 1/1
----------
Prune before sending to global...
Epoch 1/1
----------
Prune before sending to global...
Epoch 1/1
----------
Prune before sending to global...
Epoch 1/1
----------
Prune before sending to global...
Epoch 1/1
----------
Prune before sending to global...
Epoch 1/1
----------
Prune before sending to global...
Epoch 1/1
----------
Prune before sending to global...
micro     precision: 0.8640 | recall: 0.7758 | f1-score: 0.8175 | support: 40183 | mAP: 0.9084
macro     precision: 0.6468 | recall: 0.5425 | f1-score: 0.5814 | support: 40183 | mAP: 0.6173

==================================================
ROUND 37/40
==================================================
Epoch 1/1
----------
Prune before sending to global...
Epoch 1/1
----------
Prune before sending to global...
Epoch 1/1
----------
Prune before sending to global...
Epoch 1/1
----------
Prune before sending to global...
Epoch 1/1
----------
Prune before sending to global...
Epoch 1/1
----------
Prune before sending to global...
Epoch 1/1
----------
Prune before sending to global...
Epoch 1/1
----------
Prune before sending to global...
micro     precision: 0.8587 | recall: 0.7715 | f1-score: 0.8128 | support: 40183 | mAP: 0.9048
macro     precision: 0.6413 | recall: 0.5376 | f1-score: 0.5777 | support: 40183 | mAP: 0.6146

==================================================
ROUND 38/40
==================================================
Epoch 1/1
----------
Prune before sending to global...
Epoch 1/1
----------
Prune before sending to global...
Epoch 1/1
----------
Prune before sending to global...
Epoch 1/1
----------
Prune before sending to global...
Epoch 1/1
----------
Prune before sending to global...
Epoch 1/1
----------
Prune before sending to global...
Epoch 1/1
----------
Prune before sending to global...
Epoch 1/1
----------
Prune before sending to global...
micro     precision: 0.8561 | recall: 0.7781 | f1-score: 0.8152 | support: 40183 | mAP: 0.9060
macro     precision: 0.6427 | recall: 0.5545 | f1-score: 0.5866 | support: 40183 | mAP: 0.6167

==================================================
ROUND 39/40
==================================================
Epoch 1/1
----------
Prune before sending to global...
Epoch 1/1
----------
Prune before sending to global...
Epoch 1/1
----------
Prune before sending to global...
Epoch 1/1
----------
Prune before sending to global...
Epoch 1/1
----------
Prune before sending to global...
Epoch 1/1
----------
Prune before sending to global...
Epoch 1/1
----------
Prune before sending to global...
Epoch 1/1
----------
Prune before sending to global...
micro     precision: 0.8594 | recall: 0.7745 | f1-score: 0.8148 | support: 40183 | mAP: 0.9064
macro     precision: 0.6499 | recall: 0.5510 | f1-score: 0.5856 | support: 40183 | mAP: 0.6180

==================================================
ROUND 40/40
==================================================
Epoch 1/1
----------
Prune before sending to global...
Epoch 1/1
----------
Prune before sending to global...
Epoch 1/1
----------
Prune before sending to global...
Epoch 1/1
----------
Prune before sending to global...
Epoch 1/1
----------
Prune before sending to global...
Epoch 1/1
----------
Prune before sending to global...
Epoch 1/1
----------
Prune before sending to global...
Epoch 1/1
----------
Prune before sending to global...
micro     precision: 0.8562 | recall: 0.7800 | f1-score: 0.8164 | support: 40183 | mAP: 0.9063
macro     precision: 0.6392 | recall: 0.5462 | f1-score: 0.5811 | support: 40183 | mAP: 0.6152

[{'0': {'precision': [], 'recall': [], 'f1-score': [], 'support': []}, '1': {'precision': [], 'recall': [], 'f1-score': [], 'support': []}, '2': {'precision': [], 'recall': [], 'f1-score': [], 'support': []}, '3': {'precision': [], 'recall': [], 'f1-score': [], 'support': []}, '4': {'precision': [], 'recall': [], 'f1-score': [], 'support': []}, '5': {'precision': [], 'recall': [], 'f1-score': [], 'support': []}, '6': {'precision': [], 'recall': [], 'f1-score': [], 'support': []}, '7': {'precision': [], 'recall': [], 'f1-score': [], 'support': []}, '8': {'precision': [], 'recall': [], 'f1-score': [], 'support': []}, '9': {'precision': [], 'recall': [], 'f1-score': [], 'support': []}, '10': {'precision': [], 'recall': [], 'f1-score': [], 'support': []}, '11': {'precision': [], 'recall': [], 'f1-score': [], 'support': []}, '12': {'precision': [], 'recall': [], 'f1-score': [], 'support': []}, '13': {'precision': [], 'recall': [], 'f1-score': [], 'support': []}, '14': {'precision': [], 'recall': [], 'f1-score': [], 'support': []}, '15': {'precision': [], 'recall': [], 'f1-score': [], 'support': []}, '16': {'precision': [], 'recall': [], 'f1-score': [], 'support': []}, '17': {'precision': [], 'recall': [], 'f1-score': [], 'support': []}, '18': {'precision': [], 'recall': [], 'f1-score': [], 'support': []}, 'micro avg': {'precision': [], 'recall': [], 'f1-score': [], 'support': []}, 'macro avg': {'precision': [], 'recall': [], 'f1-score': [], 'support': []}, 'weighted avg': {'precision': [], 'recall': [], 'f1-score': [], 'support': []}, 'ap_mic': [], 'ap_mac': []}, {'0': {'precision': [], 'recall': [], 'f1-score': [], 'support': []}, '1': {'precision': [], 'recall': [], 'f1-score': [], 'support': []}, '2': {'precision': [], 'recall': [], 'f1-score': [], 'support': []}, '3': {'precision': [], 'recall': [], 'f1-score': [], 'support': []}, '4': {'precision': [], 'recall': [], 'f1-score': [], 'support': []}, '5': {'precision': [], 'recall': [], 'f1-score': [], 'support': []}, '6': {'precision': [], 'recall': [], 'f1-score': [], 'support': []}, '7': {'precision': [], 'recall': [], 'f1-score': [], 'support': []}, '8': {'precision': [], 'recall': [], 'f1-score': [], 'support': []}, '9': {'precision': [], 'recall': [], 'f1-score': [], 'support': []}, '10': {'precision': [], 'recall': [], 'f1-score': [], 'support': []}, '11': {'precision': [], 'recall': [], 'f1-score': [], 'support': []}, '12': {'precision': [], 'recall': [], 'f1-score': [], 'support': []}, '13': {'precision': [], 'recall': [], 'f1-score': [], 'support': []}, '14': {'precision': [], 'recall': [], 'f1-score': [], 'support': []}, '15': {'precision': [], 'recall': [], 'f1-score': [], 'support': []}, '16': {'precision': [], 'recall': [], 'f1-score': [], 'support': []}, '17': {'precision': [], 'recall': [], 'f1-score': [], 'support': []}, '18': {'precision': [], 'recall': [], 'f1-score': [], 'support': []}, 'micro avg': {'precision': [], 'recall': [], 'f1-score': [], 'support': []}, 'macro avg': {'precision': [], 'recall': [], 'f1-score': [], 'support': []}, 'weighted avg': {'precision': [], 'recall': [], 'f1-score': [], 'support': []}, 'ap_mic': [], 'ap_mac': []}, {'0': {'precision': [], 'recall': [], 'f1-score': [], 'support': []}, '1': {'precision': [], 'recall': [], 'f1-score': [], 'support': []}, '2': {'precision': [], 'recall': [], 'f1-score': [], 'support': []}, '3': {'precision': [], 'recall': [], 'f1-score': [], 'support': []}, '4': {'precision': [], 'recall': [], 'f1-score': [], 'support': []}, '5': {'precision': [], 'recall': [], 'f1-score': [], 'support': []}, '6': {'precision': [], 'recall': [], 'f1-score': [], 'support': []}, '7': {'precision': [], 'recall': [], 'f1-score': [], 'support': []}, '8': {'precision': [], 'recall': [], 'f1-score': [], 'support': []}, '9': {'precision': [], 'recall': [], 'f1-score': [], 'support': []}, '10': {'precision': [], 'recall': [], 'f1-score': [], 'support': []}, '11': {'precision': [], 'recall': [], 'f1-score': [], 'support': []}, '12': {'precision': [], 'recall': [], 'f1-score': [], 'support': []}, '13': {'precision': [], 'recall': [], 'f1-score': [], 'support': []}, '14': {'precision': [], 'recall': [], 'f1-score': [], 'support': []}, '15': {'precision': [], 'recall': [], 'f1-score': [], 'support': []}, '16': {'precision': [], 'recall': [], 'f1-score': [], 'support': []}, '17': {'precision': [], 'recall': [], 'f1-score': [], 'support': []}, '18': {'precision': [], 'recall': [], 'f1-score': [], 'support': []}, 'micro avg': {'precision': [], 'recall': [], 'f1-score': [], 'support': []}, 'macro avg': {'precision': [], 'recall': [], 'f1-score': [], 'support': []}, 'weighted avg': {'precision': [], 'recall': [], 'f1-score': [], 'support': []}, 'ap_mic': [], 'ap_mac': []}, {'0': {'precision': [], 'recall': [], 'f1-score': [], 'support': []}, '1': {'precision': [], 'recall': [], 'f1-score': [], 'support': []}, '2': {'precision': [], 'recall': [], 'f1-score': [], 'support': []}, '3': {'precision': [], 'recall': [], 'f1-score': [], 'support': []}, '4': {'precision': [], 'recall': [], 'f1-score': [], 'support': []}, '5': {'precision': [], 'recall': [], 'f1-score': [], 'support': []}, '6': {'precision': [], 'recall': [], 'f1-score': [], 'support': []}, '7': {'precision': [], 'recall': [], 'f1-score': [], 'support': []}, '8': {'precision': [], 'recall': [], 'f1-score': [], 'support': []}, '9': {'precision': [], 'recall': [], 'f1-score': [], 'support': []}, '10': {'precision': [], 'recall': [], 'f1-score': [], 'support': []}, '11': {'precision': [], 'recall': [], 'f1-score': [], 'support': []}, '12': {'precision': [], 'recall': [], 'f1-score': [], 'support': []}, '13': {'precision': [], 'recall': [], 'f1-score': [], 'support': []}, '14': {'precision': [], 'recall': [], 'f1-score': [], 'support': []}, '15': {'precision': [], 'recall': [], 'f1-score': [], 'support': []}, '16': {'precision': [], 'recall': [], 'f1-score': [], 'support': []}, '17': {'precision': [], 'recall': [], 'f1-score': [], 'support': []}, '18': {'precision': [], 'recall': [], 'f1-score': [], 'support': []}, 'micro avg': {'precision': [], 'recall': [], 'f1-score': [], 'support': []}, 'macro avg': {'precision': [], 'recall': [], 'f1-score': [], 'support': []}, 'weighted avg': {'precision': [], 'recall': [], 'f1-score': [], 'support': []}, 'ap_mic': [], 'ap_mac': []}, {'0': {'precision': [], 'recall': [], 'f1-score': [], 'support': []}, '1': {'precision': [], 'recall': [], 'f1-score': [], 'support': []}, '2': {'precision': [], 'recall': [], 'f1-score': [], 'support': []}, '3': {'precision': [], 'recall': [], 'f1-score': [], 'support': []}, '4': {'precision': [], 'recall': [], 'f1-score': [], 'support': []}, '5': {'precision': [], 'recall': [], 'f1-score': [], 'support': []}, '6': {'precision': [], 'recall': [], 'f1-score': [], 'support': []}, '7': {'precision': [], 'recall': [], 'f1-score': [], 'support': []}, '8': {'precision': [], 'recall': [], 'f1-score': [], 'support': []}, '9': {'precision': [], 'recall': [], 'f1-score': [], 'support': []}, '10': {'precision': [], 'recall': [], 'f1-score': [], 'support': []}, '11': {'precision': [], 'recall': [], 'f1-score': [], 'support': []}, '12': {'precision': [], 'recall': [], 'f1-score': [], 'support': []}, '13': {'precision': [], 'recall': [], 'f1-score': [], 'support': []}, '14': {'precision': [], 'recall': [], 'f1-score': [], 'support': []}, '15': {'precision': [], 'recall': [], 'f1-score': [], 'support': []}, '16': {'precision': [], 'recall': [], 'f1-score': [], 'support': []}, '17': {'precision': [], 'recall': [], 'f1-score': [], 'support': []}, '18': {'precision': [], 'recall': [], 'f1-score': [], 'support': []}, 'micro avg': {'precision': [], 'recall': [], 'f1-score': [], 'support': []}, 'macro avg': {'precision': [], 'recall': [], 'f1-score': [], 'support': []}, 'weighted avg': {'precision': [], 'recall': [], 'f1-score': [], 'support': []}, 'ap_mic': [], 'ap_mac': []}, {'0': {'precision': [], 'recall': [], 'f1-score': [], 'support': []}, '1': {'precision': [], 'recall': [], 'f1-score': [], 'support': []}, '2': {'precision': [], 'recall': [], 'f1-score': [], 'support': []}, '3': {'precision': [], 'recall': [], 'f1-score': [], 'support': []}, '4': {'precision': [], 'recall': [], 'f1-score': [], 'support': []}, '5': {'precision': [], 'recall': [], 'f1-score': [], 'support': []}, '6': {'precision': [], 'recall': [], 'f1-score': [], 'support': []}, '7': {'precision': [], 'recall': [], 'f1-score': [], 'support': []}, '8': {'precision': [], 'recall': [], 'f1-score': [], 'support': []}, '9': {'precision': [], 'recall': [], 'f1-score': [], 'support': []}, '10': {'precision': [], 'recall': [], 'f1-score': [], 'support': []}, '11': {'precision': [], 'recall': [], 'f1-score': [], 'support': []}, '12': {'precision': [], 'recall': [], 'f1-score': [], 'support': []}, '13': {'precision': [], 'recall': [], 'f1-score': [], 'support': []}, '14': {'precision': [], 'recall': [], 'f1-score': [], 'support': []}, '15': {'precision': [], 'recall': [], 'f1-score': [], 'support': []}, '16': {'precision': [], 'recall': [], 'f1-score': [], 'support': []}, '17': {'precision': [], 'recall': [], 'f1-score': [], 'support': []}, '18': {'precision': [], 'recall': [], 'f1-score': [], 'support': []}, 'micro avg': {'precision': [], 'recall': [], 'f1-score': [], 'support': []}, 'macro avg': {'precision': [], 'recall': [], 'f1-score': [], 'support': []}, 'weighted avg': {'precision': [], 'recall': [], 'f1-score': [], 'support': []}, 'ap_mic': [], 'ap_mac': []}, {'0': {'precision': [], 'recall': [], 'f1-score': [], 'support': []}, '1': {'precision': [], 'recall': [], 'f1-score': [], 'support': []}, '2': {'precision': [], 'recall': [], 'f1-score': [], 'support': []}, '3': {'precision': [], 'recall': [], 'f1-score': [], 'support': []}, '4': {'precision': [], 'recall': [], 'f1-score': [], 'support': []}, '5': {'precision': [], 'recall': [], 'f1-score': [], 'support': []}, '6': {'precision': [], 'recall': [], 'f1-score': [], 'support': []}, '7': {'precision': [], 'recall': [], 'f1-score': [], 'support': []}, '8': {'precision': [], 'recall': [], 'f1-score': [], 'support': []}, '9': {'precision': [], 'recall': [], 'f1-score': [], 'support': []}, '10': {'precision': [], 'recall': [], 'f1-score': [], 'support': []}, '11': {'precision': [], 'recall': [], 'f1-score': [], 'support': []}, '12': {'precision': [], 'recall': [], 'f1-score': [], 'support': []}, '13': {'precision': [], 'recall': [], 'f1-score': [], 'support': []}, '14': {'precision': [], 'recall': [], 'f1-score': [], 'support': []}, '15': {'precision': [], 'recall': [], 'f1-score': [], 'support': []}, '16': {'precision': [], 'recall': [], 'f1-score': [], 'support': []}, '17': {'precision': [], 'recall': [], 'f1-score': [], 'support': []}, '18': {'precision': [], 'recall': [], 'f1-score': [], 'support': []}, 'micro avg': {'precision': [], 'recall': [], 'f1-score': [], 'support': []}, 'macro avg': {'precision': [], 'recall': [], 'f1-score': [], 'support': []}, 'weighted avg': {'precision': [], 'recall': [], 'f1-score': [], 'support': []}, 'ap_mic': [], 'ap_mac': []}, {'0': {'precision': [], 'recall': [], 'f1-score': [], 'support': []}, '1': {'precision': [], 'recall': [], 'f1-score': [], 'support': []}, '2': {'precision': [], 'recall': [], 'f1-score': [], 'support': []}, '3': {'precision': [], 'recall': [], 'f1-score': [], 'support': []}, '4': {'precision': [], 'recall': [], 'f1-score': [], 'support': []}, '5': {'precision': [], 'recall': [], 'f1-score': [], 'support': []}, '6': {'precision': [], 'recall': [], 'f1-score': [], 'support': []}, '7': {'precision': [], 'recall': [], 'f1-score': [], 'support': []}, '8': {'precision': [], 'recall': [], 'f1-score': [], 'support': []}, '9': {'precision': [], 'recall': [], 'f1-score': [], 'support': []}, '10': {'precision': [], 'recall': [], 'f1-score': [], 'support': []}, '11': {'precision': [], 'recall': [], 'f1-score': [], 'support': []}, '12': {'precision': [], 'recall': [], 'f1-score': [], 'support': []}, '13': {'precision': [], 'recall': [], 'f1-score': [], 'support': []}, '14': {'precision': [], 'recall': [], 'f1-score': [], 'support': []}, '15': {'precision': [], 'recall': [], 'f1-score': [], 'support': []}, '16': {'precision': [], 'recall': [], 'f1-score': [], 'support': []}, '17': {'precision': [], 'recall': [], 'f1-score': [], 'support': []}, '18': {'precision': [], 'recall': [], 'f1-score': [], 'support': []}, 'micro avg': {'precision': [], 'recall': [], 'f1-score': [], 'support': []}, 'macro avg': {'precision': [], 'recall': [], 'f1-score': [], 'support': []}, 'weighted avg': {'precision': [], 'recall': [], 'f1-score': [], 'support': []}, 'ap_mic': [], 'ap_mac': []}]
