Using device: cuda:0
Pre-filtered 12775 patches based on country and season (split ignored)
Loading BEN data for train...
    237871 patches indexed
    6273 filtered patches indexed
    6273 patches indexed considering max_len
Merged metadata with snow/cloud metadata
Loaded 549488 labels
Loaded 549488 keys
Loaded mapping created
Pre-filtered 12775 patches based on country and season (split ignored)
Loading BEN data for test...
    119825 patches indexed
    3281 filtered patches indexed
    3281 patches indexed considering max_len
Merged metadata with snow/cloud metadata
Loaded 549488 labels
Loaded 549488 keys
Loaded mapping created
Pre-filtered 12706 patches based on country and season (split ignored)
Loading BEN data for train...
    237871 patches indexed
    6281 filtered patches indexed
    6281 patches indexed considering max_len
Merged metadata with snow/cloud metadata
Loaded 549488 labels
Loaded 549488 keys
Loaded mapping created
Pre-filtered 12706 patches based on country and season (split ignored)
Loading BEN data for test...
    119825 patches indexed
    3207 filtered patches indexed
    3207 patches indexed considering max_len
Merged metadata with snow/cloud metadata
Loaded 549488 labels
Loaded 549488 keys
Loaded mapping created
Pre-filtered 12527 patches based on country and season (split ignored)
Loading BEN data for train...
    237871 patches indexed
    6093 filtered patches indexed
    6093 patches indexed considering max_len
Merged metadata with snow/cloud metadata
Loaded 549488 labels
Loaded 549488 keys
Loaded mapping created
Pre-filtered 12527 patches based on country and season (split ignored)
Loading BEN data for test...
    119825 patches indexed
    3143 filtered patches indexed
    3143 patches indexed considering max_len
Merged metadata with snow/cloud metadata
Loaded 549488 labels
Loaded 549488 keys
Loaded mapping created
Pre-filtered 12857 patches based on country and season (split ignored)
Loading BEN data for train...
    237871 patches indexed
    6403 filtered patches indexed
    6403 patches indexed considering max_len
Merged metadata with snow/cloud metadata
Loaded 549488 labels
Loaded 549488 keys
Loaded mapping created
Pre-filtered 12857 patches based on country and season (split ignored)
Loading BEN data for test...
    119825 patches indexed
    3256 filtered patches indexed
    3256 patches indexed considering max_len
Merged metadata with snow/cloud metadata
Loaded 549488 labels
Loaded 549488 keys
Loaded mapping created
Pre-filtered 12846 patches based on country and season (split ignored)
Loading BEN data for train...
    237871 patches indexed
    6235 filtered patches indexed
    6235 patches indexed considering max_len
Merged metadata with snow/cloud metadata
Loaded 549488 labels
Loaded 549488 keys
Loaded mapping created
Pre-filtered 12846 patches based on country and season (split ignored)
Loading BEN data for test...
    119825 patches indexed
    3311 filtered patches indexed
    3311 patches indexed considering max_len
Merged metadata with snow/cloud metadata
Loaded 549488 labels
Loaded 549488 keys
Loaded mapping created
Pre-filtered 12894 patches based on country and season (split ignored)
Loading BEN data for train...
    237871 patches indexed
    6301 filtered patches indexed
    6301 patches indexed considering max_len
Merged metadata with snow/cloud metadata
Loaded 549488 labels
Loaded 549488 keys
Loaded mapping created
Pre-filtered 12894 patches based on country and season (split ignored)
Loading BEN data for test...
    119825 patches indexed
    3275 filtered patches indexed
    3275 patches indexed considering max_len
Merged metadata with snow/cloud metadata
Loaded 549488 labels
Loaded 549488 keys
Loaded mapping created
Pre-filtered 12811 patches based on country and season (split ignored)
Loading BEN data for train...
    237871 patches indexed
    6315 filtered patches indexed
    6315 patches indexed considering max_len
Merged metadata with snow/cloud metadata
Loaded 549488 labels
Loaded 549488 keys
Loaded mapping created
Pre-filtered 12811 patches based on country and season (split ignored)
Loading BEN data for test...
    119825 patches indexed
    3246 filtered patches indexed
    3246 patches indexed considering max_len
Merged metadata with snow/cloud metadata
Loaded 549488 labels
Loaded 549488 keys
Loaded mapping created
Pre-filtered 12981 patches based on country and season (split ignored)
Loading BEN data for train...
    237871 patches indexed
    6433 filtered patches indexed
    6433 patches indexed considering max_len
Merged metadata with snow/cloud metadata
Loaded 549488 labels
Loaded 549488 keys
Loaded mapping created
Pre-filtered 12981 patches based on country and season (split ignored)
Loading BEN data for test...
    119825 patches indexed
    3314 filtered patches indexed
    3314 patches indexed considering max_len
Merged metadata with snow/cloud metadata
Loaded 549488 labels
Loaded 549488 keys
Loaded mapping created

init GLOBALClient VALIDATION dataset and dataloader
Pre-filtered 59999 patches based on country and season (split ignored)
Loading BEN data for test...
    119825 patches indexed
    15720 filtered patches indexed
    15720 patches indexed considering max_len
Merged metadata with snow/cloud metadata
Loaded 549488 labels
Loaded 549488 keys
Loaded mapping created
Pre-filtered 59999 patches based on country and season (split ignored)
Loading BEN data for train...
    237871 patches indexed
    29135 filtered patches indexed
    29135 patches indexed considering max_len
Merged metadata with snow/cloud metadata
Loaded 549488 labels
Loaded 549488 keys
Loaded mapping created
Loading BEN data for train...
    237871 patches indexed
    237871 filtered patches indexed
    237871 patches indexed considering max_len
Merged metadata with snow/cloud metadata
Loaded 549488 labels
Loaded 549488 keys
Loaded mapping created
==================================================
ROUND 1/40
==================================================
Epoch 1/1
----------
Epoch 1/1
----------
Epoch 1/1
----------
Epoch 1/1
----------
Epoch 1/1
----------
Epoch 1/1
----------
Epoch 1/1
----------
Epoch 1/1
----------
micro     precision: 0.6680 | recall: 0.3171 | f1-score: 0.4300 | support: 40183 | mAP: 0.5288
macro     precision: 0.1083 | recall: 0.1297 | f1-score: 0.1163 | support: 40183 | mAP: 0.3398

==================================================
ROUND 2/40
==================================================
Epoch 1/1
----------
Epoch 1/1
----------
Epoch 1/1
----------
Epoch 1/1
----------
Epoch 1/1
----------
Epoch 1/1
----------
Epoch 1/1
----------
Epoch 1/1
----------
micro     precision: 0.6911 | recall: 0.3919 | f1-score: 0.5001 | support: 40183 | mAP: 0.5834
macro     precision: 0.3027 | recall: 0.2042 | f1-score: 0.2141 | support: 40183 | mAP: 0.3863

==================================================
ROUND 3/40
==================================================
Epoch 1/1
----------
Epoch 1/1
----------
Epoch 1/1
----------
Epoch 1/1
----------
Epoch 1/1
----------
Epoch 1/1
----------
Epoch 1/1
----------
Epoch 1/1
----------
micro     precision: 0.7920 | recall: 0.5883 | f1-score: 0.6751 | support: 40183 | mAP: 0.7532
macro     precision: 0.5018 | recall: 0.2950 | f1-score: 0.3235 | support: 40183 | mAP: 0.4489

==================================================
ROUND 4/40
==================================================
Epoch 1/1
----------
Epoch 1/1
----------
Epoch 1/1
----------
Epoch 1/1
----------
Epoch 1/1
----------
Epoch 1/1
----------
Epoch 1/1
----------
Epoch 1/1
----------
micro     precision: 0.8267 | recall: 0.5601 | f1-score: 0.6678 | support: 40183 | mAP: 0.7840
macro     precision: 0.5762 | recall: 0.2849 | f1-score: 0.3171 | support: 40183 | mAP: 0.4741

==================================================
ROUND 5/40
==================================================
Final number of pruning patches: 17
Number of unique classes: 18
Class distribution in the pruning patches (frequencies): {'Marine waters': 9, 'Transitional woodland, shrub': 7, 'Mixed forest': 7, 'Coniferous forest': 6, 'Land principally occupied by agriculture, with significant areas of natural vegetation': 2, 'Inland waters': 1, 'Broad-leaved forest': 2, 'Arable land': 4, 'Urban fabric': 1, 'Industrial or commercial units': 1, 'Coastal wetlands': 2, 'Inland wetlands': 2, 'Pastures': 4, 'Complex cultivation patterns': 1, 'Moors, heathland and sclerophyllous vegetation': 1, 'Natural grassland and sparsely vegetated areas': 1, 'Beaches, dunes, sands': 1, 'Permanent crops': 1}
[INFO] Creating Prune Loader...
[INFO] 2 patches remaining after filtering.
[SUCCESS] Prune Loader successfully created.
Starting relevance computation and pruning mask generation.
Layer Rules:
Low-Level Hidden Layer Rule: Epsilon
Mid-Level Hidden Layer Rule: Gamma
High-Level Hidden Layer Rule: Gamma
Fully Connected Layers Rule: Epsilon
Softmax Rule: Epsilon
==================================================
Minimal retained neurons per layer: 5.00%
Pruning-rate: 0.99
==================================================
Layerwise Pruning Rates:
Layer: conv1                Num neurons pruned: 0            % neurons pruned: 0.00%
Layer: encoder.4.0.conv1    Num neurons pruned: 0            % neurons pruned: 0.00%
Layer: encoder.4.0.conv2    Num neurons pruned: 577          % neurons pruned: 1.56%
Layer: encoder.4.0.conv3    Num neurons pruned: 14105        % neurons pruned: 84.77%
Layer: encoder.4.0.downsample.0 Num neurons pruned: 14300        % neurons pruned: 85.94%
Layer: encoder.4.1.conv1    Num neurons pruned: 15420        % neurons pruned: 93.75%
Layer: encoder.4.1.conv2    Num neurons pruned: 34620        % neurons pruned: 93.75%
Layer: encoder.4.1.conv3    Num neurons pruned: 15795        % neurons pruned: 94.92%
Layer: encoder.4.2.conv1    Num neurons pruned: 15420        % neurons pruned: 93.75%
Layer: encoder.4.2.conv2    Num neurons pruned: 34620        % neurons pruned: 93.75%
Layer: encoder.4.2.conv3    Num neurons pruned: 15795        % neurons pruned: 94.92%
Layer: encoder.5.0.conv1    Num neurons pruned: 31097        % neurons pruned: 94.53%
Layer: encoder.5.0.conv2    Num neurons pruned: 139513       % neurons pruned: 94.53%
Layer: encoder.5.0.conv3    Num neurons pruned: 62694        % neurons pruned: 94.92%
Layer: encoder.5.0.downsample.0 Num neurons pruned: 124902       % neurons pruned: 94.92%
Layer: encoder.5.1.conv1    Num neurons pruned: 62073        % neurons pruned: 94.53%
Layer: encoder.5.1.conv2    Num neurons pruned: 139513       % neurons pruned: 94.53%
Layer: encoder.5.1.conv3    Num neurons pruned: 62694        % neurons pruned: 94.92%
Layer: encoder.5.2.conv1    Num neurons pruned: 62073        % neurons pruned: 94.53%
Layer: encoder.5.2.conv2    Num neurons pruned: 139513       % neurons pruned: 94.53%
Layer: encoder.5.2.conv3    Num neurons pruned: 62694        % neurons pruned: 94.92%
Layer: encoder.5.3.conv1    Num neurons pruned: 62073        % neurons pruned: 94.53%
Layer: encoder.5.3.conv2    Num neurons pruned: 139513       % neurons pruned: 94.53%
Layer: encoder.5.3.conv3    Num neurons pruned: 62694        % neurons pruned: 94.92%
Layer: encoder.6.0.conv1    Num neurons pruned: 124659       % neurons pruned: 94.92%
Layer: encoder.6.0.conv2    Num neurons pruned: 560115       % neurons pruned: 94.92%
Layer: encoder.6.0.conv3    Num neurons pruned: 249804       % neurons pruned: 94.92%
Layer: encoder.6.0.downsample.0 Num neurons pruned: 498636       % neurons pruned: 94.92%
Layer: encoder.6.1.conv1    Num neurons pruned: 249075       % neurons pruned: 94.92%
Layer: encoder.6.1.conv2    Num neurons pruned: 560115       % neurons pruned: 94.92%
Layer: encoder.6.1.conv3    Num neurons pruned: 249804       % neurons pruned: 94.92%
Layer: encoder.6.2.conv1    Num neurons pruned: 249075       % neurons pruned: 94.92%
Layer: encoder.6.2.conv2    Num neurons pruned: 560115       % neurons pruned: 94.92%
Layer: encoder.6.2.conv3    Num neurons pruned: 249804       % neurons pruned: 94.92%
Layer: encoder.6.3.conv1    Num neurons pruned: 249075       % neurons pruned: 94.92%
Layer: encoder.6.3.conv2    Num neurons pruned: 560115       % neurons pruned: 94.92%
Layer: encoder.6.3.conv3    Num neurons pruned: 249804       % neurons pruned: 94.92%
Layer: encoder.6.4.conv1    Num neurons pruned: 249075       % neurons pruned: 94.92%
Layer: encoder.6.4.conv2    Num neurons pruned: 560115       % neurons pruned: 94.92%
Layer: encoder.6.4.conv3    Num neurons pruned: 249804       % neurons pruned: 94.92%
Layer: encoder.6.5.conv1    Num neurons pruned: 249075       % neurons pruned: 94.92%
Layer: encoder.6.5.conv2    Num neurons pruned: 560115       % neurons pruned: 94.92%
Layer: encoder.6.5.conv3    Num neurons pruned: 249804       % neurons pruned: 94.92%
Layer: encoder.7.0.conv1    Num neurons pruned: 498150       % neurons pruned: 94.92%
Layer: encoder.7.0.conv2    Num neurons pruned: 2239974      % neurons pruned: 94.92%
Layer: encoder.7.0.conv3    Num neurons pruned: 997785       % neurons pruned: 94.97%
Layer: encoder.7.0.downsample.0 Num neurons pruned: 1993625      % neurons pruned: 94.97%
Layer: encoder.7.1.conv1    Num neurons pruned: 995814       % neurons pruned: 94.92%
Layer: encoder.7.1.conv2    Num neurons pruned: 2239974      % neurons pruned: 94.92%
Layer: encoder.7.1.conv3    Num neurons pruned: 997785       % neurons pruned: 94.97%
Layer: encoder.7.2.conv1    Num neurons pruned: 995814       % neurons pruned: 94.92%
Layer: encoder.7.2.conv2    Num neurons pruned: 2239974      % neurons pruned: 94.92%
Layer: encoder.7.2.conv3    Num neurons pruned: 997785       % neurons pruned: 94.97%
==================================================
Overall Percentage of pruned neurons across all layers: 94.61%
==================================================
Sending pruning mask to clients...
[INFO] Pruner and pruning mask received and stored.
[INFO] Pruner and pruning mask received and stored.
[INFO] Pruner and pruning mask received and stored.
[INFO] Pruner and pruning mask received and stored.
[INFO] Pruner and pruning mask received and stored.
[INFO] Pruner and pruning mask received and stored.
[INFO] Pruner and pruning mask received and stored.
[INFO] Pruner and pruning mask received and stored.
Epoch 1/1
----------
Prune before sending to global...
Epoch 1/1
----------
Prune before sending to global...
Epoch 1/1
----------
Prune before sending to global...
Epoch 1/1
----------
Prune before sending to global...
Epoch 1/1
----------
Prune before sending to global...
Epoch 1/1
----------
Prune before sending to global...
Epoch 1/1
----------
Prune before sending to global...
Epoch 1/1
----------
Prune before sending to global...
micro     precision: 0.0000 | recall: 0.0000 | f1-score: 0.0000 | support: 40183 | mAP: 0.3757
macro     precision: 0.0000 | recall: 0.0000 | f1-score: 0.0000 | support: 40183 | mAP: 0.2430

==================================================
ROUND 6/40
==================================================
Epoch 1/1
----------
Prune before sending to global...
Epoch 1/1
----------
Prune before sending to global...
Epoch 1/1
----------
Prune before sending to global...
Epoch 1/1
----------
Prune before sending to global...
Epoch 1/1
----------
Prune before sending to global...
Epoch 1/1
----------
Prune before sending to global...
Epoch 1/1
----------
Prune before sending to global...
Epoch 1/1
----------
Prune before sending to global...
micro     precision: 0.8322 | recall: 0.3423 | f1-score: 0.4851 | support: 40183 | mAP: 0.6018
macro     precision: 0.2721 | recall: 0.1473 | f1-score: 0.1777 | support: 40183 | mAP: 0.3849

==================================================
ROUND 7/40
==================================================
Epoch 1/1
----------
Prune before sending to global...
Epoch 1/1
----------
Prune before sending to global...
Epoch 1/1
----------
Prune before sending to global...
Epoch 1/1
----------
Prune before sending to global...
Epoch 1/1
----------
Prune before sending to global...
Epoch 1/1
----------
Prune before sending to global...
Epoch 1/1
----------
Prune before sending to global...
Epoch 1/1
----------
Prune before sending to global...
micro     precision: 0.8544 | recall: 0.5605 | f1-score: 0.6769 | support: 40183 | mAP: 0.8010
macro     precision: 0.4407 | recall: 0.2860 | f1-score: 0.3219 | support: 40183 | mAP: 0.4476

==================================================
ROUND 8/40
==================================================
Epoch 1/1
----------
Prune before sending to global...
Epoch 1/1
----------
Prune before sending to global...
Epoch 1/1
----------
Prune before sending to global...
Epoch 1/1
----------
Prune before sending to global...
Epoch 1/1
----------
Prune before sending to global...
Epoch 1/1
----------
Prune before sending to global...
Epoch 1/1
----------
Prune before sending to global...
Epoch 1/1
----------
Prune before sending to global...
micro     precision: 0.8500 | recall: 0.5914 | f1-score: 0.6975 | support: 40183 | mAP: 0.8140
macro     precision: 0.5312 | recall: 0.3025 | f1-score: 0.3463 | support: 40183 | mAP: 0.4801

==================================================
ROUND 9/40
==================================================
Epoch 1/1
----------
Prune before sending to global...
Epoch 1/1
----------
Prune before sending to global...
Epoch 1/1
----------
Prune before sending to global...
Epoch 1/1
----------
Prune before sending to global...
Epoch 1/1
----------
Prune before sending to global...
Epoch 1/1
----------
Prune before sending to global...
Epoch 1/1
----------
Prune before sending to global...
Epoch 1/1
----------
Prune before sending to global...
micro     precision: 0.8580 | recall: 0.6100 | f1-score: 0.7131 | support: 40183 | mAP: 0.8227
macro     precision: 0.6448 | recall: 0.3230 | f1-score: 0.3766 | support: 40183 | mAP: 0.4941

==================================================
ROUND 10/40
==================================================
Epoch 1/1
----------
Prune before sending to global...
Epoch 1/1
----------
Prune before sending to global...
Epoch 1/1
----------
Prune before sending to global...
Epoch 1/1
----------
Prune before sending to global...
Epoch 1/1
----------
Prune before sending to global...
Epoch 1/1
----------
Prune before sending to global...
Epoch 1/1
----------
Prune before sending to global...
Epoch 1/1
----------
Prune before sending to global...
micro     precision: 0.8540 | recall: 0.6212 | f1-score: 0.7193 | support: 40183 | mAP: 0.8298
macro     precision: 0.5983 | recall: 0.3457 | f1-score: 0.4067 | support: 40183 | mAP: 0.5107

==================================================
ROUND 11/40
==================================================
Epoch 1/1
----------
Prune before sending to global...
Epoch 1/1
----------
Prune before sending to global...
Epoch 1/1
----------
Prune before sending to global...
Epoch 1/1
----------
Prune before sending to global...
Epoch 1/1
----------
Prune before sending to global...
Epoch 1/1
----------
Prune before sending to global...
Epoch 1/1
----------
Prune before sending to global...
Epoch 1/1
----------
Prune before sending to global...
micro     precision: 0.8443 | recall: 0.6244 | f1-score: 0.7179 | support: 40183 | mAP: 0.8262
macro     precision: 0.5947 | recall: 0.3634 | f1-score: 0.4260 | support: 40183 | mAP: 0.5124

==================================================
ROUND 12/40
==================================================
Epoch 1/1
----------
Prune before sending to global...
Epoch 1/1
----------
Prune before sending to global...
Epoch 1/1
----------
Prune before sending to global...
Epoch 1/1
----------
Prune before sending to global...
Epoch 1/1
----------
Prune before sending to global...
Epoch 1/1
----------
Prune before sending to global...
Epoch 1/1
----------
Prune before sending to global...
Epoch 1/1
----------
Prune before sending to global...
micro     precision: 0.8512 | recall: 0.6408 | f1-score: 0.7312 | support: 40183 | mAP: 0.8354
macro     precision: 0.6061 | recall: 0.3618 | f1-score: 0.4243 | support: 40183 | mAP: 0.5145

==================================================
ROUND 13/40
==================================================
Epoch 1/1
----------
Prune before sending to global...
Epoch 1/1
----------
Prune before sending to global...
Epoch 1/1
----------
Prune before sending to global...
Epoch 1/1
----------
Prune before sending to global...
Epoch 1/1
----------
Prune before sending to global...
Epoch 1/1
----------
Prune before sending to global...
Epoch 1/1
----------
Prune before sending to global...
Epoch 1/1
----------
Prune before sending to global...
micro     precision: 0.8544 | recall: 0.6559 | f1-score: 0.7421 | support: 40183 | mAP: 0.8443
macro     precision: 0.6105 | recall: 0.3739 | f1-score: 0.4348 | support: 40183 | mAP: 0.5311

==================================================
ROUND 14/40
==================================================
Epoch 1/1
----------
Prune before sending to global...
Epoch 1/1
----------
Prune before sending to global...
Epoch 1/1
----------
Prune before sending to global...
Epoch 1/1
----------
Prune before sending to global...
Epoch 1/1
----------
Prune before sending to global...
Epoch 1/1
----------
Prune before sending to global...
Epoch 1/1
----------
Prune before sending to global...
Epoch 1/1
----------
Prune before sending to global...
micro     precision: 0.8435 | recall: 0.6636 | f1-score: 0.7428 | support: 40183 | mAP: 0.8395
macro     precision: 0.5985 | recall: 0.3949 | f1-score: 0.4555 | support: 40183 | mAP: 0.5320

==================================================
ROUND 15/40
==================================================
Epoch 1/1
----------
Prune before sending to global...
Epoch 1/1
----------
Prune before sending to global...
Epoch 1/1
----------
Prune before sending to global...
Epoch 1/1
----------
Prune before sending to global...
Epoch 1/1
----------
Prune before sending to global...
Epoch 1/1
----------
Prune before sending to global...
Epoch 1/1
----------
Prune before sending to global...
Epoch 1/1
----------
Prune before sending to global...
micro     precision: 0.8535 | recall: 0.6650 | f1-score: 0.7476 | support: 40183 | mAP: 0.8495
macro     precision: 0.6034 | recall: 0.3945 | f1-score: 0.4553 | support: 40183 | mAP: 0.5391

==================================================
ROUND 16/40
==================================================
Epoch 1/1
----------
Prune before sending to global...
Epoch 1/1
----------
Prune before sending to global...
Epoch 1/1
----------
Prune before sending to global...
Epoch 1/1
----------
Prune before sending to global...
Epoch 1/1
----------
Prune before sending to global...
Epoch 1/1
----------
Prune before sending to global...
Epoch 1/1
----------
Prune before sending to global...
Epoch 1/1
----------
Prune before sending to global...
micro     precision: 0.8599 | recall: 0.6610 | f1-score: 0.7474 | support: 40183 | mAP: 0.8515
macro     precision: 0.6138 | recall: 0.3952 | f1-score: 0.4586 | support: 40183 | mAP: 0.5401

==================================================
ROUND 17/40
==================================================
Epoch 1/1
----------
Prune before sending to global...
Epoch 1/1
----------
Prune before sending to global...
Epoch 1/1
----------
Prune before sending to global...
Epoch 1/1
----------
