Using device: cuda:0
Pre-filtered 30767 patches based on country and season (split ignored)
Loading BEN data for train...
    237871 patches indexed
    14805 filtered patches indexed
    14805 patches indexed considering max_len
Merged metadata with snow/cloud metadata
Loaded 549488 labels
Loaded 549488 keys
Loaded mapping created
Pre-filtered 30767 patches based on country and season (split ignored)
Loading BEN data for test...
    119825 patches indexed
    8209 filtered patches indexed
    8209 patches indexed considering max_len
Merged metadata with snow/cloud metadata
Loaded 549488 labels
Loaded 549488 keys
Loaded mapping created
Pre-filtered 15549 patches based on country and season (split ignored)
Loading BEN data for train...
    237871 patches indexed
    7150 filtered patches indexed
    7150 patches indexed considering max_len
Merged metadata with snow/cloud metadata
Loaded 549488 labels
Loaded 549488 keys
Loaded mapping created
Pre-filtered 15549 patches based on country and season (split ignored)
Loading BEN data for test...
    119825 patches indexed
    4263 filtered patches indexed
    4263 patches indexed considering max_len
Merged metadata with snow/cloud metadata
Loaded 549488 labels
Loaded 549488 keys
Loaded mapping created
Pre-filtered 13683 patches based on country and season (split ignored)
Loading BEN data for train...
    237871 patches indexed
    7180 filtered patches indexed
    7180 patches indexed considering max_len
Merged metadata with snow/cloud metadata
Loaded 549488 labels
Loaded 549488 keys
Loaded mapping created
Pre-filtered 13683 patches based on country and season (split ignored)
Loading BEN data for test...
    119825 patches indexed
    3248 filtered patches indexed
    3248 patches indexed considering max_len
Merged metadata with snow/cloud metadata
Loaded 549488 labels
Loaded 549488 keys
Loaded mapping created
Pre-filtered 10372 patches based on country and season (split ignored)
Loading BEN data for train...
    237871 patches indexed
    5941 filtered patches indexed
    5941 patches indexed considering max_len
Merged metadata with snow/cloud metadata
Loaded 549488 labels
Loaded 549488 keys
Loaded mapping created
Pre-filtered 10372 patches based on country and season (split ignored)
Loading BEN data for test...
    119825 patches indexed
    1871 filtered patches indexed
    1871 patches indexed considering max_len
Merged metadata with snow/cloud metadata
Loaded 549488 labels
Loaded 549488 keys
Loaded mapping created
Pre-filtered 1939 patches based on country and season (split ignored)
Loading BEN data for train...
    237871 patches indexed
    1323 filtered patches indexed
    1323 patches indexed considering max_len
Merged metadata with snow/cloud metadata
Loaded 549488 labels
Loaded 549488 keys
Loaded mapping created
Pre-filtered 1939 patches based on country and season (split ignored)
Loading BEN data for test...
    119825 patches indexed
    32 filtered patches indexed
    32 patches indexed considering max_len
Merged metadata with snow/cloud metadata
Loaded 549488 labels
Loaded 549488 keys
Loaded mapping created
Pre-filtered 8775 patches based on country and season (split ignored)
Loading BEN data for train...
    237871 patches indexed
    4206 filtered patches indexed
    4206 patches indexed considering max_len
Merged metadata with snow/cloud metadata
Loaded 549488 labels
Loaded 549488 keys
Loaded mapping created
Pre-filtered 8775 patches based on country and season (split ignored)
Loading BEN data for test...
    119825 patches indexed
    2151 filtered patches indexed
    2151 patches indexed considering max_len
Merged metadata with snow/cloud metadata
Loaded 549488 labels
Loaded 549488 keys
Loaded mapping created
Pre-filtered 16438 patches based on country and season (split ignored)
Loading BEN data for train...
    237871 patches indexed
    8037 filtered patches indexed
    8037 patches indexed considering max_len
Merged metadata with snow/cloud metadata
Loaded 549488 labels
Loaded 549488 keys
Loaded mapping created
Pre-filtered 16438 patches based on country and season (split ignored)
Loading BEN data for test...
    119825 patches indexed
    4220 filtered patches indexed
    4220 patches indexed considering max_len
Merged metadata with snow/cloud metadata
Loaded 549488 labels
Loaded 549488 keys
Loaded mapping created
Pre-filtered 4874 patches based on country and season (split ignored)
Loading BEN data for train...
    237871 patches indexed
    1692 filtered patches indexed
    1692 patches indexed considering max_len
Merged metadata with snow/cloud metadata
Loaded 549488 labels
Loaded 549488 keys
Loaded mapping created
Pre-filtered 4874 patches based on country and season (split ignored)
Loading BEN data for test...
    119825 patches indexed
    2039 filtered patches indexed
    2039 patches indexed considering max_len
Merged metadata with snow/cloud metadata
Loaded 549488 labels
Loaded 549488 keys
Loaded mapping created
Pre-filtered 59999 patches based on country and season (split ignored)
Loading BEN data for test...
    119825 patches indexed
    15720 filtered patches indexed
    15720 patches indexed considering max_len
Merged metadata with snow/cloud metadata
Loaded 549488 labels
Loaded 549488 keys
Loaded mapping created
Pre-filtered 59999 patches based on country and season (split ignored)
Loading BEN data for train...
    237871 patches indexed
    29135 filtered patches indexed
    29135 patches indexed considering max_len
Merged metadata with snow/cloud metadata
Loaded 549488 labels
Loaded 549488 keys
Loaded mapping created
Loading BEN data for train...
    237871 patches indexed
    237871 filtered patches indexed
    237871 patches indexed considering max_len
Merged metadata with snow/cloud metadata
Loaded 549488 labels
Loaded 549488 keys
Loaded mapping created
==================================================
ROUND 1/40
==================================================
Epoch 1/1
----------
Epoch 1/1
----------
Epoch 1/1
----------
Epoch 1/1
----------
Epoch 1/1
----------
Epoch 1/1
----------
Epoch 1/1
----------
Epoch 1/1
----------
micro     precision: 1.0000 | recall: 0.0000 | f1-score: 0.0000 | support: 40183 | mAP: 0.3904
macro     precision: 0.0526 | recall: 0.0000 | f1-score: 0.0001 | support: 40183 | mAP: 0.2853

==================================================
ROUND 2/40
==================================================
Epoch 1/1
----------
Epoch 1/1
----------
Epoch 1/1
----------
Epoch 1/1
----------
Epoch 1/1
----------
Epoch 1/1
----------
Epoch 1/1
----------
Epoch 1/1
----------
micro     precision: 0.4728 | recall: 0.1182 | f1-score: 0.1891 | support: 40183 | mAP: 0.4288
macro     precision: 0.2029 | recall: 0.0628 | f1-score: 0.0637 | support: 40183 | mAP: 0.2991

==================================================
ROUND 3/40
==================================================
Epoch 1/1
----------
Epoch 1/1
----------
Epoch 1/1
----------
Epoch 1/1
----------
Epoch 1/1
----------
Epoch 1/1
----------
Epoch 1/1
----------
Epoch 1/1
----------
micro     precision: 0.5921 | recall: 0.2355 | f1-score: 0.3370 | support: 40183 | mAP: 0.4867
macro     precision: 0.0984 | recall: 0.1056 | f1-score: 0.0978 | support: 40183 | mAP: 0.3159

==================================================
ROUND 4/40
==================================================
Finale Anzahl der Pruning-Patches: 17
Anzahl eindeutiger Klassen: 18
Klassenverteilung in den Pruning-Patches (Häufigkeiten): {'Marine waters': 9, 'Transitional woodland, shrub': 7, 'Mixed forest': 7, 'Coniferous forest': 6, 'Land principally occupied by agriculture, with significant areas of natural vegetation': 2, 'Inland waters': 1, 'Broad-leaved forest': 2, 'Arable land': 4, 'Urban fabric': 1, 'Industrial or commercial units': 1, 'Coastal wetlands': 2, 'Inland wetlands': 2, 'Pastures': 4, 'Complex cultivation patterns': 1, 'Moors, heathland and sclerophyllous vegetation': 1, 'Natural grassland and sparsely vegetated areas': 1, 'Beaches, dunes, sands': 1, 'Permanent crops': 1}
[INFO] Erstelle Prune Loader...
[INFO] 12 Patches nach Filterung übrig.
[SUCCESS] Prune Loader erfolgreich erstellt.
Used Composite Rules:
low_level_hidden_layer_rule: Epsilon
mid_level_hidden_layer_rule: Epsilon
high_level_hidden_layer_rule: Epsilon
fully_connected_layers_rule: ZPlus
softmax_rule: Epsilon
Starting relevance computation and pruning mask generation.
Type of components_relevances: <class 'collections.OrderedDict'>
Layer: conv1
Total layer relevance: 3.1478197825882234e+23
--------------------------------------------------
Layer: encoder.4.0.conv1
Total layer relevance: 1.9370329675211736e+23
--------------------------------------------------
Layer: encoder.4.0.conv2
Total layer relevance: 1.3279462480052348e+23
--------------------------------------------------
Layer: encoder.4.0.conv3
Total layer relevance: 3.995966937812213e+22
--------------------------------------------------
Layer: encoder.4.0.downsample.0
Total layer relevance: 4.006693161044721e+22
--------------------------------------------------
Layer: encoder.4.1.conv1
Total layer relevance: 1.9958865647721052e+21
--------------------------------------------------
Layer: encoder.4.1.conv2
Total layer relevance: 1.4191401153673204e+21
--------------------------------------------------
Layer: encoder.4.1.conv3
Total layer relevance: 2.7339171906696774e+20
--------------------------------------------------
Layer: encoder.4.2.conv1
Total layer relevance: 2.029269875241989e+19
--------------------------------------------------
Layer: encoder.4.2.conv2
Total layer relevance: 1.3521969920249692e+19
--------------------------------------------------
Layer: encoder.4.2.conv3
Total layer relevance: 4.700192306416845e+18
--------------------------------------------------
Layer: encoder.5.0.conv1
Total layer relevance: 9.238639580440166e+17
--------------------------------------------------
Layer: encoder.5.0.conv2
Total layer relevance: 6.29104956724478e+17
--------------------------------------------------
Layer: encoder.5.0.conv3
Total layer relevance: 7.885157946517094e+16
--------------------------------------------------
Layer: encoder.5.0.downsample.0
Total layer relevance: 7.939819995293286e+16
--------------------------------------------------
Layer: encoder.5.1.conv1
Total layer relevance: 2466583343529984.0
--------------------------------------------------
Layer: encoder.5.1.conv2
Total layer relevance: 1863368071708672.0
--------------------------------------------------
Layer: encoder.5.1.conv3
Total layer relevance: 559308660015104.0
--------------------------------------------------
Layer: encoder.5.2.conv1
Total layer relevance: 116895621578752.0
--------------------------------------------------
Layer: encoder.5.2.conv2
Total layer relevance: 100147446939648.0
--------------------------------------------------
Layer: encoder.5.2.conv3
Total layer relevance: 19072339148800.0
--------------------------------------------------
Layer: encoder.5.3.conv1
Total layer relevance: 2221917863936.0
--------------------------------------------------
Layer: encoder.5.3.conv2
Total layer relevance: 1904060530688.0
--------------------------------------------------
Layer: encoder.5.3.conv3
Total layer relevance: 300027740160.0
--------------------------------------------------
Layer: encoder.6.0.conv1
Total layer relevance: 35005149184.0
--------------------------------------------------
Layer: encoder.6.0.conv2
Total layer relevance: 36056158208.0
--------------------------------------------------
Layer: encoder.6.0.conv3
Total layer relevance: 5543518208.0
--------------------------------------------------
Layer: encoder.6.0.downsample.0
Total layer relevance: 5608219648.0
--------------------------------------------------
Layer: encoder.6.1.conv1
Total layer relevance: 329633152.0
--------------------------------------------------
Layer: encoder.6.1.conv2
Total layer relevance: 401440064.0
--------------------------------------------------
Layer: encoder.6.1.conv3
Total layer relevance: 101965624.0
--------------------------------------------------
Layer: encoder.6.2.conv1
Total layer relevance: 23736000.0
--------------------------------------------------
Layer: encoder.6.2.conv2
Total layer relevance: 34604240.0
--------------------------------------------------
Layer: encoder.6.2.conv3
Total layer relevance: 7998010.0
--------------------------------------------------
Layer: encoder.6.3.conv1
Total layer relevance: 2400754.75
--------------------------------------------------
Layer: encoder.6.3.conv2
Total layer relevance: 3672025.25
--------------------------------------------------
Layer: encoder.6.3.conv3
Total layer relevance: 795479.75
--------------------------------------------------
Layer: encoder.6.4.conv1
Total layer relevance: 313968.75
--------------------------------------------------
Layer: encoder.6.4.conv2
Total layer relevance: 625203.25
--------------------------------------------------
Layer: encoder.6.4.conv3
Total layer relevance: 109121.0625
--------------------------------------------------
Layer: encoder.6.5.conv1
Total layer relevance: 36879.671875
--------------------------------------------------
Layer: encoder.6.5.conv2
Total layer relevance: 82559.4375
--------------------------------------------------
Layer: encoder.6.5.conv3
Total layer relevance: 16794.7890625
--------------------------------------------------
Layer: encoder.7.0.conv1
Total layer relevance: 4422.904296875
--------------------------------------------------
Layer: encoder.7.0.conv2
Total layer relevance: 21595.86328125
--------------------------------------------------
Layer: encoder.7.0.conv3
Total layer relevance: 7764.587890625
--------------------------------------------------
Layer: encoder.7.0.downsample.0
Total layer relevance: 9309.5146484375
--------------------------------------------------
Layer: encoder.7.1.conv1
Total layer relevance: 1668.380126953125
--------------------------------------------------
Layer: encoder.7.1.conv2
Total layer relevance: 8320.0546875
--------------------------------------------------
Layer: encoder.7.1.conv3
Total layer relevance: 3232.143798828125
--------------------------------------------------
Layer: encoder.7.2.conv1
Total layer relevance: 1598.31689453125
--------------------------------------------------
Layer: encoder.7.2.conv2
Total layer relevance: 5073.384765625
--------------------------------------------------
Layer: encoder.7.2.conv3
Total layer relevance: 2049.97216796875
--------------------------------------------------
Minimal retained neurons per layer:  0.98
--------------------------------------------------
Global Pruning Mask
Pruning-rate: 0.98
Layer: conv1		% of pruned neurons: 0.00%
Layer: encoder.4.0.conv1		% of pruned neurons: 0.00%
Layer: encoder.4.0.conv2		% of pruned neurons: 0.00%
Layer: encoder.4.0.conv3		% of pruned neurons: 39.45%
Layer: encoder.4.0.downsample.0		% of pruned neurons: 36.33%
Layer: encoder.4.1.conv1		% of pruned neurons: 73.44%
Layer: encoder.4.1.conv2		% of pruned neurons: 93.75%
Layer: encoder.4.1.conv3		% of pruned neurons: 94.92%
Layer: encoder.4.2.conv1		% of pruned neurons: 93.75%
Layer: encoder.4.2.conv2		% of pruned neurons: 93.75%
Layer: encoder.4.2.conv3		% of pruned neurons: 94.92%
Layer: encoder.5.0.conv1		% of pruned neurons: 94.53%
Layer: encoder.5.0.conv2		% of pruned neurons: 94.53%
Layer: encoder.5.0.conv3		% of pruned neurons: 94.92%
Layer: encoder.5.0.downsample.0		% of pruned neurons: 94.92%
Layer: encoder.5.1.conv1		% of pruned neurons: 94.53%
Layer: encoder.5.1.conv2		% of pruned neurons: 94.53%
Layer: encoder.5.1.conv3		% of pruned neurons: 94.92%
Layer: encoder.5.2.conv1		% of pruned neurons: 94.53%
Layer: encoder.5.2.conv2		% of pruned neurons: 94.53%
Layer: encoder.5.2.conv3		% of pruned neurons: 94.92%
Layer: encoder.5.3.conv1		% of pruned neurons: 94.53%
Layer: encoder.5.3.conv2		% of pruned neurons: 94.53%
Layer: encoder.5.3.conv3		% of pruned neurons: 94.92%
Layer: encoder.6.0.conv1		% of pruned neurons: 94.92%
Layer: encoder.6.0.conv2		% of pruned neurons: 94.92%
Layer: encoder.6.0.conv3		% of pruned neurons: 94.92%
Layer: encoder.6.0.downsample.0		% of pruned neurons: 94.92%
Layer: encoder.6.1.conv1		% of pruned neurons: 94.92%
Layer: encoder.6.1.conv2		% of pruned neurons: 94.92%
Layer: encoder.6.1.conv3		% of pruned neurons: 94.92%
Layer: encoder.6.2.conv1		% of pruned neurons: 94.92%
Layer: encoder.6.2.conv2		% of pruned neurons: 94.92%
Layer: encoder.6.2.conv3		% of pruned neurons: 94.92%
Layer: encoder.6.3.conv1		% of pruned neurons: 94.92%
Layer: encoder.6.3.conv2		% of pruned neurons: 94.92%
Layer: encoder.6.3.conv3		% of pruned neurons: 94.92%
Layer: encoder.6.4.conv1		% of pruned neurons: 94.92%
Layer: encoder.6.4.conv2		% of pruned neurons: 94.92%
Layer: encoder.6.4.conv3		% of pruned neurons: 94.92%
Layer: encoder.6.5.conv1		% of pruned neurons: 94.92%
Layer: encoder.6.5.conv2		% of pruned neurons: 94.92%
Layer: encoder.6.5.conv3		% of pruned neurons: 94.92%
Layer: encoder.7.0.conv1		% of pruned neurons: 94.92%
Layer: encoder.7.0.conv2		% of pruned neurons: 94.92%
Layer: encoder.7.0.conv3		% of pruned neurons: 94.97%
Layer: encoder.7.0.downsample.0		% of pruned neurons: 94.97%
Layer: encoder.7.1.conv1		% of pruned neurons: 94.92%
Layer: encoder.7.1.conv2		% of pruned neurons: 94.92%
Layer: encoder.7.1.conv3		% of pruned neurons: 94.97%
Layer: encoder.7.2.conv1		% of pruned neurons: 94.92%
Layer: encoder.7.2.conv2		% of pruned neurons: 94.92%
Layer: encoder.7.2.conv3		% of pruned neurons: 94.97%
Sending pruning mask to clients...
[INFO] Pruner and pruning mask received and stored.
[INFO] Pruner and pruning mask received and stored.
[INFO] Pruner and pruning mask received and stored.
[INFO] Pruner and pruning mask received and stored.
[INFO] Pruner and pruning mask received and stored.
[INFO] Pruner and pruning mask received and stored.
[INFO] Pruner and pruning mask received and stored.
[INFO] Pruner and pruning mask received and stored.
Epoch 1/1
----------
Prune before sending to global...
Epoch 1/1
----------
Prune before sending to global...
Epoch 1/1
----------
Prune before sending to global...
Epoch 1/1
----------
Prune before sending to global...
Epoch 1/1
----------
Prune before sending to global...
Epoch 1/1
----------
Prune before sending to global...
Epoch 1/1
----------
Prune before sending to global...
Epoch 1/1
----------
Prune before sending to global...
micro     precision: 0.0000 | recall: 0.0000 | f1-score: 0.0000 | support: 40183 | mAP: 0.3354
macro     precision: 0.0000 | recall: 0.0000 | f1-score: 0.0000 | support: 40183 | mAP: 0.1914

==================================================
ROUND 5/40
==================================================
Epoch 1/1
----------
Prune before sending to global...
Epoch 1/1
----------
Prune before sending to global...
Epoch 1/1
----------
Prune before sending to global...
Epoch 1/1
----------
Prune before sending to global...
Epoch 1/1
----------
Prune before sending to global...
Epoch 1/1
----------
Prune before sending to global...
Epoch 1/1
----------
Prune before sending to global...
Epoch 1/1
----------
Prune before sending to global...
micro     precision: 0.0000 | recall: 0.0000 | f1-score: 0.0000 | support: 40183 | mAP: 0.3298
macro     precision: 0.0000 | recall: 0.0000 | f1-score: 0.0000 | support: 40183 | mAP: 0.2855

==================================================
ROUND 6/40
==================================================
Epoch 1/1
----------
Prune before sending to global...
Epoch 1/1
----------
Prune before sending to global...
Epoch 1/1
----------
Prune before sending to global...
Epoch 1/1
----------
Prune before sending to global...
Epoch 1/1
----------
Prune before sending to global...
Epoch 1/1
----------
Prune before sending to global...
Epoch 1/1
----------
Prune before sending to global...
Epoch 1/1
----------
Prune before sending to global...
micro     precision: 0.4471 | recall: 0.0941 | f1-score: 0.1555 | support: 40183 | mAP: 0.3748
macro     precision: 0.1359 | recall: 0.0470 | f1-score: 0.0462 | support: 40183 | mAP: 0.2930

==================================================
ROUND 7/40
==================================================
Epoch 1/1
----------
Prune before sending to global...
Epoch 1/1
----------
Prune before sending to global...
Epoch 1/1
----------
Prune before sending to global...
Epoch 1/1
----------
Prune before sending to global...
Epoch 1/1
----------
Prune before sending to global...
Epoch 1/1
----------
Prune before sending to global...
Epoch 1/1
----------
Prune before sending to global...
Epoch 1/1
----------
Prune before sending to global...
micro     precision: 0.6185 | recall: 0.3467 | f1-score: 0.4444 | support: 40183 | mAP: 0.5569
macro     precision: 0.3187 | recall: 0.1518 | f1-score: 0.1463 | support: 40183 | mAP: 0.3420

==================================================
ROUND 8/40
==================================================
Epoch 1/1
----------
Prune before sending to global...
Epoch 1/1
----------
Prune before sending to global...
Epoch 1/1
----------
Prune before sending to global...
Epoch 1/1
----------
Prune before sending to global...
Epoch 1/1
----------
Prune before sending to global...
Epoch 1/1
----------
Prune before sending to global...
Epoch 1/1
----------
Prune before sending to global...
Epoch 1/1
----------
Prune before sending to global...
micro     precision: 0.5741 | recall: 0.3478 | f1-score: 0.4332 | support: 40183 | mAP: 0.5050
macro     precision: 0.3263 | recall: 0.1655 | f1-score: 0.1791 | support: 40183 | mAP: 0.3301

==================================================
ROUND 9/40
==================================================
Epoch 1/1
----------
Prune before sending to global...
Epoch 1/1
----------
Prune before sending to global...
Epoch 1/1
----------
Prune before sending to global...
Epoch 1/1
----------
Prune before sending to global...
Epoch 1/1
----------
Prune before sending to global...
Epoch 1/1
----------
Prune before sending to global...
Epoch 1/1
----------
Prune before sending to global...
Epoch 1/1
----------
Prune before sending to global...
micro     precision: 0.6905 | recall: 0.5121 | f1-score: 0.5880 | support: 40183 | mAP: 0.6607
macro     precision: 0.3936 | recall: 0.2535 | f1-score: 0.2662 | support: 40183 | mAP: 0.3788

==================================================
ROUND 10/40
==================================================
Epoch 1/1
----------
Prune before sending to global...
Epoch 1/1
----------
Prune before sending to global...
Epoch 1/1
----------
Prune before sending to global...
Epoch 1/1
----------
Prune before sending to global...
Epoch 1/1
----------
Prune before sending to global...
Epoch 1/1
----------
Prune before sending to global...
Epoch 1/1
----------
Prune before sending to global...
Epoch 1/1
----------
Prune before sending to global...
micro     precision: 0.5535 | recall: 0.4508 | f1-score: 0.4969 | support: 40183 | mAP: 0.5029
macro     precision: 0.3210 | recall: 0.2126 | f1-score: 0.2084 | support: 40183 | mAP: 0.3526

==================================================
ROUND 11/40
==================================================
Epoch 1/1
----------
Prune before sending to global...
Epoch 1/1
----------
Prune before sending to global...
Epoch 1/1
----------
Prune before sending to global...
Epoch 1/1
----------
Prune before sending to global...
Epoch 1/1
----------
Prune before sending to global...
Epoch 1/1
----------
Prune before sending to global...
Epoch 1/1
----------
Prune before sending to global...
Epoch 1/1
----------
Prune before sending to global...
micro     precision: 0.6672 | recall: 0.6002 | f1-score: 0.6319 | support: 40183 | mAP: 0.6780
macro     precision: 0.4053 | recall: 0.2969 | f1-score: 0.2929 | support: 40183 | mAP: 0.3809

==================================================
ROUND 12/40
==================================================
Epoch 1/1
----------
Prune before sending to global...
Epoch 1/1
----------
Prune before sending to global...
Epoch 1/1
----------
Prune before sending to global...
Epoch 1/1
----------
Prune before sending to global...
Epoch 1/1
----------
Prune before sending to global...
Epoch 1/1
----------
Prune before sending to global...
Epoch 1/1
----------
Prune before sending to global...
Epoch 1/1
----------
Prune before sending to global...
micro     precision: 0.5493 | recall: 0.5037 | f1-score: 0.5255 | support: 40183 | mAP: 0.5468
macro     precision: 0.3907 | recall: 0.2425 | f1-score: 0.2268 | support: 40183 | mAP: 0.3796

==================================================
ROUND 13/40
==================================================
Epoch 1/1
----------
Prune before sending to global...
Epoch 1/1
----------
Prune before sending to global...
Epoch 1/1
----------
Prune before sending to global...
Epoch 1/1
----------
Prune before sending to global...
Epoch 1/1
----------
Prune before sending to global...
Epoch 1/1
----------
Prune before sending to global...
Epoch 1/1
----------
Prune before sending to global...
Epoch 1/1
----------
Prune before sending to global...
micro     precision: 0.5745 | recall: 0.5611 | f1-score: 0.5677 | support: 40183 | mAP: 0.6076
macro     precision: 0.3918 | recall: 0.2626 | f1-score: 0.2369 | support: 40183 | mAP: 0.3712

==================================================
ROUND 14/40
==================================================
Epoch 1/1
----------
Prune before sending to global...
Epoch 1/1
----------
Prune before sending to global...
Epoch 1/1
----------
Prune before sending to global...
Epoch 1/1
----------
Prune before sending to global...
Epoch 1/1
----------
Prune before sending to global...
Epoch 1/1
----------
Prune before sending to global...
Epoch 1/1
----------
Prune before sending to global...
Epoch 1/1
----------
Prune before sending to global...
micro     precision: 0.6598 | recall: 0.5885 | f1-score: 0.6222 | support: 40183 | mAP: 0.6660
macro     precision: 0.3865 | recall: 0.2810 | f1-score: 0.2788 | support: 40183 | mAP: 0.3835

==================================================
ROUND 15/40
==================================================
Epoch 1/1
----------
Prune before sending to global...
Epoch 1/1
----------
Prune before sending to global...
Epoch 1/1
----------
Prune before sending to global...
Epoch 1/1
----------
Prune before sending to global...
Epoch 1/1
----------
Prune before sending to global...
Epoch 1/1
----------
Prune before sending to global...
Epoch 1/1
----------
Prune before sending to global...
Epoch 1/1
----------
Prune before sending to global...
micro     precision: 0.6635 | recall: 0.6302 | f1-score: 0.6464 | support: 40183 | mAP: 0.7048
macro     precision: 0.4334 | recall: 0.3137 | f1-score: 0.3035 | support: 40183 | mAP: 0.3907

==================================================
ROUND 16/40
==================================================
Epoch 1/1
----------
Prune before sending to global...
Epoch 1/1
----------
Prune before sending to global...
Epoch 1/1
----------
Prune before sending to global...
Epoch 1/1
----------
Prune before sending to global...
Epoch 1/1
----------
Prune before sending to global...
Epoch 1/1
----------
Prune before sending to global...
Epoch 1/1
----------
Prune before sending to global...
Epoch 1/1
----------
Prune before sending to global...
micro     precision: 0.6210 | recall: 0.5796 | f1-score: 0.5996 | support: 40183 | mAP: 0.6458
macro     precision: 0.3763 | recall: 0.2725 | f1-score: 0.2554 | support: 40183 | mAP: 0.3885

==================================================
ROUND 17/40
==================================================
Epoch 1/1
----------
Prune before sending to global...
Epoch 1/1
----------
Prune before sending to global...
Epoch 1/1
----------
Prune before sending to global...
Epoch 1/1
----------
Prune before sending to global...
Epoch 1/1
----------
Prune before sending to global...
Epoch 1/1
----------
Prune before sending to global...
Epoch 1/1
----------
Prune before sending to global...
Epoch 1/1
----------
Prune before sending to global...
micro     precision: 0.6560 | recall: 0.6285 | f1-score: 0.6420 | support: 40183 | mAP: 0.6951
macro     precision: 0.3987 | recall: 0.3152 | f1-score: 0.3020 | support: 40183 | mAP: 0.4005

==================================================
ROUND 18/40
==================================================
Epoch 1/1
----------
Prune before sending to global...
Epoch 1/1
----------
Prune before sending to global...
Epoch 1/1
----------
Prune before sending to global...
Epoch 1/1
----------
Prune before sending to global...
Epoch 1/1
----------
Prune before sending to global...
Epoch 1/1
----------
Prune before sending to global...
Epoch 1/1
----------
Prune before sending to global...
Epoch 1/1
----------
Prune before sending to global...
micro     precision: 0.6524 | recall: 0.6201 | f1-score: 0.6358 | support: 40183 | mAP: 0.6634
macro     precision: 0.4045 | recall: 0.3206 | f1-score: 0.3122 | support: 40183 | mAP: 0.4022

==================================================
ROUND 19/40
==================================================
Epoch 1/1
----------
Prune before sending to global...
Epoch 1/1
----------
Prune before sending to global...
Epoch 1/1
----------
Prune before sending to global...
Epoch 1/1
----------
Prune before sending to global...
Epoch 1/1
----------
Prune before sending to global...
Epoch 1/1
----------
Prune before sending to global...
Epoch 1/1
----------
Prune before sending to global...
Epoch 1/1
----------
Prune before sending to global...
micro     precision: 0.6262 | recall: 0.5958 | f1-score: 0.6106 | support: 40183 | mAP: 0.6495
macro     precision: 0.3703 | recall: 0.2815 | f1-score: 0.2684 | support: 40183 | mAP: 0.3871

==================================================
ROUND 20/40
==================================================
Epoch 1/1
----------
Prune before sending to global...
Epoch 1/1
----------
Prune before sending to global...
Epoch 1/1
----------
Prune before sending to global...
Epoch 1/1
----------
Prune before sending to global...
Epoch 1/1
----------
Prune before sending to global...
Epoch 1/1
----------
Prune before sending to global...
Epoch 1/1
----------
Prune before sending to global...
Epoch 1/1
----------
Prune before sending to global...
micro     precision: 0.6652 | recall: 0.6461 | f1-score: 0.6556 | support: 40183 | mAP: 0.7110
macro     precision: 0.4453 | recall: 0.3215 | f1-score: 0.3053 | support: 40183 | mAP: 0.4007

==================================================
ROUND 21/40
==================================================
Epoch 1/1
----------
Prune before sending to global...
Epoch 1/1
----------
Prune before sending to global...
Epoch 1/1
----------
Prune before sending to global...
Epoch 1/1
----------
Prune before sending to global...
Epoch 1/1
----------
Prune before sending to global...
Epoch 1/1
----------
Prune before sending to global...
Epoch 1/1
----------
Prune before sending to global...
Epoch 1/1
----------
Prune before sending to global...
micro     precision: 0.6812 | recall: 0.6442 | f1-score: 0.6622 | support: 40183 | mAP: 0.7029
macro     precision: 0.4483 | recall: 0.3187 | f1-score: 0.3108 | support: 40183 | mAP: 0.4135

==================================================
ROUND 22/40
==================================================
Epoch 1/1
----------
Prune before sending to global...
Epoch 1/1
----------
Prune before sending to global...
Epoch 1/1
----------
Prune before sending to global...
Epoch 1/1
----------
Prune before sending to global...
Epoch 1/1
----------
Prune before sending to global...
Epoch 1/1
----------
Prune before sending to global...
Epoch 1/1
----------
Prune before sending to global...
Epoch 1/1
----------
Prune before sending to global...
micro     precision: 0.6655 | recall: 0.6256 | f1-score: 0.6449 | support: 40183 | mAP: 0.6625
macro     precision: 0.4347 | recall: 0.3060 | f1-score: 0.3021 | support: 40183 | mAP: 0.3929

==================================================
ROUND 23/40
==================================================
Epoch 1/1
----------
Prune before sending to global...
Epoch 1/1
----------
Prune before sending to global...
Epoch 1/1
----------
Prune before sending to global...
Epoch 1/1
----------
Prune before sending to global...
Epoch 1/1
----------
Prune before sending to global...
Epoch 1/1
----------
Prune before sending to global...
Epoch 1/1
----------
Prune before sending to global...
Epoch 1/1
----------
Prune before sending to global...
micro     precision: 0.6789 | recall: 0.6470 | f1-score: 0.6626 | support: 40183 | mAP: 0.7309
macro     precision: 0.4460 | recall: 0.3241 | f1-score: 0.3153 | support: 40183 | mAP: 0.4250

==================================================
ROUND 24/40
==================================================
Epoch 1/1
----------
Prune before sending to global...
Epoch 1/1
----------
Prune before sending to global...
Epoch 1/1
----------
Prune before sending to global...
Epoch 1/1
----------
Prune before sending to global...
Epoch 1/1
----------
Prune before sending to global...
Epoch 1/1
----------
Prune before sending to global...
Epoch 1/1
----------
Prune before sending to global...
Epoch 1/1
----------
Prune before sending to global...
micro     precision: 0.6013 | recall: 0.5965 | f1-score: 0.5989 | support: 40183 | mAP: 0.5741
macro     precision: 0.3890 | recall: 0.2825 | f1-score: 0.2608 | support: 40183 | mAP: 0.3641

==================================================
ROUND 25/40
==================================================
Epoch 1/1
----------
Prune before sending to global...
Epoch 1/1
----------
Prune before sending to global...
Epoch 1/1
----------
Prune before sending to global...
Epoch 1/1
----------
Prune before sending to global...
Epoch 1/1
----------
Prune before sending to global...
Epoch 1/1
----------
Prune before sending to global...
Epoch 1/1
----------
Prune before sending to global...
Epoch 1/1
----------
Prune before sending to global...
micro     precision: 0.7121 | recall: 0.6296 | f1-score: 0.6683 | support: 40183 | mAP: 0.7246
macro     precision: 0.4651 | recall: 0.3113 | f1-score: 0.3096 | support: 40183 | mAP: 0.4200

==================================================
ROUND 26/40
==================================================
Epoch 1/1
----------
Prune before sending to global...
Epoch 1/1
----------
Prune before sending to global...
Epoch 1/1
----------
Prune before sending to global...
Epoch 1/1
----------
Prune before sending to global...
Epoch 1/1
----------
Prune before sending to global...
Epoch 1/1
----------
Prune before sending to global...
Epoch 1/1
----------
Prune before sending to global...
Epoch 1/1
----------
Prune before sending to global...
micro     precision: 0.6006 | recall: 0.5960 | f1-score: 0.5983 | support: 40183 | mAP: 0.5330
macro     precision: 0.4286 | recall: 0.2781 | f1-score: 0.2541 | support: 40183 | mAP: 0.3462

==================================================
ROUND 27/40
==================================================
Epoch 1/1
----------
Prune before sending to global...
Epoch 1/1
----------
Prune before sending to global...
Epoch 1/1
----------
Prune before sending to global...
Epoch 1/1
----------
Prune before sending to global...
Epoch 1/1
----------
Prune before sending to global...
Epoch 1/1
----------
Prune before sending to global...
Epoch 1/1
----------
Prune before sending to global...
Epoch 1/1
----------
Prune before sending to global...
micro     precision: 0.6644 | recall: 0.6451 | f1-score: 0.6546 | support: 40183 | mAP: 0.7127
macro     precision: 0.4452 | recall: 0.3217 | f1-score: 0.3033 | support: 40183 | mAP: 0.4167

==================================================
ROUND 28/40
==================================================
Epoch 1/1
----------
Prune before sending to global...
Epoch 1/1
----------
Prune before sending to global...
Epoch 1/1
----------
Prune before sending to global...
Epoch 1/1
----------
Prune before sending to global...
Epoch 1/1
----------
Prune before sending to global...
Epoch 1/1
----------
Prune before sending to global...
Epoch 1/1
----------
Prune before sending to global...
Epoch 1/1
----------
Prune before sending to global...
micro     precision: 0.6365 | recall: 0.5989 | f1-score: 0.6171 | support: 40183 | mAP: 0.6591
macro     precision: 0.4058 | recall: 0.2812 | f1-score: 0.2608 | support: 40183 | mAP: 0.4035

==================================================
ROUND 29/40
==================================================
Epoch 1/1
----------
Prune before sending to global...
Epoch 1/1
----------
Prune before sending to global...
Epoch 1/1
----------
Prune before sending to global...
Epoch 1/1
----------
Prune before sending to global...
Epoch 1/1
----------
Prune before sending to global...
Epoch 1/1
----------
Prune before sending to global...
Epoch 1/1
----------
Prune before sending to global...
Epoch 1/1
----------
Prune before sending to global...
micro     precision: 0.7097 | recall: 0.6421 | f1-score: 0.6742 | support: 40183 | mAP: 0.7279
macro     precision: 0.4824 | recall: 0.3234 | f1-score: 0.3209 | support: 40183 | mAP: 0.4252

==================================================
ROUND 30/40
==================================================
Epoch 1/1
----------
Prune before sending to global...
Epoch 1/1
----------
Prune before sending to global...
Epoch 1/1
----------
Prune before sending to global...
Epoch 1/1
----------
Prune before sending to global...
Epoch 1/1
----------
Prune before sending to global...
Epoch 1/1
----------
Prune before sending to global...
Epoch 1/1
----------
Prune before sending to global...
Epoch 1/1
----------
Prune before sending to global...
micro     precision: 0.5993 | recall: 0.5993 | f1-score: 0.5993 | support: 40183 | mAP: 0.6293
macro     precision: 0.4283 | recall: 0.2901 | f1-score: 0.2674 | support: 40183 | mAP: 0.3966

==================================================
ROUND 31/40
==================================================
Epoch 1/1
----------
Prune before sending to global...
Epoch 1/1
----------
Prune before sending to global...
Epoch 1/1
----------
Prune before sending to global...
Epoch 1/1
----------
Prune before sending to global...
Epoch 1/1
----------
Prune before sending to global...
Epoch 1/1
----------
Prune before sending to global...
Epoch 1/1
----------
Prune before sending to global...
Epoch 1/1
----------
Prune before sending to global...
micro     precision: 0.6677 | recall: 0.6449 | f1-score: 0.6561 | support: 40183 | mAP: 0.7238
macro     precision: 0.4664 | recall: 0.3283 | f1-score: 0.3137 | support: 40183 | mAP: 0.4256

==================================================
ROUND 32/40
==================================================
Epoch 1/1
----------
Prune before sending to global...
Epoch 1/1
----------
Prune before sending to global...
Epoch 1/1
----------
Prune before sending to global...
Epoch 1/1
----------
Prune before sending to global...
Epoch 1/1
----------
Prune before sending to global...
Epoch 1/1
----------
Prune before sending to global...
Epoch 1/1
----------
Prune before sending to global...
Epoch 1/1
----------
Prune before sending to global...
micro     precision: 0.6345 | recall: 0.5970 | f1-score: 0.6152 | support: 40183 | mAP: 0.6511
macro     precision: 0.4242 | recall: 0.2840 | f1-score: 0.2711 | support: 40183 | mAP: 0.4052

==================================================
ROUND 33/40
==================================================
Epoch 1/1
----------
Prune before sending to global...
Epoch 1/1
----------
Prune before sending to global...
Epoch 1/1
----------
Prune before sending to global...
Epoch 1/1
----------
Prune before sending to global...
Epoch 1/1
----------
Prune before sending to global...
Epoch 1/1
----------
Prune before sending to global...
Epoch 1/1
----------
Prune before sending to global...
Epoch 1/1
----------
Prune before sending to global...
micro     precision: 0.7028 | recall: 0.6534 | f1-score: 0.6772 | support: 40183 | mAP: 0.7242
macro     precision: 0.4641 | recall: 0.3311 | f1-score: 0.3237 | support: 40183 | mAP: 0.4179

==================================================
ROUND 34/40
==================================================
Epoch 1/1
----------
Prune before sending to global...
Epoch 1/1
----------
Prune before sending to global...
Epoch 1/1
----------
Prune before sending to global...
Epoch 1/1
----------
Prune before sending to global...
Epoch 1/1
----------
Prune before sending to global...
Epoch 1/1
----------
Prune before sending to global...
Epoch 1/1
----------
Prune before sending to global...
Epoch 1/1
----------
Prune before sending to global...
micro     precision: 0.6104 | recall: 0.6115 | f1-score: 0.6109 | support: 40183 | mAP: 0.5657
macro     precision: 0.3806 | recall: 0.2911 | f1-score: 0.2629 | support: 40183 | mAP: 0.3915

==================================================
ROUND 35/40
==================================================
Epoch 1/1
----------
Prune before sending to global...
Epoch 1/1
----------
Prune before sending to global...
Epoch 1/1
----------
Prune before sending to global...
Epoch 1/1
----------
Prune before sending to global...
Epoch 1/1
----------
Prune before sending to global...
Epoch 1/1
----------
Prune before sending to global...
Epoch 1/1
----------
Prune before sending to global...
Epoch 1/1
----------
Prune before sending to global...
micro     precision: 0.6921 | recall: 0.6319 | f1-score: 0.6607 | support: 40183 | mAP: 0.7131
macro     precision: 0.4580 | recall: 0.3174 | f1-score: 0.3179 | support: 40183 | mAP: 0.4213

==================================================
ROUND 36/40
==================================================
Epoch 1/1
----------
Prune before sending to global...
Epoch 1/1
----------
Prune before sending to global...
Epoch 1/1
----------
Prune before sending to global...
Epoch 1/1
----------
Prune before sending to global...
Epoch 1/1
----------
Prune before sending to global...
Epoch 1/1
----------
Prune before sending to global...
Epoch 1/1
----------
Prune before sending to global...
Epoch 1/1
----------
Prune before sending to global...
micro     precision: 0.6357 | recall: 0.6616 | f1-score: 0.6484 | support: 40183 | mAP: 0.6865
macro     precision: 0.4262 | recall: 0.3266 | f1-score: 0.3049 | support: 40183 | mAP: 0.4075

==================================================
ROUND 37/40
==================================================
Epoch 1/1
----------
Prune before sending to global...
Epoch 1/1
----------
Prune before sending to global...
Epoch 1/1
----------
Prune before sending to global...
Epoch 1/1
----------
Prune before sending to global...
Epoch 1/1
----------
Prune before sending to global...
Epoch 1/1
----------
Prune before sending to global...
Epoch 1/1
----------
Prune before sending to global...
Epoch 1/1
----------
Prune before sending to global...
micro     precision: 0.6732 | recall: 0.6394 | f1-score: 0.6559 | support: 40183 | mAP: 0.7000
macro     precision: 0.4587 | recall: 0.3218 | f1-score: 0.3197 | support: 40183 | mAP: 0.4197

==================================================
ROUND 38/40
==================================================
Epoch 1/1
----------
Prune before sending to global...
Epoch 1/1
----------
Prune before sending to global...
Epoch 1/1
----------
Prune before sending to global...
Epoch 1/1
----------
Prune before sending to global...
Epoch 1/1
----------
Prune before sending to global...
Epoch 1/1
----------
Prune before sending to global...
Epoch 1/1
----------
Prune before sending to global...
Epoch 1/1
----------
Prune before sending to global...
micro     precision: 0.6729 | recall: 0.6621 | f1-score: 0.6675 | support: 40183 | mAP: 0.7330
macro     precision: 0.4850 | recall: 0.3399 | f1-score: 0.3324 | support: 40183 | mAP: 0.4311

==================================================
ROUND 39/40
==================================================
Epoch 1/1
----------
Prune before sending to global...
Epoch 1/1
----------
Prune before sending to global...
Epoch 1/1
----------
Prune before sending to global...
Epoch 1/1
----------
Prune before sending to global...
Epoch 1/1
----------
Prune before sending to global...
Epoch 1/1
----------
Prune before sending to global...
Epoch 1/1
----------
Prune before sending to global...
Epoch 1/1
----------
Prune before sending to global...
micro     precision: 0.6105 | recall: 0.5963 | f1-score: 0.6033 | support: 40183 | mAP: 0.5832
macro     precision: 0.4471 | recall: 0.2897 | f1-score: 0.2788 | support: 40183 | mAP: 0.3873

==================================================
ROUND 40/40
==================================================
Epoch 1/1
----------
Prune before sending to global...
Epoch 1/1
----------
Prune before sending to global...
Epoch 1/1
----------
Prune before sending to global...
Epoch 1/1
----------
Prune before sending to global...
Epoch 1/1
----------
Prune before sending to global...
Epoch 1/1
----------
Prune before sending to global...
Epoch 1/1
----------
Prune before sending to global...
Epoch 1/1
----------
Prune before sending to global...
micro     precision: 0.6715 | recall: 0.6574 | f1-score: 0.6644 | support: 40183 | mAP: 0.7309
macro     precision: 0.4685 | recall: 0.3396 | f1-score: 0.3278 | support: 40183 | mAP: 0.4248

[{'0': {'precision': [], 'recall': [], 'f1-score': [], 'support': []}, '1': {'precision': [], 'recall': [], 'f1-score': [], 'support': []}, '2': {'precision': [], 'recall': [], 'f1-score': [], 'support': []}, '3': {'precision': [], 'recall': [], 'f1-score': [], 'support': []}, '4': {'precision': [], 'recall': [], 'f1-score': [], 'support': []}, '5': {'precision': [], 'recall': [], 'f1-score': [], 'support': []}, '6': {'precision': [], 'recall': [], 'f1-score': [], 'support': []}, '7': {'precision': [], 'recall': [], 'f1-score': [], 'support': []}, '8': {'precision': [], 'recall': [], 'f1-score': [], 'support': []}, '9': {'precision': [], 'recall': [], 'f1-score': [], 'support': []}, '10': {'precision': [], 'recall': [], 'f1-score': [], 'support': []}, '11': {'precision': [], 'recall': [], 'f1-score': [], 'support': []}, '12': {'precision': [], 'recall': [], 'f1-score': [], 'support': []}, '13': {'precision': [], 'recall': [], 'f1-score': [], 'support': []}, '14': {'precision': [], 'recall': [], 'f1-score': [], 'support': []}, '15': {'precision': [], 'recall': [], 'f1-score': [], 'support': []}, '16': {'precision': [], 'recall': [], 'f1-score': [], 'support': []}, '17': {'precision': [], 'recall': [], 'f1-score': [], 'support': []}, '18': {'precision': [], 'recall': [], 'f1-score': [], 'support': []}, 'micro avg': {'precision': [], 'recall': [], 'f1-score': [], 'support': []}, 'macro avg': {'precision': [], 'recall': [], 'f1-score': [], 'support': []}, 'weighted avg': {'precision': [], 'recall': [], 'f1-score': [], 'support': []}, 'ap_mic': [], 'ap_mac': []}, {'0': {'precision': [], 'recall': [], 'f1-score': [], 'support': []}, '1': {'precision': [], 'recall': [], 'f1-score': [], 'support': []}, '2': {'precision': [], 'recall': [], 'f1-score': [], 'support': []}, '3': {'precision': [], 'recall': [], 'f1-score': [], 'support': []}, '4': {'precision': [], 'recall': [], 'f1-score': [], 'support': []}, '5': {'precision': [], 'recall': [], 'f1-score': [], 'support': []}, '6': {'precision': [], 'recall': [], 'f1-score': [], 'support': []}, '7': {'precision': [], 'recall': [], 'f1-score': [], 'support': []}, '8': {'precision': [], 'recall': [], 'f1-score': [], 'support': []}, '9': {'precision': [], 'recall': [], 'f1-score': [], 'support': []}, '10': {'precision': [], 'recall': [], 'f1-score': [], 'support': []}, '11': {'precision': [], 'recall': [], 'f1-score': [], 'support': []}, '12': {'precision': [], 'recall': [], 'f1-score': [], 'support': []}, '13': {'precision': [], 'recall': [], 'f1-score': [], 'support': []}, '14': {'precision': [], 'recall': [], 'f1-score': [], 'support': []}, '15': {'precision': [], 'recall': [], 'f1-score': [], 'support': []}, '16': {'precision': [], 'recall': [], 'f1-score': [], 'support': []}, '17': {'precision': [], 'recall': [], 'f1-score': [], 'support': []}, '18': {'precision': [], 'recall': [], 'f1-score': [], 'support': []}, 'micro avg': {'precision': [], 'recall': [], 'f1-score': [], 'support': []}, 'macro avg': {'precision': [], 'recall': [], 'f1-score': [], 'support': []}, 'weighted avg': {'precision': [], 'recall': [], 'f1-score': [], 'support': []}, 'ap_mic': [], 'ap_mac': []}, {'0': {'precision': [], 'recall': [], 'f1-score': [], 'support': []}, '1': {'precision': [], 'recall': [], 'f1-score': [], 'support': []}, '2': {'precision': [], 'recall': [], 'f1-score': [], 'support': []}, '3': {'precision': [], 'recall': [], 'f1-score': [], 'support': []}, '4': {'precision': [], 'recall': [], 'f1-score': [], 'support': []}, '5': {'precision': [], 'recall': [], 'f1-score': [], 'support': []}, '6': {'precision': [], 'recall': [], 'f1-score': [], 'support': []}, '7': {'precision': [], 'recall': [], 'f1-score': [], 'support': []}, '8': {'precision': [], 'recall': [], 'f1-score': [], 'support': []}, '9': {'precision': [], 'recall': [], 'f1-score': [], 'support': []}, '10': {'precision': [], 'recall': [], 'f1-score': [], 'support': []}, '11': {'precision': [], 'recall': [], 'f1-score': [], 'support': []}, '12': {'precision': [], 'recall': [], 'f1-score': [], 'support': []}, '13': {'precision': [], 'recall': [], 'f1-score': [], 'support': []}, '14': {'precision': [], 'recall': [], 'f1-score': [], 'support': []}, '15': {'precision': [], 'recall': [], 'f1-score': [], 'support': []}, '16': {'precision': [], 'recall': [], 'f1-score': [], 'support': []}, '17': {'precision': [], 'recall': [], 'f1-score': [], 'support': []}, '18': {'precision': [], 'recall': [], 'f1-score': [], 'support': []}, 'micro avg': {'precision': [], 'recall': [], 'f1-score': [], 'support': []}, 'macro avg': {'precision': [], 'recall': [], 'f1-score': [], 'support': []}, 'weighted avg': {'precision': [], 'recall': [], 'f1-score': [], 'support': []}, 'ap_mic': [], 'ap_mac': []}, {'0': {'precision': [], 'recall': [], 'f1-score': [], 'support': []}, '1': {'precision': [], 'recall': [], 'f1-score': [], 'support': []}, '2': {'precision': [], 'recall': [], 'f1-score': [], 'support': []}, '3': {'precision': [], 'recall': [], 'f1-score': [], 'support': []}, '4': {'precision': [], 'recall': [], 'f1-score': [], 'support': []}, '5': {'precision': [], 'recall': [], 'f1-score': [], 'support': []}, '6': {'precision': [], 'recall': [], 'f1-score': [], 'support': []}, '7': {'precision': [], 'recall': [], 'f1-score': [], 'support': []}, '8': {'precision': [], 'recall': [], 'f1-score': [], 'support': []}, '9': {'precision': [], 'recall': [], 'f1-score': [], 'support': []}, '10': {'precision': [], 'recall': [], 'f1-score': [], 'support': []}, '11': {'precision': [], 'recall': [], 'f1-score': [], 'support': []}, '12': {'precision': [], 'recall': [], 'f1-score': [], 'support': []}, '13': {'precision': [], 'recall': [], 'f1-score': [], 'support': []}, '14': {'precision': [], 'recall': [], 'f1-score': [], 'support': []}, '15': {'precision': [], 'recall': [], 'f1-score': [], 'support': []}, '16': {'precision': [], 'recall': [], 'f1-score': [], 'support': []}, '17': {'precision': [], 'recall': [], 'f1-score': [], 'support': []}, '18': {'precision': [], 'recall': [], 'f1-score': [], 'support': []}, 'micro avg': {'precision': [], 'recall': [], 'f1-score': [], 'support': []}, 'macro avg': {'precision': [], 'recall': [], 'f1-score': [], 'support': []}, 'weighted avg': {'precision': [], 'recall': [], 'f1-score': [], 'support': []}, 'ap_mic': [], 'ap_mac': []}, {'0': {'precision': [], 'recall': [], 'f1-score': [], 'support': []}, '1': {'precision': [], 'recall': [], 'f1-score': [], 'support': []}, '2': {'precision': [], 'recall': [], 'f1-score': [], 'support': []}, '3': {'precision': [], 'recall': [], 'f1-score': [], 'support': []}, '4': {'precision': [], 'recall': [], 'f1-score': [], 'support': []}, '5': {'precision': [], 'recall': [], 'f1-score': [], 'support': []}, '6': {'precision': [], 'recall': [], 'f1-score': [], 'support': []}, '7': {'precision': [], 'recall': [], 'f1-score': [], 'support': []}, '8': {'precision': [], 'recall': [], 'f1-score': [], 'support': []}, '9': {'precision': [], 'recall': [], 'f1-score': [], 'support': []}, '10': {'precision': [], 'recall': [], 'f1-score': [], 'support': []}, '11': {'precision': [], 'recall': [], 'f1-score': [], 'support': []}, '12': {'precision': [], 'recall': [], 'f1-score': [], 'support': []}, '13': {'precision': [], 'recall': [], 'f1-score': [], 'support': []}, '14': {'precision': [], 'recall': [], 'f1-score': [], 'support': []}, '15': {'precision': [], 'recall': [], 'f1-score': [], 'support': []}, '16': {'precision': [], 'recall': [], 'f1-score': [], 'support': []}, '17': {'precision': [], 'recall': [], 'f1-score': [], 'support': []}, '18': {'precision': [], 'recall': [], 'f1-score': [], 'support': []}, 'micro avg': {'precision': [], 'recall': [], 'f1-score': [], 'support': []}, 'macro avg': {'precision': [], 'recall': [], 'f1-score': [], 'support': []}, 'weighted avg': {'precision': [], 'recall': [], 'f1-score': [], 'support': []}, 'ap_mic': [], 'ap_mac': []}, {'0': {'precision': [], 'recall': [], 'f1-score': [], 'support': []}, '1': {'precision': [], 'recall': [], 'f1-score': [], 'support': []}, '2': {'precision': [], 'recall': [], 'f1-score': [], 'support': []}, '3': {'precision': [], 'recall': [], 'f1-score': [], 'support': []}, '4': {'precision': [], 'recall': [], 'f1-score': [], 'support': []}, '5': {'precision': [], 'recall': [], 'f1-score': [], 'support': []}, '6': {'precision': [], 'recall': [], 'f1-score': [], 'support': []}, '7': {'precision': [], 'recall': [], 'f1-score': [], 'support': []}, '8': {'precision': [], 'recall': [], 'f1-score': [], 'support': []}, '9': {'precision': [], 'recall': [], 'f1-score': [], 'support': []}, '10': {'precision': [], 'recall': [], 'f1-score': [], 'support': []}, '11': {'precision': [], 'recall': [], 'f1-score': [], 'support': []}, '12': {'precision': [], 'recall': [], 'f1-score': [], 'support': []}, '13': {'precision': [], 'recall': [], 'f1-score': [], 'support': []}, '14': {'precision': [], 'recall': [], 'f1-score': [], 'support': []}, '15': {'precision': [], 'recall': [], 'f1-score': [], 'support': []}, '16': {'precision': [], 'recall': [], 'f1-score': [], 'support': []}, '17': {'precision': [], 'recall': [], 'f1-score': [], 'support': []}, '18': {'precision': [], 'recall': [], 'f1-score': [], 'support': []}, 'micro avg': {'precision': [], 'recall': [], 'f1-score': [], 'support': []}, 'macro avg': {'precision': [], 'recall': [], 'f1-score': [], 'support': []}, 'weighted avg': {'precision': [], 'recall': [], 'f1-score': [], 'support': []}, 'ap_mic': [], 'ap_mac': []}, {'0': {'precision': [], 'recall': [], 'f1-score': [], 'support': []}, '1': {'precision': [], 'recall': [], 'f1-score': [], 'support': []}, '2': {'precision': [], 'recall': [], 'f1-score': [], 'support': []}, '3': {'precision': [], 'recall': [], 'f1-score': [], 'support': []}, '4': {'precision': [], 'recall': [], 'f1-score': [], 'support': []}, '5': {'precision': [], 'recall': [], 'f1-score': [], 'support': []}, '6': {'precision': [], 'recall': [], 'f1-score': [], 'support': []}, '7': {'precision': [], 'recall': [], 'f1-score': [], 'support': []}, '8': {'precision': [], 'recall': [], 'f1-score': [], 'support': []}, '9': {'precision': [], 'recall': [], 'f1-score': [], 'support': []}, '10': {'precision': [], 'recall': [], 'f1-score': [], 'support': []}, '11': {'precision': [], 'recall': [], 'f1-score': [], 'support': []}, '12': {'precision': [], 'recall': [], 'f1-score': [], 'support': []}, '13': {'precision': [], 'recall': [], 'f1-score': [], 'support': []}, '14': {'precision': [], 'recall': [], 'f1-score': [], 'support': []}, '15': {'precision': [], 'recall': [], 'f1-score': [], 'support': []}, '16': {'precision': [], 'recall': [], 'f1-score': [], 'support': []}, '17': {'precision': [], 'recall': [], 'f1-score': [], 'support': []}, '18': {'precision': [], 'recall': [], 'f1-score': [], 'support': []}, 'micro avg': {'precision': [], 'recall': [], 'f1-score': [], 'support': []}, 'macro avg': {'precision': [], 'recall': [], 'f1-score': [], 'support': []}, 'weighted avg': {'precision': [], 'recall': [], 'f1-score': [], 'support': []}, 'ap_mic': [], 'ap_mac': []}, {'0': {'precision': [], 'recall': [], 'f1-score': [], 'support': []}, '1': {'precision': [], 'recall': [], 'f1-score': [], 'support': []}, '2': {'precision': [], 'recall': [], 'f1-score': [], 'support': []}, '3': {'precision': [], 'recall': [], 'f1-score': [], 'support': []}, '4': {'precision': [], 'recall': [], 'f1-score': [], 'support': []}, '5': {'precision': [], 'recall': [], 'f1-score': [], 'support': []}, '6': {'precision': [], 'recall': [], 'f1-score': [], 'support': []}, '7': {'precision': [], 'recall': [], 'f1-score': [], 'support': []}, '8': {'precision': [], 'recall': [], 'f1-score': [], 'support': []}, '9': {'precision': [], 'recall': [], 'f1-score': [], 'support': []}, '10': {'precision': [], 'recall': [], 'f1-score': [], 'support': []}, '11': {'precision': [], 'recall': [], 'f1-score': [], 'support': []}, '12': {'precision': [], 'recall': [], 'f1-score': [], 'support': []}, '13': {'precision': [], 'recall': [], 'f1-score': [], 'support': []}, '14': {'precision': [], 'recall': [], 'f1-score': [], 'support': []}, '15': {'precision': [], 'recall': [], 'f1-score': [], 'support': []}, '16': {'precision': [], 'recall': [], 'f1-score': [], 'support': []}, '17': {'precision': [], 'recall': [], 'f1-score': [], 'support': []}, '18': {'precision': [], 'recall': [], 'f1-score': [], 'support': []}, 'micro avg': {'precision': [], 'recall': [], 'f1-score': [], 'support': []}, 'macro avg': {'precision': [], 'recall': [], 'f1-score': [], 'support': []}, 'weighted avg': {'precision': [], 'recall': [], 'f1-score': [], 'support': []}, 'ap_mic': [], 'ap_mac': []}]
