Using device: cuda:0
Pre-filtered 30767 patches based on country and season (split ignored)
Loading BEN data for train...
    237871 patches indexed
    14805 filtered patches indexed
    14805 patches indexed considering max_len
Merged metadata with snow/cloud metadata
Loaded 549488 labels
Loaded 549488 keys
Loaded mapping created
Pre-filtered 30767 patches based on country and season (split ignored)
Loading BEN data for test...
    119825 patches indexed
    8209 filtered patches indexed
    8209 patches indexed considering max_len
Merged metadata with snow/cloud metadata
Loaded 549488 labels
Loaded 549488 keys
Loaded mapping created
Pre-filtered 15549 patches based on country and season (split ignored)
Loading BEN data for train...
    237871 patches indexed
    7150 filtered patches indexed
    7150 patches indexed considering max_len
Merged metadata with snow/cloud metadata
Loaded 549488 labels
Loaded 549488 keys
Loaded mapping created
Pre-filtered 15549 patches based on country and season (split ignored)
Loading BEN data for test...
    119825 patches indexed
    4263 filtered patches indexed
    4263 patches indexed considering max_len
Merged metadata with snow/cloud metadata
Loaded 549488 labels
Loaded 549488 keys
Loaded mapping created
Pre-filtered 13683 patches based on country and season (split ignored)
Loading BEN data for train...
    237871 patches indexed
    7180 filtered patches indexed
    7180 patches indexed considering max_len
Merged metadata with snow/cloud metadata
Loaded 549488 labels
Loaded 549488 keys
Loaded mapping created
Pre-filtered 13683 patches based on country and season (split ignored)
Loading BEN data for test...
    119825 patches indexed
    3248 filtered patches indexed
    3248 patches indexed considering max_len
Merged metadata with snow/cloud metadata
Loaded 549488 labels
Loaded 549488 keys
Loaded mapping created
Pre-filtered 10372 patches based on country and season (split ignored)
Loading BEN data for train...
    237871 patches indexed
    5941 filtered patches indexed
    5941 patches indexed considering max_len
Merged metadata with snow/cloud metadata
Loaded 549488 labels
Loaded 549488 keys
Loaded mapping created
Pre-filtered 10372 patches based on country and season (split ignored)
Loading BEN data for test...
    119825 patches indexed
    1871 filtered patches indexed
    1871 patches indexed considering max_len
Merged metadata with snow/cloud metadata
Loaded 549488 labels
Loaded 549488 keys
Loaded mapping created
Pre-filtered 1939 patches based on country and season (split ignored)
Loading BEN data for train...
    237871 patches indexed
    1323 filtered patches indexed
    1323 patches indexed considering max_len
Merged metadata with snow/cloud metadata
Loaded 549488 labels
Loaded 549488 keys
Loaded mapping created
Pre-filtered 1939 patches based on country and season (split ignored)
Loading BEN data for test...
    119825 patches indexed
    32 filtered patches indexed
    32 patches indexed considering max_len
Merged metadata with snow/cloud metadata
Loaded 549488 labels
Loaded 549488 keys
Loaded mapping created
Pre-filtered 8775 patches based on country and season (split ignored)
Loading BEN data for train...
    237871 patches indexed
    4206 filtered patches indexed
    4206 patches indexed considering max_len
Merged metadata with snow/cloud metadata
Loaded 549488 labels
Loaded 549488 keys
Loaded mapping created
Pre-filtered 8775 patches based on country and season (split ignored)
Loading BEN data for test...
    119825 patches indexed
    2151 filtered patches indexed
    2151 patches indexed considering max_len
Merged metadata with snow/cloud metadata
Loaded 549488 labels
Loaded 549488 keys
Loaded mapping created
Pre-filtered 16438 patches based on country and season (split ignored)
Loading BEN data for train...
    237871 patches indexed
    8037 filtered patches indexed
    8037 patches indexed considering max_len
Merged metadata with snow/cloud metadata
Loaded 549488 labels
Loaded 549488 keys
Loaded mapping created
Pre-filtered 16438 patches based on country and season (split ignored)
Loading BEN data for test...
    119825 patches indexed
    4220 filtered patches indexed
    4220 patches indexed considering max_len
Merged metadata with snow/cloud metadata
Loaded 549488 labels
Loaded 549488 keys
Loaded mapping created
Pre-filtered 4874 patches based on country and season (split ignored)
Loading BEN data for train...
    237871 patches indexed
    1692 filtered patches indexed
    1692 patches indexed considering max_len
Merged metadata with snow/cloud metadata
Loaded 549488 labels
Loaded 549488 keys
Loaded mapping created
Pre-filtered 4874 patches based on country and season (split ignored)
Loading BEN data for test...
    119825 patches indexed
    2039 filtered patches indexed
    2039 patches indexed considering max_len
Merged metadata with snow/cloud metadata
Loaded 549488 labels
Loaded 549488 keys
Loaded mapping created
Pre-filtered 59999 patches based on country and season (split ignored)
Loading BEN data for test...
    119825 patches indexed
    15720 filtered patches indexed
    15720 patches indexed considering max_len
Merged metadata with snow/cloud metadata
Loaded 549488 labels
Loaded 549488 keys
Loaded mapping created
Round 1/70
----------
Epoch 1/1
----------
Epoch 1/1
----------
Epoch 1/1
----------
Epoch 1/1
----------
Epoch 1/1
----------
Epoch 1/1
----------
Epoch 1/1
----------
Epoch 1/1
----------
micro     precision: 1.0000 | recall: 0.0001 | f1-score: 0.0002 | support: 40183 | mAP: 0.3731
macro     precision: 0.0526 | recall: 0.0000 | f1-score: 0.0001 | support: 40183 | mAP: 0.2315

Round 2/70
----------
Epoch 1/1
----------
Epoch 1/1
----------
Epoch 1/1
----------
Epoch 1/1
----------
Epoch 1/1
----------
Epoch 1/1
----------
Epoch 1/1
----------
Epoch 1/1
----------
micro     precision: 0.8089 | recall: 0.0673 | f1-score: 0.1242 | support: 40183 | mAP: 0.4104
macro     precision: 0.0426 | recall: 0.0242 | f1-score: 0.0308 | support: 40183 | mAP: 0.2717

Round 3/70
----------
Epoch 1/1
----------
Epoch 1/1
----------
Epoch 1/1
----------
Epoch 1/1
----------
Epoch 1/1
----------
Epoch 1/1
----------
Epoch 1/1
----------
Epoch 1/1
----------
micro     precision: 0.4284 | recall: 0.1622 | f1-score: 0.2353 | support: 40183 | mAP: 0.3535
macro     precision: 0.1076 | recall: 0.0790 | f1-score: 0.0592 | support: 40183 | mAP: 0.2926

Round 4/70
----------
Epoch 1/1
----------
Epoch 1/1
----------
Epoch 1/1
----------
Epoch 1/1
----------
Epoch 1/1
----------
Epoch 1/1
----------
Epoch 1/1
----------
Epoch 1/1
----------
micro     precision: 0.5304 | recall: 0.1826 | f1-score: 0.2717 | support: 40183 | mAP: 0.3576
macro     precision: 0.1516 | recall: 0.0783 | f1-score: 0.0800 | support: 40183 | mAP: 0.2658

Round 5/70
----------
Epoch 1/1
----------
Epoch 1/1
----------
Epoch 1/1
----------
Epoch 1/1
----------
Epoch 1/1
----------
Epoch 1/1
----------
Epoch 1/1
----------
Epoch 1/1
----------
micro     precision: 0.4073 | recall: 0.1653 | f1-score: 0.2352 | support: 40183 | mAP: 0.3664
macro     precision: 0.2216 | recall: 0.0875 | f1-score: 0.0855 | support: 40183 | mAP: 0.2929

Round 6/70
----------
Epoch 1/1
----------
Epoch 1/1
----------
Epoch 1/1
----------
Epoch 1/1
----------
Epoch 1/1
----------
Epoch 1/1
----------
Epoch 1/1
----------
Epoch 1/1
----------
micro     precision: 0.6303 | recall: 0.1775 | f1-score: 0.2769 | support: 40183 | mAP: 0.4784
macro     precision: 0.2893 | recall: 0.0875 | f1-score: 0.0978 | support: 40183 | mAP: 0.3212

Round 7/70
----------
Epoch 1/1
----------
Epoch 1/1
----------
Epoch 1/1
----------
Epoch 1/1
----------
Epoch 1/1
----------
Epoch 1/1
----------
Epoch 1/1
----------
Epoch 1/1
----------
micro     precision: 0.5014 | recall: 0.4306 | f1-score: 0.4633 | support: 40183 | mAP: 0.4258
macro     precision: 0.2462 | recall: 0.1930 | f1-score: 0.1774 | support: 40183 | mAP: 0.2971

Round 8/70
----------
Epoch 1/1
----------
Epoch 1/1
----------
Epoch 1/1
----------
Epoch 1/1
----------
Epoch 1/1
----------
Epoch 1/1
----------
Epoch 1/1
----------
Epoch 1/1
----------
micro     precision: 0.7226 | recall: 0.3671 | f1-score: 0.4869 | support: 40183 | mAP: 0.5915
macro     precision: 0.3844 | recall: 0.1869 | f1-score: 0.2093 | support: 40183 | mAP: 0.3597

Round 9/70
----------
Epoch 1/1
----------
Epoch 1/1
----------
Epoch 1/1
----------
Epoch 1/1
----------
Epoch 1/1
----------
Epoch 1/1
----------
Epoch 1/1
----------
Epoch 1/1
----------
micro     precision: 0.6213 | recall: 0.4790 | f1-score: 0.5409 | support: 40183 | mAP: 0.6153
macro     precision: 0.3288 | recall: 0.2154 | f1-score: 0.2149 | support: 40183 | mAP: 0.3510

Round 10/70
----------
Epoch 1/1
----------
Epoch 1/1
----------
Epoch 1/1
----------
Epoch 1/1
----------
Epoch 1/1
----------
Epoch 1/1
----------
Epoch 1/1
----------
Epoch 1/1
----------
micro     precision: 0.7675 | recall: 0.5032 | f1-score: 0.6079 | support: 40183 | mAP: 0.6546
macro     precision: 0.4000 | recall: 0.2306 | f1-score: 0.2478 | support: 40183 | mAP: 0.3958

Round 11/70
----------
Epoch 1/1
----------
Epoch 1/1
----------
Epoch 1/1
----------
Epoch 1/1
----------
Epoch 1/1
----------
Epoch 1/1
----------
Epoch 1/1
----------
Epoch 1/1
----------
micro     precision: 0.4899 | recall: 0.5040 | f1-score: 0.4968 | support: 40183 | mAP: 0.4286
macro     precision: 0.2986 | recall: 0.2344 | f1-score: 0.1996 | support: 40183 | mAP: 0.3037

Round 12/70
----------
Epoch 1/1
----------
Epoch 1/1
----------
Epoch 1/1
----------
Epoch 1/1
----------
Epoch 1/1
----------
Epoch 1/1
----------
Epoch 1/1
----------
Epoch 1/1
----------
micro     precision: 0.6487 | recall: 0.5626 | f1-score: 0.6026 | support: 40183 | mAP: 0.6467
macro     precision: 0.3699 | recall: 0.2772 | f1-score: 0.2649 | support: 40183 | mAP: 0.4040

Round 13/70
----------
Epoch 1/1
----------
Epoch 1/1
----------
Epoch 1/1
----------
Epoch 1/1
----------
Epoch 1/1
----------
Epoch 1/1
----------
Epoch 1/1
----------
Epoch 1/1
----------
micro     precision: 0.6823 | recall: 0.5718 | f1-score: 0.6222 | support: 40183 | mAP: 0.6957
macro     precision: 0.4480 | recall: 0.3034 | f1-score: 0.3120 | support: 40183 | mAP: 0.4176

Round 14/70
----------
Epoch 1/1
----------
Epoch 1/1
----------
Epoch 1/1
----------
Epoch 1/1
----------
Epoch 1/1
----------
Epoch 1/1
----------
Epoch 1/1
----------
Epoch 1/1
----------
micro     precision: 0.7432 | recall: 0.5577 | f1-score: 0.6372 | support: 40183 | mAP: 0.6748
macro     precision: 0.4080 | recall: 0.2673 | f1-score: 0.2810 | support: 40183 | mAP: 0.4128

Round 15/70
----------
Epoch 1/1
----------
Epoch 1/1
----------
Epoch 1/1
----------
Epoch 1/1
----------
Epoch 1/1
----------
Epoch 1/1
----------
Epoch 1/1
----------
Epoch 1/1
----------
micro     precision: 0.6360 | recall: 0.5149 | f1-score: 0.5691 | support: 40183 | mAP: 0.5733
macro     precision: 0.3881 | recall: 0.2644 | f1-score: 0.2832 | support: 40183 | mAP: 0.3730

Round 16/70
----------
Epoch 1/1
----------
Epoch 1/1
----------
Epoch 1/1
----------
Epoch 1/1
----------
Epoch 1/1
----------
Epoch 1/1
----------
Epoch 1/1
----------
Epoch 1/1
----------
micro     precision: 0.7879 | recall: 0.4510 | f1-score: 0.5736 | support: 40183 | mAP: 0.6612
macro     precision: 0.3867 | recall: 0.2168 | f1-score: 0.2472 | support: 40183 | mAP: 0.3793

Round 17/70
----------
Epoch 1/1
----------
Epoch 1/1
----------
Epoch 1/1
----------
Epoch 1/1
----------
Epoch 1/1
----------
Epoch 1/1
----------
Epoch 1/1
----------
Epoch 1/1
----------
micro     precision: 0.7435 | recall: 0.6130 | f1-score: 0.6720 | support: 40183 | mAP: 0.7354
macro     precision: 0.4440 | recall: 0.3055 | f1-score: 0.3151 | support: 40183 | mAP: 0.4252

Round 18/70
----------
Epoch 1/1
----------
Epoch 1/1
----------
Epoch 1/1
----------
Epoch 1/1
----------
Epoch 1/1
----------
Epoch 1/1
----------
Epoch 1/1
----------
Epoch 1/1
----------
micro     precision: 0.5702 | recall: 0.4432 | f1-score: 0.4987 | support: 40183 | mAP: 0.5820
macro     precision: 0.3523 | recall: 0.2283 | f1-score: 0.2192 | support: 40183 | mAP: 0.3631

Round 19/70
----------
Epoch 1/1
----------
Epoch 1/1
----------
Epoch 1/1
----------
Epoch 1/1
----------
Epoch 1/1
----------
Epoch 1/1
----------
Epoch 1/1
----------
Epoch 1/1
----------
micro     precision: 0.7136 | recall: 0.4780 | f1-score: 0.5725 | support: 40183 | mAP: 0.6340
macro     precision: 0.4392 | recall: 0.2329 | f1-score: 0.2566 | support: 40183 | mAP: 0.3851

Round 20/70
----------
Epoch 1/1
----------
Epoch 1/1
----------
Epoch 1/1
----------
Epoch 1/1
----------
Epoch 1/1
----------
Epoch 1/1
----------
Epoch 1/1
----------
Epoch 1/1
----------
micro     precision: 0.6762 | recall: 0.5438 | f1-score: 0.6028 | support: 40183 | mAP: 0.6572
macro     precision: 0.4264 | recall: 0.2701 | f1-score: 0.2787 | support: 40183 | mAP: 0.3919

Round 21/70
----------
Epoch 1/1
----------
Epoch 1/1
----------
Epoch 1/1
----------
Epoch 1/1
----------
Epoch 1/1
----------
Epoch 1/1
----------
Epoch 1/1
----------
Epoch 1/1
----------
micro     precision: 0.6692 | recall: 0.5864 | f1-score: 0.6251 | support: 40183 | mAP: 0.6932
macro     precision: 0.4166 | recall: 0.2856 | f1-score: 0.2771 | support: 40183 | mAP: 0.3955

Round 22/70
----------
Epoch 1/1
----------
Epoch 1/1
----------
Epoch 1/1
----------
Epoch 1/1
----------
Epoch 1/1
----------
Epoch 1/1
----------
Epoch 1/1
----------
Epoch 1/1
----------
micro     precision: 0.7148 | recall: 0.5034 | f1-score: 0.5908 | support: 40183 | mAP: 0.6837
macro     precision: 0.4825 | recall: 0.2571 | f1-score: 0.2627 | support: 40183 | mAP: 0.4177

Round 23/70
----------
Epoch 1/1
----------
Epoch 1/1
----------
Epoch 1/1
----------
Epoch 1/1
----------
Epoch 1/1
----------
Epoch 1/1
----------
Epoch 1/1
----------
Epoch 1/1
----------
micro     precision: 0.7291 | recall: 0.5339 | f1-score: 0.6164 | support: 40183 | mAP: 0.6992
macro     precision: 0.4341 | recall: 0.2631 | f1-score: 0.2724 | support: 40183 | mAP: 0.4073

Round 24/70
----------
Epoch 1/1
----------
Epoch 1/1
----------
Epoch 1/1
----------
Epoch 1/1
----------
Epoch 1/1
----------
Epoch 1/1
----------
Epoch 1/1
----------
Epoch 1/1
----------
micro     precision: 0.6181 | recall: 0.4779 | f1-score: 0.5390 | support: 40183 | mAP: 0.6277
macro     precision: 0.4224 | recall: 0.2431 | f1-score: 0.2499 | support: 40183 | mAP: 0.3972

Round 25/70
----------
Epoch 1/1
----------
Epoch 1/1
----------
Epoch 1/1
----------
Epoch 1/1
----------
Epoch 1/1
----------
Epoch 1/1
----------
Epoch 1/1
----------
Epoch 1/1
----------
micro     precision: 0.7182 | recall: 0.5079 | f1-score: 0.5950 | support: 40183 | mAP: 0.6525
macro     precision: 0.3465 | recall: 0.2371 | f1-score: 0.2431 | support: 40183 | mAP: 0.3694

Round 26/70
----------
Epoch 1/1
----------
Epoch 1/1
----------
Epoch 1/1
----------
Epoch 1/1
----------
Epoch 1/1
----------
Epoch 1/1
----------
Epoch 1/1
----------
Epoch 1/1
----------
micro     precision: 0.6363 | recall: 0.5714 | f1-score: 0.6021 | support: 40183 | mAP: 0.6485
macro     precision: 0.4793 | recall: 0.2980 | f1-score: 0.3025 | support: 40183 | mAP: 0.3867

Round 27/70
----------
Epoch 1/1
----------
Epoch 1/1
----------
Epoch 1/1
----------
Epoch 1/1
----------
Epoch 1/1
----------
Epoch 1/1
----------
Epoch 1/1
----------
Epoch 1/1
----------
micro     precision: 0.6403 | recall: 0.4851 | f1-score: 0.5520 | support: 40183 | mAP: 0.6520
macro     precision: 0.4028 | recall: 0.2454 | f1-score: 0.2385 | support: 40183 | mAP: 0.3997

Round 28/70
----------
Epoch 1/1
----------
Epoch 1/1
----------
Epoch 1/1
----------
Epoch 1/1
----------
Epoch 1/1
----------
Epoch 1/1
----------
Epoch 1/1
----------
Epoch 1/1
----------
micro     precision: 0.7184 | recall: 0.6215 | f1-score: 0.6664 | support: 40183 | mAP: 0.7082
macro     precision: 0.5176 | recall: 0.3052 | f1-score: 0.3058 | support: 40183 | mAP: 0.4138

Round 29/70
----------
Epoch 1/1
----------
Epoch 1/1
----------
Epoch 1/1
----------
Epoch 1/1
----------
Epoch 1/1
----------
Epoch 1/1
----------
Epoch 1/1
----------
Epoch 1/1
----------
micro     precision: 0.6199 | recall: 0.5299 | f1-score: 0.5714 | support: 40183 | mAP: 0.6644
macro     precision: 0.4881 | recall: 0.2912 | f1-score: 0.2991 | support: 40183 | mAP: 0.4370

Round 30/70
----------
Epoch 1/1
----------
Epoch 1/1
----------
Epoch 1/1
----------
Epoch 1/1
----------
Epoch 1/1
----------
Epoch 1/1
----------
Epoch 1/1
----------
Epoch 1/1
----------
micro     precision: 0.7696 | recall: 0.5245 | f1-score: 0.6238 | support: 40183 | mAP: 0.7031
macro     precision: 0.5427 | recall: 0.2566 | f1-score: 0.2752 | support: 40183 | mAP: 0.4119

Round 31/70
----------
Epoch 1/1
----------
Epoch 1/1
----------
Epoch 1/1
----------
Epoch 1/1
----------
Epoch 1/1
----------
Epoch 1/1
----------
Epoch 1/1
----------
Epoch 1/1
----------
micro     precision: 0.6937 | recall: 0.5082 | f1-score: 0.5866 | support: 40183 | mAP: 0.6885
macro     precision: 0.4567 | recall: 0.2690 | f1-score: 0.2817 | support: 40183 | mAP: 0.4324

Round 32/70
----------
Epoch 1/1
----------
Epoch 1/1
----------
Epoch 1/1
----------
Epoch 1/1
----------
Epoch 1/1
----------
Epoch 1/1
----------
Epoch 1/1
----------
Epoch 1/1
----------
micro     precision: 0.7955 | recall: 0.5093 | f1-score: 0.6210 | support: 40183 | mAP: 0.7056
macro     precision: 0.4946 | recall: 0.2612 | f1-score: 0.2958 | support: 40183 | mAP: 0.4241

Round 33/70
----------
Epoch 1/1
----------
Epoch 1/1
----------
Epoch 1/1
----------
Epoch 1/1
----------
Epoch 1/1
----------
Epoch 1/1
----------
Epoch 1/1
----------
Epoch 1/1
----------
micro     precision: 0.6277 | recall: 0.5197 | f1-score: 0.5686 | support: 40183 | mAP: 0.6630
macro     precision: 0.4154 | recall: 0.2762 | f1-score: 0.2828 | support: 40183 | mAP: 0.4183

Round 34/70
----------
Epoch 1/1
----------
Epoch 1/1
----------
Epoch 1/1
----------
Epoch 1/1
----------
Epoch 1/1
----------
Epoch 1/1
----------
Epoch 1/1
----------
Epoch 1/1
----------
micro     precision: 0.7714 | recall: 0.5883 | f1-score: 0.6675 | support: 40183 | mAP: 0.7208
macro     precision: 0.5609 | recall: 0.2978 | f1-score: 0.3236 | support: 40183 | mAP: 0.4436

Round 35/70
----------
Epoch 1/1
----------
Epoch 1/1
----------
Epoch 1/1
----------
Epoch 1/1
----------
Epoch 1/1
----------
Epoch 1/1
----------
Epoch 1/1
----------
Epoch 1/1
----------
micro     precision: 0.7440 | recall: 0.4827 | f1-score: 0.5855 | support: 40183 | mAP: 0.6853
macro     precision: 0.4432 | recall: 0.2391 | f1-score: 0.2592 | support: 40183 | mAP: 0.4107

Round 36/70
----------
Epoch 1/1
----------
Epoch 1/1
----------
Epoch 1/1
----------
Epoch 1/1
----------
Epoch 1/1
----------
Epoch 1/1
----------
Epoch 1/1
----------
Epoch 1/1
----------
micro     precision: 0.7821 | recall: 0.4433 | f1-score: 0.5659 | support: 40183 | mAP: 0.6987
macro     precision: 0.5210 | recall: 0.2173 | f1-score: 0.2471 | support: 40183 | mAP: 0.4259

Round 37/70
----------
Epoch 1/1
----------
Epoch 1/1
----------
Epoch 1/1
----------
Epoch 1/1
----------
Epoch 1/1
----------
Epoch 1/1
----------
Epoch 1/1
----------
Epoch 1/1
----------
micro     precision: 0.7617 | recall: 0.5115 | f1-score: 0.6120 | support: 40183 | mAP: 0.7153
macro     precision: 0.5145 | recall: 0.2502 | f1-score: 0.2823 | support: 40183 | mAP: 0.4139

Round 38/70
----------
Epoch 1/1
----------
Epoch 1/1
----------
Epoch 1/1
----------
Epoch 1/1
----------
Epoch 1/1
----------
Epoch 1/1
----------
Epoch 1/1
----------
Epoch 1/1
----------
micro     precision: 0.7665 | recall: 0.5458 | f1-score: 0.6376 | support: 40183 | mAP: 0.7003
macro     precision: 0.4974 | recall: 0.2698 | f1-score: 0.2992 | support: 40183 | mAP: 0.4389

Round 39/70
----------
Epoch 1/1
----------
Epoch 1/1
----------
Epoch 1/1
----------
Epoch 1/1
----------
Epoch 1/1
----------
Epoch 1/1
----------
Epoch 1/1
----------
Epoch 1/1
----------
micro     precision: 0.7568 | recall: 0.4275 | f1-score: 0.5464 | support: 40183 | mAP: 0.6826
macro     precision: 0.4787 | recall: 0.1846 | f1-score: 0.2095 | support: 40183 | mAP: 0.3977

Round 40/70
----------
Epoch 1/1
----------
Epoch 1/1
----------
Epoch 1/1
----------
Epoch 1/1
----------
Epoch 1/1
----------
Epoch 1/1
----------
Epoch 1/1
----------
Epoch 1/1
----------
micro     precision: 0.7311 | recall: 0.5566 | f1-score: 0.6320 | support: 40183 | mAP: 0.7063
macro     precision: 0.4914 | recall: 0.2735 | f1-score: 0.3052 | support: 40183 | mAP: 0.4201

Round 41/70
----------
Epoch 1/1
----------
Epoch 1/1
----------
Epoch 1/1
----------
Epoch 1/1
----------
Epoch 1/1
----------
Epoch 1/1
----------
Epoch 1/1
----------
Epoch 1/1
----------
micro     precision: 0.7773 | recall: 0.5509 | f1-score: 0.6448 | support: 40183 | mAP: 0.7190
macro     precision: 0.5531 | recall: 0.2730 | f1-score: 0.3068 | support: 40183 | mAP: 0.4368

Round 42/70
----------
Epoch 1/1
----------
Epoch 1/1
----------
Epoch 1/1
----------
Epoch 1/1
----------
Epoch 1/1
----------
Epoch 1/1
----------
Epoch 1/1
----------
Epoch 1/1
----------
micro     precision: 0.7574 | recall: 0.5062 | f1-score: 0.6069 | support: 40183 | mAP: 0.6945
macro     precision: 0.4396 | recall: 0.2466 | f1-score: 0.2729 | support: 40183 | mAP: 0.3984

Round 43/70
----------
Epoch 1/1
----------
Epoch 1/1
----------
Epoch 1/1
----------
Epoch 1/1
----------
Epoch 1/1
----------
Epoch 1/1
----------
Epoch 1/1
----------
Epoch 1/1
----------
micro     precision: 0.7247 | recall: 0.5088 | f1-score: 0.5979 | support: 40183 | mAP: 0.6729
macro     precision: 0.4863 | recall: 0.2498 | f1-score: 0.2704 | support: 40183 | mAP: 0.4264

Round 44/70
----------
Epoch 1/1
----------
Epoch 1/1
----------
Epoch 1/1
----------
Epoch 1/1
----------
Epoch 1/1
----------
Epoch 1/1
----------
Epoch 1/1
----------
Epoch 1/1
----------
micro     precision: 0.7756 | recall: 0.5560 | f1-score: 0.6477 | support: 40183 | mAP: 0.7266
macro     precision: 0.5216 | recall: 0.2719 | f1-score: 0.2920 | support: 40183 | mAP: 0.4253

Round 45/70
----------
Epoch 1/1
----------
Epoch 1/1
----------
Epoch 1/1
----------
Epoch 1/1
----------
Epoch 1/1
----------
Epoch 1/1
----------
Epoch 1/1
----------
Epoch 1/1
----------
micro     precision: 0.7705 | recall: 0.5728 | f1-score: 0.6571 | support: 40183 | mAP: 0.7277
macro     precision: 0.5192 | recall: 0.2782 | f1-score: 0.3031 | support: 40183 | mAP: 0.4186

Round 46/70
----------
Epoch 1/1
----------
Epoch 1/1
----------
Epoch 1/1
----------
Epoch 1/1
----------
Epoch 1/1
----------
Epoch 1/1
----------
Epoch 1/1
----------
Epoch 1/1
----------
micro     precision: 0.7012 | recall: 0.5163 | f1-score: 0.5947 | support: 40183 | mAP: 0.6862
macro     precision: 0.4747 | recall: 0.2426 | f1-score: 0.2645 | support: 40183 | mAP: 0.4037

Round 47/70
----------
Epoch 1/1
----------
Epoch 1/1
----------
Epoch 1/1
----------
Epoch 1/1
----------
Epoch 1/1
----------
Epoch 1/1
----------
Epoch 1/1
----------
Epoch 1/1
----------
micro     precision: 0.7756 | recall: 0.5775 | f1-score: 0.6621 | support: 40183 | mAP: 0.7412
macro     precision: 0.6078 | recall: 0.2743 | f1-score: 0.2976 | support: 40183 | mAP: 0.4224

Round 48/70
----------
Epoch 1/1
----------
Epoch 1/1
----------
Epoch 1/1
----------
Epoch 1/1
----------
Epoch 1/1
----------
Epoch 1/1
----------
Epoch 1/1
----------
Epoch 1/1
----------
micro     precision: 0.7953 | recall: 0.5524 | f1-score: 0.6520 | support: 40183 | mAP: 0.7359
macro     precision: 0.5236 | recall: 0.2805 | f1-score: 0.3174 | support: 40183 | mAP: 0.4341

Round 49/70
----------
Epoch 1/1
----------
Epoch 1/1
----------
Epoch 1/1
----------
Epoch 1/1
----------
Epoch 1/1
----------
Epoch 1/1
----------
Epoch 1/1
----------
Epoch 1/1
----------
micro     precision: 0.7703 | recall: 0.5281 | f1-score: 0.6266 | support: 40183 | mAP: 0.7060
macro     precision: 0.5121 | recall: 0.2652 | f1-score: 0.2990 | support: 40183 | mAP: 0.4004

Round 50/70
----------
Epoch 1/1
----------
Epoch 1/1
----------
Epoch 1/1
----------
Epoch 1/1
----------
Epoch 1/1
----------
Epoch 1/1
----------
Epoch 1/1
----------
Epoch 1/1
----------
micro     precision: 0.7632 | recall: 0.5709 | f1-score: 0.6532 | support: 40183 | mAP: 0.7258
macro     precision: 0.5101 | recall: 0.2957 | f1-score: 0.3286 | support: 40183 | mAP: 0.4276

Round 51/70
----------
Epoch 1/1
----------
Epoch 1/1
----------
Epoch 1/1
----------
Epoch 1/1
----------
Epoch 1/1
----------
Epoch 1/1
----------
Epoch 1/1
----------
Epoch 1/1
----------
micro     precision: 0.7476 | recall: 0.4770 | f1-score: 0.5824 | support: 40183 | mAP: 0.6945
macro     precision: 0.5579 | recall: 0.2336 | f1-score: 0.2589 | support: 40183 | mAP: 0.3955

Round 52/70
----------
Epoch 1/1
----------
Epoch 1/1
----------
Epoch 1/1
----------
Epoch 1/1
----------
Epoch 1/1
----------
Epoch 1/1
----------
Epoch 1/1
----------
Epoch 1/1
----------
micro     precision: 0.7901 | recall: 0.5232 | f1-score: 0.6295 | support: 40183 | mAP: 0.7011
macro     precision: 0.5152 | recall: 0.2552 | f1-score: 0.2799 | support: 40183 | mAP: 0.4037

Round 53/70
----------
Epoch 1/1
----------
Epoch 1/1
----------
Epoch 1/1
----------
Epoch 1/1
----------
Epoch 1/1
----------
Epoch 1/1
----------
Epoch 1/1
----------
Epoch 1/1
----------
micro     precision: 0.7838 | recall: 0.5166 | f1-score: 0.6227 | support: 40183 | mAP: 0.7142
macro     precision: 0.5500 | recall: 0.2690 | f1-score: 0.3103 | support: 40183 | mAP: 0.4281

Round 54/70
----------
Epoch 1/1
----------
Epoch 1/1
----------
Epoch 1/1
----------
Epoch 1/1
----------
Epoch 1/1
----------
Epoch 1/1
----------
Epoch 1/1
----------
Epoch 1/1
----------
micro     precision: 0.7906 | recall: 0.4862 | f1-score: 0.6021 | support: 40183 | mAP: 0.7127
macro     precision: 0.4920 | recall: 0.2403 | f1-score: 0.2767 | support: 40183 | mAP: 0.4128

Round 55/70
----------
Epoch 1/1
----------
Epoch 1/1
----------
Epoch 1/1
----------
Epoch 1/1
----------
Epoch 1/1
----------
Epoch 1/1
----------
Epoch 1/1
----------
Epoch 1/1
----------
micro     precision: 0.7645 | recall: 0.5587 | f1-score: 0.6456 | support: 40183 | mAP: 0.7218
macro     precision: 0.5864 | recall: 0.2961 | f1-score: 0.3396 | support: 40183 | mAP: 0.4276

Round 56/70
----------
Epoch 1/1
----------
Epoch 1/1
----------
Epoch 1/1
----------
Epoch 1/1
----------
Epoch 1/1
----------
Epoch 1/1
----------
Epoch 1/1
----------
Epoch 1/1
----------
micro     precision: 0.7969 | recall: 0.5360 | f1-score: 0.6409 | support: 40183 | mAP: 0.7367
macro     precision: 0.4735 | recall: 0.2609 | f1-score: 0.2914 | support: 40183 | mAP: 0.4273

Round 57/70
----------
Epoch 1/1
----------
Epoch 1/1
----------
Epoch 1/1
----------
Epoch 1/1
----------
Epoch 1/1
----------
Epoch 1/1
----------
Epoch 1/1
----------
Epoch 1/1
----------
micro     precision: 0.7622 | recall: 0.5121 | f1-score: 0.6126 | support: 40183 | mAP: 0.7112
macro     precision: 0.5876 | recall: 0.2549 | f1-score: 0.2861 | support: 40183 | mAP: 0.4141

Round 58/70
----------
Epoch 1/1
----------
Epoch 1/1
----------
Epoch 1/1
----------
Epoch 1/1
----------
Epoch 1/1
----------
Epoch 1/1
----------
Epoch 1/1
----------
Epoch 1/1
----------
micro     precision: 0.8165 | recall: 0.5092 | f1-score: 0.6273 | support: 40183 | mAP: 0.7234
macro     precision: 0.4742 | recall: 0.2417 | f1-score: 0.2718 | support: 40183 | mAP: 0.4042

Round 59/70
----------
Epoch 1/1
----------
Epoch 1/1
----------
Epoch 1/1
----------
Epoch 1/1
----------
Epoch 1/1
----------
Epoch 1/1
----------
Epoch 1/1
----------
Epoch 1/1
----------
micro     precision: 0.7668 | recall: 0.5123 | f1-score: 0.6143 | support: 40183 | mAP: 0.7298
macro     precision: 0.5393 | recall: 0.2682 | f1-score: 0.3030 | support: 40183 | mAP: 0.4412

Round 60/70
----------
Epoch 1/1
----------
Epoch 1/1
----------
Epoch 1/1
----------
Epoch 1/1
----------
Epoch 1/1
----------
Epoch 1/1
----------
Epoch 1/1
----------
Epoch 1/1
----------
micro     precision: 0.8130 | recall: 0.5355 | f1-score: 0.6457 | support: 40183 | mAP: 0.7447
macro     precision: 0.5264 | recall: 0.2704 | f1-score: 0.3146 | support: 40183 | mAP: 0.4180

Round 61/70
----------
Epoch 1/1
----------
Epoch 1/1
----------
Epoch 1/1
----------
Epoch 1/1
----------
Epoch 1/1
----------
Epoch 1/1
----------
Epoch 1/1
----------
Epoch 1/1
----------
micro     precision: 0.7802 | recall: 0.4902 | f1-score: 0.6021 | support: 40183 | mAP: 0.7054
macro     precision: 0.5067 | recall: 0.2378 | f1-score: 0.2682 | support: 40183 | mAP: 0.4100

Round 62/70
----------
Epoch 1/1
----------
Epoch 1/1
----------
Epoch 1/1
----------
Epoch 1/1
----------
Epoch 1/1
----------
Epoch 1/1
----------
Epoch 1/1
----------
Epoch 1/1
----------
micro     precision: 0.7869 | recall: 0.5880 | f1-score: 0.6731 | support: 40183 | mAP: 0.7551
macro     precision: 0.5240 | recall: 0.3108 | f1-score: 0.3542 | support: 40183 | mAP: 0.4480

Round 63/70
----------
Epoch 1/1
----------
Epoch 1/1
----------
Epoch 1/1
----------
Epoch 1/1
----------
Epoch 1/1
----------
Epoch 1/1
----------
Epoch 1/1
----------
Epoch 1/1
----------
micro     precision: 0.8030 | recall: 0.4959 | f1-score: 0.6131 | support: 40183 | mAP: 0.7251
macro     precision: 0.5189 | recall: 0.2522 | f1-score: 0.2922 | support: 40183 | mAP: 0.4126

Round 64/70
----------
Epoch 1/1
----------
Epoch 1/1
----------
Epoch 1/1
----------
Epoch 1/1
----------
Epoch 1/1
----------
Epoch 1/1
----------
Epoch 1/1
----------
Epoch 1/1
----------
micro     precision: 0.8177 | recall: 0.4403 | f1-score: 0.5724 | support: 40183 | mAP: 0.7078
macro     precision: 0.5028 | recall: 0.2169 | f1-score: 0.2543 | support: 40183 | mAP: 0.4039

Round 65/70
----------
Epoch 1/1
----------
Epoch 1/1
----------
Epoch 1/1
----------
Epoch 1/1
----------
Epoch 1/1
----------
Epoch 1/1
----------
Epoch 1/1
----------
Epoch 1/1
----------
micro     precision: 0.7711 | recall: 0.5977 | f1-score: 0.6734 | support: 40183 | mAP: 0.7462
macro     precision: 0.5686 | recall: 0.3119 | f1-score: 0.3482 | support: 40183 | mAP: 0.4448

Round 66/70
----------
Epoch 1/1
----------
Epoch 1/1
----------
Epoch 1/1
----------
Epoch 1/1
----------
Epoch 1/1
----------
Epoch 1/1
----------
Epoch 1/1
----------
Epoch 1/1
----------
micro     precision: 0.7734 | recall: 0.5469 | f1-score: 0.6408 | support: 40183 | mAP: 0.7220
macro     precision: 0.5131 | recall: 0.2863 | f1-score: 0.3311 | support: 40183 | mAP: 0.4164

Round 67/70
----------
Epoch 1/1
----------
Epoch 1/1
----------
Epoch 1/1
----------
Epoch 1/1
----------
Epoch 1/1
----------
Epoch 1/1
----------
Epoch 1/1
----------
Epoch 1/1
----------
micro     precision: 0.7321 | recall: 0.5145 | f1-score: 0.6043 | support: 40183 | mAP: 0.6460
macro     precision: 0.5232 | recall: 0.2650 | f1-score: 0.3019 | support: 40183 | mAP: 0.4089

Round 68/70
----------
Epoch 1/1
----------
Epoch 1/1
----------
Epoch 1/1
----------
Epoch 1/1
----------
Epoch 1/1
----------
Epoch 1/1
----------
Epoch 1/1
----------
Epoch 1/1
----------
micro     precision: 0.7816 | recall: 0.5089 | f1-score: 0.6164 | support: 40183 | mAP: 0.7222
macro     precision: 0.5124 | recall: 0.2496 | f1-score: 0.2862 | support: 40183 | mAP: 0.4077

Round 69/70
----------
Epoch 1/1
----------
Epoch 1/1
----------
Epoch 1/1
----------
Epoch 1/1
----------
Epoch 1/1
----------
Epoch 1/1
----------
Epoch 1/1
----------
Epoch 1/1
----------
micro     precision: 0.7364 | recall: 0.4937 | f1-score: 0.5911 | support: 40183 | mAP: 0.7068
macro     precision: 0.5427 | recall: 0.2510 | f1-score: 0.2822 | support: 40183 | mAP: 0.4141

Round 70/70
----------
Epoch 1/1
----------
Epoch 1/1
----------
Epoch 1/1
----------
Epoch 1/1
----------
Epoch 1/1
----------
Epoch 1/1
----------
Epoch 1/1
----------
Epoch 1/1
----------
micro     precision: 0.7913 | recall: 0.6208 | f1-score: 0.6958 | support: 40183 | mAP: 0.7669
macro     precision: 0.4952 | recall: 0.3220 | f1-score: 0.3533 | support: 40183 | mAP: 0.4470

[{'0': {'precision': [], 'recall': [], 'f1-score': [], 'support': []}, '1': {'precision': [], 'recall': [], 'f1-score': [], 'support': []}, '2': {'precision': [], 'recall': [], 'f1-score': [], 'support': []}, '3': {'precision': [], 'recall': [], 'f1-score': [], 'support': []}, '4': {'precision': [], 'recall': [], 'f1-score': [], 'support': []}, '5': {'precision': [], 'recall': [], 'f1-score': [], 'support': []}, '6': {'precision': [], 'recall': [], 'f1-score': [], 'support': []}, '7': {'precision': [], 'recall': [], 'f1-score': [], 'support': []}, '8': {'precision': [], 'recall': [], 'f1-score': [], 'support': []}, '9': {'precision': [], 'recall': [], 'f1-score': [], 'support': []}, '10': {'precision': [], 'recall': [], 'f1-score': [], 'support': []}, '11': {'precision': [], 'recall': [], 'f1-score': [], 'support': []}, '12': {'precision': [], 'recall': [], 'f1-score': [], 'support': []}, '13': {'precision': [], 'recall': [], 'f1-score': [], 'support': []}, '14': {'precision': [], 'recall': [], 'f1-score': [], 'support': []}, '15': {'precision': [], 'recall': [], 'f1-score': [], 'support': []}, '16': {'precision': [], 'recall': [], 'f1-score': [], 'support': []}, '17': {'precision': [], 'recall': [], 'f1-score': [], 'support': []}, '18': {'precision': [], 'recall': [], 'f1-score': [], 'support': []}, 'micro avg': {'precision': [], 'recall': [], 'f1-score': [], 'support': []}, 'macro avg': {'precision': [], 'recall': [], 'f1-score': [], 'support': []}, 'weighted avg': {'precision': [], 'recall': [], 'f1-score': [], 'support': []}, 'ap_mic': [], 'ap_mac': []}, {'0': {'precision': [], 'recall': [], 'f1-score': [], 'support': []}, '1': {'precision': [], 'recall': [], 'f1-score': [], 'support': []}, '2': {'precision': [], 'recall': [], 'f1-score': [], 'support': []}, '3': {'precision': [], 'recall': [], 'f1-score': [], 'support': []}, '4': {'precision': [], 'recall': [], 'f1-score': [], 'support': []}, '5': {'precision': [], 'recall': [], 'f1-score': [], 'support': []}, '6': {'precision': [], 'recall': [], 'f1-score': [], 'support': []}, '7': {'precision': [], 'recall': [], 'f1-score': [], 'support': []}, '8': {'precision': [], 'recall': [], 'f1-score': [], 'support': []}, '9': {'precision': [], 'recall': [], 'f1-score': [], 'support': []}, '10': {'precision': [], 'recall': [], 'f1-score': [], 'support': []}, '11': {'precision': [], 'recall': [], 'f1-score': [], 'support': []}, '12': {'precision': [], 'recall': [], 'f1-score': [], 'support': []}, '13': {'precision': [], 'recall': [], 'f1-score': [], 'support': []}, '14': {'precision': [], 'recall': [], 'f1-score': [], 'support': []}, '15': {'precision': [], 'recall': [], 'f1-score': [], 'support': []}, '16': {'precision': [], 'recall': [], 'f1-score': [], 'support': []}, '17': {'precision': [], 'recall': [], 'f1-score': [], 'support': []}, '18': {'precision': [], 'recall': [], 'f1-score': [], 'support': []}, 'micro avg': {'precision': [], 'recall': [], 'f1-score': [], 'support': []}, 'macro avg': {'precision': [], 'recall': [], 'f1-score': [], 'support': []}, 'weighted avg': {'precision': [], 'recall': [], 'f1-score': [], 'support': []}, 'ap_mic': [], 'ap_mac': []}, {'0': {'precision': [], 'recall': [], 'f1-score': [], 'support': []}, '1': {'precision': [], 'recall': [], 'f1-score': [], 'support': []}, '2': {'precision': [], 'recall': [], 'f1-score': [], 'support': []}, '3': {'precision': [], 'recall': [], 'f1-score': [], 'support': []}, '4': {'precision': [], 'recall': [], 'f1-score': [], 'support': []}, '5': {'precision': [], 'recall': [], 'f1-score': [], 'support': []}, '6': {'precision': [], 'recall': [], 'f1-score': [], 'support': []}, '7': {'precision': [], 'recall': [], 'f1-score': [], 'support': []}, '8': {'precision': [], 'recall': [], 'f1-score': [], 'support': []}, '9': {'precision': [], 'recall': [], 'f1-score': [], 'support': []}, '10': {'precision': [], 'recall': [], 'f1-score': [], 'support': []}, '11': {'precision': [], 'recall': [], 'f1-score': [], 'support': []}, '12': {'precision': [], 'recall': [], 'f1-score': [], 'support': []}, '13': {'precision': [], 'recall': [], 'f1-score': [], 'support': []}, '14': {'precision': [], 'recall': [], 'f1-score': [], 'support': []}, '15': {'precision': [], 'recall': [], 'f1-score': [], 'support': []}, '16': {'precision': [], 'recall': [], 'f1-score': [], 'support': []}, '17': {'precision': [], 'recall': [], 'f1-score': [], 'support': []}, '18': {'precision': [], 'recall': [], 'f1-score': [], 'support': []}, 'micro avg': {'precision': [], 'recall': [], 'f1-score': [], 'support': []}, 'macro avg': {'precision': [], 'recall': [], 'f1-score': [], 'support': []}, 'weighted avg': {'precision': [], 'recall': [], 'f1-score': [], 'support': []}, 'ap_mic': [], 'ap_mac': []}, {'0': {'precision': [], 'recall': [], 'f1-score': [], 'support': []}, '1': {'precision': [], 'recall': [], 'f1-score': [], 'support': []}, '2': {'precision': [], 'recall': [], 'f1-score': [], 'support': []}, '3': {'precision': [], 'recall': [], 'f1-score': [], 'support': []}, '4': {'precision': [], 'recall': [], 'f1-score': [], 'support': []}, '5': {'precision': [], 'recall': [], 'f1-score': [], 'support': []}, '6': {'precision': [], 'recall': [], 'f1-score': [], 'support': []}, '7': {'precision': [], 'recall': [], 'f1-score': [], 'support': []}, '8': {'precision': [], 'recall': [], 'f1-score': [], 'support': []}, '9': {'precision': [], 'recall': [], 'f1-score': [], 'support': []}, '10': {'precision': [], 'recall': [], 'f1-score': [], 'support': []}, '11': {'precision': [], 'recall': [], 'f1-score': [], 'support': []}, '12': {'precision': [], 'recall': [], 'f1-score': [], 'support': []}, '13': {'precision': [], 'recall': [], 'f1-score': [], 'support': []}, '14': {'precision': [], 'recall': [], 'f1-score': [], 'support': []}, '15': {'precision': [], 'recall': [], 'f1-score': [], 'support': []}, '16': {'precision': [], 'recall': [], 'f1-score': [], 'support': []}, '17': {'precision': [], 'recall': [], 'f1-score': [], 'support': []}, '18': {'precision': [], 'recall': [], 'f1-score': [], 'support': []}, 'micro avg': {'precision': [], 'recall': [], 'f1-score': [], 'support': []}, 'macro avg': {'precision': [], 'recall': [], 'f1-score': [], 'support': []}, 'weighted avg': {'precision': [], 'recall': [], 'f1-score': [], 'support': []}, 'ap_mic': [], 'ap_mac': []}, {'0': {'precision': [], 'recall': [], 'f1-score': [], 'support': []}, '1': {'precision': [], 'recall': [], 'f1-score': [], 'support': []}, '2': {'precision': [], 'recall': [], 'f1-score': [], 'support': []}, '3': {'precision': [], 'recall': [], 'f1-score': [], 'support': []}, '4': {'precision': [], 'recall': [], 'f1-score': [], 'support': []}, '5': {'precision': [], 'recall': [], 'f1-score': [], 'support': []}, '6': {'precision': [], 'recall': [], 'f1-score': [], 'support': []}, '7': {'precision': [], 'recall': [], 'f1-score': [], 'support': []}, '8': {'precision': [], 'recall': [], 'f1-score': [], 'support': []}, '9': {'precision': [], 'recall': [], 'f1-score': [], 'support': []}, '10': {'precision': [], 'recall': [], 'f1-score': [], 'support': []}, '11': {'precision': [], 'recall': [], 'f1-score': [], 'support': []}, '12': {'precision': [], 'recall': [], 'f1-score': [], 'support': []}, '13': {'precision': [], 'recall': [], 'f1-score': [], 'support': []}, '14': {'precision': [], 'recall': [], 'f1-score': [], 'support': []}, '15': {'precision': [], 'recall': [], 'f1-score': [], 'support': []}, '16': {'precision': [], 'recall': [], 'f1-score': [], 'support': []}, '17': {'precision': [], 'recall': [], 'f1-score': [], 'support': []}, '18': {'precision': [], 'recall': [], 'f1-score': [], 'support': []}, 'micro avg': {'precision': [], 'recall': [], 'f1-score': [], 'support': []}, 'macro avg': {'precision': [], 'recall': [], 'f1-score': [], 'support': []}, 'weighted avg': {'precision': [], 'recall': [], 'f1-score': [], 'support': []}, 'ap_mic': [], 'ap_mac': []}, {'0': {'precision': [], 'recall': [], 'f1-score': [], 'support': []}, '1': {'precision': [], 'recall': [], 'f1-score': [], 'support': []}, '2': {'precision': [], 'recall': [], 'f1-score': [], 'support': []}, '3': {'precision': [], 'recall': [], 'f1-score': [], 'support': []}, '4': {'precision': [], 'recall': [], 'f1-score': [], 'support': []}, '5': {'precision': [], 'recall': [], 'f1-score': [], 'support': []}, '6': {'precision': [], 'recall': [], 'f1-score': [], 'support': []}, '7': {'precision': [], 'recall': [], 'f1-score': [], 'support': []}, '8': {'precision': [], 'recall': [], 'f1-score': [], 'support': []}, '9': {'precision': [], 'recall': [], 'f1-score': [], 'support': []}, '10': {'precision': [], 'recall': [], 'f1-score': [], 'support': []}, '11': {'precision': [], 'recall': [], 'f1-score': [], 'support': []}, '12': {'precision': [], 'recall': [], 'f1-score': [], 'support': []}, '13': {'precision': [], 'recall': [], 'f1-score': [], 'support': []}, '14': {'precision': [], 'recall': [], 'f1-score': [], 'support': []}, '15': {'precision': [], 'recall': [], 'f1-score': [], 'support': []}, '16': {'precision': [], 'recall': [], 'f1-score': [], 'support': []}, '17': {'precision': [], 'recall': [], 'f1-score': [], 'support': []}, '18': {'precision': [], 'recall': [], 'f1-score': [], 'support': []}, 'micro avg': {'precision': [], 'recall': [], 'f1-score': [], 'support': []}, 'macro avg': {'precision': [], 'recall': [], 'f1-score': [], 'support': []}, 'weighted avg': {'precision': [], 'recall': [], 'f1-score': [], 'support': []}, 'ap_mic': [], 'ap_mac': []}, {'0': {'precision': [], 'recall': [], 'f1-score': [], 'support': []}, '1': {'precision': [], 'recall': [], 'f1-score': [], 'support': []}, '2': {'precision': [], 'recall': [], 'f1-score': [], 'support': []}, '3': {'precision': [], 'recall': [], 'f1-score': [], 'support': []}, '4': {'precision': [], 'recall': [], 'f1-score': [], 'support': []}, '5': {'precision': [], 'recall': [], 'f1-score': [], 'support': []}, '6': {'precision': [], 'recall': [], 'f1-score': [], 'support': []}, '7': {'precision': [], 'recall': [], 'f1-score': [], 'support': []}, '8': {'precision': [], 'recall': [], 'f1-score': [], 'support': []}, '9': {'precision': [], 'recall': [], 'f1-score': [], 'support': []}, '10': {'precision': [], 'recall': [], 'f1-score': [], 'support': []}, '11': {'precision': [], 'recall': [], 'f1-score': [], 'support': []}, '12': {'precision': [], 'recall': [], 'f1-score': [], 'support': []}, '13': {'precision': [], 'recall': [], 'f1-score': [], 'support': []}, '14': {'precision': [], 'recall': [], 'f1-score': [], 'support': []}, '15': {'precision': [], 'recall': [], 'f1-score': [], 'support': []}, '16': {'precision': [], 'recall': [], 'f1-score': [], 'support': []}, '17': {'precision': [], 'recall': [], 'f1-score': [], 'support': []}, '18': {'precision': [], 'recall': [], 'f1-score': [], 'support': []}, 'micro avg': {'precision': [], 'recall': [], 'f1-score': [], 'support': []}, 'macro avg': {'precision': [], 'recall': [], 'f1-score': [], 'support': []}, 'weighted avg': {'precision': [], 'recall': [], 'f1-score': [], 'support': []}, 'ap_mic': [], 'ap_mac': []}, {'0': {'precision': [], 'recall': [], 'f1-score': [], 'support': []}, '1': {'precision': [], 'recall': [], 'f1-score': [], 'support': []}, '2': {'precision': [], 'recall': [], 'f1-score': [], 'support': []}, '3': {'precision': [], 'recall': [], 'f1-score': [], 'support': []}, '4': {'precision': [], 'recall': [], 'f1-score': [], 'support': []}, '5': {'precision': [], 'recall': [], 'f1-score': [], 'support': []}, '6': {'precision': [], 'recall': [], 'f1-score': [], 'support': []}, '7': {'precision': [], 'recall': [], 'f1-score': [], 'support': []}, '8': {'precision': [], 'recall': [], 'f1-score': [], 'support': []}, '9': {'precision': [], 'recall': [], 'f1-score': [], 'support': []}, '10': {'precision': [], 'recall': [], 'f1-score': [], 'support': []}, '11': {'precision': [], 'recall': [], 'f1-score': [], 'support': []}, '12': {'precision': [], 'recall': [], 'f1-score': [], 'support': []}, '13': {'precision': [], 'recall': [], 'f1-score': [], 'support': []}, '14': {'precision': [], 'recall': [], 'f1-score': [], 'support': []}, '15': {'precision': [], 'recall': [], 'f1-score': [], 'support': []}, '16': {'precision': [], 'recall': [], 'f1-score': [], 'support': []}, '17': {'precision': [], 'recall': [], 'f1-score': [], 'support': []}, '18': {'precision': [], 'recall': [], 'f1-score': [], 'support': []}, 'micro avg': {'precision': [], 'recall': [], 'f1-score': [], 'support': []}, 'macro avg': {'precision': [], 'recall': [], 'f1-score': [], 'support': []}, 'weighted avg': {'precision': [], 'recall': [], 'f1-score': [], 'support': []}, 'ap_mic': [], 'ap_mac': []}]
