Using device: cuda:0
Pre-filtered 12791 patches based on country and season (split ignored)
Loading BEN data for train...
    237871 patches indexed
    6336 filtered patches indexed
    6336 patches indexed considering max_len
Merged metadata with snow/cloud metadata
Loaded 549488 labels
Loaded 549488 keys
Loaded mapping created
Pre-filtered 12791 patches based on country and season (split ignored)
Loading BEN data for test...
    119825 patches indexed
    3272 filtered patches indexed
    3272 patches indexed considering max_len
Merged metadata with snow/cloud metadata
Loaded 549488 labels
Loaded 549488 keys
Loaded mapping created
Pre-filtered 12733 patches based on country and season (split ignored)
Loading BEN data for train...
    237871 patches indexed
    6281 filtered patches indexed
    6281 patches indexed considering max_len
Merged metadata with snow/cloud metadata
Loaded 549488 labels
Loaded 549488 keys
Loaded mapping created
Pre-filtered 12733 patches based on country and season (split ignored)
Loading BEN data for test...
    119825 patches indexed
    3212 filtered patches indexed
    3212 patches indexed considering max_len
Merged metadata with snow/cloud metadata
Loaded 549488 labels
Loaded 549488 keys
Loaded mapping created
Pre-filtered 12713 patches based on country and season (split ignored)
Loading BEN data for train...
    237871 patches indexed
    6328 filtered patches indexed
    6328 patches indexed considering max_len
Merged metadata with snow/cloud metadata
Loaded 549488 labels
Loaded 549488 keys
Loaded mapping created
Pre-filtered 12713 patches based on country and season (split ignored)
Loading BEN data for test...
    119825 patches indexed
    3243 filtered patches indexed
    3243 patches indexed considering max_len
Merged metadata with snow/cloud metadata
Loaded 549488 labels
Loaded 549488 keys
Loaded mapping created
Pre-filtered 12773 patches based on country and season (split ignored)
Loading BEN data for train...
    237871 patches indexed
    6295 filtered patches indexed
    6295 patches indexed considering max_len
Merged metadata with snow/cloud metadata
Loaded 549488 labels
Loaded 549488 keys
Loaded mapping created
Pre-filtered 12773 patches based on country and season (split ignored)
Loading BEN data for test...
    119825 patches indexed
    3208 filtered patches indexed
    3208 patches indexed considering max_len
Merged metadata with snow/cloud metadata
Loaded 549488 labels
Loaded 549488 keys
Loaded mapping created
Pre-filtered 12851 patches based on country and season (split ignored)
Loading BEN data for train...
    237871 patches indexed
    6302 filtered patches indexed
    6302 patches indexed considering max_len
Merged metadata with snow/cloud metadata
Loaded 549488 labels
Loaded 549488 keys
Loaded mapping created
Pre-filtered 12851 patches based on country and season (split ignored)
Loading BEN data for test...
    119825 patches indexed
    3243 filtered patches indexed
    3243 patches indexed considering max_len
Merged metadata with snow/cloud metadata
Loaded 549488 labels
Loaded 549488 keys
Loaded mapping created
Pre-filtered 12950 patches based on country and season (split ignored)
Loading BEN data for train...
    237871 patches indexed
    6359 filtered patches indexed
    6359 patches indexed considering max_len
Merged metadata with snow/cloud metadata
Loaded 549488 labels
Loaded 549488 keys
Loaded mapping created
Pre-filtered 12950 patches based on country and season (split ignored)
Loading BEN data for test...
    119825 patches indexed
    3278 filtered patches indexed
    3278 patches indexed considering max_len
Merged metadata with snow/cloud metadata
Loaded 549488 labels
Loaded 549488 keys
Loaded mapping created
Pre-filtered 12668 patches based on country and season (split ignored)
Loading BEN data for train...
    237871 patches indexed
    6127 filtered patches indexed
    6127 patches indexed considering max_len
Merged metadata with snow/cloud metadata
Loaded 549488 labels
Loaded 549488 keys
Loaded mapping created
Pre-filtered 12668 patches based on country and season (split ignored)
Loading BEN data for test...
    119825 patches indexed
    3279 filtered patches indexed
    3279 patches indexed considering max_len
Merged metadata with snow/cloud metadata
Loaded 549488 labels
Loaded 549488 keys
Loaded mapping created
Pre-filtered 12918 patches based on country and season (split ignored)
Loading BEN data for train...
    237871 patches indexed
    6306 filtered patches indexed
    6306 patches indexed considering max_len
Merged metadata with snow/cloud metadata
Loaded 549488 labels
Loaded 549488 keys
Loaded mapping created
Pre-filtered 12918 patches based on country and season (split ignored)
Loading BEN data for test...
    119825 patches indexed
    3298 filtered patches indexed
    3298 patches indexed considering max_len
Merged metadata with snow/cloud metadata
Loaded 549488 labels
Loaded 549488 keys
Loaded mapping created

init GLOBALClient VALIDATION dataset and dataloader
Pre-filtered 59999 patches based on country and season (split ignored)
Loading BEN data for test...
    119825 patches indexed
    15720 filtered patches indexed
    15720 patches indexed considering max_len
Merged metadata with snow/cloud metadata
Loaded 549488 labels
Loaded 549488 keys
Loaded mapping created
Pre-filtered 59999 patches based on country and season (split ignored)
Loading BEN data for train...
    237871 patches indexed
    29135 filtered patches indexed
    29135 patches indexed considering max_len
Merged metadata with snow/cloud metadata
Loaded 549488 labels
Loaded 549488 keys
Loaded mapping created
Loading BEN data for train...
    237871 patches indexed
    237871 filtered patches indexed
    237871 patches indexed considering max_len
Merged metadata with snow/cloud metadata
Loaded 549488 labels
Loaded 549488 keys
Loaded mapping created
==================================================
ROUND 1/40
==================================================
Epoch 1/1
----------
Epoch 1/1
----------
Epoch 1/1
----------
Epoch 1/1
----------
Epoch 1/1
----------
Epoch 1/1
----------
Epoch 1/1
----------
Epoch 1/1
----------
micro     precision: 0.6596 | recall: 0.4421 | f1-score: 0.5293 | support: 40183 | mAP: 0.6017
macro     precision: 0.2094 | recall: 0.2063 | f1-score: 0.1987 | support: 40183 | mAP: 0.3285

==================================================
ROUND 2/40
==================================================
Epoch 1/1
----------
Epoch 1/1
----------
Epoch 1/1
----------
Epoch 1/1
----------
Epoch 1/1
----------
Epoch 1/1
----------
Epoch 1/1
----------
Epoch 1/1
----------
micro     precision: 0.7678 | recall: 0.5302 | f1-score: 0.6273 | support: 40183 | mAP: 0.7407
macro     precision: 0.3842 | recall: 0.2520 | f1-score: 0.2607 | support: 40183 | mAP: 0.4120

==================================================
ROUND 3/40
==================================================
Epoch 1/1
----------
Epoch 1/1
----------
Epoch 1/1
----------
Epoch 1/1
----------
Epoch 1/1
----------
Epoch 1/1
----------
Epoch 1/1
----------
Epoch 1/1
----------
micro     precision: 0.7952 | recall: 0.5928 | f1-score: 0.6793 | support: 40183 | mAP: 0.7767
macro     precision: 0.4492 | recall: 0.2996 | f1-score: 0.3221 | support: 40183 | mAP: 0.4504

==================================================
ROUND 4/40
==================================================
Finale Anzahl der Pruning-Patches: 17
Anzahl eindeutiger Klassen: 18
Klassenverteilung in den Pruning-Patches (Häufigkeiten): {'Marine waters': 9, 'Transitional woodland, shrub': 7, 'Mixed forest': 7, 'Coniferous forest': 6, 'Land principally occupied by agriculture, with significant areas of natural vegetation': 2, 'Inland waters': 1, 'Broad-leaved forest': 2, 'Arable land': 4, 'Urban fabric': 1, 'Industrial or commercial units': 1, 'Coastal wetlands': 2, 'Inland wetlands': 2, 'Pastures': 4, 'Complex cultivation patterns': 1, 'Moors, heathland and sclerophyllous vegetation': 1, 'Natural grassland and sparsely vegetated areas': 1, 'Beaches, dunes, sands': 1, 'Permanent crops': 1}
[INFO] Erstelle Prune Loader...
[INFO] 1 Patches nach Filterung übrig.
[SUCCESS] Prune Loader erfolgreich erstellt.
Used Composite Rules:
low_level_hidden_layer_rule: Epsilon
mid_level_hidden_layer_rule: Gamma
high_level_hidden_layer_rule: Gamma
fully_connected_layers_rule: Epsilon
softmax_rule: Epsilon
Starting relevance computation and pruning mask generation.
Type of components_relevances: <class 'collections.OrderedDict'>
Layer: conv1
Total layer relevance: 8.926503897355256e+18
--------------------------------------------------
Layer: encoder.4.0.conv1
Total layer relevance: 6.112737093643928e+18
--------------------------------------------------
Layer: encoder.4.0.conv2
Total layer relevance: 4.101787501046268e+18
--------------------------------------------------
Layer: encoder.4.0.conv3
Total layer relevance: 1.7017163453321708e+18
--------------------------------------------------
Layer: encoder.4.0.downsample.0
Total layer relevance: 1.7055348117764833e+18
--------------------------------------------------
Layer: encoder.4.1.conv1
Total layer relevance: 4.336304638237082e+16
--------------------------------------------------
Layer: encoder.4.1.conv2
Total layer relevance: 2.737360898883584e+16
--------------------------------------------------
Layer: encoder.4.1.conv3
Total layer relevance: 1.408860942237696e+16
--------------------------------------------------
Layer: encoder.4.2.conv1
Total layer relevance: 1414352997449728.0
--------------------------------------------------
Layer: encoder.4.2.conv2
Total layer relevance: 1158722315354112.0
--------------------------------------------------
Layer: encoder.4.2.conv3
Total layer relevance: 857364123090944.0
--------------------------------------------------
Layer: encoder.5.0.conv1
Total layer relevance: 435881601138688.0
--------------------------------------------------
Layer: encoder.5.0.conv2
Total layer relevance: 318379751636992.0
--------------------------------------------------
Layer: encoder.5.0.conv3
Total layer relevance: 34969988628480.0
--------------------------------------------------
Layer: encoder.5.0.downsample.0
Total layer relevance: 35044462690304.0
--------------------------------------------------
Layer: encoder.5.1.conv1
Total layer relevance: 476379545600.0
--------------------------------------------------
Layer: encoder.5.1.conv2
Total layer relevance: 375913054208.0
--------------------------------------------------
Layer: encoder.5.1.conv3
Total layer relevance: 86274457600.0
--------------------------------------------------
Layer: encoder.5.2.conv1
Total layer relevance: 7694155776.0
--------------------------------------------------
Layer: encoder.5.2.conv2
Total layer relevance: 6339159040.0
--------------------------------------------------
Layer: encoder.5.2.conv3
Total layer relevance: 1855891072.0
--------------------------------------------------
Layer: encoder.5.3.conv1
Total layer relevance: 179524832.0
--------------------------------------------------
Layer: encoder.5.3.conv2
Total layer relevance: 153385696.0
--------------------------------------------------
Layer: encoder.5.3.conv3
Total layer relevance: 47634488.0
--------------------------------------------------
Layer: encoder.6.0.conv1
Total layer relevance: 5502865.0
--------------------------------------------------
Layer: encoder.6.0.conv2
Total layer relevance: 5934059.0
--------------------------------------------------
Layer: encoder.6.0.conv3
Total layer relevance: 2025992.75
--------------------------------------------------
Layer: encoder.6.0.downsample.0
Total layer relevance: 2029453.375
--------------------------------------------------
Layer: encoder.6.1.conv1
Total layer relevance: 127058.546875
--------------------------------------------------
Layer: encoder.6.1.conv2
Total layer relevance: 181167.875
--------------------------------------------------
Layer: encoder.6.1.conv3
Total layer relevance: 91546.0703125
--------------------------------------------------
Layer: encoder.6.2.conv1
Total layer relevance: 21195.396484375
--------------------------------------------------
Layer: encoder.6.2.conv2
Total layer relevance: 39211.6875
--------------------------------------------------
Layer: encoder.6.2.conv3
Total layer relevance: 20440.650390625
--------------------------------------------------
Layer: encoder.6.3.conv1
Total layer relevance: 6960.24267578125
--------------------------------------------------
Layer: encoder.6.3.conv2
Total layer relevance: 12694.908203125
--------------------------------------------------
Layer: encoder.6.3.conv3
Total layer relevance: 4168.5576171875
--------------------------------------------------
Layer: encoder.6.4.conv1
Total layer relevance: 1239.802978515625
--------------------------------------------------
Layer: encoder.6.4.conv2
Total layer relevance: 2498.99951171875
--------------------------------------------------
Layer: encoder.6.4.conv3
Total layer relevance: 958.267822265625
--------------------------------------------------
Layer: encoder.6.5.conv1
Total layer relevance: 357.65679931640625
--------------------------------------------------
Layer: encoder.6.5.conv2
Total layer relevance: 614.072509765625
--------------------------------------------------
Layer: encoder.6.5.conv3
Total layer relevance: 208.03143310546875
--------------------------------------------------
Layer: encoder.7.0.conv1
Total layer relevance: 46.64898681640625
--------------------------------------------------
Layer: encoder.7.0.conv2
Total layer relevance: 227.65478515625
--------------------------------------------------
Layer: encoder.7.0.conv3
Total layer relevance: 133.99627685546875
--------------------------------------------------
Layer: encoder.7.0.downsample.0
Total layer relevance: 160.425537109375
--------------------------------------------------
Layer: encoder.7.1.conv1
Total layer relevance: 19.32223892211914
--------------------------------------------------
Layer: encoder.7.1.conv2
Total layer relevance: 93.48017883300781
--------------------------------------------------
Layer: encoder.7.1.conv3
Total layer relevance: 52.174842834472656
--------------------------------------------------
Layer: encoder.7.2.conv1
Total layer relevance: 12.384147644042969
--------------------------------------------------
Layer: encoder.7.2.conv2
Total layer relevance: 35.91954040527344
--------------------------------------------------
Layer: encoder.7.2.conv3
Total layer relevance: 37.580955505371094
--------------------------------------------------
Minimal retained neurons per layer:  0.050000000000000044
--------------------------------------------------
Global Pruning Mask
Pruning-rate: 0.97
Layer: conv1                Num neurons pruned: 0            % neurons pruned: 0.00%
Layer: encoder.4.0.conv1    Num neurons pruned: 0            % neurons pruned: 0.00%
Layer: encoder.4.0.conv2    Num neurons pruned: 0            % neurons pruned: 0.00%
Layer: encoder.4.0.conv3    Num neurons pruned: 1495         % neurons pruned: 8.98%
Layer: encoder.4.0.downsample.0 Num neurons pruned: 1040         % neurons pruned: 6.25%
Layer: encoder.4.1.conv1    Num neurons pruned: 1542         % neurons pruned: 9.38%
Layer: encoder.4.1.conv2    Num neurons pruned: 7501         % neurons pruned: 20.31%
Layer: encoder.4.1.conv3    Num neurons pruned: 15145        % neurons pruned: 91.02%
Layer: encoder.4.2.conv1    Num neurons pruned: 15420        % neurons pruned: 93.75%
Layer: encoder.4.2.conv2    Num neurons pruned: 34620        % neurons pruned: 93.75%
Layer: encoder.4.2.conv3    Num neurons pruned: 15795        % neurons pruned: 94.92%
Layer: encoder.5.0.conv1    Num neurons pruned: 31097        % neurons pruned: 94.53%
Layer: encoder.5.0.conv2    Num neurons pruned: 139513       % neurons pruned: 94.53%
Layer: encoder.5.0.conv3    Num neurons pruned: 62694        % neurons pruned: 94.92%
Layer: encoder.5.0.downsample.0 Num neurons pruned: 124902       % neurons pruned: 94.92%
Layer: encoder.5.1.conv1    Num neurons pruned: 62073        % neurons pruned: 94.53%
Layer: encoder.5.1.conv2    Num neurons pruned: 139513       % neurons pruned: 94.53%
Layer: encoder.5.1.conv3    Num neurons pruned: 62694        % neurons pruned: 94.92%
Layer: encoder.5.2.conv1    Num neurons pruned: 62073        % neurons pruned: 94.53%
Layer: encoder.5.2.conv2    Num neurons pruned: 139513       % neurons pruned: 94.53%
Layer: encoder.5.2.conv3    Num neurons pruned: 62694        % neurons pruned: 94.92%
Layer: encoder.5.3.conv1    Num neurons pruned: 62073        % neurons pruned: 94.53%
Layer: encoder.5.3.conv2    Num neurons pruned: 139513       % neurons pruned: 94.53%
Layer: encoder.5.3.conv3    Num neurons pruned: 62694        % neurons pruned: 94.92%
Layer: encoder.6.0.conv1    Num neurons pruned: 124659       % neurons pruned: 94.92%
Layer: encoder.6.0.conv2    Num neurons pruned: 560115       % neurons pruned: 94.92%
Layer: encoder.6.0.conv3    Num neurons pruned: 249804       % neurons pruned: 94.92%
Layer: encoder.6.0.downsample.0 Num neurons pruned: 498636       % neurons pruned: 94.92%
Layer: encoder.6.1.conv1    Num neurons pruned: 249075       % neurons pruned: 94.92%
Layer: encoder.6.1.conv2    Num neurons pruned: 560115       % neurons pruned: 94.92%
Layer: encoder.6.1.conv3    Num neurons pruned: 249804       % neurons pruned: 94.92%
Layer: encoder.6.2.conv1    Num neurons pruned: 249075       % neurons pruned: 94.92%
Layer: encoder.6.2.conv2    Num neurons pruned: 560115       % neurons pruned: 94.92%
Layer: encoder.6.2.conv3    Num neurons pruned: 249804       % neurons pruned: 94.92%
Layer: encoder.6.3.conv1    Num neurons pruned: 249075       % neurons pruned: 94.92%
Layer: encoder.6.3.conv2    Num neurons pruned: 560115       % neurons pruned: 94.92%
Layer: encoder.6.3.conv3    Num neurons pruned: 249804       % neurons pruned: 94.92%
Layer: encoder.6.4.conv1    Num neurons pruned: 249075       % neurons pruned: 94.92%
Layer: encoder.6.4.conv2    Num neurons pruned: 560115       % neurons pruned: 94.92%
Layer: encoder.6.4.conv3    Num neurons pruned: 249804       % neurons pruned: 94.92%
Layer: encoder.6.5.conv1    Num neurons pruned: 249075       % neurons pruned: 94.92%
Layer: encoder.6.5.conv2    Num neurons pruned: 560115       % neurons pruned: 94.92%
Layer: encoder.6.5.conv3    Num neurons pruned: 249804       % neurons pruned: 94.92%
Layer: encoder.7.0.conv1    Num neurons pruned: 498150       % neurons pruned: 94.92%
Layer: encoder.7.0.conv2    Num neurons pruned: 2239974      % neurons pruned: 94.92%
Layer: encoder.7.0.conv3    Num neurons pruned: 997785       % neurons pruned: 94.97%
Layer: encoder.7.0.downsample.0 Num neurons pruned: 1993625      % neurons pruned: 94.97%
Layer: encoder.7.1.conv1    Num neurons pruned: 995814       % neurons pruned: 94.92%
Layer: encoder.7.1.conv2    Num neurons pruned: 2239974      % neurons pruned: 94.92%
Layer: encoder.7.1.conv3    Num neurons pruned: 997785       % neurons pruned: 94.97%
Layer: encoder.7.2.conv1    Num neurons pruned: 995814       % neurons pruned: 94.92%
Layer: encoder.7.2.conv2    Num neurons pruned: 2239974      % neurons pruned: 94.92%
Layer: encoder.7.2.conv3    Num neurons pruned: 997785       % neurons pruned: 94.97%
Overall Percentage of pruned neurons across all layers: 94.32%
Sending pruning mask to clients...
[INFO] Pruner and pruning mask received and stored.
[INFO] Pruner and pruning mask received and stored.
[INFO] Pruner and pruning mask received and stored.
[INFO] Pruner and pruning mask received and stored.
[INFO] Pruner and pruning mask received and stored.
[INFO] Pruner and pruning mask received and stored.
[INFO] Pruner and pruning mask received and stored.
[INFO] Pruner and pruning mask received and stored.
Epoch 1/1
----------
Prune before sending to global...
Epoch 1/1
----------
Prune before sending to global...
Epoch 1/1
----------
Prune before sending to global...
Epoch 1/1
----------
Prune before sending to global...
Epoch 1/1
----------
Prune before sending to global...
Epoch 1/1
----------
Prune before sending to global...
Epoch 1/1
----------
Prune before sending to global...
Epoch 1/1
----------
Prune before sending to global...
micro     precision: 0.5622 | recall: 0.1086 | f1-score: 0.1821 | support: 40183 | mAP: 0.3800
macro     precision: 0.0296 | recall: 0.0423 | f1-score: 0.0348 | support: 40183 | mAP: 0.2145

==================================================
ROUND 5/40
==================================================
Epoch 1/1
----------
Prune before sending to global...
Epoch 1/1
----------
Prune before sending to global...
Epoch 1/1
----------
Prune before sending to global...
Epoch 1/1
----------
Prune before sending to global...
Epoch 1/1
----------
Prune before sending to global...
Epoch 1/1
----------
Prune before sending to global...
Epoch 1/1
----------
Prune before sending to global...
Epoch 1/1
----------
Prune before sending to global...
micro     precision: 0.6412 | recall: 0.4657 | f1-score: 0.5395 | support: 40183 | mAP: 0.6394
macro     precision: 0.3004 | recall: 0.1950 | f1-score: 0.1902 | support: 40183 | mAP: 0.3757

==================================================
ROUND 6/40
==================================================
Epoch 1/1
----------
Prune before sending to global...
Epoch 1/1
----------
Prune before sending to global...
Epoch 1/1
----------
Prune before sending to global...
Epoch 1/1
----------
Prune before sending to global...
Epoch 1/1
----------
Prune before sending to global...
Epoch 1/1
----------
Prune before sending to global...
Epoch 1/1
----------
Prune before sending to global...
Epoch 1/1
----------
Prune before sending to global...
micro     precision: 0.8290 | recall: 0.5931 | f1-score: 0.6915 | support: 40183 | mAP: 0.7906
macro     precision: 0.4575 | recall: 0.2970 | f1-score: 0.3265 | support: 40183 | mAP: 0.4642

==================================================
ROUND 7/40
==================================================
Epoch 1/1
----------
Prune before sending to global...
Epoch 1/1
----------
Prune before sending to global...
Epoch 1/1
----------
Prune before sending to global...
Epoch 1/1
----------
Prune before sending to global...
Epoch 1/1
----------
Prune before sending to global...
Epoch 1/1
----------
Prune before sending to global...
Epoch 1/1
----------
Prune before sending to global...
Epoch 1/1
----------
Prune before sending to global...
micro     precision: 0.8627 | recall: 0.5671 | f1-score: 0.6843 | support: 40183 | mAP: 0.8068
macro     precision: 0.5670 | recall: 0.2953 | f1-score: 0.3444 | support: 40183 | mAP: 0.4914

==================================================
ROUND 8/40
==================================================
Epoch 1/1
----------
Prune before sending to global...
Epoch 1/1
----------
Prune before sending to global...
Epoch 1/1
----------
Prune before sending to global...
Epoch 1/1
----------
Prune before sending to global...
Epoch 1/1
----------
Prune before sending to global...
Epoch 1/1
----------
Prune before sending to global...
Epoch 1/1
----------
Prune before sending to global...
Epoch 1/1
----------
Prune before sending to global...
micro     precision: 0.8577 | recall: 0.5930 | f1-score: 0.7012 | support: 40183 | mAP: 0.8186
macro     precision: 0.5917 | recall: 0.3197 | f1-score: 0.3742 | support: 40183 | mAP: 0.5053

==================================================
ROUND 9/40
==================================================
Epoch 1/1
----------
Prune before sending to global...
Epoch 1/1
----------
Prune before sending to global...
Epoch 1/1
----------
Prune before sending to global...
Epoch 1/1
----------
Prune before sending to global...
Epoch 1/1
----------
Prune before sending to global...
Epoch 1/1
----------
Prune before sending to global...
Epoch 1/1
----------
Prune before sending to global...
Epoch 1/1
----------
Prune before sending to global...
micro     precision: 0.8452 | recall: 0.6149 | f1-score: 0.7119 | support: 40183 | mAP: 0.8157
macro     precision: 0.6001 | recall: 0.3455 | f1-score: 0.4067 | support: 40183 | mAP: 0.5116

==================================================
ROUND 10/40
==================================================
Epoch 1/1
----------
Prune before sending to global...
Epoch 1/1
----------
Prune before sending to global...
Epoch 1/1
----------
Prune before sending to global...
Epoch 1/1
----------
Prune before sending to global...
Epoch 1/1
----------
Prune before sending to global...
Epoch 1/1
----------
Prune before sending to global...
Epoch 1/1
----------
Prune before sending to global...
Epoch 1/1
----------
Prune before sending to global...
micro     precision: 0.8435 | recall: 0.6379 | f1-score: 0.7264 | support: 40183 | mAP: 0.8320
macro     precision: 0.6104 | recall: 0.3630 | f1-score: 0.4245 | support: 40183 | mAP: 0.5245

==================================================
ROUND 11/40
==================================================
Epoch 1/1
----------
Prune before sending to global...
Epoch 1/1
----------
Prune before sending to global...
Epoch 1/1
----------
Prune before sending to global...
Epoch 1/1
----------
Prune before sending to global...
Epoch 1/1
----------
Prune before sending to global...
Epoch 1/1
----------
Prune before sending to global...
Epoch 1/1
----------
Prune before sending to global...
Epoch 1/1
----------
Prune before sending to global...
micro     precision: 0.8474 | recall: 0.6283 | f1-score: 0.7216 | support: 40183 | mAP: 0.8283
macro     precision: 0.6118 | recall: 0.3763 | f1-score: 0.4432 | support: 40183 | mAP: 0.5291

==================================================
ROUND 12/40
==================================================
Epoch 1/1
----------
Prune before sending to global...
Epoch 1/1
----------
Prune before sending to global...
Epoch 1/1
----------
Prune before sending to global...
Epoch 1/1
----------
Prune before sending to global...
Epoch 1/1
----------
Prune before sending to global...
Epoch 1/1
----------
Prune before sending to global...
Epoch 1/1
----------
Prune before sending to global...
Epoch 1/1
----------
Prune before sending to global...
micro     precision: 0.8584 | recall: 0.6677 | f1-score: 0.7511 | support: 40183 | mAP: 0.8559
macro     precision: 0.6279 | recall: 0.3909 | f1-score: 0.4552 | support: 40183 | mAP: 0.5411

==================================================
ROUND 13/40
==================================================
Epoch 1/1
----------
Prune before sending to global...
Epoch 1/1
----------
Prune before sending to global...
Epoch 1/1
----------
Prune before sending to global...
Epoch 1/1
----------
Prune before sending to global...
Epoch 1/1
----------
Prune before sending to global...
Epoch 1/1
----------
Prune before sending to global...
Epoch 1/1
----------
Prune before sending to global...
Epoch 1/1
----------
Prune before sending to global...
micro     precision: 0.8493 | recall: 0.6546 | f1-score: 0.7394 | support: 40183 | mAP: 0.8443
macro     precision: 0.6160 | recall: 0.3935 | f1-score: 0.4597 | support: 40183 | mAP: 0.5391

==================================================
ROUND 14/40
==================================================
Epoch 1/1
----------
Prune before sending to global...
Epoch 1/1
----------
Prune before sending to global...
Epoch 1/1
----------
Prune before sending to global...
Epoch 1/1
----------
Prune before sending to global...
Epoch 1/1
----------
Prune before sending to global...
Epoch 1/1
----------
Prune before sending to global...
Epoch 1/1
----------
Prune before sending to global...
Epoch 1/1
----------
Prune before sending to global...
micro     precision: 0.8560 | recall: 0.6732 | f1-score: 0.7537 | support: 40183 | mAP: 0.8582
macro     precision: 0.6212 | recall: 0.4158 | f1-score: 0.4808 | support: 40183 | mAP: 0.5510

==================================================
ROUND 15/40
==================================================
Epoch 1/1
----------
Prune before sending to global...
Epoch 1/1
----------
Prune before sending to global...
Epoch 1/1
----------
Prune before sending to global...
Epoch 1/1
----------
Prune before sending to global...
Epoch 1/1
----------
Prune before sending to global...
Epoch 1/1
----------
Prune before sending to global...
Epoch 1/1
----------
Prune before sending to global...
Epoch 1/1
----------
Prune before sending to global...
micro     precision: 0.8520 | recall: 0.6718 | f1-score: 0.7513 | support: 40183 | mAP: 0.8545
macro     precision: 0.6186 | recall: 0.4116 | f1-score: 0.4762 | support: 40183 | mAP: 0.5503

==================================================
ROUND 16/40
==================================================
Epoch 1/1
----------
Prune before sending to global...
Epoch 1/1
----------
Prune before sending to global...
Epoch 1/1
----------
Prune before sending to global...
Epoch 1/1
----------
Prune before sending to global...
Epoch 1/1
----------
Prune before sending to global...
Epoch 1/1
----------
Prune before sending to global...
Epoch 1/1
----------
Prune before sending to global...
Epoch 1/1
----------
Prune before sending to global...
micro     precision: 0.8466 | recall: 0.6939 | f1-score: 0.7627 | support: 40183 | mAP: 0.8643
macro     precision: 0.6189 | recall: 0.4295 | f1-score: 0.4901 | support: 40183 | mAP: 0.5576

==================================================
ROUND 17/40
==================================================
Epoch 1/1
----------
Prune before sending to global...
Epoch 1/1
----------
Prune before sending to global...
Epoch 1/1
----------
Prune before sending to global...
Epoch 1/1
----------
Prune before sending to global...
Epoch 1/1
----------
Prune before sending to global...
Epoch 1/1
----------
Prune before sending to global...
Epoch 1/1
----------
Prune before sending to global...
Epoch 1/1
----------
Prune before sending to global...
micro     precision: 0.8786 | recall: 0.6636 | f1-score: 0.7561 | support: 40183 | mAP: 0.8708
macro     precision: 0.6412 | recall: 0.4108 | f1-score: 0.4816 | support: 40183 | mAP: 0.5632

==================================================
ROUND 18/40
==================================================
Epoch 1/1
----------
Prune before sending to global...
Epoch 1/1
----------
Prune before sending to global...
Epoch 1/1
----------
Prune before sending to global...
Epoch 1/1
----------
Prune before sending to global...
Epoch 1/1
----------
Prune before sending to global...
Epoch 1/1
----------
Prune before sending to global...
Epoch 1/1
----------
Prune before sending to global...
Epoch 1/1
----------
Prune before sending to global...
micro     precision: 0.8518 | recall: 0.6805 | f1-score: 0.7566 | support: 40183 | mAP: 0.8532
macro     precision: 0.6334 | recall: 0.4202 | f1-score: 0.4827 | support: 40183 | mAP: 0.5575

==================================================
ROUND 19/40
==================================================
Epoch 1/1
----------
Prune before sending to global...
Epoch 1/1
----------
Prune before sending to global...
Epoch 1/1
----------
Prune before sending to global...
Epoch 1/1
----------
Prune before sending to global...
Epoch 1/1
----------
Prune before sending to global...
Epoch 1/1
----------
Prune before sending to global...
Epoch 1/1
----------
Prune before sending to global...
Epoch 1/1
----------
Prune before sending to global...
micro     precision: 0.8568 | recall: 0.7086 | f1-score: 0.7757 | support: 40183 | mAP: 0.8768
macro     precision: 0.6328 | recall: 0.4390 | f1-score: 0.5030 | support: 40183 | mAP: 0.5688

==================================================
ROUND 20/40
==================================================
Epoch 1/1
----------
Prune before sending to global...
Epoch 1/1
----------
Prune before sending to global...
Epoch 1/1
----------
Prune before sending to global...
Epoch 1/1
----------
Prune before sending to global...
Epoch 1/1
----------
Prune before sending to global...
Epoch 1/1
----------
Prune before sending to global...
Epoch 1/1
----------
Prune before sending to global...
Epoch 1/1
----------
Prune before sending to global...
micro     precision: 0.8643 | recall: 0.7045 | f1-score: 0.7763 | support: 40183 | mAP: 0.8770
macro     precision: 0.6416 | recall: 0.4306 | f1-score: 0.4944 | support: 40183 | mAP: 0.5687

==================================================
ROUND 21/40
==================================================
Epoch 1/1
----------
Prune before sending to global...
Epoch 1/1
----------
Prune before sending to global...
Epoch 1/1
----------
Prune before sending to global...
Epoch 1/1
----------
Prune before sending to global...
Epoch 1/1
----------
Prune before sending to global...
Epoch 1/1
----------
Prune before sending to global...
Epoch 1/1
----------
Prune before sending to global...
Epoch 1/1
----------
Prune before sending to global...
micro     precision: 0.8627 | recall: 0.7032 | f1-score: 0.7748 | support: 40183 | mAP: 0.8800
macro     precision: 0.6340 | recall: 0.4459 | f1-score: 0.5088 | support: 40183 | mAP: 0.5749

==================================================
ROUND 22/40
==================================================
Epoch 1/1
----------
Prune before sending to global...
Epoch 1/1
----------
Prune before sending to global...
Epoch 1/1
----------
Prune before sending to global...
Epoch 1/1
----------
Prune before sending to global...
Epoch 1/1
----------
Prune before sending to global...
Epoch 1/1
----------
Prune before sending to global...
Epoch 1/1
----------
Prune before sending to global...
Epoch 1/1
----------
Prune before sending to global...
micro     precision: 0.8659 | recall: 0.7049 | f1-score: 0.7771 | support: 40183 | mAP: 0.8803
macro     precision: 0.6345 | recall: 0.4483 | f1-score: 0.5129 | support: 40183 | mAP: 0.5776

==================================================
ROUND 23/40
==================================================
Epoch 1/1
----------
Prune before sending to global...
Epoch 1/1
----------
Prune before sending to global...
Epoch 1/1
----------
Prune before sending to global...
Epoch 1/1
----------
Prune before sending to global...
Epoch 1/1
----------
Prune before sending to global...
Epoch 1/1
----------
Prune before sending to global...
Epoch 1/1
----------
Prune before sending to global...
Epoch 1/1
----------
Prune before sending to global...
micro     precision: 0.8622 | recall: 0.7222 | f1-score: 0.7860 | support: 40183 | mAP: 0.8828
macro     precision: 0.6361 | recall: 0.4456 | f1-score: 0.5081 | support: 40183 | mAP: 0.5781

==================================================
ROUND 24/40
==================================================
Epoch 1/1
----------
Prune before sending to global...
Epoch 1/1
----------
Prune before sending to global...
Epoch 1/1
----------
Prune before sending to global...
Epoch 1/1
----------
Prune before sending to global...
Epoch 1/1
----------
Prune before sending to global...
Epoch 1/1
----------
Prune before sending to global...
Epoch 1/1
----------
Prune before sending to global...
Epoch 1/1
----------
Prune before sending to global...
micro     precision: 0.8716 | recall: 0.6940 | f1-score: 0.7727 | support: 40183 | mAP: 0.8786
macro     precision: 0.6380 | recall: 0.4365 | f1-score: 0.5050 | support: 40183 | mAP: 0.5767

==================================================
ROUND 25/40
==================================================
Epoch 1/1
----------
Prune before sending to global...
Epoch 1/1
----------
Prune before sending to global...
Epoch 1/1
----------
Prune before sending to global...
Epoch 1/1
----------
Prune before sending to global...
Epoch 1/1
----------
Prune before sending to global...
Epoch 1/1
----------
Prune before sending to global...
Epoch 1/1
----------
Prune before sending to global...
Epoch 1/1
----------
Prune before sending to global...
micro     precision: 0.8575 | recall: 0.7305 | f1-score: 0.7889 | support: 40183 | mAP: 0.8846
macro     precision: 0.6321 | recall: 0.4593 | f1-score: 0.5175 | support: 40183 | mAP: 0.5811

==================================================
ROUND 26/40
==================================================
Epoch 1/1
----------
Prune before sending to global...
Epoch 1/1
----------
Prune before sending to global...
Epoch 1/1
----------
Prune before sending to global...
Epoch 1/1
----------
Prune before sending to global...
Epoch 1/1
----------
Prune before sending to global...
Epoch 1/1
----------
Prune before sending to global...
Epoch 1/1
----------
Prune before sending to global...
Epoch 1/1
----------
Prune before sending to global...
micro     precision: 0.8458 | recall: 0.7008 | f1-score: 0.7665 | support: 40183 | mAP: 0.8661
macro     precision: 0.6122 | recall: 0.4595 | f1-score: 0.5151 | support: 40183 | mAP: 0.5710

==================================================
ROUND 27/40
==================================================
Epoch 1/1
----------
Prune before sending to global...
Epoch 1/1
----------
Prune before sending to global...
Epoch 1/1
----------
Prune before sending to global...
Epoch 1/1
----------
Prune before sending to global...
Epoch 1/1
----------
Prune before sending to global...
Epoch 1/1
----------
Prune before sending to global...
Epoch 1/1
----------
Prune before sending to global...
Epoch 1/1
----------
Prune before sending to global...
micro     precision: 0.8473 | recall: 0.7229 | f1-score: 0.7802 | support: 40183 | mAP: 0.8788
macro     precision: 0.6254 | recall: 0.4616 | f1-score: 0.5184 | support: 40183 | mAP: 0.5806

==================================================
ROUND 28/40
==================================================
Epoch 1/1
----------
Prune before sending to global...
Epoch 1/1
----------
Prune before sending to global...
Epoch 1/1
----------
Prune before sending to global...
Epoch 1/1
----------
Prune before sending to global...
Epoch 1/1
----------
Prune before sending to global...
Epoch 1/1
----------
Prune before sending to global...
Epoch 1/1
----------
Prune before sending to global...
Epoch 1/1
----------
Prune before sending to global...
micro     precision: 0.8689 | recall: 0.7200 | f1-score: 0.7875 | support: 40183 | mAP: 0.8886
macro     precision: 0.6413 | recall: 0.4505 | f1-score: 0.5137 | support: 40183 | mAP: 0.5864

==================================================
ROUND 29/40
==================================================
Epoch 1/1
----------
Prune before sending to global...
Epoch 1/1
----------
Prune before sending to global...
Epoch 1/1
----------
Prune before sending to global...
Epoch 1/1
----------
Prune before sending to global...
Epoch 1/1
----------
Prune before sending to global...
Epoch 1/1
----------
Prune before sending to global...
Epoch 1/1
----------
Prune before sending to global...
Epoch 1/1
----------
Prune before sending to global...
micro     precision: 0.8628 | recall: 0.7339 | f1-score: 0.7932 | support: 40183 | mAP: 0.8889
macro     precision: 0.6368 | recall: 0.4619 | f1-score: 0.5171 | support: 40183 | mAP: 0.5840

==================================================
ROUND 30/40
==================================================
Epoch 1/1
----------
Prune before sending to global...
Epoch 1/1
----------
Prune before sending to global...
Epoch 1/1
----------
Prune before sending to global...
Epoch 1/1
----------
Prune before sending to global...
Epoch 1/1
----------
Prune before sending to global...
Epoch 1/1
----------
Prune before sending to global...
Epoch 1/1
----------
Prune before sending to global...
Epoch 1/1
----------
Prune before sending to global...
micro     precision: 0.8639 | recall: 0.7308 | f1-score: 0.7918 | support: 40183 | mAP: 0.8896
macro     precision: 0.6325 | recall: 0.4679 | f1-score: 0.5264 | support: 40183 | mAP: 0.5887

==================================================
ROUND 31/40
==================================================
Epoch 1/1
----------
Prune before sending to global...
Epoch 1/1
----------
Prune before sending to global...
Epoch 1/1
----------
Prune before sending to global...
Epoch 1/1
----------
Prune before sending to global...
Epoch 1/1
----------
Prune before sending to global...
Epoch 1/1
----------
Prune before sending to global...
Epoch 1/1
----------
Prune before sending to global...
Epoch 1/1
----------
Prune before sending to global...
micro     precision: 0.8653 | recall: 0.7170 | f1-score: 0.7842 | support: 40183 | mAP: 0.8859
macro     precision: 0.6306 | recall: 0.4611 | f1-score: 0.5203 | support: 40183 | mAP: 0.5875

==================================================
ROUND 32/40
==================================================
Epoch 1/1
----------
Prune before sending to global...
Epoch 1/1
----------
Prune before sending to global...
Epoch 1/1
----------
Prune before sending to global...
Epoch 1/1
----------
Prune before sending to global...
Epoch 1/1
----------
Prune before sending to global...
Epoch 1/1
----------
Prune before sending to global...
Epoch 1/1
----------
Prune before sending to global...
Epoch 1/1
----------
Prune before sending to global...
micro     precision: 0.8665 | recall: 0.7374 | f1-score: 0.7968 | support: 40183 | mAP: 0.8931
macro     precision: 0.6314 | recall: 0.4723 | f1-score: 0.5298 | support: 40183 | mAP: 0.5908

==================================================
ROUND 33/40
==================================================
Epoch 1/1
----------
Prune before sending to global...
Epoch 1/1
----------
Prune before sending to global...
Epoch 1/1
----------
Prune before sending to global...
Epoch 1/1
----------
Prune before sending to global...
Epoch 1/1
----------
Prune before sending to global...
Epoch 1/1
----------
Prune before sending to global...
Epoch 1/1
----------
Prune before sending to global...
Epoch 1/1
----------
Prune before sending to global...
micro     precision: 0.8632 | recall: 0.7403 | f1-score: 0.7970 | support: 40183 | mAP: 0.8929
macro     precision: 0.6387 | recall: 0.4697 | f1-score: 0.5266 | support: 40183 | mAP: 0.5916

==================================================
ROUND 34/40
==================================================
Epoch 1/1
----------
Prune before sending to global...
Epoch 1/1
----------
Prune before sending to global...
Epoch 1/1
----------
Prune before sending to global...
Epoch 1/1
----------
Prune before sending to global...
Epoch 1/1
----------
Prune before sending to global...
Epoch 1/1
----------
Prune before sending to global...
Epoch 1/1
----------
Prune before sending to global...
Epoch 1/1
----------
Prune before sending to global...
micro     precision: 0.8664 | recall: 0.7315 | f1-score: 0.7933 | support: 40183 | mAP: 0.8910
macro     precision: 0.6349 | recall: 0.4694 | f1-score: 0.5261 | support: 40183 | mAP: 0.5906

==================================================
ROUND 35/40
==================================================
Epoch 1/1
----------
Prune before sending to global...
Epoch 1/1
----------
Prune before sending to global...
Epoch 1/1
----------
Prune before sending to global...
Epoch 1/1
----------
Prune before sending to global...
Epoch 1/1
----------
Prune before sending to global...
Epoch 1/1
----------
Prune before sending to global...
Epoch 1/1
----------
Prune before sending to global...
Epoch 1/1
----------
Prune before sending to global...
micro     precision: 0.8643 | recall: 0.7343 | f1-score: 0.7940 | support: 40183 | mAP: 0.8919
macro     precision: 0.6317 | recall: 0.4749 | f1-score: 0.5329 | support: 40183 | mAP: 0.5917

==================================================
ROUND 36/40
==================================================
Epoch 1/1
----------
Prune before sending to global...
Epoch 1/1
----------
Prune before sending to global...
Epoch 1/1
----------
Prune before sending to global...
Epoch 1/1
----------
Prune before sending to global...
Epoch 1/1
----------
Prune before sending to global...
Epoch 1/1
----------
Prune before sending to global...
Epoch 1/1
----------
Prune before sending to global...
Epoch 1/1
----------
Prune before sending to global...
micro     precision: 0.8711 | recall: 0.7319 | f1-score: 0.7955 | support: 40183 | mAP: 0.8940
macro     precision: 0.6401 | recall: 0.4686 | f1-score: 0.5285 | support: 40183 | mAP: 0.5937

==================================================
ROUND 37/40
==================================================
Epoch 1/1
----------
Prune before sending to global...
Epoch 1/1
----------
Prune before sending to global...
Epoch 1/1
----------
Prune before sending to global...
Epoch 1/1
----------
Prune before sending to global...
Epoch 1/1
----------
Prune before sending to global...
Epoch 1/1
----------
Prune before sending to global...
Epoch 1/1
----------
Prune before sending to global...
Epoch 1/1
----------
Prune before sending to global...
micro     precision: 0.8615 | recall: 0.7451 | f1-score: 0.7991 | support: 40183 | mAP: 0.8933
macro     precision: 0.6319 | recall: 0.4826 | f1-score: 0.5370 | support: 40183 | mAP: 0.5941

==================================================
ROUND 38/40
==================================================
Epoch 1/1
----------
Prune before sending to global...
Epoch 1/1
----------
Prune before sending to global...
Epoch 1/1
----------
Prune before sending to global...
Epoch 1/1
----------
Prune before sending to global...
Epoch 1/1
----------
Prune before sending to global...
Epoch 1/1
----------
Prune before sending to global...
Epoch 1/1
----------
Prune before sending to global...
Epoch 1/1
----------
Prune before sending to global...
micro     precision: 0.8636 | recall: 0.7357 | f1-score: 0.7946 | support: 40183 | mAP: 0.8933
macro     precision: 0.6326 | recall: 0.4816 | f1-score: 0.5370 | support: 40183 | mAP: 0.5953

==================================================
ROUND 39/40
==================================================
Epoch 1/1
----------
Prune before sending to global...
Epoch 1/1
----------
Prune before sending to global...
Epoch 1/1
----------
Prune before sending to global...
Epoch 1/1
----------
Prune before sending to global...
Epoch 1/1
----------
Prune before sending to global...
Epoch 1/1
----------
Prune before sending to global...
Epoch 1/1
----------
Prune before sending to global...
Epoch 1/1
----------
Prune before sending to global...
micro     precision: 0.8674 | recall: 0.7370 | f1-score: 0.7969 | support: 40183 | mAP: 0.8947
macro     precision: 0.6314 | recall: 0.4769 | f1-score: 0.5328 | support: 40183 | mAP: 0.5948

==================================================
ROUND 40/40
==================================================
Epoch 1/1
----------
Prune before sending to global...
Epoch 1/1
----------
Prune before sending to global...
Epoch 1/1
----------
Prune before sending to global...
Epoch 1/1
----------
Prune before sending to global...
Epoch 1/1
----------
Prune before sending to global...
Epoch 1/1
----------
Prune before sending to global...
Epoch 1/1
----------
Prune before sending to global...
Epoch 1/1
----------
Prune before sending to global...
micro     precision: 0.8670 | recall: 0.7441 | f1-score: 0.8009 | support: 40183 | mAP: 0.8960
macro     precision: 0.6381 | recall: 0.4788 | f1-score: 0.5330 | support: 40183 | mAP: 0.5948

[{'0': {'precision': [], 'recall': [], 'f1-score': [], 'support': []}, '1': {'precision': [], 'recall': [], 'f1-score': [], 'support': []}, '2': {'precision': [], 'recall': [], 'f1-score': [], 'support': []}, '3': {'precision': [], 'recall': [], 'f1-score': [], 'support': []}, '4': {'precision': [], 'recall': [], 'f1-score': [], 'support': []}, '5': {'precision': [], 'recall': [], 'f1-score': [], 'support': []}, '6': {'precision': [], 'recall': [], 'f1-score': [], 'support': []}, '7': {'precision': [], 'recall': [], 'f1-score': [], 'support': []}, '8': {'precision': [], 'recall': [], 'f1-score': [], 'support': []}, '9': {'precision': [], 'recall': [], 'f1-score': [], 'support': []}, '10': {'precision': [], 'recall': [], 'f1-score': [], 'support': []}, '11': {'precision': [], 'recall': [], 'f1-score': [], 'support': []}, '12': {'precision': [], 'recall': [], 'f1-score': [], 'support': []}, '13': {'precision': [], 'recall': [], 'f1-score': [], 'support': []}, '14': {'precision': [], 'recall': [], 'f1-score': [], 'support': []}, '15': {'precision': [], 'recall': [], 'f1-score': [], 'support': []}, '16': {'precision': [], 'recall': [], 'f1-score': [], 'support': []}, '17': {'precision': [], 'recall': [], 'f1-score': [], 'support': []}, '18': {'precision': [], 'recall': [], 'f1-score': [], 'support': []}, 'micro avg': {'precision': [], 'recall': [], 'f1-score': [], 'support': []}, 'macro avg': {'precision': [], 'recall': [], 'f1-score': [], 'support': []}, 'weighted avg': {'precision': [], 'recall': [], 'f1-score': [], 'support': []}, 'ap_mic': [], 'ap_mac': []}, {'0': {'precision': [], 'recall': [], 'f1-score': [], 'support': []}, '1': {'precision': [], 'recall': [], 'f1-score': [], 'support': []}, '2': {'precision': [], 'recall': [], 'f1-score': [], 'support': []}, '3': {'precision': [], 'recall': [], 'f1-score': [], 'support': []}, '4': {'precision': [], 'recall': [], 'f1-score': [], 'support': []}, '5': {'precision': [], 'recall': [], 'f1-score': [], 'support': []}, '6': {'precision': [], 'recall': [], 'f1-score': [], 'support': []}, '7': {'precision': [], 'recall': [], 'f1-score': [], 'support': []}, '8': {'precision': [], 'recall': [], 'f1-score': [], 'support': []}, '9': {'precision': [], 'recall': [], 'f1-score': [], 'support': []}, '10': {'precision': [], 'recall': [], 'f1-score': [], 'support': []}, '11': {'precision': [], 'recall': [], 'f1-score': [], 'support': []}, '12': {'precision': [], 'recall': [], 'f1-score': [], 'support': []}, '13': {'precision': [], 'recall': [], 'f1-score': [], 'support': []}, '14': {'precision': [], 'recall': [], 'f1-score': [], 'support': []}, '15': {'precision': [], 'recall': [], 'f1-score': [], 'support': []}, '16': {'precision': [], 'recall': [], 'f1-score': [], 'support': []}, '17': {'precision': [], 'recall': [], 'f1-score': [], 'support': []}, '18': {'precision': [], 'recall': [], 'f1-score': [], 'support': []}, 'micro avg': {'precision': [], 'recall': [], 'f1-score': [], 'support': []}, 'macro avg': {'precision': [], 'recall': [], 'f1-score': [], 'support': []}, 'weighted avg': {'precision': [], 'recall': [], 'f1-score': [], 'support': []}, 'ap_mic': [], 'ap_mac': []}, {'0': {'precision': [], 'recall': [], 'f1-score': [], 'support': []}, '1': {'precision': [], 'recall': [], 'f1-score': [], 'support': []}, '2': {'precision': [], 'recall': [], 'f1-score': [], 'support': []}, '3': {'precision': [], 'recall': [], 'f1-score': [], 'support': []}, '4': {'precision': [], 'recall': [], 'f1-score': [], 'support': []}, '5': {'precision': [], 'recall': [], 'f1-score': [], 'support': []}, '6': {'precision': [], 'recall': [], 'f1-score': [], 'support': []}, '7': {'precision': [], 'recall': [], 'f1-score': [], 'support': []}, '8': {'precision': [], 'recall': [], 'f1-score': [], 'support': []}, '9': {'precision': [], 'recall': [], 'f1-score': [], 'support': []}, '10': {'precision': [], 'recall': [], 'f1-score': [], 'support': []}, '11': {'precision': [], 'recall': [], 'f1-score': [], 'support': []}, '12': {'precision': [], 'recall': [], 'f1-score': [], 'support': []}, '13': {'precision': [], 'recall': [], 'f1-score': [], 'support': []}, '14': {'precision': [], 'recall': [], 'f1-score': [], 'support': []}, '15': {'precision': [], 'recall': [], 'f1-score': [], 'support': []}, '16': {'precision': [], 'recall': [], 'f1-score': [], 'support': []}, '17': {'precision': [], 'recall': [], 'f1-score': [], 'support': []}, '18': {'precision': [], 'recall': [], 'f1-score': [], 'support': []}, 'micro avg': {'precision': [], 'recall': [], 'f1-score': [], 'support': []}, 'macro avg': {'precision': [], 'recall': [], 'f1-score': [], 'support': []}, 'weighted avg': {'precision': [], 'recall': [], 'f1-score': [], 'support': []}, 'ap_mic': [], 'ap_mac': []}, {'0': {'precision': [], 'recall': [], 'f1-score': [], 'support': []}, '1': {'precision': [], 'recall': [], 'f1-score': [], 'support': []}, '2': {'precision': [], 'recall': [], 'f1-score': [], 'support': []}, '3': {'precision': [], 'recall': [], 'f1-score': [], 'support': []}, '4': {'precision': [], 'recall': [], 'f1-score': [], 'support': []}, '5': {'precision': [], 'recall': [], 'f1-score': [], 'support': []}, '6': {'precision': [], 'recall': [], 'f1-score': [], 'support': []}, '7': {'precision': [], 'recall': [], 'f1-score': [], 'support': []}, '8': {'precision': [], 'recall': [], 'f1-score': [], 'support': []}, '9': {'precision': [], 'recall': [], 'f1-score': [], 'support': []}, '10': {'precision': [], 'recall': [], 'f1-score': [], 'support': []}, '11': {'precision': [], 'recall': [], 'f1-score': [], 'support': []}, '12': {'precision': [], 'recall': [], 'f1-score': [], 'support': []}, '13': {'precision': [], 'recall': [], 'f1-score': [], 'support': []}, '14': {'precision': [], 'recall': [], 'f1-score': [], 'support': []}, '15': {'precision': [], 'recall': [], 'f1-score': [], 'support': []}, '16': {'precision': [], 'recall': [], 'f1-score': [], 'support': []}, '17': {'precision': [], 'recall': [], 'f1-score': [], 'support': []}, '18': {'precision': [], 'recall': [], 'f1-score': [], 'support': []}, 'micro avg': {'precision': [], 'recall': [], 'f1-score': [], 'support': []}, 'macro avg': {'precision': [], 'recall': [], 'f1-score': [], 'support': []}, 'weighted avg': {'precision': [], 'recall': [], 'f1-score': [], 'support': []}, 'ap_mic': [], 'ap_mac': []}, {'0': {'precision': [], 'recall': [], 'f1-score': [], 'support': []}, '1': {'precision': [], 'recall': [], 'f1-score': [], 'support': []}, '2': {'precision': [], 'recall': [], 'f1-score': [], 'support': []}, '3': {'precision': [], 'recall': [], 'f1-score': [], 'support': []}, '4': {'precision': [], 'recall': [], 'f1-score': [], 'support': []}, '5': {'precision': [], 'recall': [], 'f1-score': [], 'support': []}, '6': {'precision': [], 'recall': [], 'f1-score': [], 'support': []}, '7': {'precision': [], 'recall': [], 'f1-score': [], 'support': []}, '8': {'precision': [], 'recall': [], 'f1-score': [], 'support': []}, '9': {'precision': [], 'recall': [], 'f1-score': [], 'support': []}, '10': {'precision': [], 'recall': [], 'f1-score': [], 'support': []}, '11': {'precision': [], 'recall': [], 'f1-score': [], 'support': []}, '12': {'precision': [], 'recall': [], 'f1-score': [], 'support': []}, '13': {'precision': [], 'recall': [], 'f1-score': [], 'support': []}, '14': {'precision': [], 'recall': [], 'f1-score': [], 'support': []}, '15': {'precision': [], 'recall': [], 'f1-score': [], 'support': []}, '16': {'precision': [], 'recall': [], 'f1-score': [], 'support': []}, '17': {'precision': [], 'recall': [], 'f1-score': [], 'support': []}, '18': {'precision': [], 'recall': [], 'f1-score': [], 'support': []}, 'micro avg': {'precision': [], 'recall': [], 'f1-score': [], 'support': []}, 'macro avg': {'precision': [], 'recall': [], 'f1-score': [], 'support': []}, 'weighted avg': {'precision': [], 'recall': [], 'f1-score': [], 'support': []}, 'ap_mic': [], 'ap_mac': []}, {'0': {'precision': [], 'recall': [], 'f1-score': [], 'support': []}, '1': {'precision': [], 'recall': [], 'f1-score': [], 'support': []}, '2': {'precision': [], 'recall': [], 'f1-score': [], 'support': []}, '3': {'precision': [], 'recall': [], 'f1-score': [], 'support': []}, '4': {'precision': [], 'recall': [], 'f1-score': [], 'support': []}, '5': {'precision': [], 'recall': [], 'f1-score': [], 'support': []}, '6': {'precision': [], 'recall': [], 'f1-score': [], 'support': []}, '7': {'precision': [], 'recall': [], 'f1-score': [], 'support': []}, '8': {'precision': [], 'recall': [], 'f1-score': [], 'support': []}, '9': {'precision': [], 'recall': [], 'f1-score': [], 'support': []}, '10': {'precision': [], 'recall': [], 'f1-score': [], 'support': []}, '11': {'precision': [], 'recall': [], 'f1-score': [], 'support': []}, '12': {'precision': [], 'recall': [], 'f1-score': [], 'support': []}, '13': {'precision': [], 'recall': [], 'f1-score': [], 'support': []}, '14': {'precision': [], 'recall': [], 'f1-score': [], 'support': []}, '15': {'precision': [], 'recall': [], 'f1-score': [], 'support': []}, '16': {'precision': [], 'recall': [], 'f1-score': [], 'support': []}, '17': {'precision': [], 'recall': [], 'f1-score': [], 'support': []}, '18': {'precision': [], 'recall': [], 'f1-score': [], 'support': []}, 'micro avg': {'precision': [], 'recall': [], 'f1-score': [], 'support': []}, 'macro avg': {'precision': [], 'recall': [], 'f1-score': [], 'support': []}, 'weighted avg': {'precision': [], 'recall': [], 'f1-score': [], 'support': []}, 'ap_mic': [], 'ap_mac': []}, {'0': {'precision': [], 'recall': [], 'f1-score': [], 'support': []}, '1': {'precision': [], 'recall': [], 'f1-score': [], 'support': []}, '2': {'precision': [], 'recall': [], 'f1-score': [], 'support': []}, '3': {'precision': [], 'recall': [], 'f1-score': [], 'support': []}, '4': {'precision': [], 'recall': [], 'f1-score': [], 'support': []}, '5': {'precision': [], 'recall': [], 'f1-score': [], 'support': []}, '6': {'precision': [], 'recall': [], 'f1-score': [], 'support': []}, '7': {'precision': [], 'recall': [], 'f1-score': [], 'support': []}, '8': {'precision': [], 'recall': [], 'f1-score': [], 'support': []}, '9': {'precision': [], 'recall': [], 'f1-score': [], 'support': []}, '10': {'precision': [], 'recall': [], 'f1-score': [], 'support': []}, '11': {'precision': [], 'recall': [], 'f1-score': [], 'support': []}, '12': {'precision': [], 'recall': [], 'f1-score': [], 'support': []}, '13': {'precision': [], 'recall': [], 'f1-score': [], 'support': []}, '14': {'precision': [], 'recall': [], 'f1-score': [], 'support': []}, '15': {'precision': [], 'recall': [], 'f1-score': [], 'support': []}, '16': {'precision': [], 'recall': [], 'f1-score': [], 'support': []}, '17': {'precision': [], 'recall': [], 'f1-score': [], 'support': []}, '18': {'precision': [], 'recall': [], 'f1-score': [], 'support': []}, 'micro avg': {'precision': [], 'recall': [], 'f1-score': [], 'support': []}, 'macro avg': {'precision': [], 'recall': [], 'f1-score': [], 'support': []}, 'weighted avg': {'precision': [], 'recall': [], 'f1-score': [], 'support': []}, 'ap_mic': [], 'ap_mac': []}, {'0': {'precision': [], 'recall': [], 'f1-score': [], 'support': []}, '1': {'precision': [], 'recall': [], 'f1-score': [], 'support': []}, '2': {'precision': [], 'recall': [], 'f1-score': [], 'support': []}, '3': {'precision': [], 'recall': [], 'f1-score': [], 'support': []}, '4': {'precision': [], 'recall': [], 'f1-score': [], 'support': []}, '5': {'precision': [], 'recall': [], 'f1-score': [], 'support': []}, '6': {'precision': [], 'recall': [], 'f1-score': [], 'support': []}, '7': {'precision': [], 'recall': [], 'f1-score': [], 'support': []}, '8': {'precision': [], 'recall': [], 'f1-score': [], 'support': []}, '9': {'precision': [], 'recall': [], 'f1-score': [], 'support': []}, '10': {'precision': [], 'recall': [], 'f1-score': [], 'support': []}, '11': {'precision': [], 'recall': [], 'f1-score': [], 'support': []}, '12': {'precision': [], 'recall': [], 'f1-score': [], 'support': []}, '13': {'precision': [], 'recall': [], 'f1-score': [], 'support': []}, '14': {'precision': [], 'recall': [], 'f1-score': [], 'support': []}, '15': {'precision': [], 'recall': [], 'f1-score': [], 'support': []}, '16': {'precision': [], 'recall': [], 'f1-score': [], 'support': []}, '17': {'precision': [], 'recall': [], 'f1-score': [], 'support': []}, '18': {'precision': [], 'recall': [], 'f1-score': [], 'support': []}, 'micro avg': {'precision': [], 'recall': [], 'f1-score': [], 'support': []}, 'macro avg': {'precision': [], 'recall': [], 'f1-score': [], 'support': []}, 'weighted avg': {'precision': [], 'recall': [], 'f1-score': [], 'support': []}, 'ap_mic': [], 'ap_mac': []}]
