scenario: 			 2 
pruning strategy: 	 unpruned 
pruning rate: 		 0.95 
pruning round: 		 2 
communication rounds: 15 
epochs per round:	 4
Using device: cuda:0

init FLClient TRAIN dataset and dataloader
Pre-filtered 30767 patches based on country and season (split ignored)
Loading BEN data for train...
    237871 patches indexed
    14805 filtered patches indexed
    14805 patches indexed considering max_len
Merged metadata with snow/cloud metadata
Loaded 549488 labels
Loaded 549488 keys
Loaded mapping created

init FLClient VALIDATION dataset and dataloader
Pre-filtered 30767 patches based on country and season (split ignored)
Loading BEN data for test...
    119825 patches indexed
    8209 filtered patches indexed
    256 patches indexed considering max_len
Merged metadata with snow/cloud metadata
Loaded 549488 labels
Loaded 549488 keys
Loaded mapping created

init FLClient TRAIN dataset and dataloader
Pre-filtered 15549 patches based on country and season (split ignored)
Loading BEN data for train...
    237871 patches indexed
    7150 filtered patches indexed
    7150 patches indexed considering max_len
Merged metadata with snow/cloud metadata
Loaded 549488 labels
Loaded 549488 keys
Loaded mapping created

init FLClient VALIDATION dataset and dataloader
Pre-filtered 15549 patches based on country and season (split ignored)
Loading BEN data for test...
    119825 patches indexed
    4263 filtered patches indexed
    256 patches indexed considering max_len
Merged metadata with snow/cloud metadata
Loaded 549488 labels
Loaded 549488 keys
Loaded mapping created

init FLClient TRAIN dataset and dataloader
Pre-filtered 13683 patches based on country and season (split ignored)
Loading BEN data for train...
    237871 patches indexed
    7180 filtered patches indexed
    7180 patches indexed considering max_len
Merged metadata with snow/cloud metadata
Loaded 549488 labels
Loaded 549488 keys
Loaded mapping created

init FLClient VALIDATION dataset and dataloader
Pre-filtered 13683 patches based on country and season (split ignored)
Loading BEN data for test...
    119825 patches indexed
    3248 filtered patches indexed
    256 patches indexed considering max_len
Merged metadata with snow/cloud metadata
Loaded 549488 labels
Loaded 549488 keys
Loaded mapping created

init FLClient TRAIN dataset and dataloader
Pre-filtered 10372 patches based on country and season (split ignored)
Loading BEN data for train...
    237871 patches indexed
    5941 filtered patches indexed
    5941 patches indexed considering max_len
Merged metadata with snow/cloud metadata
Loaded 549488 labels
Loaded 549488 keys
Loaded mapping created

init FLClient VALIDATION dataset and dataloader
Pre-filtered 10372 patches based on country and season (split ignored)
Loading BEN data for test...
    119825 patches indexed
    1871 filtered patches indexed
    256 patches indexed considering max_len
Merged metadata with snow/cloud metadata
Loaded 549488 labels
Loaded 549488 keys
Loaded mapping created

init FLClient TRAIN dataset and dataloader
Pre-filtered 1939 patches based on country and season (split ignored)
Loading BEN data for train...
    237871 patches indexed
    1323 filtered patches indexed
    1323 patches indexed considering max_len
Merged metadata with snow/cloud metadata
Loaded 549488 labels
Loaded 549488 keys
Loaded mapping created

init FLClient VALIDATION dataset and dataloader
Pre-filtered 1939 patches based on country and season (split ignored)
Loading BEN data for test...
    119825 patches indexed
    32 filtered patches indexed
    32 patches indexed considering max_len
Merged metadata with snow/cloud metadata
Loaded 549488 labels
Loaded 549488 keys
Loaded mapping created

init FLClient TRAIN dataset and dataloader
Pre-filtered 8775 patches based on country and season (split ignored)
Loading BEN data for train...
    237871 patches indexed
    4206 filtered patches indexed
    4206 patches indexed considering max_len
Merged metadata with snow/cloud metadata
Loaded 549488 labels
Loaded 549488 keys
Loaded mapping created

init FLClient VALIDATION dataset and dataloader
Pre-filtered 8775 patches based on country and season (split ignored)
Loading BEN data for test...
    119825 patches indexed
    2151 filtered patches indexed
    256 patches indexed considering max_len
Merged metadata with snow/cloud metadata
Loaded 549488 labels
Loaded 549488 keys
Loaded mapping created

init FLClient TRAIN dataset and dataloader
Pre-filtered 16438 patches based on country and season (split ignored)
Loading BEN data for train...
    237871 patches indexed
    8037 filtered patches indexed
    8037 patches indexed considering max_len
Merged metadata with snow/cloud metadata
Loaded 549488 labels
Loaded 549488 keys
Loaded mapping created

init FLClient VALIDATION dataset and dataloader
Pre-filtered 16438 patches based on country and season (split ignored)
Loading BEN data for test...
    119825 patches indexed
    4220 filtered patches indexed
    256 patches indexed considering max_len
Merged metadata with snow/cloud metadata
Loaded 549488 labels
Loaded 549488 keys
Loaded mapping created

init FLClient TRAIN dataset and dataloader
Pre-filtered 4874 patches based on country and season (split ignored)
Loading BEN data for train...
    237871 patches indexed
    1692 filtered patches indexed
    1692 patches indexed considering max_len
Merged metadata with snow/cloud metadata
Loaded 549488 labels
Loaded 549488 keys
Loaded mapping created

init FLClient VALIDATION dataset and dataloader
Pre-filtered 4874 patches based on country and season (split ignored)
Loading BEN data for test...
    119825 patches indexed
    2039 filtered patches indexed
    256 patches indexed considering max_len
Merged metadata with snow/cloud metadata
Loaded 549488 labels
Loaded 549488 keys
Loaded mapping created

init GLOBALClient VALIDATION dataset and dataloader
Pre-filtered 102397 patches based on country and season (split ignored)
Loading BEN data for test...
    119825 patches indexed
    26033 filtered patches indexed
    26033 patches indexed considering max_len
Merged metadata with snow/cloud metadata
Loaded 549488 labels
Loaded 549488 keys
Loaded mapping created
Round 1/15
----------
Epoch 1/4
----------
Epoch 2/4
----------
Epoch 3/4
----------
Epoch 4/4
----------
Epoch 1/4
----------
Epoch 2/4
----------
Epoch 3/4
----------
Epoch 4/4
----------
Epoch 1/4
----------
Epoch 2/4
----------
Epoch 3/4
----------
Epoch 4/4
----------
Epoch 1/4
----------
Epoch 2/4
----------
Epoch 3/4
----------
Epoch 4/4
----------
Epoch 1/4
----------
Epoch 2/4
----------
Epoch 3/4
----------
Epoch 4/4
----------
Epoch 1/4
----------
Epoch 2/4
----------
Epoch 3/4
----------
Epoch 4/4
----------
Epoch 1/4
----------
Epoch 2/4
----------
Epoch 3/4
----------
Epoch 4/4
----------
Epoch 1/4
----------
Epoch 2/4
----------
Epoch 3/4
----------
Epoch 4/4
----------
micro     precision: 0.5451 | recall: 0.1768 | f1-score: 0.2670 | support: 76221 | mAP: 0.4394
macro     precision: 0.1272 | recall: 0.0631 | f1-score: 0.0552 | support: 76221 | mAP: 0.3023

Round 2/15
----------
Epoch 1/4
----------
Epoch 2/4
----------
Epoch 3/4
----------
Epoch 4/4
----------
Epoch 1/4
----------
Epoch 2/4
----------
Epoch 3/4
----------
Epoch 4/4
----------
Epoch 1/4
----------
Epoch 2/4
----------
Epoch 3/4
----------
Epoch 4/4
----------
Epoch 1/4
----------
Epoch 2/4
----------
Epoch 3/4
----------
Epoch 4/4
----------
Epoch 1/4
----------
Epoch 2/4
----------
Epoch 3/4
----------
Epoch 4/4
----------
Epoch 1/4
----------
Epoch 2/4
----------
Epoch 3/4
----------
Epoch 4/4
----------
Epoch 1/4
----------
Epoch 2/4
----------
Epoch 3/4
----------
Epoch 4/4
----------
Epoch 1/4
----------
Epoch 2/4
----------
Epoch 3/4
----------
Epoch 4/4
----------
micro     precision: 0.5077 | recall: 0.4219 | f1-score: 0.4608 | support: 76221 | mAP: 0.5156
macro     precision: 0.3266 | recall: 0.2066 | f1-score: 0.2061 | support: 76221 | mAP: 0.3820

Round 3/15
----------
Epoch 1/4
----------
Epoch 2/4
----------
Epoch 3/4
----------
Epoch 4/4
----------
Epoch 1/4
----------
Epoch 2/4
----------
Epoch 3/4
----------
Epoch 4/4
----------
Epoch 1/4
----------
Epoch 2/4
----------
Epoch 3/4
----------
Epoch 4/4
----------
Epoch 1/4
----------
Epoch 2/4
----------
Epoch 3/4
----------
Epoch 4/4
----------
Epoch 1/4
----------
Epoch 2/4
----------
Epoch 3/4
----------
Epoch 4/4
----------
Epoch 1/4
----------
Epoch 2/4
----------
Epoch 3/4
----------
Epoch 4/4
----------
Epoch 1/4
----------
Epoch 2/4
----------
Epoch 3/4
----------
Epoch 4/4
----------
Epoch 1/4
----------
Epoch 2/4
----------
Epoch 3/4
----------
Epoch 4/4
----------
micro     precision: 0.5204 | recall: 0.4339 | f1-score: 0.4733 | support: 76221 | mAP: 0.4333
macro     precision: 0.2722 | recall: 0.2233 | f1-score: 0.2266 | support: 76221 | mAP: 0.3451

Round 4/15
----------
Epoch 1/4
----------
Epoch 2/4
----------
Epoch 3/4
----------
Epoch 4/4
----------
Epoch 1/4
----------
Epoch 2/4
----------
Epoch 3/4
----------
Epoch 4/4
----------
Epoch 1/4
----------
Epoch 2/4
----------
Epoch 3/4
----------
Epoch 4/4
----------
Epoch 1/4
----------
Epoch 2/4
----------
Epoch 3/4
----------
Epoch 4/4
----------
Epoch 1/4
----------
Epoch 2/4
----------
Epoch 3/4
----------
Epoch 4/4
----------
Epoch 1/4
----------
Epoch 2/4
----------
Epoch 3/4
----------
Epoch 4/4
----------
Epoch 1/4
----------
Epoch 2/4
----------
Epoch 3/4
----------
Epoch 4/4
----------
Epoch 1/4
----------
Epoch 2/4
----------
Epoch 3/4
----------
Epoch 4/4
----------
micro     precision: 0.6340 | recall: 0.4965 | f1-score: 0.5569 | support: 76221 | mAP: 0.5962
macro     precision: 0.4178 | recall: 0.2688 | f1-score: 0.2714 | support: 76221 | mAP: 0.4036

Round 5/15
----------
Epoch 1/4
----------
Epoch 2/4
----------
Epoch 3/4
----------
Epoch 4/4
----------
Epoch 1/4
----------
Epoch 2/4
----------
Epoch 3/4
----------
Epoch 4/4
----------
Epoch 1/4
----------
Epoch 2/4
----------
Epoch 3/4
----------
Epoch 4/4
----------
Epoch 1/4
----------
Epoch 2/4
----------
Epoch 3/4
----------
Epoch 4/4
----------
Epoch 1/4
----------
Epoch 2/4
----------
Epoch 3/4
----------
Epoch 4/4
----------
Epoch 1/4
----------
Epoch 2/4
----------
Epoch 3/4
----------
Epoch 4/4
----------
Epoch 1/4
----------
Epoch 2/4
----------
Epoch 3/4
----------
Epoch 4/4
----------
Epoch 1/4
----------
Epoch 2/4
----------
Epoch 3/4
----------
Epoch 4/4
----------
micro     precision: 0.5720 | recall: 0.4751 | f1-score: 0.5191 | support: 76221 | mAP: 0.5318
macro     precision: 0.4386 | recall: 0.2502 | f1-score: 0.2550 | support: 76221 | mAP: 0.3946

Round 6/15
----------
Epoch 1/4
----------
Epoch 2/4
----------
Epoch 3/4
----------
Epoch 4/4
----------
Epoch 1/4
----------
Epoch 2/4
----------
Epoch 3/4
----------
Epoch 4/4
----------
Epoch 1/4
----------
Epoch 2/4
----------
Epoch 3/4
----------
Epoch 4/4
----------
Epoch 1/4
----------
Epoch 2/4
----------
Epoch 3/4
----------
Epoch 4/4
----------
Epoch 1/4
----------
Epoch 2/4
----------
Epoch 3/4
----------
Epoch 4/4
----------
Epoch 1/4
----------
Epoch 2/4
----------
Epoch 3/4
----------
Epoch 4/4
----------
Epoch 1/4
----------
Epoch 2/4
----------
Epoch 3/4
----------
Epoch 4/4
----------
Epoch 1/4
----------
Epoch 2/4
----------
Epoch 3/4
----------
Epoch 4/4
----------
micro     precision: 0.6212 | recall: 0.5375 | f1-score: 0.5764 | support: 76221 | mAP: 0.6394
macro     precision: 0.4872 | recall: 0.3080 | f1-score: 0.3130 | support: 76221 | mAP: 0.4435

Round 7/15
----------
Epoch 1/4
----------
Epoch 2/4
----------
Epoch 3/4
----------
Epoch 4/4
----------
Epoch 1/4
----------
Epoch 2/4
----------
Epoch 3/4
----------
Epoch 4/4
----------
Epoch 1/4
----------
Epoch 2/4
----------
Epoch 3/4
----------
Epoch 4/4
----------
Epoch 1/4
----------
Epoch 2/4
----------
Epoch 3/4
----------
Epoch 4/4
----------
Epoch 1/4
----------
Epoch 2/4
----------
Epoch 3/4
----------
Epoch 4/4
----------
Epoch 1/4
----------
Epoch 2/4
----------
Epoch 3/4
----------
Epoch 4/4
----------
Epoch 1/4
----------
Epoch 2/4
----------
Epoch 3/4
----------
Epoch 4/4
----------
Epoch 1/4
----------
Epoch 2/4
----------
Epoch 3/4
----------
Epoch 4/4
----------
micro     precision: 0.6367 | recall: 0.4789 | f1-score: 0.5466 | support: 76221 | mAP: 0.5366
macro     precision: 0.4585 | recall: 0.2503 | f1-score: 0.2635 | support: 76221 | mAP: 0.4026

Round 8/15
----------
Epoch 1/4
----------
Epoch 2/4
----------
Epoch 3/4
----------
Epoch 4/4
----------
Epoch 1/4
----------
Epoch 2/4
----------
Epoch 3/4
----------
Epoch 4/4
----------
Epoch 1/4
----------
Epoch 2/4
----------
Epoch 3/4
----------
Epoch 4/4
----------
Epoch 1/4
----------
Epoch 2/4
----------
Epoch 3/4
----------
Epoch 4/4
----------
Epoch 1/4
----------
Epoch 2/4
----------
Epoch 3/4
----------
Epoch 4/4
----------
Epoch 1/4
----------
Epoch 2/4
----------
Epoch 3/4
----------
Epoch 4/4
----------
Epoch 1/4
----------
Epoch 2/4
----------
Epoch 3/4
----------
Epoch 4/4
----------
Epoch 1/4
----------
Epoch 2/4
----------
Epoch 3/4
----------
Epoch 4/4
----------
micro     precision: 0.6506 | recall: 0.5356 | f1-score: 0.5875 | support: 76221 | mAP: 0.6620
macro     precision: 0.5170 | recall: 0.3079 | f1-score: 0.3250 | support: 76221 | mAP: 0.4503

Round 9/15
----------
Epoch 1/4
----------
Epoch 2/4
----------
Epoch 3/4
----------
Epoch 4/4
----------
Epoch 1/4
----------
Epoch 2/4
----------
Epoch 3/4
----------
Epoch 4/4
----------
Epoch 1/4
----------
Epoch 2/4
----------
Epoch 3/4
----------
Epoch 4/4
----------
Epoch 1/4
----------
Epoch 2/4
----------
Epoch 3/4
----------
Epoch 4/4
----------
Epoch 1/4
----------
Epoch 2/4
----------
Epoch 3/4
----------
Epoch 4/4
----------
Epoch 1/4
----------
Epoch 2/4
----------
Epoch 3/4
----------
Epoch 4/4
----------
Epoch 1/4
----------
Epoch 2/4
----------
Epoch 3/4
----------
Epoch 4/4
----------
Epoch 1/4
----------
Epoch 2/4
----------
Epoch 3/4
----------
Epoch 4/4
----------
micro     precision: 0.6547 | recall: 0.4856 | f1-score: 0.5576 | support: 76221 | mAP: 0.6113
macro     precision: 0.4652 | recall: 0.2540 | f1-score: 0.2725 | support: 76221 | mAP: 0.4370

Round 10/15
----------
Epoch 1/4
----------
Epoch 2/4
----------
Epoch 3/4
----------
Epoch 4/4
----------
Epoch 1/4
----------
Epoch 2/4
----------
Epoch 3/4
----------
Epoch 4/4
----------
Epoch 1/4
----------
Epoch 2/4
----------
Epoch 3/4
----------
Epoch 4/4
----------
Epoch 1/4
----------
Epoch 2/4
----------
Epoch 3/4
----------
Epoch 4/4
----------
Epoch 1/4
----------
Epoch 2/4
----------
Epoch 3/4
----------
Epoch 4/4
----------
Epoch 1/4
----------
Epoch 2/4
----------
Epoch 3/4
----------
Epoch 4/4
----------
Epoch 1/4
----------
Epoch 2/4
----------
Epoch 3/4
----------
Epoch 4/4
----------
Epoch 1/4
----------
Epoch 2/4
----------
Epoch 3/4
----------
Epoch 4/4
----------
micro     precision: 0.6931 | recall: 0.5213 | f1-score: 0.5950 | support: 76221 | mAP: 0.6689
macro     precision: 0.4988 | recall: 0.2991 | f1-score: 0.3186 | support: 76221 | mAP: 0.4655

Round 11/15
----------
Epoch 1/4
----------
Epoch 2/4
----------
Epoch 3/4
----------
Epoch 4/4
----------
Epoch 1/4
----------
Epoch 2/4
----------
Epoch 3/4
----------
Epoch 4/4
----------
Epoch 1/4
----------
Epoch 2/4
----------
Epoch 3/4
----------
Epoch 4/4
----------
Epoch 1/4
----------
Epoch 2/4
----------
Epoch 3/4
----------
Epoch 4/4
----------
Epoch 1/4
----------
Epoch 2/4
----------
Epoch 3/4
----------
Epoch 4/4
----------
Epoch 1/4
----------
Epoch 2/4
----------
Epoch 3/4
----------
Epoch 4/4
----------
Epoch 1/4
----------
Epoch 2/4
----------
Epoch 3/4
----------
Epoch 4/4
----------
Epoch 1/4
----------
Epoch 2/4
----------
Epoch 3/4
----------
Epoch 4/4
----------
micro     precision: 0.6560 | recall: 0.4912 | f1-score: 0.5618 | support: 76221 | mAP: 0.6193
macro     precision: 0.4768 | recall: 0.2665 | f1-score: 0.2905 | support: 76221 | mAP: 0.4513

Round 12/15
----------
Epoch 1/4
----------
Epoch 2/4
----------
Epoch 3/4
----------
Epoch 4/4
----------
Epoch 1/4
----------
Epoch 2/4
----------
Epoch 3/4
----------
Epoch 4/4
----------
Epoch 1/4
----------
Epoch 2/4
----------
Epoch 3/4
----------
Epoch 4/4
----------
Epoch 1/4
----------
Epoch 2/4
----------
Epoch 3/4
----------
Epoch 4/4
----------
Epoch 1/4
----------
Epoch 2/4
----------
Epoch 3/4
----------
Epoch 4/4
----------
Epoch 1/4
----------
Epoch 2/4
----------
Epoch 3/4
----------
Epoch 4/4
----------
Epoch 1/4
----------
Epoch 2/4
----------
Epoch 3/4
----------
Epoch 4/4
----------
Epoch 1/4
----------
Epoch 2/4
----------
Epoch 3/4
----------
Epoch 4/4
----------
micro     precision: 0.7058 | recall: 0.5073 | f1-score: 0.5903 | support: 76221 | mAP: 0.6776
macro     precision: 0.5391 | recall: 0.3121 | f1-score: 0.3411 | support: 76221 | mAP: 0.4799

Round 13/15
----------
Epoch 1/4
----------
Epoch 2/4
----------
Epoch 3/4
----------
Epoch 4/4
----------
Epoch 1/4
----------
Epoch 2/4
----------
Epoch 3/4
----------
Epoch 4/4
----------
Epoch 1/4
----------
Epoch 2/4
----------
Epoch 3/4
----------
Epoch 4/4
----------
Epoch 1/4
----------
Epoch 2/4
----------
Epoch 3/4
----------
Epoch 4/4
----------
Epoch 1/4
----------
Epoch 2/4
----------
Epoch 3/4
----------
Epoch 4/4
----------
Epoch 1/4
----------
Epoch 2/4
----------
Epoch 3/4
----------
Epoch 4/4
----------
Epoch 1/4
----------
Epoch 2/4
----------
Epoch 3/4
----------
Epoch 4/4
----------
Epoch 1/4
----------
Epoch 2/4
----------
Epoch 3/4
----------
Epoch 4/4
----------
micro     precision: 0.6881 | recall: 0.4869 | f1-score: 0.5703 | support: 76221 | mAP: 0.6365
macro     precision: 0.5089 | recall: 0.2715 | f1-score: 0.3048 | support: 76221 | mAP: 0.4626

Round 14/15
----------
Epoch 1/4
----------
Epoch 2/4
----------
Epoch 3/4
----------
Epoch 4/4
----------
Epoch 1/4
----------
Epoch 2/4
----------
Epoch 3/4
----------
Epoch 4/4
----------
Epoch 1/4
----------
Epoch 2/4
----------
Epoch 3/4
----------
Epoch 4/4
----------
Epoch 1/4
----------
Epoch 2/4
----------
Epoch 3/4
----------
Epoch 4/4
----------
Epoch 1/4
----------
Epoch 2/4
----------
Epoch 3/4
----------
Epoch 4/4
----------
Epoch 1/4
----------
Epoch 2/4
----------
Epoch 3/4
----------
Epoch 4/4
----------
Epoch 1/4
----------
Epoch 2/4
----------
Epoch 3/4
----------
Epoch 4/4
----------
Epoch 1/4
----------
Epoch 2/4
----------
Epoch 3/4
----------
Epoch 4/4
----------
micro     precision: 0.7212 | recall: 0.4834 | f1-score: 0.5788 | support: 76221 | mAP: 0.6760
macro     precision: 0.5849 | recall: 0.2992 | f1-score: 0.3445 | support: 76221 | mAP: 0.4824

Round 15/15
----------
Epoch 1/4
----------
Epoch 2/4
----------
Epoch 3/4
----------
Epoch 4/4
----------
Epoch 1/4
----------
Epoch 2/4
----------
Epoch 3/4
----------
Epoch 4/4
----------
Epoch 1/4
----------
Epoch 2/4
----------
Epoch 3/4
----------
Epoch 4/4
----------
Epoch 1/4
----------
Epoch 2/4
----------
Epoch 3/4
----------
Epoch 4/4
----------
Epoch 1/4
----------
Epoch 2/4
----------
Epoch 3/4
----------
Epoch 4/4
----------
Epoch 1/4
----------
Epoch 2/4
----------
Epoch 3/4
----------
Epoch 4/4
----------
Epoch 1/4
----------
Epoch 2/4
----------
Epoch 3/4
----------
Epoch 4/4
----------
Epoch 1/4
----------
Epoch 2/4
----------
Epoch 3/4
----------
Epoch 4/4
----------
micro     precision: 0.6850 | recall: 0.5093 | f1-score: 0.5842 | support: 76221 | mAP: 0.6342
macro     precision: 0.5775 | recall: 0.2772 | f1-score: 0.3040 | support: 76221 | mAP: 0.4415

[{'0': {'precision': [], 'recall': [], 'f1-score': [], 'support': []}, '1': {'precision': [], 'recall': [], 'f1-score': [], 'support': []}, '2': {'precision': [], 'recall': [], 'f1-score': [], 'support': []}, '3': {'precision': [], 'recall': [], 'f1-score': [], 'support': []}, '4': {'precision': [], 'recall': [], 'f1-score': [], 'support': []}, '5': {'precision': [], 'recall': [], 'f1-score': [], 'support': []}, '6': {'precision': [], 'recall': [], 'f1-score': [], 'support': []}, '7': {'precision': [], 'recall': [], 'f1-score': [], 'support': []}, '8': {'precision': [], 'recall': [], 'f1-score': [], 'support': []}, '9': {'precision': [], 'recall': [], 'f1-score': [], 'support': []}, '10': {'precision': [], 'recall': [], 'f1-score': [], 'support': []}, '11': {'precision': [], 'recall': [], 'f1-score': [], 'support': []}, '12': {'precision': [], 'recall': [], 'f1-score': [], 'support': []}, '13': {'precision': [], 'recall': [], 'f1-score': [], 'support': []}, '14': {'precision': [], 'recall': [], 'f1-score': [], 'support': []}, '15': {'precision': [], 'recall': [], 'f1-score': [], 'support': []}, '16': {'precision': [], 'recall': [], 'f1-score': [], 'support': []}, '17': {'precision': [], 'recall': [], 'f1-score': [], 'support': []}, '18': {'precision': [], 'recall': [], 'f1-score': [], 'support': []}, 'micro avg': {'precision': [], 'recall': [], 'f1-score': [], 'support': []}, 'macro avg': {'precision': [], 'recall': [], 'f1-score': [], 'support': []}, 'weighted avg': {'precision': [], 'recall': [], 'f1-score': [], 'support': []}, 'ap_mic': [], 'ap_mac': []}, {'0': {'precision': [], 'recall': [], 'f1-score': [], 'support': []}, '1': {'precision': [], 'recall': [], 'f1-score': [], 'support': []}, '2': {'precision': [], 'recall': [], 'f1-score': [], 'support': []}, '3': {'precision': [], 'recall': [], 'f1-score': [], 'support': []}, '4': {'precision': [], 'recall': [], 'f1-score': [], 'support': []}, '5': {'precision': [], 'recall': [], 'f1-score': [], 'support': []}, '6': {'precision': [], 'recall': [], 'f1-score': [], 'support': []}, '7': {'precision': [], 'recall': [], 'f1-score': [], 'support': []}, '8': {'precision': [], 'recall': [], 'f1-score': [], 'support': []}, '9': {'precision': [], 'recall': [], 'f1-score': [], 'support': []}, '10': {'precision': [], 'recall': [], 'f1-score': [], 'support': []}, '11': {'precision': [], 'recall': [], 'f1-score': [], 'support': []}, '12': {'precision': [], 'recall': [], 'f1-score': [], 'support': []}, '13': {'precision': [], 'recall': [], 'f1-score': [], 'support': []}, '14': {'precision': [], 'recall': [], 'f1-score': [], 'support': []}, '15': {'precision': [], 'recall': [], 'f1-score': [], 'support': []}, '16': {'precision': [], 'recall': [], 'f1-score': [], 'support': []}, '17': {'precision': [], 'recall': [], 'f1-score': [], 'support': []}, '18': {'precision': [], 'recall': [], 'f1-score': [], 'support': []}, 'micro avg': {'precision': [], 'recall': [], 'f1-score': [], 'support': []}, 'macro avg': {'precision': [], 'recall': [], 'f1-score': [], 'support': []}, 'weighted avg': {'precision': [], 'recall': [], 'f1-score': [], 'support': []}, 'ap_mic': [], 'ap_mac': []}, {'0': {'precision': [], 'recall': [], 'f1-score': [], 'support': []}, '1': {'precision': [], 'recall': [], 'f1-score': [], 'support': []}, '2': {'precision': [], 'recall': [], 'f1-score': [], 'support': []}, '3': {'precision': [], 'recall': [], 'f1-score': [], 'support': []}, '4': {'precision': [], 'recall': [], 'f1-score': [], 'support': []}, '5': {'precision': [], 'recall': [], 'f1-score': [], 'support': []}, '6': {'precision': [], 'recall': [], 'f1-score': [], 'support': []}, '7': {'precision': [], 'recall': [], 'f1-score': [], 'support': []}, '8': {'precision': [], 'recall': [], 'f1-score': [], 'support': []}, '9': {'precision': [], 'recall': [], 'f1-score': [], 'support': []}, '10': {'precision': [], 'recall': [], 'f1-score': [], 'support': []}, '11': {'precision': [], 'recall': [], 'f1-score': [], 'support': []}, '12': {'precision': [], 'recall': [], 'f1-score': [], 'support': []}, '13': {'precision': [], 'recall': [], 'f1-score': [], 'support': []}, '14': {'precision': [], 'recall': [], 'f1-score': [], 'support': []}, '15': {'precision': [], 'recall': [], 'f1-score': [], 'support': []}, '16': {'precision': [], 'recall': [], 'f1-score': [], 'support': []}, '17': {'precision': [], 'recall': [], 'f1-score': [], 'support': []}, '18': {'precision': [], 'recall': [], 'f1-score': [], 'support': []}, 'micro avg': {'precision': [], 'recall': [], 'f1-score': [], 'support': []}, 'macro avg': {'precision': [], 'recall': [], 'f1-score': [], 'support': []}, 'weighted avg': {'precision': [], 'recall': [], 'f1-score': [], 'support': []}, 'ap_mic': [], 'ap_mac': []}, {'0': {'precision': [], 'recall': [], 'f1-score': [], 'support': []}, '1': {'precision': [], 'recall': [], 'f1-score': [], 'support': []}, '2': {'precision': [], 'recall': [], 'f1-score': [], 'support': []}, '3': {'precision': [], 'recall': [], 'f1-score': [], 'support': []}, '4': {'precision': [], 'recall': [], 'f1-score': [], 'support': []}, '5': {'precision': [], 'recall': [], 'f1-score': [], 'support': []}, '6': {'precision': [], 'recall': [], 'f1-score': [], 'support': []}, '7': {'precision': [], 'recall': [], 'f1-score': [], 'support': []}, '8': {'precision': [], 'recall': [], 'f1-score': [], 'support': []}, '9': {'precision': [], 'recall': [], 'f1-score': [], 'support': []}, '10': {'precision': [], 'recall': [], 'f1-score': [], 'support': []}, '11': {'precision': [], 'recall': [], 'f1-score': [], 'support': []}, '12': {'precision': [], 'recall': [], 'f1-score': [], 'support': []}, '13': {'precision': [], 'recall': [], 'f1-score': [], 'support': []}, '14': {'precision': [], 'recall': [], 'f1-score': [], 'support': []}, '15': {'precision': [], 'recall': [], 'f1-score': [], 'support': []}, '16': {'precision': [], 'recall': [], 'f1-score': [], 'support': []}, '17': {'precision': [], 'recall': [], 'f1-score': [], 'support': []}, '18': {'precision': [], 'recall': [], 'f1-score': [], 'support': []}, 'micro avg': {'precision': [], 'recall': [], 'f1-score': [], 'support': []}, 'macro avg': {'precision': [], 'recall': [], 'f1-score': [], 'support': []}, 'weighted avg': {'precision': [], 'recall': [], 'f1-score': [], 'support': []}, 'ap_mic': [], 'ap_mac': []}, {'0': {'precision': [], 'recall': [], 'f1-score': [], 'support': []}, '1': {'precision': [], 'recall': [], 'f1-score': [], 'support': []}, '2': {'precision': [], 'recall': [], 'f1-score': [], 'support': []}, '3': {'precision': [], 'recall': [], 'f1-score': [], 'support': []}, '4': {'precision': [], 'recall': [], 'f1-score': [], 'support': []}, '5': {'precision': [], 'recall': [], 'f1-score': [], 'support': []}, '6': {'precision': [], 'recall': [], 'f1-score': [], 'support': []}, '7': {'precision': [], 'recall': [], 'f1-score': [], 'support': []}, '8': {'precision': [], 'recall': [], 'f1-score': [], 'support': []}, '9': {'precision': [], 'recall': [], 'f1-score': [], 'support': []}, '10': {'precision': [], 'recall': [], 'f1-score': [], 'support': []}, '11': {'precision': [], 'recall': [], 'f1-score': [], 'support': []}, '12': {'precision': [], 'recall': [], 'f1-score': [], 'support': []}, '13': {'precision': [], 'recall': [], 'f1-score': [], 'support': []}, '14': {'precision': [], 'recall': [], 'f1-score': [], 'support': []}, '15': {'precision': [], 'recall': [], 'f1-score': [], 'support': []}, '16': {'precision': [], 'recall': [], 'f1-score': [], 'support': []}, '17': {'precision': [], 'recall': [], 'f1-score': [], 'support': []}, '18': {'precision': [], 'recall': [], 'f1-score': [], 'support': []}, 'micro avg': {'precision': [], 'recall': [], 'f1-score': [], 'support': []}, 'macro avg': {'precision': [], 'recall': [], 'f1-score': [], 'support': []}, 'weighted avg': {'precision': [], 'recall': [], 'f1-score': [], 'support': []}, 'ap_mic': [], 'ap_mac': []}, {'0': {'precision': [], 'recall': [], 'f1-score': [], 'support': []}, '1': {'precision': [], 'recall': [], 'f1-score': [], 'support': []}, '2': {'precision': [], 'recall': [], 'f1-score': [], 'support': []}, '3': {'precision': [], 'recall': [], 'f1-score': [], 'support': []}, '4': {'precision': [], 'recall': [], 'f1-score': [], 'support': []}, '5': {'precision': [], 'recall': [], 'f1-score': [], 'support': []}, '6': {'precision': [], 'recall': [], 'f1-score': [], 'support': []}, '7': {'precision': [], 'recall': [], 'f1-score': [], 'support': []}, '8': {'precision': [], 'recall': [], 'f1-score': [], 'support': []}, '9': {'precision': [], 'recall': [], 'f1-score': [], 'support': []}, '10': {'precision': [], 'recall': [], 'f1-score': [], 'support': []}, '11': {'precision': [], 'recall': [], 'f1-score': [], 'support': []}, '12': {'precision': [], 'recall': [], 'f1-score': [], 'support': []}, '13': {'precision': [], 'recall': [], 'f1-score': [], 'support': []}, '14': {'precision': [], 'recall': [], 'f1-score': [], 'support': []}, '15': {'precision': [], 'recall': [], 'f1-score': [], 'support': []}, '16': {'precision': [], 'recall': [], 'f1-score': [], 'support': []}, '17': {'precision': [], 'recall': [], 'f1-score': [], 'support': []}, '18': {'precision': [], 'recall': [], 'f1-score': [], 'support': []}, 'micro avg': {'precision': [], 'recall': [], 'f1-score': [], 'support': []}, 'macro avg': {'precision': [], 'recall': [], 'f1-score': [], 'support': []}, 'weighted avg': {'precision': [], 'recall': [], 'f1-score': [], 'support': []}, 'ap_mic': [], 'ap_mac': []}, {'0': {'precision': [], 'recall': [], 'f1-score': [], 'support': []}, '1': {'precision': [], 'recall': [], 'f1-score': [], 'support': []}, '2': {'precision': [], 'recall': [], 'f1-score': [], 'support': []}, '3': {'precision': [], 'recall': [], 'f1-score': [], 'support': []}, '4': {'precision': [], 'recall': [], 'f1-score': [], 'support': []}, '5': {'precision': [], 'recall': [], 'f1-score': [], 'support': []}, '6': {'precision': [], 'recall': [], 'f1-score': [], 'support': []}, '7': {'precision': [], 'recall': [], 'f1-score': [], 'support': []}, '8': {'precision': [], 'recall': [], 'f1-score': [], 'support': []}, '9': {'precision': [], 'recall': [], 'f1-score': [], 'support': []}, '10': {'precision': [], 'recall': [], 'f1-score': [], 'support': []}, '11': {'precision': [], 'recall': [], 'f1-score': [], 'support': []}, '12': {'precision': [], 'recall': [], 'f1-score': [], 'support': []}, '13': {'precision': [], 'recall': [], 'f1-score': [], 'support': []}, '14': {'precision': [], 'recall': [], 'f1-score': [], 'support': []}, '15': {'precision': [], 'recall': [], 'f1-score': [], 'support': []}, '16': {'precision': [], 'recall': [], 'f1-score': [], 'support': []}, '17': {'precision': [], 'recall': [], 'f1-score': [], 'support': []}, '18': {'precision': [], 'recall': [], 'f1-score': [], 'support': []}, 'micro avg': {'precision': [], 'recall': [], 'f1-score': [], 'support': []}, 'macro avg': {'precision': [], 'recall': [], 'f1-score': [], 'support': []}, 'weighted avg': {'precision': [], 'recall': [], 'f1-score': [], 'support': []}, 'ap_mic': [], 'ap_mac': []}, {'0': {'precision': [], 'recall': [], 'f1-score': [], 'support': []}, '1': {'precision': [], 'recall': [], 'f1-score': [], 'support': []}, '2': {'precision': [], 'recall': [], 'f1-score': [], 'support': []}, '3': {'precision': [], 'recall': [], 'f1-score': [], 'support': []}, '4': {'precision': [], 'recall': [], 'f1-score': [], 'support': []}, '5': {'precision': [], 'recall': [], 'f1-score': [], 'support': []}, '6': {'precision': [], 'recall': [], 'f1-score': [], 'support': []}, '7': {'precision': [], 'recall': [], 'f1-score': [], 'support': []}, '8': {'precision': [], 'recall': [], 'f1-score': [], 'support': []}, '9': {'precision': [], 'recall': [], 'f1-score': [], 'support': []}, '10': {'precision': [], 'recall': [], 'f1-score': [], 'support': []}, '11': {'precision': [], 'recall': [], 'f1-score': [], 'support': []}, '12': {'precision': [], 'recall': [], 'f1-score': [], 'support': []}, '13': {'precision': [], 'recall': [], 'f1-score': [], 'support': []}, '14': {'precision': [], 'recall': [], 'f1-score': [], 'support': []}, '15': {'precision': [], 'recall': [], 'f1-score': [], 'support': []}, '16': {'precision': [], 'recall': [], 'f1-score': [], 'support': []}, '17': {'precision': [], 'recall': [], 'f1-score': [], 'support': []}, '18': {'precision': [], 'recall': [], 'f1-score': [], 'support': []}, 'micro avg': {'precision': [], 'recall': [], 'f1-score': [], 'support': []}, 'macro avg': {'precision': [], 'recall': [], 'f1-score': [], 'support': []}, 'weighted avg': {'precision': [], 'recall': [], 'f1-score': [], 'support': []}, 'ap_mic': [], 'ap_mac': []}]
