scenario: 			 2 
pruning strategy: 	 nisp 
pruning rate: 		 0.95 
pruning round: 		 2 
communication rounds: 15 
epochs per round:	 4
Using device: cuda:0

init FLClient TRAIN dataset and dataloader
Pre-filtered 30767 patches based on country and season (split ignored)
Loading BEN data for train...
    237871 patches indexed
    14805 filtered patches indexed
    14805 patches indexed considering max_len
Merged metadata with snow/cloud metadata
Loaded 549488 labels
Loaded 549488 keys
Loaded mapping created

init FLClient VALIDATION dataset and dataloader
Pre-filtered 30767 patches based on country and season (split ignored)
Loading BEN data for test...
    119825 patches indexed
    8209 filtered patches indexed
    256 patches indexed considering max_len
Merged metadata with snow/cloud metadata
Loaded 549488 labels
Loaded 549488 keys
Loaded mapping created

init FLClient TRAIN dataset and dataloader
Pre-filtered 15549 patches based on country and season (split ignored)
Loading BEN data for train...
    237871 patches indexed
    7150 filtered patches indexed
    7150 patches indexed considering max_len
Merged metadata with snow/cloud metadata
Loaded 549488 labels
Loaded 549488 keys
Loaded mapping created

init FLClient VALIDATION dataset and dataloader
Pre-filtered 15549 patches based on country and season (split ignored)
Loading BEN data for test...
    119825 patches indexed
    4263 filtered patches indexed
    256 patches indexed considering max_len
Merged metadata with snow/cloud metadata
Loaded 549488 labels
Loaded 549488 keys
Loaded mapping created

init FLClient TRAIN dataset and dataloader
Pre-filtered 13683 patches based on country and season (split ignored)
Loading BEN data for train...
    237871 patches indexed
    7180 filtered patches indexed
    7180 patches indexed considering max_len
Merged metadata with snow/cloud metadata
Loaded 549488 labels
Loaded 549488 keys
Loaded mapping created

init FLClient VALIDATION dataset and dataloader
Pre-filtered 13683 patches based on country and season (split ignored)
Loading BEN data for test...
    119825 patches indexed
    3248 filtered patches indexed
    256 patches indexed considering max_len
Merged metadata with snow/cloud metadata
Loaded 549488 labels
Loaded 549488 keys
Loaded mapping created

init FLClient TRAIN dataset and dataloader
Pre-filtered 10372 patches based on country and season (split ignored)
Loading BEN data for train...
    237871 patches indexed
    5941 filtered patches indexed
    5941 patches indexed considering max_len
Merged metadata with snow/cloud metadata
Loaded 549488 labels
Loaded 549488 keys
Loaded mapping created

init FLClient VALIDATION dataset and dataloader
Pre-filtered 10372 patches based on country and season (split ignored)
Loading BEN data for test...
    119825 patches indexed
    1871 filtered patches indexed
    256 patches indexed considering max_len
Merged metadata with snow/cloud metadata
Loaded 549488 labels
Loaded 549488 keys
Loaded mapping created

init FLClient TRAIN dataset and dataloader
Pre-filtered 1939 patches based on country and season (split ignored)
Loading BEN data for train...
    237871 patches indexed
    1323 filtered patches indexed
    1323 patches indexed considering max_len
Merged metadata with snow/cloud metadata
Loaded 549488 labels
Loaded 549488 keys
Loaded mapping created

init FLClient VALIDATION dataset and dataloader
Pre-filtered 1939 patches based on country and season (split ignored)
Loading BEN data for test...
    119825 patches indexed
    32 filtered patches indexed
    32 patches indexed considering max_len
Merged metadata with snow/cloud metadata
Loaded 549488 labels
Loaded 549488 keys
Loaded mapping created

init FLClient TRAIN dataset and dataloader
Pre-filtered 8775 patches based on country and season (split ignored)
Loading BEN data for train...
    237871 patches indexed
    4206 filtered patches indexed
    4206 patches indexed considering max_len
Merged metadata with snow/cloud metadata
Loaded 549488 labels
Loaded 549488 keys
Loaded mapping created

init FLClient VALIDATION dataset and dataloader
Pre-filtered 8775 patches based on country and season (split ignored)
Loading BEN data for test...
    119825 patches indexed
    2151 filtered patches indexed
    256 patches indexed considering max_len
Merged metadata with snow/cloud metadata
Loaded 549488 labels
Loaded 549488 keys
Loaded mapping created

init FLClient TRAIN dataset and dataloader
Pre-filtered 16438 patches based on country and season (split ignored)
Loading BEN data for train...
    237871 patches indexed
    8037 filtered patches indexed
    8037 patches indexed considering max_len
Merged metadata with snow/cloud metadata
Loaded 549488 labels
Loaded 549488 keys
Loaded mapping created

init FLClient VALIDATION dataset and dataloader
Pre-filtered 16438 patches based on country and season (split ignored)
Loading BEN data for test...
    119825 patches indexed
    4220 filtered patches indexed
    256 patches indexed considering max_len
Merged metadata with snow/cloud metadata
Loaded 549488 labels
Loaded 549488 keys
Loaded mapping created

init FLClient TRAIN dataset and dataloader
Pre-filtered 4874 patches based on country and season (split ignored)
Loading BEN data for train...
    237871 patches indexed
    1692 filtered patches indexed
    1692 patches indexed considering max_len
Merged metadata with snow/cloud metadata
Loaded 549488 labels
Loaded 549488 keys
Loaded mapping created

init FLClient VALIDATION dataset and dataloader
Pre-filtered 4874 patches based on country and season (split ignored)
Loading BEN data for test...
    119825 patches indexed
    2039 filtered patches indexed
    256 patches indexed considering max_len
Merged metadata with snow/cloud metadata
Loaded 549488 labels
Loaded 549488 keys
Loaded mapping created

init GLOBALClient VALIDATION dataset and dataloader
Pre-filtered 102397 patches based on country and season (split ignored)
Loading BEN data for test...
    119825 patches indexed
    26033 filtered patches indexed
    26033 patches indexed considering max_len
Merged metadata with snow/cloud metadata
Loaded 549488 labels
Loaded 549488 keys
Loaded mapping created
Round 1/15
----------
Epoch 1/4
----------
Epoch 2/4
----------
Epoch 3/4
----------
Epoch 4/4
----------
Epoch 1/4
----------
Epoch 2/4
----------
Epoch 3/4
----------
Epoch 4/4
----------
Epoch 1/4
----------
Epoch 2/4
----------
Epoch 3/4
----------
Epoch 4/4
----------
Epoch 1/4
----------
Epoch 2/4
----------
Epoch 3/4
----------
Epoch 4/4
----------
Epoch 1/4
----------
Epoch 2/4
----------
Epoch 3/4
----------
Epoch 4/4
----------
Epoch 1/4
----------
Epoch 2/4
----------
Epoch 3/4
----------
Epoch 4/4
----------
Epoch 1/4
----------
Epoch 2/4
----------
Epoch 3/4
----------
Epoch 4/4
----------
Epoch 1/4
----------
Epoch 2/4
----------
Epoch 3/4
----------
Epoch 4/4
----------
micro     precision: 0.5742 | recall: 0.3278 | f1-score: 0.4174 | support: 76221 | mAP: 0.4741
macro     precision: 0.2704 | recall: 0.1796 | f1-score: 0.1742 | support: 76221 | mAP: 0.3196

Round 2/15
----------
Starting nisp pruning with rate 0.95
encoder.4.0.conv1: out of 36864 parameters 34560.0 were pruned.
encoder.4.0.conv2: out of 36864 parameters 34560.0 were pruned.
encoder.4.1.conv1: out of 36864 parameters 34560.0 were pruned.
encoder.4.1.conv2: out of 36864 parameters 34128.0 were pruned.
encoder.5.0.conv1: out of 73728 parameters 69696.0 were pruned.
encoder.5.0.conv2: out of 147456 parameters 139392.0 were pruned.
encoder.5.0.downsample.0: out of 8192 parameters 7744.0 were pruned.
encoder.5.1.conv1: out of 147456 parameters 139392.0 were pruned.
encoder.5.1.conv2: out of 147456 parameters 137098.234375 were pruned.
encoder.6.0.conv1: out of 294912 parameters 279936.0 were pruned.
encoder.6.0.conv2: out of 589824 parameters 559872.0 were pruned.
encoder.6.0.downsample.0: out of 32768 parameters 31104.0 were pruned.
encoder.6.1.conv1: out of 589824 parameters 559872.0 were pruned.
encoder.6.1.conv2: out of 589824 parameters 552384.0 were pruned.
encoder.7.0.conv1: out of 1179648 parameters 1119744.0 were pruned.
encoder.7.0.conv2: out of 2359296 parameters 2239488.0 were pruned.
encoder.7.0.downsample.0: out of 131072 parameters 124416.0 were pruned.
encoder.7.1.conv1: out of 2359296 parameters 2239488.0 were pruned.
encoder.7.1.conv2: out of 2359296 parameters 2239488.0 were pruned.
Out of 11157504 parameters 10576922.0 were pruned.

Epoch 1/4
----------
Epoch 2/4
----------
Epoch 3/4
----------
Epoch 4/4
----------
Epoch 1/4
----------
Epoch 2/4
----------
Epoch 3/4
----------
Epoch 4/4
----------
Epoch 1/4
----------
Epoch 2/4
----------
Epoch 3/4
----------
Epoch 4/4
----------
Epoch 1/4
----------
Epoch 2/4
----------
Epoch 3/4
----------
Epoch 4/4
----------
Epoch 1/4
----------
Epoch 2/4
----------
Epoch 3/4
----------
Epoch 4/4
----------
Epoch 1/4
----------
Epoch 2/4
----------
Epoch 3/4
----------
Epoch 4/4
----------
Epoch 1/4
----------
Epoch 2/4
----------
Epoch 3/4
----------
Epoch 4/4
----------
Epoch 1/4
----------
Epoch 2/4
----------
Epoch 3/4
----------
Epoch 4/4
----------
micro     precision: 0.3047 | recall: 0.3122 | f1-score: 0.3084 | support: 76221 | mAP: 0.3214
macro     precision: 0.0481 | recall: 0.1579 | f1-score: 0.0708 | support: 76221 | mAP: 0.1902

Round 3/15
----------
Epoch 1/4
----------
Epoch 2/4
----------
Epoch 3/4
----------
Epoch 4/4
----------
Epoch 1/4
----------
Epoch 2/4
----------
Epoch 3/4
----------
Epoch 4/4
----------
Epoch 1/4
----------
Epoch 2/4
----------
Epoch 3/4
----------
Epoch 4/4
----------
Epoch 1/4
----------
Epoch 2/4
----------
Epoch 3/4
----------
Epoch 4/4
----------
Epoch 1/4
----------
Epoch 2/4
----------
Epoch 3/4
----------
Epoch 4/4
----------
Epoch 1/4
----------
Epoch 2/4
----------
Epoch 3/4
----------
Epoch 4/4
----------
Epoch 1/4
----------
Epoch 2/4
----------
Epoch 3/4
----------
Epoch 4/4
----------
Epoch 1/4
----------
Epoch 2/4
----------
Epoch 3/4
----------
Epoch 4/4
----------
micro     precision: 0.4649 | recall: 0.1588 | f1-score: 0.2367 | support: 76221 | mAP: 0.3460
macro     precision: 0.0245 | recall: 0.0526 | f1-score: 0.0334 | support: 76221 | mAP: 0.2422

Round 4/15
----------
Epoch 1/4
----------
Epoch 2/4
----------
Epoch 3/4
----------
Epoch 4/4
----------
Epoch 1/4
----------
Epoch 2/4
----------
Epoch 3/4
----------
Epoch 4/4
----------
Epoch 1/4
----------
Epoch 2/4
----------
Epoch 3/4
----------
Epoch 4/4
----------
Epoch 1/4
----------
Epoch 2/4
----------
Epoch 3/4
----------
Epoch 4/4
----------
Epoch 1/4
----------
Epoch 2/4
----------
Epoch 3/4
----------
Epoch 4/4
----------
Epoch 1/4
----------
Epoch 2/4
----------
Epoch 3/4
----------
Epoch 4/4
----------
Epoch 1/4
----------
Epoch 2/4
----------
Epoch 3/4
----------
Epoch 4/4
----------
Epoch 1/4
----------
Epoch 2/4
----------
Epoch 3/4
----------
Epoch 4/4
----------
micro     precision: 0.3215 | recall: 0.3693 | f1-score: 0.3438 | support: 76221 | mAP: 0.3291
macro     precision: 0.1279 | recall: 0.1946 | f1-score: 0.1298 | support: 76221 | mAP: 0.2757

Round 5/15
----------
Epoch 1/4
----------
Epoch 2/4
----------
Epoch 3/4
----------
Epoch 4/4
----------
Epoch 1/4
----------
Epoch 2/4
----------
Epoch 3/4
----------
Epoch 4/4
----------
Epoch 1/4
----------
Epoch 2/4
----------
Epoch 3/4
----------
Epoch 4/4
----------
Epoch 1/4
----------
Epoch 2/4
----------
Epoch 3/4
----------
Epoch 4/4
----------
Epoch 1/4
----------
Epoch 2/4
----------
Epoch 3/4
----------
Epoch 4/4
----------
Epoch 1/4
----------
Epoch 2/4
----------
Epoch 3/4
----------
Epoch 4/4
----------
Epoch 1/4
----------
Epoch 2/4
----------
Epoch 3/4
----------
Epoch 4/4
----------
Epoch 1/4
----------
Epoch 2/4
----------
Epoch 3/4
----------
Epoch 4/4
----------
micro     precision: 0.5982 | recall: 0.3425 | f1-score: 0.4356 | support: 76221 | mAP: 0.4937
macro     precision: 0.2550 | recall: 0.1462 | f1-score: 0.1452 | support: 76221 | mAP: 0.3553

Round 6/15
----------
Epoch 1/4
----------
Epoch 2/4
----------
Epoch 3/4
----------
Epoch 4/4
----------
Epoch 1/4
----------
Epoch 2/4
----------
Epoch 3/4
----------
Epoch 4/4
----------
Epoch 1/4
----------
Epoch 2/4
----------
Epoch 3/4
----------
Epoch 4/4
----------
Epoch 1/4
----------
Epoch 2/4
----------
Epoch 3/4
----------
Epoch 4/4
----------
Epoch 1/4
----------
Epoch 2/4
----------
Epoch 3/4
----------
Epoch 4/4
----------
Epoch 1/4
----------
Epoch 2/4
----------
Epoch 3/4
----------
Epoch 4/4
----------
Epoch 1/4
----------
Epoch 2/4
----------
Epoch 3/4
----------
Epoch 4/4
----------
Epoch 1/4
----------
Epoch 2/4
----------
Epoch 3/4
----------
Epoch 4/4
----------
micro     precision: 0.5916 | recall: 0.4025 | f1-score: 0.4791 | support: 76221 | mAP: 0.5303
macro     precision: 0.3103 | recall: 0.1810 | f1-score: 0.1774 | support: 76221 | mAP: 0.3561

Round 7/15
----------
Epoch 1/4
----------
Epoch 2/4
----------
Epoch 3/4
----------
Epoch 4/4
----------
Epoch 1/4
----------
Epoch 2/4
----------
Epoch 3/4
----------
Epoch 4/4
----------
Epoch 1/4
----------
Epoch 2/4
----------
Epoch 3/4
----------
Epoch 4/4
----------
Epoch 1/4
----------
Epoch 2/4
----------
Epoch 3/4
----------
Epoch 4/4
----------
Epoch 1/4
----------
Epoch 2/4
----------
Epoch 3/4
----------
Epoch 4/4
----------
Epoch 1/4
----------
Epoch 2/4
----------
Epoch 3/4
----------
Epoch 4/4
----------
Epoch 1/4
----------
Epoch 2/4
----------
Epoch 3/4
----------
Epoch 4/4
----------
Epoch 1/4
----------
Epoch 2/4
----------
Epoch 3/4
----------
Epoch 4/4
----------
micro     precision: 0.6404 | recall: 0.4439 | f1-score: 0.5243 | support: 76221 | mAP: 0.5714
macro     precision: 0.3107 | recall: 0.2096 | f1-score: 0.2257 | support: 76221 | mAP: 0.3736

Round 8/15
----------
Epoch 1/4
----------
Epoch 2/4
----------
Epoch 3/4
----------
Epoch 4/4
----------
Epoch 1/4
----------
Epoch 2/4
----------
Epoch 3/4
----------
Epoch 4/4
----------
Epoch 1/4
----------
Epoch 2/4
----------
Epoch 3/4
----------
Epoch 4/4
----------
Epoch 1/4
----------
Epoch 2/4
----------
Epoch 3/4
----------
Epoch 4/4
----------
Epoch 1/4
----------
Epoch 2/4
----------
Epoch 3/4
----------
Epoch 4/4
----------
Epoch 1/4
----------
Epoch 2/4
----------
Epoch 3/4
----------
Epoch 4/4
----------
Epoch 1/4
----------
Epoch 2/4
----------
Epoch 3/4
----------
Epoch 4/4
----------
Epoch 1/4
----------
Epoch 2/4
----------
Epoch 3/4
----------
Epoch 4/4
----------
micro     precision: 0.6867 | recall: 0.4623 | f1-score: 0.5526 | support: 76221 | mAP: 0.5991
macro     precision: 0.4268 | recall: 0.2393 | f1-score: 0.2552 | support: 76221 | mAP: 0.4189

Round 9/15
----------
Epoch 1/4
----------
Epoch 2/4
----------
Epoch 3/4
----------
Epoch 4/4
----------
Epoch 1/4
----------
Epoch 2/4
----------
Epoch 3/4
----------
Epoch 4/4
----------
Epoch 1/4
----------
Epoch 2/4
----------
Epoch 3/4
----------
Epoch 4/4
----------
Epoch 1/4
----------
Epoch 2/4
----------
Epoch 3/4
----------
Epoch 4/4
----------
Epoch 1/4
----------
Epoch 2/4
----------
Epoch 3/4
----------
Epoch 4/4
----------
Epoch 1/4
----------
Epoch 2/4
----------
Epoch 3/4
----------
Epoch 4/4
----------
Epoch 1/4
----------
Epoch 2/4
----------
Epoch 3/4
----------
Epoch 4/4
----------
Epoch 1/4
----------
Epoch 2/4
----------
Epoch 3/4
----------
Epoch 4/4
----------
micro     precision: 0.6480 | recall: 0.4619 | f1-score: 0.5394 | support: 76221 | mAP: 0.5521
macro     precision: 0.3638 | recall: 0.2263 | f1-score: 0.2411 | support: 76221 | mAP: 0.3899

Round 10/15
----------
Epoch 1/4
----------
Epoch 2/4
----------
Epoch 3/4
----------
Epoch 4/4
----------
Epoch 1/4
----------
Epoch 2/4
----------
Epoch 3/4
----------
Epoch 4/4
----------
Epoch 1/4
----------
Epoch 2/4
----------
Epoch 3/4
----------
Epoch 4/4
----------
Epoch 1/4
----------
Epoch 2/4
----------
Epoch 3/4
----------
Epoch 4/4
----------
Epoch 1/4
----------
Epoch 2/4
----------
Epoch 3/4
----------
Epoch 4/4
----------
Epoch 1/4
----------
Epoch 2/4
----------
Epoch 3/4
----------
Epoch 4/4
----------
Epoch 1/4
----------
Epoch 2/4
----------
Epoch 3/4
----------
Epoch 4/4
----------
Epoch 1/4
----------
Epoch 2/4
----------
Epoch 3/4
----------
Epoch 4/4
----------
micro     precision: 0.7050 | recall: 0.4650 | f1-score: 0.5604 | support: 76221 | mAP: 0.6352
macro     precision: 0.4323 | recall: 0.2450 | f1-score: 0.2665 | support: 76221 | mAP: 0.4262

Round 11/15
----------
Epoch 1/4
----------
Epoch 2/4
----------
Epoch 3/4
----------
Epoch 4/4
----------
Epoch 1/4
----------
Epoch 2/4
----------
Epoch 3/4
----------
Epoch 4/4
----------
Epoch 1/4
----------
Epoch 2/4
----------
Epoch 3/4
----------
Epoch 4/4
----------
Epoch 1/4
----------
Epoch 2/4
----------
Epoch 3/4
----------
Epoch 4/4
----------
Epoch 1/4
----------
Epoch 2/4
----------
Epoch 3/4
----------
Epoch 4/4
----------
Epoch 1/4
----------
Epoch 2/4
----------
Epoch 3/4
----------
Epoch 4/4
----------
Epoch 1/4
----------
Epoch 2/4
----------
Epoch 3/4
----------
Epoch 4/4
----------
Epoch 1/4
----------
Epoch 2/4
----------
Epoch 3/4
----------
Epoch 4/4
----------
micro     precision: 0.6395 | recall: 0.4709 | f1-score: 0.5424 | support: 76221 | mAP: 0.5783
macro     precision: 0.3739 | recall: 0.2395 | f1-score: 0.2562 | support: 76221 | mAP: 0.4159

Round 12/15
----------
Epoch 1/4
----------
Epoch 2/4
----------
Epoch 3/4
----------
Epoch 4/4
----------
Epoch 1/4
----------
Epoch 2/4
----------
Epoch 3/4
----------
Epoch 4/4
----------
Epoch 1/4
----------
Epoch 2/4
----------
Epoch 3/4
----------
Epoch 4/4
----------
Epoch 1/4
----------
Epoch 2/4
----------
Epoch 3/4
----------
Epoch 4/4
----------
Epoch 1/4
----------
Epoch 2/4
----------
Epoch 3/4
----------
Epoch 4/4
----------
Epoch 1/4
----------
Epoch 2/4
----------
Epoch 3/4
----------
Epoch 4/4
----------
Epoch 1/4
----------
Epoch 2/4
----------
Epoch 3/4
----------
Epoch 4/4
----------
Epoch 1/4
----------
Epoch 2/4
----------
Epoch 3/4
----------
Epoch 4/4
----------
micro     precision: 0.6864 | recall: 0.4967 | f1-score: 0.5763 | support: 76221 | mAP: 0.6482
macro     precision: 0.4401 | recall: 0.2573 | f1-score: 0.2883 | support: 76221 | mAP: 0.4356

Round 13/15
----------
Epoch 1/4
----------
Epoch 2/4
----------
Epoch 3/4
----------
Epoch 4/4
----------
Epoch 1/4
----------
Epoch 2/4
----------
Epoch 3/4
----------
Epoch 4/4
----------
Epoch 1/4
----------
Epoch 2/4
----------
Epoch 3/4
----------
Epoch 4/4
----------
Epoch 1/4
----------
Epoch 2/4
----------
Epoch 3/4
----------
Epoch 4/4
----------
Epoch 1/4
----------
Epoch 2/4
----------
Epoch 3/4
----------
Epoch 4/4
----------
Epoch 1/4
----------
Epoch 2/4
----------
Epoch 3/4
----------
Epoch 4/4
----------
Epoch 1/4
----------
Epoch 2/4
----------
Epoch 3/4
----------
Epoch 4/4
----------
Epoch 1/4
----------
Epoch 2/4
----------
Epoch 3/4
----------
Epoch 4/4
----------
micro     precision: 0.6667 | recall: 0.4733 | f1-score: 0.5536 | support: 76221 | mAP: 0.6258
macro     precision: 0.3848 | recall: 0.2489 | f1-score: 0.2740 | support: 76221 | mAP: 0.4374

Round 14/15
----------
Epoch 1/4
----------
Epoch 2/4
----------
Epoch 3/4
----------
Epoch 4/4
----------
Epoch 1/4
----------
Epoch 2/4
----------
Epoch 3/4
----------
Epoch 4/4
----------
Epoch 1/4
----------
Epoch 2/4
----------
Epoch 3/4
----------
Epoch 4/4
----------
Epoch 1/4
----------
Epoch 2/4
----------
Epoch 3/4
----------
Epoch 4/4
----------
Epoch 1/4
----------
Epoch 2/4
----------
Epoch 3/4
----------
Epoch 4/4
----------
Epoch 1/4
----------
Epoch 2/4
----------
Epoch 3/4
----------
Epoch 4/4
----------
Epoch 1/4
----------
Epoch 2/4
----------
Epoch 3/4
----------
Epoch 4/4
----------
Epoch 1/4
----------
Epoch 2/4
----------
Epoch 3/4
----------
Epoch 4/4
----------
micro     precision: 0.7110 | recall: 0.4825 | f1-score: 0.5749 | support: 76221 | mAP: 0.6481
macro     precision: 0.4543 | recall: 0.2615 | f1-score: 0.2941 | support: 76221 | mAP: 0.4362

Round 15/15
----------
Epoch 1/4
----------
Epoch 2/4
----------
Epoch 3/4
----------
Epoch 4/4
----------
Epoch 1/4
----------
Epoch 2/4
----------
Epoch 3/4
----------
Epoch 4/4
----------
Epoch 1/4
----------
Epoch 2/4
----------
Epoch 3/4
----------
Epoch 4/4
----------
Epoch 1/4
----------
Epoch 2/4
----------
Epoch 3/4
----------
Epoch 4/4
----------
Epoch 1/4
----------
Epoch 2/4
----------
Epoch 3/4
----------
Epoch 4/4
----------
Epoch 1/4
----------
Epoch 2/4
----------
Epoch 3/4
----------
Epoch 4/4
----------
Epoch 1/4
----------
Epoch 2/4
----------
Epoch 3/4
----------
Epoch 4/4
----------
Epoch 1/4
----------
Epoch 2/4
----------
Epoch 3/4
----------
Epoch 4/4
----------
micro     precision: 0.6646 | recall: 0.5019 | f1-score: 0.5719 | support: 76221 | mAP: 0.6465
macro     precision: 0.3873 | recall: 0.2686 | f1-score: 0.2906 | support: 76221 | mAP: 0.4499

[{'0': {'precision': [], 'recall': [], 'f1-score': [], 'support': []}, '1': {'precision': [], 'recall': [], 'f1-score': [], 'support': []}, '2': {'precision': [], 'recall': [], 'f1-score': [], 'support': []}, '3': {'precision': [], 'recall': [], 'f1-score': [], 'support': []}, '4': {'precision': [], 'recall': [], 'f1-score': [], 'support': []}, '5': {'precision': [], 'recall': [], 'f1-score': [], 'support': []}, '6': {'precision': [], 'recall': [], 'f1-score': [], 'support': []}, '7': {'precision': [], 'recall': [], 'f1-score': [], 'support': []}, '8': {'precision': [], 'recall': [], 'f1-score': [], 'support': []}, '9': {'precision': [], 'recall': [], 'f1-score': [], 'support': []}, '10': {'precision': [], 'recall': [], 'f1-score': [], 'support': []}, '11': {'precision': [], 'recall': [], 'f1-score': [], 'support': []}, '12': {'precision': [], 'recall': [], 'f1-score': [], 'support': []}, '13': {'precision': [], 'recall': [], 'f1-score': [], 'support': []}, '14': {'precision': [], 'recall': [], 'f1-score': [], 'support': []}, '15': {'precision': [], 'recall': [], 'f1-score': [], 'support': []}, '16': {'precision': [], 'recall': [], 'f1-score': [], 'support': []}, '17': {'precision': [], 'recall': [], 'f1-score': [], 'support': []}, '18': {'precision': [], 'recall': [], 'f1-score': [], 'support': []}, 'micro avg': {'precision': [], 'recall': [], 'f1-score': [], 'support': []}, 'macro avg': {'precision': [], 'recall': [], 'f1-score': [], 'support': []}, 'weighted avg': {'precision': [], 'recall': [], 'f1-score': [], 'support': []}, 'ap_mic': [], 'ap_mac': []}, {'0': {'precision': [], 'recall': [], 'f1-score': [], 'support': []}, '1': {'precision': [], 'recall': [], 'f1-score': [], 'support': []}, '2': {'precision': [], 'recall': [], 'f1-score': [], 'support': []}, '3': {'precision': [], 'recall': [], 'f1-score': [], 'support': []}, '4': {'precision': [], 'recall': [], 'f1-score': [], 'support': []}, '5': {'precision': [], 'recall': [], 'f1-score': [], 'support': []}, '6': {'precision': [], 'recall': [], 'f1-score': [], 'support': []}, '7': {'precision': [], 'recall': [], 'f1-score': [], 'support': []}, '8': {'precision': [], 'recall': [], 'f1-score': [], 'support': []}, '9': {'precision': [], 'recall': [], 'f1-score': [], 'support': []}, '10': {'precision': [], 'recall': [], 'f1-score': [], 'support': []}, '11': {'precision': [], 'recall': [], 'f1-score': [], 'support': []}, '12': {'precision': [], 'recall': [], 'f1-score': [], 'support': []}, '13': {'precision': [], 'recall': [], 'f1-score': [], 'support': []}, '14': {'precision': [], 'recall': [], 'f1-score': [], 'support': []}, '15': {'precision': [], 'recall': [], 'f1-score': [], 'support': []}, '16': {'precision': [], 'recall': [], 'f1-score': [], 'support': []}, '17': {'precision': [], 'recall': [], 'f1-score': [], 'support': []}, '18': {'precision': [], 'recall': [], 'f1-score': [], 'support': []}, 'micro avg': {'precision': [], 'recall': [], 'f1-score': [], 'support': []}, 'macro avg': {'precision': [], 'recall': [], 'f1-score': [], 'support': []}, 'weighted avg': {'precision': [], 'recall': [], 'f1-score': [], 'support': []}, 'ap_mic': [], 'ap_mac': []}, {'0': {'precision': [], 'recall': [], 'f1-score': [], 'support': []}, '1': {'precision': [], 'recall': [], 'f1-score': [], 'support': []}, '2': {'precision': [], 'recall': [], 'f1-score': [], 'support': []}, '3': {'precision': [], 'recall': [], 'f1-score': [], 'support': []}, '4': {'precision': [], 'recall': [], 'f1-score': [], 'support': []}, '5': {'precision': [], 'recall': [], 'f1-score': [], 'support': []}, '6': {'precision': [], 'recall': [], 'f1-score': [], 'support': []}, '7': {'precision': [], 'recall': [], 'f1-score': [], 'support': []}, '8': {'precision': [], 'recall': [], 'f1-score': [], 'support': []}, '9': {'precision': [], 'recall': [], 'f1-score': [], 'support': []}, '10': {'precision': [], 'recall': [], 'f1-score': [], 'support': []}, '11': {'precision': [], 'recall': [], 'f1-score': [], 'support': []}, '12': {'precision': [], 'recall': [], 'f1-score': [], 'support': []}, '13': {'precision': [], 'recall': [], 'f1-score': [], 'support': []}, '14': {'precision': [], 'recall': [], 'f1-score': [], 'support': []}, '15': {'precision': [], 'recall': [], 'f1-score': [], 'support': []}, '16': {'precision': [], 'recall': [], 'f1-score': [], 'support': []}, '17': {'precision': [], 'recall': [], 'f1-score': [], 'support': []}, '18': {'precision': [], 'recall': [], 'f1-score': [], 'support': []}, 'micro avg': {'precision': [], 'recall': [], 'f1-score': [], 'support': []}, 'macro avg': {'precision': [], 'recall': [], 'f1-score': [], 'support': []}, 'weighted avg': {'precision': [], 'recall': [], 'f1-score': [], 'support': []}, 'ap_mic': [], 'ap_mac': []}, {'0': {'precision': [], 'recall': [], 'f1-score': [], 'support': []}, '1': {'precision': [], 'recall': [], 'f1-score': [], 'support': []}, '2': {'precision': [], 'recall': [], 'f1-score': [], 'support': []}, '3': {'precision': [], 'recall': [], 'f1-score': [], 'support': []}, '4': {'precision': [], 'recall': [], 'f1-score': [], 'support': []}, '5': {'precision': [], 'recall': [], 'f1-score': [], 'support': []}, '6': {'precision': [], 'recall': [], 'f1-score': [], 'support': []}, '7': {'precision': [], 'recall': [], 'f1-score': [], 'support': []}, '8': {'precision': [], 'recall': [], 'f1-score': [], 'support': []}, '9': {'precision': [], 'recall': [], 'f1-score': [], 'support': []}, '10': {'precision': [], 'recall': [], 'f1-score': [], 'support': []}, '11': {'precision': [], 'recall': [], 'f1-score': [], 'support': []}, '12': {'precision': [], 'recall': [], 'f1-score': [], 'support': []}, '13': {'precision': [], 'recall': [], 'f1-score': [], 'support': []}, '14': {'precision': [], 'recall': [], 'f1-score': [], 'support': []}, '15': {'precision': [], 'recall': [], 'f1-score': [], 'support': []}, '16': {'precision': [], 'recall': [], 'f1-score': [], 'support': []}, '17': {'precision': [], 'recall': [], 'f1-score': [], 'support': []}, '18': {'precision': [], 'recall': [], 'f1-score': [], 'support': []}, 'micro avg': {'precision': [], 'recall': [], 'f1-score': [], 'support': []}, 'macro avg': {'precision': [], 'recall': [], 'f1-score': [], 'support': []}, 'weighted avg': {'precision': [], 'recall': [], 'f1-score': [], 'support': []}, 'ap_mic': [], 'ap_mac': []}, {'0': {'precision': [], 'recall': [], 'f1-score': [], 'support': []}, '1': {'precision': [], 'recall': [], 'f1-score': [], 'support': []}, '2': {'precision': [], 'recall': [], 'f1-score': [], 'support': []}, '3': {'precision': [], 'recall': [], 'f1-score': [], 'support': []}, '4': {'precision': [], 'recall': [], 'f1-score': [], 'support': []}, '5': {'precision': [], 'recall': [], 'f1-score': [], 'support': []}, '6': {'precision': [], 'recall': [], 'f1-score': [], 'support': []}, '7': {'precision': [], 'recall': [], 'f1-score': [], 'support': []}, '8': {'precision': [], 'recall': [], 'f1-score': [], 'support': []}, '9': {'precision': [], 'recall': [], 'f1-score': [], 'support': []}, '10': {'precision': [], 'recall': [], 'f1-score': [], 'support': []}, '11': {'precision': [], 'recall': [], 'f1-score': [], 'support': []}, '12': {'precision': [], 'recall': [], 'f1-score': [], 'support': []}, '13': {'precision': [], 'recall': [], 'f1-score': [], 'support': []}, '14': {'precision': [], 'recall': [], 'f1-score': [], 'support': []}, '15': {'precision': [], 'recall': [], 'f1-score': [], 'support': []}, '16': {'precision': [], 'recall': [], 'f1-score': [], 'support': []}, '17': {'precision': [], 'recall': [], 'f1-score': [], 'support': []}, '18': {'precision': [], 'recall': [], 'f1-score': [], 'support': []}, 'micro avg': {'precision': [], 'recall': [], 'f1-score': [], 'support': []}, 'macro avg': {'precision': [], 'recall': [], 'f1-score': [], 'support': []}, 'weighted avg': {'precision': [], 'recall': [], 'f1-score': [], 'support': []}, 'ap_mic': [], 'ap_mac': []}, {'0': {'precision': [], 'recall': [], 'f1-score': [], 'support': []}, '1': {'precision': [], 'recall': [], 'f1-score': [], 'support': []}, '2': {'precision': [], 'recall': [], 'f1-score': [], 'support': []}, '3': {'precision': [], 'recall': [], 'f1-score': [], 'support': []}, '4': {'precision': [], 'recall': [], 'f1-score': [], 'support': []}, '5': {'precision': [], 'recall': [], 'f1-score': [], 'support': []}, '6': {'precision': [], 'recall': [], 'f1-score': [], 'support': []}, '7': {'precision': [], 'recall': [], 'f1-score': [], 'support': []}, '8': {'precision': [], 'recall': [], 'f1-score': [], 'support': []}, '9': {'precision': [], 'recall': [], 'f1-score': [], 'support': []}, '10': {'precision': [], 'recall': [], 'f1-score': [], 'support': []}, '11': {'precision': [], 'recall': [], 'f1-score': [], 'support': []}, '12': {'precision': [], 'recall': [], 'f1-score': [], 'support': []}, '13': {'precision': [], 'recall': [], 'f1-score': [], 'support': []}, '14': {'precision': [], 'recall': [], 'f1-score': [], 'support': []}, '15': {'precision': [], 'recall': [], 'f1-score': [], 'support': []}, '16': {'precision': [], 'recall': [], 'f1-score': [], 'support': []}, '17': {'precision': [], 'recall': [], 'f1-score': [], 'support': []}, '18': {'precision': [], 'recall': [], 'f1-score': [], 'support': []}, 'micro avg': {'precision': [], 'recall': [], 'f1-score': [], 'support': []}, 'macro avg': {'precision': [], 'recall': [], 'f1-score': [], 'support': []}, 'weighted avg': {'precision': [], 'recall': [], 'f1-score': [], 'support': []}, 'ap_mic': [], 'ap_mac': []}, {'0': {'precision': [], 'recall': [], 'f1-score': [], 'support': []}, '1': {'precision': [], 'recall': [], 'f1-score': [], 'support': []}, '2': {'precision': [], 'recall': [], 'f1-score': [], 'support': []}, '3': {'precision': [], 'recall': [], 'f1-score': [], 'support': []}, '4': {'precision': [], 'recall': [], 'f1-score': [], 'support': []}, '5': {'precision': [], 'recall': [], 'f1-score': [], 'support': []}, '6': {'precision': [], 'recall': [], 'f1-score': [], 'support': []}, '7': {'precision': [], 'recall': [], 'f1-score': [], 'support': []}, '8': {'precision': [], 'recall': [], 'f1-score': [], 'support': []}, '9': {'precision': [], 'recall': [], 'f1-score': [], 'support': []}, '10': {'precision': [], 'recall': [], 'f1-score': [], 'support': []}, '11': {'precision': [], 'recall': [], 'f1-score': [], 'support': []}, '12': {'precision': [], 'recall': [], 'f1-score': [], 'support': []}, '13': {'precision': [], 'recall': [], 'f1-score': [], 'support': []}, '14': {'precision': [], 'recall': [], 'f1-score': [], 'support': []}, '15': {'precision': [], 'recall': [], 'f1-score': [], 'support': []}, '16': {'precision': [], 'recall': [], 'f1-score': [], 'support': []}, '17': {'precision': [], 'recall': [], 'f1-score': [], 'support': []}, '18': {'precision': [], 'recall': [], 'f1-score': [], 'support': []}, 'micro avg': {'precision': [], 'recall': [], 'f1-score': [], 'support': []}, 'macro avg': {'precision': [], 'recall': [], 'f1-score': [], 'support': []}, 'weighted avg': {'precision': [], 'recall': [], 'f1-score': [], 'support': []}, 'ap_mic': [], 'ap_mac': []}, {'0': {'precision': [], 'recall': [], 'f1-score': [], 'support': []}, '1': {'precision': [], 'recall': [], 'f1-score': [], 'support': []}, '2': {'precision': [], 'recall': [], 'f1-score': [], 'support': []}, '3': {'precision': [], 'recall': [], 'f1-score': [], 'support': []}, '4': {'precision': [], 'recall': [], 'f1-score': [], 'support': []}, '5': {'precision': [], 'recall': [], 'f1-score': [], 'support': []}, '6': {'precision': [], 'recall': [], 'f1-score': [], 'support': []}, '7': {'precision': [], 'recall': [], 'f1-score': [], 'support': []}, '8': {'precision': [], 'recall': [], 'f1-score': [], 'support': []}, '9': {'precision': [], 'recall': [], 'f1-score': [], 'support': []}, '10': {'precision': [], 'recall': [], 'f1-score': [], 'support': []}, '11': {'precision': [], 'recall': [], 'f1-score': [], 'support': []}, '12': {'precision': [], 'recall': [], 'f1-score': [], 'support': []}, '13': {'precision': [], 'recall': [], 'f1-score': [], 'support': []}, '14': {'precision': [], 'recall': [], 'f1-score': [], 'support': []}, '15': {'precision': [], 'recall': [], 'f1-score': [], 'support': []}, '16': {'precision': [], 'recall': [], 'f1-score': [], 'support': []}, '17': {'precision': [], 'recall': [], 'f1-score': [], 'support': []}, '18': {'precision': [], 'recall': [], 'f1-score': [], 'support': []}, 'micro avg': {'precision': [], 'recall': [], 'f1-score': [], 'support': []}, 'macro avg': {'precision': [], 'recall': [], 'f1-score': [], 'support': []}, 'weighted avg': {'precision': [], 'recall': [], 'f1-score': [], 'support': []}, 'ap_mic': [], 'ap_mac': []}]
