scenario: 			 1 
pruning strategy: 	 l2 
pruning rate: 		 0.5 
pruning round: 		 4 
communication rounds: 40 
epochs per round:	 1
Using device: cuda:0

init FLClient TRAIN dataset and dataloader
Pre-filtered 12720 patches based on country and season (split ignored)
Loading BEN data for train...
    237871 patches indexed
    6386 filtered patches indexed
    6386 patches indexed considering max_len
Merged metadata with snow/cloud metadata
Loaded 549488 labels
Loaded 549488 keys
Loaded mapping created

init FLClient VALIDATION dataset and dataloader
Pre-filtered 12720 patches based on country and season (split ignored)
Loading BEN data for test...
    119825 patches indexed
    3140 filtered patches indexed
    256 patches indexed considering max_len
Merged metadata with snow/cloud metadata
Loaded 549488 labels
Loaded 549488 keys
Loaded mapping created

init FLClient TRAIN dataset and dataloader
Pre-filtered 12693 patches based on country and season (split ignored)
Loading BEN data for train...
    237871 patches indexed
    6201 filtered patches indexed
    6201 patches indexed considering max_len
Merged metadata with snow/cloud metadata
Loaded 549488 labels
Loaded 549488 keys
Loaded mapping created

init FLClient VALIDATION dataset and dataloader
Pre-filtered 12693 patches based on country and season (split ignored)
Loading BEN data for test...
    119825 patches indexed
    3291 filtered patches indexed
    256 patches indexed considering max_len
Merged metadata with snow/cloud metadata
Loaded 549488 labels
Loaded 549488 keys
Loaded mapping created

init FLClient TRAIN dataset and dataloader
Pre-filtered 12944 patches based on country and season (split ignored)
Loading BEN data for train...
    237871 patches indexed
    6385 filtered patches indexed
    6385 patches indexed considering max_len
Merged metadata with snow/cloud metadata
Loaded 549488 labels
Loaded 549488 keys
Loaded mapping created

init FLClient VALIDATION dataset and dataloader
Pre-filtered 12944 patches based on country and season (split ignored)
Loading BEN data for test...
    119825 patches indexed
    3230 filtered patches indexed
    256 patches indexed considering max_len
Merged metadata with snow/cloud metadata
Loaded 549488 labels
Loaded 549488 keys
Loaded mapping created

init FLClient TRAIN dataset and dataloader
Pre-filtered 12740 patches based on country and season (split ignored)
Loading BEN data for train...
    237871 patches indexed
    6245 filtered patches indexed
    6245 patches indexed considering max_len
Merged metadata with snow/cloud metadata
Loaded 549488 labels
Loaded 549488 keys
Loaded mapping created

init FLClient VALIDATION dataset and dataloader
Pre-filtered 12740 patches based on country and season (split ignored)
Loading BEN data for test...
    119825 patches indexed
    3232 filtered patches indexed
    256 patches indexed considering max_len
Merged metadata with snow/cloud metadata
Loaded 549488 labels
Loaded 549488 keys
Loaded mapping created

init FLClient TRAIN dataset and dataloader
Pre-filtered 12906 patches based on country and season (split ignored)
Loading BEN data for train...
    237871 patches indexed
    6338 filtered patches indexed
    6338 patches indexed considering max_len
Merged metadata with snow/cloud metadata
Loaded 549488 labels
Loaded 549488 keys
Loaded mapping created

init FLClient VALIDATION dataset and dataloader
Pre-filtered 12906 patches based on country and season (split ignored)
Loading BEN data for test...
    119825 patches indexed
    3293 filtered patches indexed
    256 patches indexed considering max_len
Merged metadata with snow/cloud metadata
Loaded 549488 labels
Loaded 549488 keys
Loaded mapping created

init FLClient TRAIN dataset and dataloader
Pre-filtered 12744 patches based on country and season (split ignored)
Loading BEN data for train...
    237871 patches indexed
    6168 filtered patches indexed
    6168 patches indexed considering max_len
Merged metadata with snow/cloud metadata
Loaded 549488 labels
Loaded 549488 keys
Loaded mapping created

init FLClient VALIDATION dataset and dataloader
Pre-filtered 12744 patches based on country and season (split ignored)
Loading BEN data for test...
    119825 patches indexed
    3313 filtered patches indexed
    256 patches indexed considering max_len
Merged metadata with snow/cloud metadata
Loaded 549488 labels
Loaded 549488 keys
Loaded mapping created

init FLClient TRAIN dataset and dataloader
Pre-filtered 12859 patches based on country and season (split ignored)
Loading BEN data for train...
    237871 patches indexed
    6349 filtered patches indexed
    6349 patches indexed considering max_len
Merged metadata with snow/cloud metadata
Loaded 549488 labels
Loaded 549488 keys
Loaded mapping created

init FLClient VALIDATION dataset and dataloader
Pre-filtered 12859 patches based on country and season (split ignored)
Loading BEN data for test...
    119825 patches indexed
    3247 filtered patches indexed
    256 patches indexed considering max_len
Merged metadata with snow/cloud metadata
Loaded 549488 labels
Loaded 549488 keys
Loaded mapping created

init FLClient TRAIN dataset and dataloader
Pre-filtered 12791 patches based on country and season (split ignored)
Loading BEN data for train...
    237871 patches indexed
    6262 filtered patches indexed
    6262 patches indexed considering max_len
Merged metadata with snow/cloud metadata
Loaded 549488 labels
Loaded 549488 keys
Loaded mapping created

init FLClient VALIDATION dataset and dataloader
Pre-filtered 12791 patches based on country and season (split ignored)
Loading BEN data for test...
    119825 patches indexed
    3287 filtered patches indexed
    256 patches indexed considering max_len
Merged metadata with snow/cloud metadata
Loaded 549488 labels
Loaded 549488 keys
Loaded mapping created

init GLOBALClient VALIDATION dataset and dataloader
Pre-filtered 102397 patches based on country and season (split ignored)
Loading BEN data for test...
    119825 patches indexed
    26033 filtered patches indexed
    26033 patches indexed considering max_len
Merged metadata with snow/cloud metadata
Loaded 549488 labels
Loaded 549488 keys
Loaded mapping created
Round 1/40
----------
Epoch 1/1
----------
Epoch 1/1
----------
Epoch 1/1
----------
Epoch 1/1
----------
Epoch 1/1
----------
Epoch 1/1
----------
Epoch 1/1
----------
Epoch 1/1
----------
micro     precision: 0.6983 | recall: 0.1298 | f1-score: 0.2189 | support: 76221 | mAP: 0.4733
macro     precision: 0.1941 | recall: 0.0970 | f1-score: 0.1121 | support: 76221 | mAP: 0.3724

Round 2/40
----------
Epoch 1/1
----------
Epoch 1/1
----------
Epoch 1/1
----------
Epoch 1/1
----------
Epoch 1/1
----------
Epoch 1/1
----------
Epoch 1/1
----------
Epoch 1/1
----------
micro     precision: 0.5271 | recall: 0.4312 | f1-score: 0.4743 | support: 76221 | mAP: 0.5504
macro     precision: 0.3319 | recall: 0.2359 | f1-score: 0.2282 | support: 76221 | mAP: 0.3796

Round 3/40
----------
Epoch 1/1
----------
Epoch 1/1
----------
Epoch 1/1
----------
Epoch 1/1
----------
Epoch 1/1
----------
Epoch 1/1
----------
Epoch 1/1
----------
Epoch 1/1
----------
micro     precision: 0.6351 | recall: 0.4509 | f1-score: 0.5274 | support: 76221 | mAP: 0.6235
macro     precision: 0.4602 | recall: 0.2852 | f1-score: 0.3048 | support: 76221 | mAP: 0.4163

Round 4/40
----------
Starting l2 pruning with rate 0.5
encoder.4.0.conv3: out of 16384 parameters 8192.0 were pruned.
encoder.4.0.downsample.0: out of 16384 parameters 8192.0 were pruned.
encoder.4.1.conv1: out of 16384 parameters 8192.0 were pruned.
encoder.4.1.conv2: out of 36864 parameters 18432.0 were pruned.
encoder.4.1.conv3: out of 16384 parameters 8192.0 were pruned.
encoder.4.2.conv1: out of 16384 parameters 8192.0 were pruned.
encoder.4.2.conv2: out of 36864 parameters 18432.0 were pruned.
encoder.4.2.conv3: out of 16384 parameters 8192.0 were pruned.
encoder.5.0.conv1: out of 32768 parameters 16384.0 were pruned.
encoder.5.0.conv2: out of 147456 parameters 73728.0 were pruned.
encoder.5.0.conv3: out of 65536 parameters 32768.0 were pruned.
encoder.5.0.downsample.0: out of 131072 parameters 65536.0 were pruned.
encoder.5.1.conv1: out of 65536 parameters 32768.0 were pruned.
encoder.5.1.conv2: out of 147456 parameters 73728.0 were pruned.
encoder.5.1.conv3: out of 65536 parameters 32768.0 were pruned.
encoder.5.2.conv1: out of 65536 parameters 32768.0 were pruned.
encoder.5.2.conv2: out of 147456 parameters 73728.0 were pruned.
encoder.5.2.conv3: out of 65536 parameters 32768.0 were pruned.
encoder.5.3.conv1: out of 65536 parameters 32768.0 were pruned.
encoder.5.3.conv2: out of 147456 parameters 73728.0 were pruned.
encoder.5.3.conv3: out of 65536 parameters 32768.0 were pruned.
encoder.6.0.conv1: out of 131072 parameters 65536.0 were pruned.
encoder.6.0.conv2: out of 589824 parameters 294912.0 were pruned.
encoder.6.0.conv3: out of 262144 parameters 131072.0 were pruned.
encoder.6.0.downsample.0: out of 524288 parameters 262144.0 were pruned.
encoder.6.1.conv1: out of 262144 parameters 131072.0 were pruned.
encoder.6.1.conv2: out of 589824 parameters 294912.0 were pruned.
encoder.6.1.conv3: out of 262144 parameters 131072.0 were pruned.
encoder.6.2.conv1: out of 262144 parameters 131072.0 were pruned.
encoder.6.2.conv2: out of 589824 parameters 294912.0 were pruned.
encoder.6.2.conv3: out of 262144 parameters 131072.0 were pruned.
encoder.6.3.conv1: out of 262144 parameters 131072.0 were pruned.
encoder.6.3.conv2: out of 589824 parameters 294912.0 were pruned.
encoder.6.3.conv3: out of 262144 parameters 131072.0 were pruned.
encoder.6.4.conv1: out of 262144 parameters 131072.0 were pruned.
encoder.6.4.conv2: out of 589824 parameters 294912.0 were pruned.
encoder.6.4.conv3: out of 262144 parameters 131072.0 were pruned.
encoder.6.5.conv1: out of 262144 parameters 131072.0 were pruned.
encoder.6.5.conv2: out of 589824 parameters 294912.0 were pruned.
encoder.6.5.conv3: out of 262144 parameters 131072.0 were pruned.
encoder.7.0.conv1: out of 524288 parameters 262144.0 were pruned.
encoder.7.0.conv2: out of 2359296 parameters 1179648.0 were pruned.
encoder.7.0.conv3: out of 1048576 parameters 524288.0 were pruned.
encoder.7.0.downsample.0: out of 2097152 parameters 1048576.0 were pruned.
encoder.7.1.conv1: out of 1048576 parameters 524288.0 were pruned.
encoder.7.1.conv2: out of 2359296 parameters 1179648.0 were pruned.
encoder.7.1.conv3: out of 1048576 parameters 524288.0 were pruned.
encoder.7.2.conv1: out of 1048576 parameters 524288.0 were pruned.
encoder.7.2.conv2: out of 2359296 parameters 1179648.0 were pruned.
encoder.7.2.conv3: out of 1048576 parameters 524288.0 were pruned.
Out of 23404544 parameters 11702272.0 were pruned.

Epoch 1/1
----------
Epoch 1/1
----------
Epoch 1/1
----------
Epoch 1/1
----------
Epoch 1/1
----------
Epoch 1/1
----------
Epoch 1/1
----------
Epoch 1/1
----------
micro     precision: 0.0000 | recall: 0.0000 | f1-score: 0.0000 | support: 76221 | mAP: 0.2833
macro     precision: 0.0000 | recall: 0.0000 | f1-score: 0.0000 | support: 76221 | mAP: 0.2389

Round 5/40
----------
Epoch 1/1
----------
Epoch 1/1
----------
Epoch 1/1
----------
Epoch 1/1
----------
Epoch 1/1
----------
Epoch 1/1
----------
Epoch 1/1
----------
Epoch 1/1
----------
micro     precision: 0.3705 | recall: 0.4273 | f1-score: 0.3969 | support: 76221 | mAP: 0.3655
macro     precision: 0.1230 | recall: 0.2120 | f1-score: 0.1432 | support: 76221 | mAP: 0.3350

Round 6/40
----------
Epoch 1/1
----------
Epoch 1/1
----------
Epoch 1/1
----------
Epoch 1/1
----------
Epoch 1/1
----------
Epoch 1/1
----------
Epoch 1/1
----------
Epoch 1/1
----------
micro     precision: 0.6037 | recall: 0.4883 | f1-score: 0.5399 | support: 76221 | mAP: 0.6231
macro     precision: 0.4031 | recall: 0.2888 | f1-score: 0.2960 | support: 76221 | mAP: 0.4247

Round 7/40
----------
Epoch 1/1
----------
Epoch 1/1
----------
Epoch 1/1
----------
Epoch 1/1
----------
Epoch 1/1
----------
Epoch 1/1
----------
Epoch 1/1
----------
Epoch 1/1
----------
micro     precision: 0.7384 | recall: 0.4474 | f1-score: 0.5572 | support: 76221 | mAP: 0.6692
macro     precision: 0.4516 | recall: 0.2689 | f1-score: 0.2874 | support: 76221 | mAP: 0.4465

Round 8/40
----------
Epoch 1/1
----------
Epoch 1/1
----------
Epoch 1/1
----------
Epoch 1/1
----------
Epoch 1/1
----------
Epoch 1/1
----------
Epoch 1/1
----------
Epoch 1/1
----------
micro     precision: 0.7627 | recall: 0.4744 | f1-score: 0.5850 | support: 76221 | mAP: 0.6961
macro     precision: 0.6039 | recall: 0.3012 | f1-score: 0.3382 | support: 76221 | mAP: 0.4902

Round 9/40
----------
Epoch 1/1
----------
Epoch 1/1
----------
Epoch 1/1
----------
Epoch 1/1
----------
Epoch 1/1
----------
Epoch 1/1
----------
Epoch 1/1
----------
Epoch 1/1
----------
micro     precision: 0.7596 | recall: 0.4684 | f1-score: 0.5795 | support: 76221 | mAP: 0.7072
macro     precision: 0.5990 | recall: 0.3256 | f1-score: 0.3843 | support: 76221 | mAP: 0.5007

Round 10/40
----------
Epoch 1/1
----------
Epoch 1/1
----------
Epoch 1/1
----------
Epoch 1/1
----------
Epoch 1/1
----------
Epoch 1/1
----------
Epoch 1/1
----------
Epoch 1/1
----------
micro     precision: 0.7379 | recall: 0.5011 | f1-score: 0.5969 | support: 76221 | mAP: 0.7168
macro     precision: 0.6051 | recall: 0.3156 | f1-score: 0.3675 | support: 76221 | mAP: 0.5036

Round 11/40
----------
Epoch 1/1
----------
Epoch 1/1
----------
Epoch 1/1
----------
Epoch 1/1
----------
Epoch 1/1
----------
Epoch 1/1
----------
Epoch 1/1
----------
Epoch 1/1
----------
micro     precision: 0.7557 | recall: 0.4944 | f1-score: 0.5977 | support: 76221 | mAP: 0.7196
macro     precision: 0.5946 | recall: 0.3354 | f1-score: 0.3860 | support: 76221 | mAP: 0.5059

Round 12/40
----------
Epoch 1/1
----------
Epoch 1/1
----------
Epoch 1/1
----------
Epoch 1/1
----------
Epoch 1/1
----------
Epoch 1/1
----------
Epoch 1/1
----------
Epoch 1/1
----------
micro     precision: 0.7600 | recall: 0.5664 | f1-score: 0.6491 | support: 76221 | mAP: 0.7520
macro     precision: 0.6391 | recall: 0.3844 | f1-score: 0.4411 | support: 76221 | mAP: 0.5329

Round 13/40
----------
Epoch 1/1
----------
Epoch 1/1
----------
Epoch 1/1
----------
Epoch 1/1
----------
Epoch 1/1
----------
Epoch 1/1
----------
Epoch 1/1
----------
Epoch 1/1
----------
micro     precision: 0.7253 | recall: 0.5331 | f1-score: 0.6145 | support: 76221 | mAP: 0.7281
macro     precision: 0.5993 | recall: 0.3531 | f1-score: 0.4089 | support: 76221 | mAP: 0.5242

Round 14/40
----------
Epoch 1/1
----------
Epoch 1/1
----------
Epoch 1/1
----------
Epoch 1/1
----------
Epoch 1/1
----------
Epoch 1/1
----------
Epoch 1/1
----------
Epoch 1/1
----------
micro     precision: 0.7490 | recall: 0.5469 | f1-score: 0.6322 | support: 76221 | mAP: 0.7430
macro     precision: 0.6269 | recall: 0.3941 | f1-score: 0.4558 | support: 76221 | mAP: 0.5473

Round 15/40
----------
Epoch 1/1
----------
Epoch 1/1
----------
Epoch 1/1
----------
Epoch 1/1
----------
Epoch 1/1
----------
Epoch 1/1
----------
Epoch 1/1
----------
Epoch 1/1
----------
micro     precision: 0.7592 | recall: 0.5406 | f1-score: 0.6315 | support: 76221 | mAP: 0.7488
macro     precision: 0.6200 | recall: 0.3995 | f1-score: 0.4654 | support: 76221 | mAP: 0.5511

Round 16/40
----------
Epoch 1/1
----------
Epoch 1/1
----------
Epoch 1/1
----------
Epoch 1/1
----------
Epoch 1/1
----------
Epoch 1/1
----------
Epoch 1/1
----------
Epoch 1/1
----------
micro     precision: 0.7513 | recall: 0.5278 | f1-score: 0.6200 | support: 76221 | mAP: 0.7346
macro     precision: 0.6122 | recall: 0.3944 | f1-score: 0.4558 | support: 76221 | mAP: 0.5458

Round 17/40
----------
Epoch 1/1
----------
Epoch 1/1
----------
Epoch 1/1
----------
Epoch 1/1
----------
Epoch 1/1
----------
Epoch 1/1
----------
Epoch 1/1
----------
Epoch 1/1
----------
micro     precision: 0.7510 | recall: 0.5665 | f1-score: 0.6458 | support: 76221 | mAP: 0.7486
macro     precision: 0.6375 | recall: 0.3953 | f1-score: 0.4496 | support: 76221 | mAP: 0.5469

Round 18/40
----------
Epoch 1/1
----------
Epoch 1/1
----------
Epoch 1/1
----------
Epoch 1/1
----------
Epoch 1/1
----------
Epoch 1/1
----------
Epoch 1/1
----------
Epoch 1/1
----------
micro     precision: 0.6554 | recall: 0.5072 | f1-score: 0.5719 | support: 76221 | mAP: 0.6670
macro     precision: 0.5331 | recall: 0.3682 | f1-score: 0.3892 | support: 76221 | mAP: 0.4861

Round 19/40
----------
Epoch 1/1
----------
Epoch 1/1
----------
Epoch 1/1
----------
Epoch 1/1
----------
Epoch 1/1
----------
Epoch 1/1
----------
Epoch 1/1
----------
Epoch 1/1
----------
micro     precision: 0.7233 | recall: 0.6078 | f1-score: 0.6605 | support: 76221 | mAP: 0.7567
macro     precision: 0.6509 | recall: 0.4334 | f1-score: 0.4758 | support: 76221 | mAP: 0.5732

Round 20/40
----------
Epoch 1/1
----------
Epoch 1/1
----------
Epoch 1/1
----------
Epoch 1/1
----------
Epoch 1/1
----------
Epoch 1/1
----------
Epoch 1/1
----------
Epoch 1/1
----------
micro     precision: 0.7747 | recall: 0.5781 | f1-score: 0.6621 | support: 76221 | mAP: 0.7749
macro     precision: 0.6312 | recall: 0.4026 | f1-score: 0.4679 | support: 76221 | mAP: 0.5516

Round 21/40
----------
Epoch 1/1
----------
Epoch 1/1
----------
Epoch 1/1
----------
Epoch 1/1
----------
Epoch 1/1
----------
Epoch 1/1
----------
Epoch 1/1
----------
Epoch 1/1
----------
micro     precision: 0.7559 | recall: 0.5926 | f1-score: 0.6644 | support: 76221 | mAP: 0.7749
macro     precision: 0.6450 | recall: 0.4241 | f1-score: 0.4830 | support: 76221 | mAP: 0.5716

Round 22/40
----------
Epoch 1/1
----------
Epoch 1/1
----------
Epoch 1/1
----------
Epoch 1/1
----------
Epoch 1/1
----------
Epoch 1/1
----------
Epoch 1/1
----------
Epoch 1/1
----------
micro     precision: 0.7171 | recall: 0.4989 | f1-score: 0.5884 | support: 76221 | mAP: 0.6915
macro     precision: 0.6250 | recall: 0.3332 | f1-score: 0.3713 | support: 76221 | mAP: 0.5112

Round 23/40
----------
Epoch 1/1
----------
Epoch 1/1
----------
Epoch 1/1
----------
Epoch 1/1
----------
Epoch 1/1
----------
Epoch 1/1
----------
Epoch 1/1
----------
Epoch 1/1
----------
micro     precision: 0.7849 | recall: 0.6230 | f1-score: 0.6947 | support: 76221 | mAP: 0.8038
macro     precision: 0.6738 | recall: 0.4435 | f1-score: 0.5088 | support: 76221 | mAP: 0.6023

Round 24/40
----------
Epoch 1/1
----------
Epoch 1/1
----------
Epoch 1/1
----------
Epoch 1/1
----------
Epoch 1/1
----------
Epoch 1/1
----------
Epoch 1/1
----------
Epoch 1/1
----------
micro     precision: 0.7240 | recall: 0.6321 | f1-score: 0.6750 | support: 76221 | mAP: 0.7657
macro     precision: 0.6473 | recall: 0.4562 | f1-score: 0.5017 | support: 76221 | mAP: 0.5825

Round 25/40
----------
Epoch 1/1
----------
Epoch 1/1
----------
Epoch 1/1
----------
Epoch 1/1
----------
Epoch 1/1
----------
Epoch 1/1
----------
Epoch 1/1
----------
Epoch 1/1
----------
micro     precision: 0.7889 | recall: 0.6129 | f1-score: 0.6898 | support: 76221 | mAP: 0.8030
macro     precision: 0.6682 | recall: 0.4515 | f1-score: 0.5155 | support: 76221 | mAP: 0.6037

Round 26/40
----------
Epoch 1/1
----------
Epoch 1/1
----------
Epoch 1/1
----------
Epoch 1/1
----------
Epoch 1/1
----------
Epoch 1/1
----------
Epoch 1/1
----------
Epoch 1/1
----------
micro     precision: 0.7370 | recall: 0.6094 | f1-score: 0.6672 | support: 76221 | mAP: 0.7663
macro     precision: 0.6276 | recall: 0.4489 | f1-score: 0.4927 | support: 76221 | mAP: 0.5752

Round 27/40
----------
Epoch 1/1
----------
Epoch 1/1
----------
Epoch 1/1
----------
Epoch 1/1
----------
Epoch 1/1
----------
Epoch 1/1
----------
Epoch 1/1
----------
Epoch 1/1
----------
micro     precision: 0.7758 | recall: 0.6074 | f1-score: 0.6813 | support: 76221 | mAP: 0.7913
macro     precision: 0.6502 | recall: 0.4402 | f1-score: 0.5081 | support: 76221 | mAP: 0.5878

Round 28/40
----------
Epoch 1/1
----------
Epoch 1/1
----------
Epoch 1/1
----------
Epoch 1/1
----------
Epoch 1/1
----------
Epoch 1/1
----------
Epoch 1/1
----------
Epoch 1/1
----------
micro     precision: 0.7500 | recall: 0.6290 | f1-score: 0.6842 | support: 76221 | mAP: 0.7881
macro     precision: 0.6361 | recall: 0.4691 | f1-score: 0.5220 | support: 76221 | mAP: 0.5923

Round 29/40
----------
Epoch 1/1
----------
Epoch 1/1
----------
Epoch 1/1
----------
Epoch 1/1
----------
Epoch 1/1
----------
Epoch 1/1
----------
Epoch 1/1
----------
Epoch 1/1
----------
micro     precision: 0.7891 | recall: 0.6421 | f1-score: 0.7081 | support: 76221 | mAP: 0.8156
macro     precision: 0.6901 | recall: 0.4629 | f1-score: 0.5175 | support: 76221 | mAP: 0.6144

Round 30/40
----------
Epoch 1/1
----------
Epoch 1/1
----------
Epoch 1/1
----------
Epoch 1/1
----------
Epoch 1/1
----------
Epoch 1/1
----------
Epoch 1/1
----------
Epoch 1/1
----------
micro     precision: 0.7748 | recall: 0.6439 | f1-score: 0.7033 | support: 76221 | mAP: 0.8110
macro     precision: 0.6542 | recall: 0.4795 | f1-score: 0.5373 | support: 76221 | mAP: 0.6108

Round 31/40
----------
Epoch 1/1
----------
Epoch 1/1
----------
Epoch 1/1
----------
Epoch 1/1
----------
Epoch 1/1
----------
Epoch 1/1
----------
Epoch 1/1
----------
Epoch 1/1
----------
micro     precision: 0.7492 | recall: 0.5885 | f1-score: 0.6592 | support: 76221 | mAP: 0.7616
macro     precision: 0.5936 | recall: 0.4518 | f1-score: 0.4951 | support: 76221 | mAP: 0.5774

Round 32/40
----------
Epoch 1/1
----------
Epoch 1/1
----------
Epoch 1/1
----------
Epoch 1/1
----------
Epoch 1/1
----------
Epoch 1/1
----------
Epoch 1/1
----------
Epoch 1/1
----------
micro     precision: 0.7921 | recall: 0.6210 | f1-score: 0.6962 | support: 76221 | mAP: 0.8097
macro     precision: 0.6677 | recall: 0.4603 | f1-score: 0.5239 | support: 76221 | mAP: 0.6095

Round 33/40
----------
Epoch 1/1
----------
Epoch 1/1
----------
Epoch 1/1
----------
Epoch 1/1
----------
Epoch 1/1
----------
Epoch 1/1
----------
Epoch 1/1
----------
Epoch 1/1
----------
micro     precision: 0.7870 | recall: 0.6512 | f1-score: 0.7127 | support: 76221 | mAP: 0.8236
macro     precision: 0.6689 | recall: 0.4825 | f1-score: 0.5427 | support: 76221 | mAP: 0.6221

Round 34/40
----------
Epoch 1/1
----------
Epoch 1/1
----------
Epoch 1/1
----------
Epoch 1/1
----------
Epoch 1/1
----------
Epoch 1/1
----------
Epoch 1/1
----------
Epoch 1/1
----------
micro     precision: 0.7848 | recall: 0.6527 | f1-score: 0.7127 | support: 76221 | mAP: 0.8204
macro     precision: 0.6877 | recall: 0.4778 | f1-score: 0.5375 | support: 76221 | mAP: 0.6242

Round 35/40
----------
Epoch 1/1
----------
Epoch 1/1
----------
Epoch 1/1
----------
Epoch 1/1
----------
Epoch 1/1
----------
Epoch 1/1
----------
Epoch 1/1
----------
Epoch 1/1
----------
micro     precision: 0.8034 | recall: 0.6376 | f1-score: 0.7109 | support: 76221 | mAP: 0.8222
macro     precision: 0.6870 | recall: 0.4750 | f1-score: 0.5352 | support: 76221 | mAP: 0.6282

Round 36/40
----------
Epoch 1/1
----------
Epoch 1/1
----------
Epoch 1/1
----------
Epoch 1/1
----------
Epoch 1/1
----------
Epoch 1/1
----------
Epoch 1/1
----------
Epoch 1/1
----------
micro     precision: 0.7800 | recall: 0.6476 | f1-score: 0.7077 | support: 76221 | mAP: 0.8182
macro     precision: 0.6648 | recall: 0.4854 | f1-score: 0.5410 | support: 76221 | mAP: 0.6216

Round 37/40
----------
Epoch 1/1
----------
Epoch 1/1
----------
Epoch 1/1
----------
Epoch 1/1
----------
Epoch 1/1
----------
Epoch 1/1
----------
Epoch 1/1
----------
Epoch 1/1
----------
micro     precision: 0.8043 | recall: 0.6554 | f1-score: 0.7222 | support: 76221 | mAP: 0.8350
macro     precision: 0.6917 | recall: 0.4893 | f1-score: 0.5512 | support: 76221 | mAP: 0.6410

Round 38/40
----------
Epoch 1/1
----------
Epoch 1/1
----------
Epoch 1/1
----------
Epoch 1/1
----------
Epoch 1/1
----------
Epoch 1/1
----------
Epoch 1/1
----------
Epoch 1/1
----------
micro     precision: 0.7916 | recall: 0.6401 | f1-score: 0.7078 | support: 76221 | mAP: 0.8212
macro     precision: 0.7343 | recall: 0.4828 | f1-score: 0.5444 | support: 76221 | mAP: 0.6316

Round 39/40
----------
Epoch 1/1
----------
Epoch 1/1
----------
Epoch 1/1
----------
Epoch 1/1
----------
Epoch 1/1
----------
Epoch 1/1
----------
Epoch 1/1
----------
Epoch 1/1
----------
micro     precision: 0.7975 | recall: 0.6556 | f1-score: 0.7196 | support: 76221 | mAP: 0.8294
macro     precision: 0.6995 | recall: 0.4824 | f1-score: 0.5443 | support: 76221 | mAP: 0.6356

Round 40/40
----------
Epoch 1/1
----------
Epoch 1/1
----------
Epoch 1/1
----------
Epoch 1/1
----------
Epoch 1/1
----------
Epoch 1/1
----------
Epoch 1/1
----------
Epoch 1/1
----------
micro     precision: 0.7626 | recall: 0.6634 | f1-score: 0.7096 | support: 76221 | mAP: 0.8136
macro     precision: 0.7299 | recall: 0.5054 | f1-score: 0.5516 | support: 76221 | mAP: 0.6298

[{'0': {'precision': [], 'recall': [], 'f1-score': [], 'support': []}, '1': {'precision': [], 'recall': [], 'f1-score': [], 'support': []}, '2': {'precision': [], 'recall': [], 'f1-score': [], 'support': []}, '3': {'precision': [], 'recall': [], 'f1-score': [], 'support': []}, '4': {'precision': [], 'recall': [], 'f1-score': [], 'support': []}, '5': {'precision': [], 'recall': [], 'f1-score': [], 'support': []}, '6': {'precision': [], 'recall': [], 'f1-score': [], 'support': []}, '7': {'precision': [], 'recall': [], 'f1-score': [], 'support': []}, '8': {'precision': [], 'recall': [], 'f1-score': [], 'support': []}, '9': {'precision': [], 'recall': [], 'f1-score': [], 'support': []}, '10': {'precision': [], 'recall': [], 'f1-score': [], 'support': []}, '11': {'precision': [], 'recall': [], 'f1-score': [], 'support': []}, '12': {'precision': [], 'recall': [], 'f1-score': [], 'support': []}, '13': {'precision': [], 'recall': [], 'f1-score': [], 'support': []}, '14': {'precision': [], 'recall': [], 'f1-score': [], 'support': []}, '15': {'precision': [], 'recall': [], 'f1-score': [], 'support': []}, '16': {'precision': [], 'recall': [], 'f1-score': [], 'support': []}, '17': {'precision': [], 'recall': [], 'f1-score': [], 'support': []}, '18': {'precision': [], 'recall': [], 'f1-score': [], 'support': []}, 'micro avg': {'precision': [], 'recall': [], 'f1-score': [], 'support': []}, 'macro avg': {'precision': [], 'recall': [], 'f1-score': [], 'support': []}, 'weighted avg': {'precision': [], 'recall': [], 'f1-score': [], 'support': []}, 'ap_mic': [], 'ap_mac': []}, {'0': {'precision': [], 'recall': [], 'f1-score': [], 'support': []}, '1': {'precision': [], 'recall': [], 'f1-score': [], 'support': []}, '2': {'precision': [], 'recall': [], 'f1-score': [], 'support': []}, '3': {'precision': [], 'recall': [], 'f1-score': [], 'support': []}, '4': {'precision': [], 'recall': [], 'f1-score': [], 'support': []}, '5': {'precision': [], 'recall': [], 'f1-score': [], 'support': []}, '6': {'precision': [], 'recall': [], 'f1-score': [], 'support': []}, '7': {'precision': [], 'recall': [], 'f1-score': [], 'support': []}, '8': {'precision': [], 'recall': [], 'f1-score': [], 'support': []}, '9': {'precision': [], 'recall': [], 'f1-score': [], 'support': []}, '10': {'precision': [], 'recall': [], 'f1-score': [], 'support': []}, '11': {'precision': [], 'recall': [], 'f1-score': [], 'support': []}, '12': {'precision': [], 'recall': [], 'f1-score': [], 'support': []}, '13': {'precision': [], 'recall': [], 'f1-score': [], 'support': []}, '14': {'precision': [], 'recall': [], 'f1-score': [], 'support': []}, '15': {'precision': [], 'recall': [], 'f1-score': [], 'support': []}, '16': {'precision': [], 'recall': [], 'f1-score': [], 'support': []}, '17': {'precision': [], 'recall': [], 'f1-score': [], 'support': []}, '18': {'precision': [], 'recall': [], 'f1-score': [], 'support': []}, 'micro avg': {'precision': [], 'recall': [], 'f1-score': [], 'support': []}, 'macro avg': {'precision': [], 'recall': [], 'f1-score': [], 'support': []}, 'weighted avg': {'precision': [], 'recall': [], 'f1-score': [], 'support': []}, 'ap_mic': [], 'ap_mac': []}, {'0': {'precision': [], 'recall': [], 'f1-score': [], 'support': []}, '1': {'precision': [], 'recall': [], 'f1-score': [], 'support': []}, '2': {'precision': [], 'recall': [], 'f1-score': [], 'support': []}, '3': {'precision': [], 'recall': [], 'f1-score': [], 'support': []}, '4': {'precision': [], 'recall': [], 'f1-score': [], 'support': []}, '5': {'precision': [], 'recall': [], 'f1-score': [], 'support': []}, '6': {'precision': [], 'recall': [], 'f1-score': [], 'support': []}, '7': {'precision': [], 'recall': [], 'f1-score': [], 'support': []}, '8': {'precision': [], 'recall': [], 'f1-score': [], 'support': []}, '9': {'precision': [], 'recall': [], 'f1-score': [], 'support': []}, '10': {'precision': [], 'recall': [], 'f1-score': [], 'support': []}, '11': {'precision': [], 'recall': [], 'f1-score': [], 'support': []}, '12': {'precision': [], 'recall': [], 'f1-score': [], 'support': []}, '13': {'precision': [], 'recall': [], 'f1-score': [], 'support': []}, '14': {'precision': [], 'recall': [], 'f1-score': [], 'support': []}, '15': {'precision': [], 'recall': [], 'f1-score': [], 'support': []}, '16': {'precision': [], 'recall': [], 'f1-score': [], 'support': []}, '17': {'precision': [], 'recall': [], 'f1-score': [], 'support': []}, '18': {'precision': [], 'recall': [], 'f1-score': [], 'support': []}, 'micro avg': {'precision': [], 'recall': [], 'f1-score': [], 'support': []}, 'macro avg': {'precision': [], 'recall': [], 'f1-score': [], 'support': []}, 'weighted avg': {'precision': [], 'recall': [], 'f1-score': [], 'support': []}, 'ap_mic': [], 'ap_mac': []}, {'0': {'precision': [], 'recall': [], 'f1-score': [], 'support': []}, '1': {'precision': [], 'recall': [], 'f1-score': [], 'support': []}, '2': {'precision': [], 'recall': [], 'f1-score': [], 'support': []}, '3': {'precision': [], 'recall': [], 'f1-score': [], 'support': []}, '4': {'precision': [], 'recall': [], 'f1-score': [], 'support': []}, '5': {'precision': [], 'recall': [], 'f1-score': [], 'support': []}, '6': {'precision': [], 'recall': [], 'f1-score': [], 'support': []}, '7': {'precision': [], 'recall': [], 'f1-score': [], 'support': []}, '8': {'precision': [], 'recall': [], 'f1-score': [], 'support': []}, '9': {'precision': [], 'recall': [], 'f1-score': [], 'support': []}, '10': {'precision': [], 'recall': [], 'f1-score': [], 'support': []}, '11': {'precision': [], 'recall': [], 'f1-score': [], 'support': []}, '12': {'precision': [], 'recall': [], 'f1-score': [], 'support': []}, '13': {'precision': [], 'recall': [], 'f1-score': [], 'support': []}, '14': {'precision': [], 'recall': [], 'f1-score': [], 'support': []}, '15': {'precision': [], 'recall': [], 'f1-score': [], 'support': []}, '16': {'precision': [], 'recall': [], 'f1-score': [], 'support': []}, '17': {'precision': [], 'recall': [], 'f1-score': [], 'support': []}, '18': {'precision': [], 'recall': [], 'f1-score': [], 'support': []}, 'micro avg': {'precision': [], 'recall': [], 'f1-score': [], 'support': []}, 'macro avg': {'precision': [], 'recall': [], 'f1-score': [], 'support': []}, 'weighted avg': {'precision': [], 'recall': [], 'f1-score': [], 'support': []}, 'ap_mic': [], 'ap_mac': []}, {'0': {'precision': [], 'recall': [], 'f1-score': [], 'support': []}, '1': {'precision': [], 'recall': [], 'f1-score': [], 'support': []}, '2': {'precision': [], 'recall': [], 'f1-score': [], 'support': []}, '3': {'precision': [], 'recall': [], 'f1-score': [], 'support': []}, '4': {'precision': [], 'recall': [], 'f1-score': [], 'support': []}, '5': {'precision': [], 'recall': [], 'f1-score': [], 'support': []}, '6': {'precision': [], 'recall': [], 'f1-score': [], 'support': []}, '7': {'precision': [], 'recall': [], 'f1-score': [], 'support': []}, '8': {'precision': [], 'recall': [], 'f1-score': [], 'support': []}, '9': {'precision': [], 'recall': [], 'f1-score': [], 'support': []}, '10': {'precision': [], 'recall': [], 'f1-score': [], 'support': []}, '11': {'precision': [], 'recall': [], 'f1-score': [], 'support': []}, '12': {'precision': [], 'recall': [], 'f1-score': [], 'support': []}, '13': {'precision': [], 'recall': [], 'f1-score': [], 'support': []}, '14': {'precision': [], 'recall': [], 'f1-score': [], 'support': []}, '15': {'precision': [], 'recall': [], 'f1-score': [], 'support': []}, '16': {'precision': [], 'recall': [], 'f1-score': [], 'support': []}, '17': {'precision': [], 'recall': [], 'f1-score': [], 'support': []}, '18': {'precision': [], 'recall': [], 'f1-score': [], 'support': []}, 'micro avg': {'precision': [], 'recall': [], 'f1-score': [], 'support': []}, 'macro avg': {'precision': [], 'recall': [], 'f1-score': [], 'support': []}, 'weighted avg': {'precision': [], 'recall': [], 'f1-score': [], 'support': []}, 'ap_mic': [], 'ap_mac': []}, {'0': {'precision': [], 'recall': [], 'f1-score': [], 'support': []}, '1': {'precision': [], 'recall': [], 'f1-score': [], 'support': []}, '2': {'precision': [], 'recall': [], 'f1-score': [], 'support': []}, '3': {'precision': [], 'recall': [], 'f1-score': [], 'support': []}, '4': {'precision': [], 'recall': [], 'f1-score': [], 'support': []}, '5': {'precision': [], 'recall': [], 'f1-score': [], 'support': []}, '6': {'precision': [], 'recall': [], 'f1-score': [], 'support': []}, '7': {'precision': [], 'recall': [], 'f1-score': [], 'support': []}, '8': {'precision': [], 'recall': [], 'f1-score': [], 'support': []}, '9': {'precision': [], 'recall': [], 'f1-score': [], 'support': []}, '10': {'precision': [], 'recall': [], 'f1-score': [], 'support': []}, '11': {'precision': [], 'recall': [], 'f1-score': [], 'support': []}, '12': {'precision': [], 'recall': [], 'f1-score': [], 'support': []}, '13': {'precision': [], 'recall': [], 'f1-score': [], 'support': []}, '14': {'precision': [], 'recall': [], 'f1-score': [], 'support': []}, '15': {'precision': [], 'recall': [], 'f1-score': [], 'support': []}, '16': {'precision': [], 'recall': [], 'f1-score': [], 'support': []}, '17': {'precision': [], 'recall': [], 'f1-score': [], 'support': []}, '18': {'precision': [], 'recall': [], 'f1-score': [], 'support': []}, 'micro avg': {'precision': [], 'recall': [], 'f1-score': [], 'support': []}, 'macro avg': {'precision': [], 'recall': [], 'f1-score': [], 'support': []}, 'weighted avg': {'precision': [], 'recall': [], 'f1-score': [], 'support': []}, 'ap_mic': [], 'ap_mac': []}, {'0': {'precision': [], 'recall': [], 'f1-score': [], 'support': []}, '1': {'precision': [], 'recall': [], 'f1-score': [], 'support': []}, '2': {'precision': [], 'recall': [], 'f1-score': [], 'support': []}, '3': {'precision': [], 'recall': [], 'f1-score': [], 'support': []}, '4': {'precision': [], 'recall': [], 'f1-score': [], 'support': []}, '5': {'precision': [], 'recall': [], 'f1-score': [], 'support': []}, '6': {'precision': [], 'recall': [], 'f1-score': [], 'support': []}, '7': {'precision': [], 'recall': [], 'f1-score': [], 'support': []}, '8': {'precision': [], 'recall': [], 'f1-score': [], 'support': []}, '9': {'precision': [], 'recall': [], 'f1-score': [], 'support': []}, '10': {'precision': [], 'recall': [], 'f1-score': [], 'support': []}, '11': {'precision': [], 'recall': [], 'f1-score': [], 'support': []}, '12': {'precision': [], 'recall': [], 'f1-score': [], 'support': []}, '13': {'precision': [], 'recall': [], 'f1-score': [], 'support': []}, '14': {'precision': [], 'recall': [], 'f1-score': [], 'support': []}, '15': {'precision': [], 'recall': [], 'f1-score': [], 'support': []}, '16': {'precision': [], 'recall': [], 'f1-score': [], 'support': []}, '17': {'precision': [], 'recall': [], 'f1-score': [], 'support': []}, '18': {'precision': [], 'recall': [], 'f1-score': [], 'support': []}, 'micro avg': {'precision': [], 'recall': [], 'f1-score': [], 'support': []}, 'macro avg': {'precision': [], 'recall': [], 'f1-score': [], 'support': []}, 'weighted avg': {'precision': [], 'recall': [], 'f1-score': [], 'support': []}, 'ap_mic': [], 'ap_mac': []}, {'0': {'precision': [], 'recall': [], 'f1-score': [], 'support': []}, '1': {'precision': [], 'recall': [], 'f1-score': [], 'support': []}, '2': {'precision': [], 'recall': [], 'f1-score': [], 'support': []}, '3': {'precision': [], 'recall': [], 'f1-score': [], 'support': []}, '4': {'precision': [], 'recall': [], 'f1-score': [], 'support': []}, '5': {'precision': [], 'recall': [], 'f1-score': [], 'support': []}, '6': {'precision': [], 'recall': [], 'f1-score': [], 'support': []}, '7': {'precision': [], 'recall': [], 'f1-score': [], 'support': []}, '8': {'precision': [], 'recall': [], 'f1-score': [], 'support': []}, '9': {'precision': [], 'recall': [], 'f1-score': [], 'support': []}, '10': {'precision': [], 'recall': [], 'f1-score': [], 'support': []}, '11': {'precision': [], 'recall': [], 'f1-score': [], 'support': []}, '12': {'precision': [], 'recall': [], 'f1-score': [], 'support': []}, '13': {'precision': [], 'recall': [], 'f1-score': [], 'support': []}, '14': {'precision': [], 'recall': [], 'f1-score': [], 'support': []}, '15': {'precision': [], 'recall': [], 'f1-score': [], 'support': []}, '16': {'precision': [], 'recall': [], 'f1-score': [], 'support': []}, '17': {'precision': [], 'recall': [], 'f1-score': [], 'support': []}, '18': {'precision': [], 'recall': [], 'f1-score': [], 'support': []}, 'micro avg': {'precision': [], 'recall': [], 'f1-score': [], 'support': []}, 'macro avg': {'precision': [], 'recall': [], 'f1-score': [], 'support': []}, 'weighted avg': {'precision': [], 'recall': [], 'f1-score': [], 'support': []}, 'ap_mic': [], 'ap_mac': []}]
