scenario: 			 2 
pruning strategy: 	 random 
pruning rate: 		 0.3 
pruning round: 		 4 
communication rounds: 40 
epochs per round:	 1
Using device: cuda:0

init FLClient TRAIN dataset and dataloader
Pre-filtered 30767 patches based on country and season (split ignored)
Loading BEN data for train...
    237871 patches indexed
    14805 filtered patches indexed
    14805 patches indexed considering max_len
Merged metadata with snow/cloud metadata
Loaded 549488 labels
Loaded 549488 keys
Loaded mapping created

init FLClient VALIDATION dataset and dataloader
Pre-filtered 30767 patches based on country and season (split ignored)
Loading BEN data for test...
    119825 patches indexed
    8209 filtered patches indexed
    256 patches indexed considering max_len
Merged metadata with snow/cloud metadata
Loaded 549488 labels
Loaded 549488 keys
Loaded mapping created

init FLClient TRAIN dataset and dataloader
Pre-filtered 15549 patches based on country and season (split ignored)
Loading BEN data for train...
    237871 patches indexed
    7150 filtered patches indexed
    7150 patches indexed considering max_len
Merged metadata with snow/cloud metadata
Loaded 549488 labels
Loaded 549488 keys
Loaded mapping created

init FLClient VALIDATION dataset and dataloader
Pre-filtered 15549 patches based on country and season (split ignored)
Loading BEN data for test...
    119825 patches indexed
    4263 filtered patches indexed
    256 patches indexed considering max_len
Merged metadata with snow/cloud metadata
Loaded 549488 labels
Loaded 549488 keys
Loaded mapping created

init FLClient TRAIN dataset and dataloader
Pre-filtered 13683 patches based on country and season (split ignored)
Loading BEN data for train...
    237871 patches indexed
    7180 filtered patches indexed
    7180 patches indexed considering max_len
Merged metadata with snow/cloud metadata
Loaded 549488 labels
Loaded 549488 keys
Loaded mapping created

init FLClient VALIDATION dataset and dataloader
Pre-filtered 13683 patches based on country and season (split ignored)
Loading BEN data for test...
    119825 patches indexed
    3248 filtered patches indexed
    256 patches indexed considering max_len
Merged metadata with snow/cloud metadata
Loaded 549488 labels
Loaded 549488 keys
Loaded mapping created

init FLClient TRAIN dataset and dataloader
Pre-filtered 10372 patches based on country and season (split ignored)
Loading BEN data for train...
    237871 patches indexed
    5941 filtered patches indexed
    5941 patches indexed considering max_len
Merged metadata with snow/cloud metadata
Loaded 549488 labels
Loaded 549488 keys
Loaded mapping created

init FLClient VALIDATION dataset and dataloader
Pre-filtered 10372 patches based on country and season (split ignored)
Loading BEN data for test...
    119825 patches indexed
    1871 filtered patches indexed
    256 patches indexed considering max_len
Merged metadata with snow/cloud metadata
Loaded 549488 labels
Loaded 549488 keys
Loaded mapping created

init FLClient TRAIN dataset and dataloader
Pre-filtered 1939 patches based on country and season (split ignored)
Loading BEN data for train...
    237871 patches indexed
    1323 filtered patches indexed
    1323 patches indexed considering max_len
Merged metadata with snow/cloud metadata
Loaded 549488 labels
Loaded 549488 keys
Loaded mapping created

init FLClient VALIDATION dataset and dataloader
Pre-filtered 1939 patches based on country and season (split ignored)
Loading BEN data for test...
    119825 patches indexed
    32 filtered patches indexed
    32 patches indexed considering max_len
Merged metadata with snow/cloud metadata
Loaded 549488 labels
Loaded 549488 keys
Loaded mapping created

init FLClient TRAIN dataset and dataloader
Pre-filtered 8775 patches based on country and season (split ignored)
Loading BEN data for train...
    237871 patches indexed
    4206 filtered patches indexed
    4206 patches indexed considering max_len
Merged metadata with snow/cloud metadata
Loaded 549488 labels
Loaded 549488 keys
Loaded mapping created

init FLClient VALIDATION dataset and dataloader
Pre-filtered 8775 patches based on country and season (split ignored)
Loading BEN data for test...
    119825 patches indexed
    2151 filtered patches indexed
    256 patches indexed considering max_len
Merged metadata with snow/cloud metadata
Loaded 549488 labels
Loaded 549488 keys
Loaded mapping created

init FLClient TRAIN dataset and dataloader
Pre-filtered 16438 patches based on country and season (split ignored)
Loading BEN data for train...
    237871 patches indexed
    8037 filtered patches indexed
    8037 patches indexed considering max_len
Merged metadata with snow/cloud metadata
Loaded 549488 labels
Loaded 549488 keys
Loaded mapping created

init FLClient VALIDATION dataset and dataloader
Pre-filtered 16438 patches based on country and season (split ignored)
Loading BEN data for test...
    119825 patches indexed
    4220 filtered patches indexed
    256 patches indexed considering max_len
Merged metadata with snow/cloud metadata
Loaded 549488 labels
Loaded 549488 keys
Loaded mapping created

init FLClient TRAIN dataset and dataloader
Pre-filtered 4874 patches based on country and season (split ignored)
Loading BEN data for train...
    237871 patches indexed
    1692 filtered patches indexed
    1692 patches indexed considering max_len
Merged metadata with snow/cloud metadata
Loaded 549488 labels
Loaded 549488 keys
Loaded mapping created

init FLClient VALIDATION dataset and dataloader
Pre-filtered 4874 patches based on country and season (split ignored)
Loading BEN data for test...
    119825 patches indexed
    2039 filtered patches indexed
    256 patches indexed considering max_len
Merged metadata with snow/cloud metadata
Loaded 549488 labels
Loaded 549488 keys
Loaded mapping created

init GLOBALClient VALIDATION dataset and dataloader
Pre-filtered 102397 patches based on country and season (split ignored)
Loading BEN data for test...
    119825 patches indexed
    26033 filtered patches indexed
    26033 patches indexed considering max_len
Merged metadata with snow/cloud metadata
Loaded 549488 labels
Loaded 549488 keys
Loaded mapping created
Round 1/40
----------
Epoch 1/1
----------
Epoch 1/1
----------
Epoch 1/1
----------
Epoch 1/1
----------
Epoch 1/1
----------
Epoch 1/1
----------
Epoch 1/1
----------
Epoch 1/1
----------
micro     precision: 0.8519 | recall: 0.0003 | f1-score: 0.0006 | support: 76221 | mAP: 0.3912
macro     precision: 0.1223 | recall: 0.0002 | f1-score: 0.0005 | support: 76221 | mAP: 0.2462

Round 2/40
----------
Epoch 1/1
----------
Epoch 1/1
----------
Epoch 1/1
----------
Epoch 1/1
----------
Epoch 1/1
----------
Epoch 1/1
----------
Epoch 1/1
----------
Epoch 1/1
----------
micro     precision: 0.6277 | recall: 0.0327 | f1-score: 0.0622 | support: 76221 | mAP: 0.4058
macro     precision: 0.0330 | recall: 0.0108 | f1-score: 0.0163 | support: 76221 | mAP: 0.2885

Round 3/40
----------
Epoch 1/1
----------
Epoch 1/1
----------
Epoch 1/1
----------
Epoch 1/1
----------
Epoch 1/1
----------
Epoch 1/1
----------
Epoch 1/1
----------
Epoch 1/1
----------
micro     precision: 0.7724 | recall: 0.0779 | f1-score: 0.1415 | support: 76221 | mAP: 0.4077
macro     precision: 0.0407 | recall: 0.0258 | f1-score: 0.0316 | support: 76221 | mAP: 0.3319

Round 4/40
----------
Starting random pruning with rate 0.3
encoder.4.0.conv3: out of 16384 parameters 4928.0 were pruned.
encoder.4.0.downsample.0: out of 16384 parameters 4928.0 were pruned.
encoder.4.1.conv1: out of 16384 parameters 4864.0 were pruned.
encoder.4.1.conv2: out of 36864 parameters 10944.0 were pruned.
encoder.4.1.conv3: out of 16384 parameters 4928.0 were pruned.
encoder.4.2.conv1: out of 16384 parameters 4864.0 were pruned.
encoder.4.2.conv2: out of 36864 parameters 10944.0 were pruned.
encoder.4.2.conv3: out of 16384 parameters 4928.0 were pruned.
encoder.5.0.conv1: out of 32768 parameters 9728.0 were pruned.
encoder.5.0.conv2: out of 147456 parameters 43776.0 were pruned.
encoder.5.0.conv3: out of 65536 parameters 19712.0 were pruned.
encoder.5.0.downsample.0: out of 131072 parameters 39424.0 were pruned.
encoder.5.1.conv1: out of 65536 parameters 19456.0 were pruned.
encoder.5.1.conv2: out of 147456 parameters 43776.0 were pruned.
encoder.5.1.conv3: out of 65536 parameters 19712.0 were pruned.
encoder.5.2.conv1: out of 65536 parameters 19456.0 were pruned.
encoder.5.2.conv2: out of 147456 parameters 43776.0 were pruned.
encoder.5.2.conv3: out of 65536 parameters 19712.0 were pruned.
encoder.5.3.conv1: out of 65536 parameters 19456.0 were pruned.
encoder.5.3.conv2: out of 147456 parameters 43776.0 were pruned.
encoder.5.3.conv3: out of 65536 parameters 19712.0 were pruned.
encoder.6.0.conv1: out of 131072 parameters 39424.0 were pruned.
encoder.6.0.conv2: out of 589824 parameters 177408.0 were pruned.
encoder.6.0.conv3: out of 262144 parameters 78592.0 were pruned.
encoder.6.0.downsample.0: out of 524288 parameters 157184.0 were pruned.
encoder.6.1.conv1: out of 262144 parameters 78848.0 were pruned.
encoder.6.1.conv2: out of 589824 parameters 177408.0 were pruned.
encoder.6.1.conv3: out of 262144 parameters 78592.0 were pruned.
encoder.6.2.conv1: out of 262144 parameters 78848.0 were pruned.
encoder.6.2.conv2: out of 589824 parameters 177408.0 were pruned.
encoder.6.2.conv3: out of 262144 parameters 78592.0 were pruned.
encoder.6.3.conv1: out of 262144 parameters 78848.0 were pruned.
encoder.6.3.conv2: out of 589824 parameters 177408.0 were pruned.
encoder.6.3.conv3: out of 262144 parameters 78592.0 were pruned.
encoder.6.4.conv1: out of 262144 parameters 78848.0 were pruned.
encoder.6.4.conv2: out of 589824 parameters 177408.0 were pruned.
encoder.6.4.conv3: out of 262144 parameters 78592.0 were pruned.
encoder.6.5.conv1: out of 262144 parameters 78848.0 were pruned.
encoder.6.5.conv2: out of 589824 parameters 177408.0 were pruned.
encoder.6.5.conv3: out of 262144 parameters 78592.0 were pruned.
encoder.7.0.conv1: out of 524288 parameters 157696.0 were pruned.
encoder.7.0.conv2: out of 2359296 parameters 709632.0 were pruned.
encoder.7.0.conv3: out of 1048576 parameters 314368.0 were pruned.
encoder.7.0.downsample.0: out of 2097152 parameters 628736.0 were pruned.
encoder.7.1.conv1: out of 1048576 parameters 315392.0 were pruned.
encoder.7.1.conv2: out of 2359296 parameters 709632.0 were pruned.
encoder.7.1.conv3: out of 1048576 parameters 314368.0 were pruned.
encoder.7.2.conv1: out of 1048576 parameters 315392.0 were pruned.
encoder.7.2.conv2: out of 2359296 parameters 709632.0 were pruned.
encoder.7.2.conv3: out of 1048576 parameters 314368.0 were pruned.
Out of 23404544 parameters 7028864.0 were pruned.

Epoch 1/1
----------
Epoch 1/1
----------
Epoch 1/1
----------
Epoch 1/1
----------
Epoch 1/1
----------
Epoch 1/1
----------
Epoch 1/1
----------
Epoch 1/1
----------
micro     precision: 0.0000 | recall: 0.0000 | f1-score: 0.0000 | support: 76221 | mAP: 0.3448
macro     precision: 0.0000 | recall: 0.0000 | f1-score: 0.0000 | support: 76221 | mAP: 0.2528

Round 5/40
----------
Epoch 1/1
----------
Epoch 1/1
----------
Epoch 1/1
----------
Epoch 1/1
----------
Epoch 1/1
----------
Epoch 1/1
----------
Epoch 1/1
----------
Epoch 1/1
----------
micro     precision: 0.6603 | recall: 0.0014 | f1-score: 0.0027 | support: 76221 | mAP: 0.3380
macro     precision: 0.0348 | recall: 0.0004 | f1-score: 0.0009 | support: 76221 | mAP: 0.2980

Round 6/40
----------
Epoch 1/1
----------
Epoch 1/1
----------
Epoch 1/1
----------
Epoch 1/1
----------
Epoch 1/1
----------
Epoch 1/1
----------
Epoch 1/1
----------
Epoch 1/1
----------
micro     precision: 0.6250 | recall: 0.0007 | f1-score: 0.0014 | support: 76221 | mAP: 0.3985
macro     precision: 0.0329 | recall: 0.0002 | f1-score: 0.0005 | support: 76221 | mAP: 0.2998

Round 7/40
----------
Epoch 1/1
----------
Epoch 1/1
----------
Epoch 1/1
----------
Epoch 1/1
----------
Epoch 1/1
----------
Epoch 1/1
----------
Epoch 1/1
----------
Epoch 1/1
----------
micro     precision: 0.4524 | recall: 0.2297 | f1-score: 0.3047 | support: 76221 | mAP: 0.3832
macro     precision: 0.1495 | recall: 0.1055 | f1-score: 0.0996 | support: 76221 | mAP: 0.3269

Round 8/40
----------
Epoch 1/1
----------
Epoch 1/1
----------
Epoch 1/1
----------
Epoch 1/1
----------
Epoch 1/1
----------
Epoch 1/1
----------
Epoch 1/1
----------
Epoch 1/1
----------
micro     precision: 0.5258 | recall: 0.2898 | f1-score: 0.3737 | support: 76221 | mAP: 0.4825
macro     precision: 0.2564 | recall: 0.1483 | f1-score: 0.1459 | support: 76221 | mAP: 0.3468

Round 9/40
----------
Epoch 1/1
----------
Epoch 1/1
----------
Epoch 1/1
----------
Epoch 1/1
----------
Epoch 1/1
----------
Epoch 1/1
----------
Epoch 1/1
----------
Epoch 1/1
----------
micro     precision: 0.4790 | recall: 0.2704 | f1-score: 0.3457 | support: 76221 | mAP: 0.4482
macro     precision: 0.2002 | recall: 0.1209 | f1-score: 0.1107 | support: 76221 | mAP: 0.3295

Round 10/40
----------
Epoch 1/1
----------
Epoch 1/1
----------
Epoch 1/1
----------
Epoch 1/1
----------
Epoch 1/1
----------
Epoch 1/1
----------
Epoch 1/1
----------
Epoch 1/1
----------
micro     precision: 0.5591 | recall: 0.3864 | f1-score: 0.4570 | support: 76221 | mAP: 0.5503
macro     precision: 0.2877 | recall: 0.2130 | f1-score: 0.2206 | support: 76221 | mAP: 0.3865

Round 11/40
----------
Epoch 1/1
----------
Epoch 1/1
----------
Epoch 1/1
----------
Epoch 1/1
----------
Epoch 1/1
----------
Epoch 1/1
----------
Epoch 1/1
----------
Epoch 1/1
----------
micro     precision: 0.5548 | recall: 0.3111 | f1-score: 0.3987 | support: 76221 | mAP: 0.5031
macro     precision: 0.2500 | recall: 0.1666 | f1-score: 0.1651 | support: 76221 | mAP: 0.3434

Round 12/40
----------
Epoch 1/1
----------
Epoch 1/1
----------
Epoch 1/1
----------
Epoch 1/1
----------
Epoch 1/1
----------
Epoch 1/1
----------
Epoch 1/1
----------
Epoch 1/1
----------
micro     precision: 0.5521 | recall: 0.4260 | f1-score: 0.4809 | support: 76221 | mAP: 0.4891
macro     precision: 0.2733 | recall: 0.1961 | f1-score: 0.1904 | support: 76221 | mAP: 0.2979

Round 13/40
----------
Epoch 1/1
----------
Epoch 1/1
----------
Epoch 1/1
----------
Epoch 1/1
----------
Epoch 1/1
----------
Epoch 1/1
----------
Epoch 1/1
----------
Epoch 1/1
----------
micro     precision: 0.6173 | recall: 0.4264 | f1-score: 0.5044 | support: 76221 | mAP: 0.5760
macro     precision: 0.3075 | recall: 0.2246 | f1-score: 0.2294 | support: 76221 | mAP: 0.3607

Round 14/40
----------
Epoch 1/1
----------
Epoch 1/1
----------
Epoch 1/1
----------
Epoch 1/1
----------
Epoch 1/1
----------
Epoch 1/1
----------
Epoch 1/1
----------
Epoch 1/1
----------
micro     precision: 0.5621 | recall: 0.4287 | f1-score: 0.4864 | support: 76221 | mAP: 0.5249
macro     precision: 0.2844 | recall: 0.1992 | f1-score: 0.2007 | support: 76221 | mAP: 0.3404

Round 15/40
----------
Epoch 1/1
----------
Epoch 1/1
----------
Epoch 1/1
----------
Epoch 1/1
----------
Epoch 1/1
----------
Epoch 1/1
----------
Epoch 1/1
----------
Epoch 1/1
----------
micro     precision: 0.5727 | recall: 0.4692 | f1-score: 0.5158 | support: 76221 | mAP: 0.5750
macro     precision: 0.3017 | recall: 0.2499 | f1-score: 0.2383 | support: 76221 | mAP: 0.3665

Round 16/40
----------
Epoch 1/1
----------
Epoch 1/1
----------
Epoch 1/1
----------
Epoch 1/1
----------
Epoch 1/1
----------
Epoch 1/1
----------
Epoch 1/1
----------
Epoch 1/1
----------
micro     precision: 0.6550 | recall: 0.3759 | f1-score: 0.4776 | support: 76221 | mAP: 0.5725
macro     precision: 0.3029 | recall: 0.1919 | f1-score: 0.2057 | support: 76221 | mAP: 0.3779

Round 17/40
----------
Epoch 1/1
----------
Epoch 1/1
----------
Epoch 1/1
----------
Epoch 1/1
----------
Epoch 1/1
----------
Epoch 1/1
----------
Epoch 1/1
----------
Epoch 1/1
----------
micro     precision: 0.6024 | recall: 0.4557 | f1-score: 0.5189 | support: 76221 | mAP: 0.5759
macro     precision: 0.4061 | recall: 0.2571 | f1-score: 0.2700 | support: 76221 | mAP: 0.3875

Round 18/40
----------
Epoch 1/1
----------
Epoch 1/1
----------
Epoch 1/1
----------
Epoch 1/1
----------
Epoch 1/1
----------
Epoch 1/1
----------
Epoch 1/1
----------
Epoch 1/1
----------
micro     precision: 0.6405 | recall: 0.4603 | f1-score: 0.5356 | support: 76221 | mAP: 0.6055
macro     precision: 0.4109 | recall: 0.2452 | f1-score: 0.2640 | support: 76221 | mAP: 0.3922

Round 19/40
----------
Epoch 1/1
----------
Epoch 1/1
----------
Epoch 1/1
----------
Epoch 1/1
----------
Epoch 1/1
----------
Epoch 1/1
----------
Epoch 1/1
----------
Epoch 1/1
----------
micro     precision: 0.6432 | recall: 0.3616 | f1-score: 0.4630 | support: 76221 | mAP: 0.5746
macro     precision: 0.3520 | recall: 0.1920 | f1-score: 0.2029 | support: 76221 | mAP: 0.3753

Round 20/40
----------
Epoch 1/1
----------
Epoch 1/1
----------
Epoch 1/1
----------
Epoch 1/1
----------
Epoch 1/1
----------
Epoch 1/1
----------
Epoch 1/1
----------
Epoch 1/1
----------
micro     precision: 0.5536 | recall: 0.4106 | f1-score: 0.4715 | support: 76221 | mAP: 0.5474
macro     precision: 0.4035 | recall: 0.2204 | f1-score: 0.2393 | support: 76221 | mAP: 0.4258

Round 21/40
----------
Epoch 1/1
----------
Epoch 1/1
----------
Epoch 1/1
----------
Epoch 1/1
----------
Epoch 1/1
----------
Epoch 1/1
----------
Epoch 1/1
----------
Epoch 1/1
----------
micro     precision: 0.6210 | recall: 0.3693 | f1-score: 0.4632 | support: 76221 | mAP: 0.5661
macro     precision: 0.3913 | recall: 0.1718 | f1-score: 0.1923 | support: 76221 | mAP: 0.3904

Round 22/40
----------
Epoch 1/1
----------
Epoch 1/1
----------
Epoch 1/1
----------
Epoch 1/1
----------
Epoch 1/1
----------
Epoch 1/1
----------
Epoch 1/1
----------
Epoch 1/1
----------
micro     precision: 0.6868 | recall: 0.4447 | f1-score: 0.5398 | support: 76221 | mAP: 0.6336
macro     precision: 0.4474 | recall: 0.2476 | f1-score: 0.2862 | support: 76221 | mAP: 0.4408

Round 23/40
----------
Epoch 1/1
----------
Epoch 1/1
----------
Epoch 1/1
----------
Epoch 1/1
----------
Epoch 1/1
----------
Epoch 1/1
----------
Epoch 1/1
----------
Epoch 1/1
----------
micro     precision: 0.6034 | recall: 0.3619 | f1-score: 0.4525 | support: 76221 | mAP: 0.5713
macro     precision: 0.3724 | recall: 0.1943 | f1-score: 0.2041 | support: 76221 | mAP: 0.3894

Round 24/40
----------
Epoch 1/1
----------
Epoch 1/1
----------
Epoch 1/1
----------
Epoch 1/1
----------
Epoch 1/1
----------
Epoch 1/1
----------
Epoch 1/1
----------
Epoch 1/1
----------
micro     precision: 0.6577 | recall: 0.4680 | f1-score: 0.5468 | support: 76221 | mAP: 0.6286
macro     precision: 0.4271 | recall: 0.2718 | f1-score: 0.3012 | support: 76221 | mAP: 0.4384

Round 25/40
----------
Epoch 1/1
----------
Epoch 1/1
----------
Epoch 1/1
----------
Epoch 1/1
----------
Epoch 1/1
----------
Epoch 1/1
----------
Epoch 1/1
----------
Epoch 1/1
----------
micro     precision: 0.6935 | recall: 0.3948 | f1-score: 0.5032 | support: 76221 | mAP: 0.6056
macro     precision: 0.4137 | recall: 0.2037 | f1-score: 0.2227 | support: 76221 | mAP: 0.4074

Round 26/40
----------
Epoch 1/1
----------
Epoch 1/1
----------
Epoch 1/1
----------
Epoch 1/1
----------
Epoch 1/1
----------
Epoch 1/1
----------
Epoch 1/1
----------
Epoch 1/1
----------
micro     precision: 0.6742 | recall: 0.4380 | f1-score: 0.5310 | support: 76221 | mAP: 0.6159
macro     precision: 0.4318 | recall: 0.2297 | f1-score: 0.2465 | support: 76221 | mAP: 0.4117

Round 27/40
----------
Epoch 1/1
----------
Epoch 1/1
----------
Epoch 1/1
----------
Epoch 1/1
----------
Epoch 1/1
----------
Epoch 1/1
----------
Epoch 1/1
----------
Epoch 1/1
----------
micro     precision: 0.6565 | recall: 0.4027 | f1-score: 0.4992 | support: 76221 | mAP: 0.6142
macro     precision: 0.5417 | recall: 0.2197 | f1-score: 0.2362 | support: 76221 | mAP: 0.4389

Round 28/40
----------
Epoch 1/1
----------
Epoch 1/1
----------
Epoch 1/1
----------
Epoch 1/1
----------
Epoch 1/1
----------
Epoch 1/1
----------
Epoch 1/1
----------
Epoch 1/1
----------
micro     precision: 0.6830 | recall: 0.4005 | f1-score: 0.5049 | support: 76221 | mAP: 0.5993
macro     precision: 0.4200 | recall: 0.2070 | f1-score: 0.2241 | support: 76221 | mAP: 0.4132

Round 29/40
----------
Epoch 1/1
----------
Epoch 1/1
----------
Epoch 1/1
----------
Epoch 1/1
----------
Epoch 1/1
----------
Epoch 1/1
----------
Epoch 1/1
----------
Epoch 1/1
----------
micro     precision: 0.7167 | recall: 0.3862 | f1-score: 0.5019 | support: 76221 | mAP: 0.5971
macro     precision: 0.4823 | recall: 0.2043 | f1-score: 0.2286 | support: 76221 | mAP: 0.4032

Round 30/40
----------
Epoch 1/1
----------
Epoch 1/1
----------
Epoch 1/1
----------
Epoch 1/1
----------
Epoch 1/1
----------
Epoch 1/1
----------
Epoch 1/1
----------
Epoch 1/1
----------
micro     precision: 0.6631 | recall: 0.3504 | f1-score: 0.4585 | support: 76221 | mAP: 0.5843
macro     precision: 0.5015 | recall: 0.1829 | f1-score: 0.2037 | support: 76221 | mAP: 0.4167

Round 31/40
----------
Epoch 1/1
----------
Epoch 1/1
----------
Epoch 1/1
----------
Epoch 1/1
----------
Epoch 1/1
----------
Epoch 1/1
----------
Epoch 1/1
----------
Epoch 1/1
----------
micro     precision: 0.6864 | recall: 0.3836 | f1-score: 0.4922 | support: 76221 | mAP: 0.6068
macro     precision: 0.4824 | recall: 0.1864 | f1-score: 0.2219 | support: 76221 | mAP: 0.4140

Round 32/40
----------
Epoch 1/1
----------
Epoch 1/1
----------
Epoch 1/1
----------
Epoch 1/1
----------
Epoch 1/1
----------
Epoch 1/1
----------
Epoch 1/1
----------
Epoch 1/1
----------
micro     precision: 0.7003 | recall: 0.4509 | f1-score: 0.5486 | support: 76221 | mAP: 0.6440
macro     precision: 0.4431 | recall: 0.2465 | f1-score: 0.2764 | support: 76221 | mAP: 0.4547

Round 33/40
----------
Epoch 1/1
----------
Epoch 1/1
----------
Epoch 1/1
----------
Epoch 1/1
----------
Epoch 1/1
----------
Epoch 1/1
----------
Epoch 1/1
----------
Epoch 1/1
----------
micro     precision: 0.6739 | recall: 0.3526 | f1-score: 0.4629 | support: 76221 | mAP: 0.6027
macro     precision: 0.4769 | recall: 0.1862 | f1-score: 0.2069 | support: 76221 | mAP: 0.4116

Round 34/40
----------
Epoch 1/1
----------
Epoch 1/1
----------
Epoch 1/1
----------
Epoch 1/1
----------
Epoch 1/1
----------
Epoch 1/1
----------
Epoch 1/1
----------
Epoch 1/1
----------
micro     precision: 0.6087 | recall: 0.3942 | f1-score: 0.4785 | support: 76221 | mAP: 0.5652
macro     precision: 0.4254 | recall: 0.2081 | f1-score: 0.2339 | support: 76221 | mAP: 0.4285

Round 35/40
----------
Epoch 1/1
----------
Epoch 1/1
----------
Epoch 1/1
----------
Epoch 1/1
----------
Epoch 1/1
----------
Epoch 1/1
----------
Epoch 1/1
----------
Epoch 1/1
----------
micro     precision: 0.7094 | recall: 0.4237 | f1-score: 0.5306 | support: 76221 | mAP: 0.6172
macro     precision: 0.4854 | recall: 0.2265 | f1-score: 0.2545 | support: 76221 | mAP: 0.4070

Round 36/40
----------
Epoch 1/1
----------
Epoch 1/1
----------
Epoch 1/1
----------
Epoch 1/1
----------
Epoch 1/1
----------
Epoch 1/1
----------
Epoch 1/1
----------
Epoch 1/1
----------
micro     precision: 0.7004 | recall: 0.3581 | f1-score: 0.4739 | support: 76221 | mAP: 0.6012
macro     precision: 0.4559 | recall: 0.1678 | f1-score: 0.1925 | support: 76221 | mAP: 0.3979

Round 37/40
----------
Epoch 1/1
----------
Epoch 1/1
----------
Epoch 1/1
----------
Epoch 1/1
----------
Epoch 1/1
----------
Epoch 1/1
----------
Epoch 1/1
----------
Epoch 1/1
----------
micro     precision: 0.6187 | recall: 0.4467 | f1-score: 0.5188 | support: 76221 | mAP: 0.5475
macro     precision: 0.4287 | recall: 0.2605 | f1-score: 0.2823 | support: 76221 | mAP: 0.4299

Round 38/40
----------
Epoch 1/1
----------
Epoch 1/1
----------
Epoch 1/1
----------
Epoch 1/1
----------
Epoch 1/1
----------
Epoch 1/1
----------
Epoch 1/1
----------
Epoch 1/1
----------
micro     precision: 0.6479 | recall: 0.3458 | f1-score: 0.4509 | support: 76221 | mAP: 0.5500
macro     precision: 0.4048 | recall: 0.1640 | f1-score: 0.1909 | support: 76221 | mAP: 0.4042

Round 39/40
----------
Epoch 1/1
----------
Epoch 1/1
----------
Epoch 1/1
----------
Epoch 1/1
----------
Epoch 1/1
----------
Epoch 1/1
----------
Epoch 1/1
----------
Epoch 1/1
----------
micro     precision: 0.7129 | recall: 0.3966 | f1-score: 0.5097 | support: 76221 | mAP: 0.6278
macro     precision: 0.4820 | recall: 0.2102 | f1-score: 0.2344 | support: 76221 | mAP: 0.4164

Round 40/40
----------
Epoch 1/1
----------
Epoch 1/1
----------
Epoch 1/1
----------
Epoch 1/1
----------
Epoch 1/1
----------
Epoch 1/1
----------
Epoch 1/1
----------
Epoch 1/1
----------
micro     precision: 0.7443 | recall: 0.3236 | f1-score: 0.4511 | support: 76221 | mAP: 0.5952
macro     precision: 0.4514 | recall: 0.1373 | f1-score: 0.1605 | support: 76221 | mAP: 0.3959

[{'0': {'precision': [], 'recall': [], 'f1-score': [], 'support': []}, '1': {'precision': [], 'recall': [], 'f1-score': [], 'support': []}, '2': {'precision': [], 'recall': [], 'f1-score': [], 'support': []}, '3': {'precision': [], 'recall': [], 'f1-score': [], 'support': []}, '4': {'precision': [], 'recall': [], 'f1-score': [], 'support': []}, '5': {'precision': [], 'recall': [], 'f1-score': [], 'support': []}, '6': {'precision': [], 'recall': [], 'f1-score': [], 'support': []}, '7': {'precision': [], 'recall': [], 'f1-score': [], 'support': []}, '8': {'precision': [], 'recall': [], 'f1-score': [], 'support': []}, '9': {'precision': [], 'recall': [], 'f1-score': [], 'support': []}, '10': {'precision': [], 'recall': [], 'f1-score': [], 'support': []}, '11': {'precision': [], 'recall': [], 'f1-score': [], 'support': []}, '12': {'precision': [], 'recall': [], 'f1-score': [], 'support': []}, '13': {'precision': [], 'recall': [], 'f1-score': [], 'support': []}, '14': {'precision': [], 'recall': [], 'f1-score': [], 'support': []}, '15': {'precision': [], 'recall': [], 'f1-score': [], 'support': []}, '16': {'precision': [], 'recall': [], 'f1-score': [], 'support': []}, '17': {'precision': [], 'recall': [], 'f1-score': [], 'support': []}, '18': {'precision': [], 'recall': [], 'f1-score': [], 'support': []}, 'micro avg': {'precision': [], 'recall': [], 'f1-score': [], 'support': []}, 'macro avg': {'precision': [], 'recall': [], 'f1-score': [], 'support': []}, 'weighted avg': {'precision': [], 'recall': [], 'f1-score': [], 'support': []}, 'ap_mic': [], 'ap_mac': []}, {'0': {'precision': [], 'recall': [], 'f1-score': [], 'support': []}, '1': {'precision': [], 'recall': [], 'f1-score': [], 'support': []}, '2': {'precision': [], 'recall': [], 'f1-score': [], 'support': []}, '3': {'precision': [], 'recall': [], 'f1-score': [], 'support': []}, '4': {'precision': [], 'recall': [], 'f1-score': [], 'support': []}, '5': {'precision': [], 'recall': [], 'f1-score': [], 'support': []}, '6': {'precision': [], 'recall': [], 'f1-score': [], 'support': []}, '7': {'precision': [], 'recall': [], 'f1-score': [], 'support': []}, '8': {'precision': [], 'recall': [], 'f1-score': [], 'support': []}, '9': {'precision': [], 'recall': [], 'f1-score': [], 'support': []}, '10': {'precision': [], 'recall': [], 'f1-score': [], 'support': []}, '11': {'precision': [], 'recall': [], 'f1-score': [], 'support': []}, '12': {'precision': [], 'recall': [], 'f1-score': [], 'support': []}, '13': {'precision': [], 'recall': [], 'f1-score': [], 'support': []}, '14': {'precision': [], 'recall': [], 'f1-score': [], 'support': []}, '15': {'precision': [], 'recall': [], 'f1-score': [], 'support': []}, '16': {'precision': [], 'recall': [], 'f1-score': [], 'support': []}, '17': {'precision': [], 'recall': [], 'f1-score': [], 'support': []}, '18': {'precision': [], 'recall': [], 'f1-score': [], 'support': []}, 'micro avg': {'precision': [], 'recall': [], 'f1-score': [], 'support': []}, 'macro avg': {'precision': [], 'recall': [], 'f1-score': [], 'support': []}, 'weighted avg': {'precision': [], 'recall': [], 'f1-score': [], 'support': []}, 'ap_mic': [], 'ap_mac': []}, {'0': {'precision': [], 'recall': [], 'f1-score': [], 'support': []}, '1': {'precision': [], 'recall': [], 'f1-score': [], 'support': []}, '2': {'precision': [], 'recall': [], 'f1-score': [], 'support': []}, '3': {'precision': [], 'recall': [], 'f1-score': [], 'support': []}, '4': {'precision': [], 'recall': [], 'f1-score': [], 'support': []}, '5': {'precision': [], 'recall': [], 'f1-score': [], 'support': []}, '6': {'precision': [], 'recall': [], 'f1-score': [], 'support': []}, '7': {'precision': [], 'recall': [], 'f1-score': [], 'support': []}, '8': {'precision': [], 'recall': [], 'f1-score': [], 'support': []}, '9': {'precision': [], 'recall': [], 'f1-score': [], 'support': []}, '10': {'precision': [], 'recall': [], 'f1-score': [], 'support': []}, '11': {'precision': [], 'recall': [], 'f1-score': [], 'support': []}, '12': {'precision': [], 'recall': [], 'f1-score': [], 'support': []}, '13': {'precision': [], 'recall': [], 'f1-score': [], 'support': []}, '14': {'precision': [], 'recall': [], 'f1-score': [], 'support': []}, '15': {'precision': [], 'recall': [], 'f1-score': [], 'support': []}, '16': {'precision': [], 'recall': [], 'f1-score': [], 'support': []}, '17': {'precision': [], 'recall': [], 'f1-score': [], 'support': []}, '18': {'precision': [], 'recall': [], 'f1-score': [], 'support': []}, 'micro avg': {'precision': [], 'recall': [], 'f1-score': [], 'support': []}, 'macro avg': {'precision': [], 'recall': [], 'f1-score': [], 'support': []}, 'weighted avg': {'precision': [], 'recall': [], 'f1-score': [], 'support': []}, 'ap_mic': [], 'ap_mac': []}, {'0': {'precision': [], 'recall': [], 'f1-score': [], 'support': []}, '1': {'precision': [], 'recall': [], 'f1-score': [], 'support': []}, '2': {'precision': [], 'recall': [], 'f1-score': [], 'support': []}, '3': {'precision': [], 'recall': [], 'f1-score': [], 'support': []}, '4': {'precision': [], 'recall': [], 'f1-score': [], 'support': []}, '5': {'precision': [], 'recall': [], 'f1-score': [], 'support': []}, '6': {'precision': [], 'recall': [], 'f1-score': [], 'support': []}, '7': {'precision': [], 'recall': [], 'f1-score': [], 'support': []}, '8': {'precision': [], 'recall': [], 'f1-score': [], 'support': []}, '9': {'precision': [], 'recall': [], 'f1-score': [], 'support': []}, '10': {'precision': [], 'recall': [], 'f1-score': [], 'support': []}, '11': {'precision': [], 'recall': [], 'f1-score': [], 'support': []}, '12': {'precision': [], 'recall': [], 'f1-score': [], 'support': []}, '13': {'precision': [], 'recall': [], 'f1-score': [], 'support': []}, '14': {'precision': [], 'recall': [], 'f1-score': [], 'support': []}, '15': {'precision': [], 'recall': [], 'f1-score': [], 'support': []}, '16': {'precision': [], 'recall': [], 'f1-score': [], 'support': []}, '17': {'precision': [], 'recall': [], 'f1-score': [], 'support': []}, '18': {'precision': [], 'recall': [], 'f1-score': [], 'support': []}, 'micro avg': {'precision': [], 'recall': [], 'f1-score': [], 'support': []}, 'macro avg': {'precision': [], 'recall': [], 'f1-score': [], 'support': []}, 'weighted avg': {'precision': [], 'recall': [], 'f1-score': [], 'support': []}, 'ap_mic': [], 'ap_mac': []}, {'0': {'precision': [], 'recall': [], 'f1-score': [], 'support': []}, '1': {'precision': [], 'recall': [], 'f1-score': [], 'support': []}, '2': {'precision': [], 'recall': [], 'f1-score': [], 'support': []}, '3': {'precision': [], 'recall': [], 'f1-score': [], 'support': []}, '4': {'precision': [], 'recall': [], 'f1-score': [], 'support': []}, '5': {'precision': [], 'recall': [], 'f1-score': [], 'support': []}, '6': {'precision': [], 'recall': [], 'f1-score': [], 'support': []}, '7': {'precision': [], 'recall': [], 'f1-score': [], 'support': []}, '8': {'precision': [], 'recall': [], 'f1-score': [], 'support': []}, '9': {'precision': [], 'recall': [], 'f1-score': [], 'support': []}, '10': {'precision': [], 'recall': [], 'f1-score': [], 'support': []}, '11': {'precision': [], 'recall': [], 'f1-score': [], 'support': []}, '12': {'precision': [], 'recall': [], 'f1-score': [], 'support': []}, '13': {'precision': [], 'recall': [], 'f1-score': [], 'support': []}, '14': {'precision': [], 'recall': [], 'f1-score': [], 'support': []}, '15': {'precision': [], 'recall': [], 'f1-score': [], 'support': []}, '16': {'precision': [], 'recall': [], 'f1-score': [], 'support': []}, '17': {'precision': [], 'recall': [], 'f1-score': [], 'support': []}, '18': {'precision': [], 'recall': [], 'f1-score': [], 'support': []}, 'micro avg': {'precision': [], 'recall': [], 'f1-score': [], 'support': []}, 'macro avg': {'precision': [], 'recall': [], 'f1-score': [], 'support': []}, 'weighted avg': {'precision': [], 'recall': [], 'f1-score': [], 'support': []}, 'ap_mic': [], 'ap_mac': []}, {'0': {'precision': [], 'recall': [], 'f1-score': [], 'support': []}, '1': {'precision': [], 'recall': [], 'f1-score': [], 'support': []}, '2': {'precision': [], 'recall': [], 'f1-score': [], 'support': []}, '3': {'precision': [], 'recall': [], 'f1-score': [], 'support': []}, '4': {'precision': [], 'recall': [], 'f1-score': [], 'support': []}, '5': {'precision': [], 'recall': [], 'f1-score': [], 'support': []}, '6': {'precision': [], 'recall': [], 'f1-score': [], 'support': []}, '7': {'precision': [], 'recall': [], 'f1-score': [], 'support': []}, '8': {'precision': [], 'recall': [], 'f1-score': [], 'support': []}, '9': {'precision': [], 'recall': [], 'f1-score': [], 'support': []}, '10': {'precision': [], 'recall': [], 'f1-score': [], 'support': []}, '11': {'precision': [], 'recall': [], 'f1-score': [], 'support': []}, '12': {'precision': [], 'recall': [], 'f1-score': [], 'support': []}, '13': {'precision': [], 'recall': [], 'f1-score': [], 'support': []}, '14': {'precision': [], 'recall': [], 'f1-score': [], 'support': []}, '15': {'precision': [], 'recall': [], 'f1-score': [], 'support': []}, '16': {'precision': [], 'recall': [], 'f1-score': [], 'support': []}, '17': {'precision': [], 'recall': [], 'f1-score': [], 'support': []}, '18': {'precision': [], 'recall': [], 'f1-score': [], 'support': []}, 'micro avg': {'precision': [], 'recall': [], 'f1-score': [], 'support': []}, 'macro avg': {'precision': [], 'recall': [], 'f1-score': [], 'support': []}, 'weighted avg': {'precision': [], 'recall': [], 'f1-score': [], 'support': []}, 'ap_mic': [], 'ap_mac': []}, {'0': {'precision': [], 'recall': [], 'f1-score': [], 'support': []}, '1': {'precision': [], 'recall': [], 'f1-score': [], 'support': []}, '2': {'precision': [], 'recall': [], 'f1-score': [], 'support': []}, '3': {'precision': [], 'recall': [], 'f1-score': [], 'support': []}, '4': {'precision': [], 'recall': [], 'f1-score': [], 'support': []}, '5': {'precision': [], 'recall': [], 'f1-score': [], 'support': []}, '6': {'precision': [], 'recall': [], 'f1-score': [], 'support': []}, '7': {'precision': [], 'recall': [], 'f1-score': [], 'support': []}, '8': {'precision': [], 'recall': [], 'f1-score': [], 'support': []}, '9': {'precision': [], 'recall': [], 'f1-score': [], 'support': []}, '10': {'precision': [], 'recall': [], 'f1-score': [], 'support': []}, '11': {'precision': [], 'recall': [], 'f1-score': [], 'support': []}, '12': {'precision': [], 'recall': [], 'f1-score': [], 'support': []}, '13': {'precision': [], 'recall': [], 'f1-score': [], 'support': []}, '14': {'precision': [], 'recall': [], 'f1-score': [], 'support': []}, '15': {'precision': [], 'recall': [], 'f1-score': [], 'support': []}, '16': {'precision': [], 'recall': [], 'f1-score': [], 'support': []}, '17': {'precision': [], 'recall': [], 'f1-score': [], 'support': []}, '18': {'precision': [], 'recall': [], 'f1-score': [], 'support': []}, 'micro avg': {'precision': [], 'recall': [], 'f1-score': [], 'support': []}, 'macro avg': {'precision': [], 'recall': [], 'f1-score': [], 'support': []}, 'weighted avg': {'precision': [], 'recall': [], 'f1-score': [], 'support': []}, 'ap_mic': [], 'ap_mac': []}, {'0': {'precision': [], 'recall': [], 'f1-score': [], 'support': []}, '1': {'precision': [], 'recall': [], 'f1-score': [], 'support': []}, '2': {'precision': [], 'recall': [], 'f1-score': [], 'support': []}, '3': {'precision': [], 'recall': [], 'f1-score': [], 'support': []}, '4': {'precision': [], 'recall': [], 'f1-score': [], 'support': []}, '5': {'precision': [], 'recall': [], 'f1-score': [], 'support': []}, '6': {'precision': [], 'recall': [], 'f1-score': [], 'support': []}, '7': {'precision': [], 'recall': [], 'f1-score': [], 'support': []}, '8': {'precision': [], 'recall': [], 'f1-score': [], 'support': []}, '9': {'precision': [], 'recall': [], 'f1-score': [], 'support': []}, '10': {'precision': [], 'recall': [], 'f1-score': [], 'support': []}, '11': {'precision': [], 'recall': [], 'f1-score': [], 'support': []}, '12': {'precision': [], 'recall': [], 'f1-score': [], 'support': []}, '13': {'precision': [], 'recall': [], 'f1-score': [], 'support': []}, '14': {'precision': [], 'recall': [], 'f1-score': [], 'support': []}, '15': {'precision': [], 'recall': [], 'f1-score': [], 'support': []}, '16': {'precision': [], 'recall': [], 'f1-score': [], 'support': []}, '17': {'precision': [], 'recall': [], 'f1-score': [], 'support': []}, '18': {'precision': [], 'recall': [], 'f1-score': [], 'support': []}, 'micro avg': {'precision': [], 'recall': [], 'f1-score': [], 'support': []}, 'macro avg': {'precision': [], 'recall': [], 'f1-score': [], 'support': []}, 'weighted avg': {'precision': [], 'recall': [], 'f1-score': [], 'support': []}, 'ap_mic': [], 'ap_mac': []}]
