scenario: 			 2 
pruning strategy: 	 random 
pruning rate: 		 0.95 
pruning round: 		 4 
communication rounds: 40 
epochs per round:	 1
Using device: cuda:0

init FLClient TRAIN dataset and dataloader
Pre-filtered 30767 patches based on country and season (split ignored)
Loading BEN data for train...
    237871 patches indexed
    14805 filtered patches indexed
    14805 patches indexed considering max_len
Merged metadata with snow/cloud metadata
Loaded 549488 labels
Loaded 549488 keys
Loaded mapping created

init FLClient VALIDATION dataset and dataloader
Pre-filtered 30767 patches based on country and season (split ignored)
Loading BEN data for test...
    119825 patches indexed
    8209 filtered patches indexed
    256 patches indexed considering max_len
Merged metadata with snow/cloud metadata
Loaded 549488 labels
Loaded 549488 keys
Loaded mapping created

init FLClient TRAIN dataset and dataloader
Pre-filtered 15549 patches based on country and season (split ignored)
Loading BEN data for train...
    237871 patches indexed
    7150 filtered patches indexed
    7150 patches indexed considering max_len
Merged metadata with snow/cloud metadata
Loaded 549488 labels
Loaded 549488 keys
Loaded mapping created

init FLClient VALIDATION dataset and dataloader
Pre-filtered 15549 patches based on country and season (split ignored)
Loading BEN data for test...
    119825 patches indexed
    4263 filtered patches indexed
    256 patches indexed considering max_len
Merged metadata with snow/cloud metadata
Loaded 549488 labels
Loaded 549488 keys
Loaded mapping created

init FLClient TRAIN dataset and dataloader
Pre-filtered 13683 patches based on country and season (split ignored)
Loading BEN data for train...
    237871 patches indexed
    7180 filtered patches indexed
    7180 patches indexed considering max_len
Merged metadata with snow/cloud metadata
Loaded 549488 labels
Loaded 549488 keys
Loaded mapping created

init FLClient VALIDATION dataset and dataloader
Pre-filtered 13683 patches based on country and season (split ignored)
Loading BEN data for test...
    119825 patches indexed
    3248 filtered patches indexed
    256 patches indexed considering max_len
Merged metadata with snow/cloud metadata
Loaded 549488 labels
Loaded 549488 keys
Loaded mapping created

init FLClient TRAIN dataset and dataloader
Pre-filtered 10372 patches based on country and season (split ignored)
Loading BEN data for train...
    237871 patches indexed
    5941 filtered patches indexed
    5941 patches indexed considering max_len
Merged metadata with snow/cloud metadata
Loaded 549488 labels
Loaded 549488 keys
Loaded mapping created

init FLClient VALIDATION dataset and dataloader
Pre-filtered 10372 patches based on country and season (split ignored)
Loading BEN data for test...
    119825 patches indexed
    1871 filtered patches indexed
    256 patches indexed considering max_len
Merged metadata with snow/cloud metadata
Loaded 549488 labels
Loaded 549488 keys
Loaded mapping created

init FLClient TRAIN dataset and dataloader
Pre-filtered 1939 patches based on country and season (split ignored)
Loading BEN data for train...
    237871 patches indexed
    1323 filtered patches indexed
    1323 patches indexed considering max_len
Merged metadata with snow/cloud metadata
Loaded 549488 labels
Loaded 549488 keys
Loaded mapping created

init FLClient VALIDATION dataset and dataloader
Pre-filtered 1939 patches based on country and season (split ignored)
Loading BEN data for test...
    119825 patches indexed
    32 filtered patches indexed
    32 patches indexed considering max_len
Merged metadata with snow/cloud metadata
Loaded 549488 labels
Loaded 549488 keys
Loaded mapping created

init FLClient TRAIN dataset and dataloader
Pre-filtered 8775 patches based on country and season (split ignored)
Loading BEN data for train...
    237871 patches indexed
    4206 filtered patches indexed
    4206 patches indexed considering max_len
Merged metadata with snow/cloud metadata
Loaded 549488 labels
Loaded 549488 keys
Loaded mapping created

init FLClient VALIDATION dataset and dataloader
Pre-filtered 8775 patches based on country and season (split ignored)
Loading BEN data for test...
    119825 patches indexed
    2151 filtered patches indexed
    256 patches indexed considering max_len
Merged metadata with snow/cloud metadata
Loaded 549488 labels
Loaded 549488 keys
Loaded mapping created

init FLClient TRAIN dataset and dataloader
Pre-filtered 16438 patches based on country and season (split ignored)
Loading BEN data for train...
    237871 patches indexed
    8037 filtered patches indexed
    8037 patches indexed considering max_len
Merged metadata with snow/cloud metadata
Loaded 549488 labels
Loaded 549488 keys
Loaded mapping created

init FLClient VALIDATION dataset and dataloader
Pre-filtered 16438 patches based on country and season (split ignored)
Loading BEN data for test...
    119825 patches indexed
    4220 filtered patches indexed
    256 patches indexed considering max_len
Merged metadata with snow/cloud metadata
Loaded 549488 labels
Loaded 549488 keys
Loaded mapping created

init FLClient TRAIN dataset and dataloader
Pre-filtered 4874 patches based on country and season (split ignored)
Loading BEN data for train...
    237871 patches indexed
    1692 filtered patches indexed
    1692 patches indexed considering max_len
Merged metadata with snow/cloud metadata
Loaded 549488 labels
Loaded 549488 keys
Loaded mapping created

init FLClient VALIDATION dataset and dataloader
Pre-filtered 4874 patches based on country and season (split ignored)
Loading BEN data for test...
    119825 patches indexed
    2039 filtered patches indexed
    256 patches indexed considering max_len
Merged metadata with snow/cloud metadata
Loaded 549488 labels
Loaded 549488 keys
Loaded mapping created

init GLOBALClient VALIDATION dataset and dataloader
Pre-filtered 59999 patches based on country and season (split ignored)
Loading BEN data for test...
    119825 patches indexed
    15720 filtered patches indexed
    15720 patches indexed considering max_len
Merged metadata with snow/cloud metadata
Loaded 549488 labels
Loaded 549488 keys
Loaded mapping created
Round 1/40
----------
Epoch 1/1
----------
Epoch 1/1
----------
Epoch 1/1
----------
Epoch 1/1
----------
Epoch 1/1
----------
Epoch 1/1
----------
Epoch 1/1
----------
Epoch 1/1
----------
micro     precision: 0.0000 | recall: 0.0000 | f1-score: 0.0000 | support: 40183 | mAP: 0.3877
macro     precision: 0.0000 | recall: 0.0000 | f1-score: 0.0000 | support: 40183 | mAP: 0.2183

Round 2/40
----------
Epoch 1/1
----------
Epoch 1/1
----------
Epoch 1/1
----------
Epoch 1/1
----------
Epoch 1/1
----------
Epoch 1/1
----------
Epoch 1/1
----------
Epoch 1/1
----------
micro     precision: 0.7418 | recall: 0.1570 | f1-score: 0.2591 | support: 40183 | mAP: 0.5152
macro     precision: 0.0859 | recall: 0.0568 | f1-score: 0.0628 | support: 40183 | mAP: 0.3044

Round 3/40
----------
Epoch 1/1
----------
Epoch 1/1
----------
Epoch 1/1
----------
Epoch 1/1
----------
Epoch 1/1
----------
Epoch 1/1
----------
Epoch 1/1
----------
Epoch 1/1
----------
micro     precision: 0.9392 | recall: 0.0185 | f1-score: 0.0362 | support: 40183 | mAP: 0.4921
macro     precision: 0.1507 | recall: 0.0072 | f1-score: 0.0135 | support: 40183 | mAP: 0.3115

Round 4/40
----------
Starting random pruning with rate 0.95
encoder.4.0.conv3: out of 16384 parameters 15552.0 were pruned.
encoder.4.0.downsample.0: out of 16384 parameters 15552.0 were pruned.
encoder.4.1.conv1: out of 16384 parameters 15616.0 were pruned.
encoder.4.1.conv2: out of 36864 parameters 35136.0 were pruned.
encoder.4.1.conv3: out of 16384 parameters 15552.0 were pruned.
encoder.4.2.conv1: out of 16384 parameters 15616.0 were pruned.
encoder.4.2.conv2: out of 36864 parameters 35136.0 were pruned.
encoder.4.2.conv3: out of 16384 parameters 15552.0 were pruned.
encoder.5.0.conv1: out of 32768 parameters 31232.0 were pruned.
encoder.5.0.conv2: out of 147456 parameters 140544.0 were pruned.
encoder.5.0.conv3: out of 65536 parameters 62208.0 were pruned.
encoder.5.0.downsample.0: out of 131072 parameters 124416.0 were pruned.
encoder.5.1.conv1: out of 65536 parameters 62464.0 were pruned.
encoder.5.1.conv2: out of 147456 parameters 140544.0 were pruned.
encoder.5.1.conv3: out of 65536 parameters 62208.0 were pruned.
encoder.5.2.conv1: out of 65536 parameters 62464.0 were pruned.
encoder.5.2.conv2: out of 147456 parameters 140544.0 were pruned.
encoder.5.2.conv3: out of 65536 parameters 62208.0 were pruned.
encoder.5.3.conv1: out of 65536 parameters 62464.0 were pruned.
encoder.5.3.conv2: out of 147456 parameters 140544.0 were pruned.
encoder.5.3.conv3: out of 65536 parameters 62208.0 were pruned.
encoder.6.0.conv1: out of 131072 parameters 124416.0 were pruned.
encoder.6.0.conv2: out of 589824 parameters 559872.0 were pruned.
encoder.6.0.conv3: out of 262144 parameters 249088.0 were pruned.
encoder.6.0.downsample.0: out of 524288 parameters 498176.0 were pruned.
encoder.6.1.conv1: out of 262144 parameters 248832.0 were pruned.
encoder.6.1.conv2: out of 589824 parameters 559872.0 were pruned.
encoder.6.1.conv3: out of 262144 parameters 249088.0 were pruned.
encoder.6.2.conv1: out of 262144 parameters 248832.0 were pruned.
encoder.6.2.conv2: out of 589824 parameters 559872.0 were pruned.
encoder.6.2.conv3: out of 262144 parameters 249088.0 were pruned.
encoder.6.3.conv1: out of 262144 parameters 248832.0 were pruned.
encoder.6.3.conv2: out of 589824 parameters 559872.0 were pruned.
encoder.6.3.conv3: out of 262144 parameters 249088.0 were pruned.
encoder.6.4.conv1: out of 262144 parameters 248832.0 were pruned.
encoder.6.4.conv2: out of 589824 parameters 559872.0 were pruned.
encoder.6.4.conv3: out of 262144 parameters 249088.0 were pruned.
encoder.6.5.conv1: out of 262144 parameters 248832.0 were pruned.
encoder.6.5.conv2: out of 589824 parameters 559872.0 were pruned.
encoder.6.5.conv3: out of 262144 parameters 249088.0 were pruned.
encoder.7.0.conv1: out of 524288 parameters 497664.0 were pruned.
encoder.7.0.conv2: out of 2359296 parameters 2239488.0 were pruned.
encoder.7.0.conv3: out of 1048576 parameters 996352.0 were pruned.
encoder.7.0.downsample.0: out of 2097152 parameters 1992704.0 were pruned.
encoder.7.1.conv1: out of 1048576 parameters 995328.0 were pruned.
encoder.7.1.conv2: out of 2359296 parameters 2239488.0 were pruned.
encoder.7.1.conv3: out of 1048576 parameters 996352.0 were pruned.
encoder.7.2.conv1: out of 1048576 parameters 995328.0 were pruned.
encoder.7.2.conv2: out of 2359296 parameters 2239488.0 were pruned.
encoder.7.2.conv3: out of 1048576 parameters 996352.0 were pruned.
Out of 23404544 parameters 22226816.0 were pruned.

Epoch 1/1
----------
Epoch 1/1
----------
Epoch 1/1
----------
Epoch 1/1
----------
Epoch 1/1
----------
Epoch 1/1
----------
Epoch 1/1
----------
Epoch 1/1
----------
micro     precision: 0.0000 | recall: 0.0000 | f1-score: 0.0000 | support: 40183 | mAP: 0.3222
macro     precision: 0.0000 | recall: 0.0000 | f1-score: 0.0000 | support: 40183 | mAP: 0.1453

Round 5/40
----------
Epoch 1/1
----------
Epoch 1/1
----------
Epoch 1/1
----------
Epoch 1/1
----------
Epoch 1/1
----------
Epoch 1/1
----------
Epoch 1/1
----------
Epoch 1/1
----------
micro     precision: 0.0000 | recall: 0.0000 | f1-score: 0.0000 | support: 40183 | mAP: 0.3214
macro     precision: 0.0000 | recall: 0.0000 | f1-score: 0.0000 | support: 40183 | mAP: 0.1949

Round 6/40
----------
Epoch 1/1
----------
Epoch 1/1
----------
Epoch 1/1
----------
Epoch 1/1
----------
Epoch 1/1
----------
Epoch 1/1
----------
Epoch 1/1
----------
Epoch 1/1
----------
micro     precision: 0.0000 | recall: 0.0000 | f1-score: 0.0000 | support: 40183 | mAP: 0.3167
macro     precision: 0.0000 | recall: 0.0000 | f1-score: 0.0000 | support: 40183 | mAP: 0.2280

Round 7/40
----------
Epoch 1/1
----------
Epoch 1/1
----------
Epoch 1/1
----------
Epoch 1/1
----------
Epoch 1/1
----------
Epoch 1/1
----------
Epoch 1/1
----------
Epoch 1/1
----------
micro     precision: 0.4745 | recall: 0.1438 | f1-score: 0.2207 | support: 40183 | mAP: 0.3466
macro     precision: 0.0250 | recall: 0.0517 | f1-score: 0.0337 | support: 40183 | mAP: 0.2595

Round 8/40
----------
Epoch 1/1
----------
Epoch 1/1
----------
Epoch 1/1
----------
Epoch 1/1
----------
Epoch 1/1
----------
Epoch 1/1
----------
Epoch 1/1
----------
Epoch 1/1
----------
micro     precision: 0.4599 | recall: 0.1456 | f1-score: 0.2211 | support: 40183 | mAP: 0.3227
macro     precision: 0.0242 | recall: 0.0523 | f1-score: 0.0331 | support: 40183 | mAP: 0.2568

Round 9/40
----------
Epoch 1/1
----------
Epoch 1/1
----------
Epoch 1/1
----------
Epoch 1/1
----------
Epoch 1/1
----------
Epoch 1/1
----------
Epoch 1/1
----------
Epoch 1/1
----------
micro     precision: 0.5465 | recall: 0.1414 | f1-score: 0.2247 | support: 40183 | mAP: 0.4109
macro     precision: 0.0753 | recall: 0.0642 | f1-score: 0.0591 | support: 40183 | mAP: 0.3073

Round 10/40
----------
Epoch 1/1
----------
Epoch 1/1
----------
Epoch 1/1
----------
Epoch 1/1
----------
Epoch 1/1
----------
Epoch 1/1
----------
Epoch 1/1
----------
Epoch 1/1
----------
micro     precision: 0.3647 | recall: 0.1703 | f1-score: 0.2322 | support: 40183 | mAP: 0.3701
macro     precision: 0.0679 | recall: 0.0883 | f1-score: 0.0725 | support: 40183 | mAP: 0.2753

Round 11/40
----------
Epoch 1/1
----------
Epoch 1/1
----------
Epoch 1/1
----------
Epoch 1/1
----------
Epoch 1/1
----------
Epoch 1/1
----------
Epoch 1/1
----------
Epoch 1/1
----------
micro     precision: 0.3971 | recall: 0.1844 | f1-score: 0.2518 | support: 40183 | mAP: 0.4459
macro     precision: 0.1104 | recall: 0.0995 | f1-score: 0.0936 | support: 40183 | mAP: 0.3296

Round 12/40
----------
Epoch 1/1
----------
Epoch 1/1
----------
Epoch 1/1
----------
Epoch 1/1
----------
Epoch 1/1
----------
Epoch 1/1
----------
Epoch 1/1
----------
Epoch 1/1
----------
micro     precision: 0.4513 | recall: 0.1916 | f1-score: 0.2690 | support: 40183 | mAP: 0.4127
macro     precision: 0.1257 | recall: 0.0950 | f1-score: 0.0792 | support: 40183 | mAP: 0.3185

Round 13/40
----------
Epoch 1/1
----------
Epoch 1/1
----------
Epoch 1/1
----------
Epoch 1/1
----------
Epoch 1/1
----------
Epoch 1/1
----------
Epoch 1/1
----------
Epoch 1/1
----------
micro     precision: 0.5640 | recall: 0.3078 | f1-score: 0.3983 | support: 40183 | mAP: 0.5283
macro     precision: 0.2925 | recall: 0.1646 | f1-score: 0.1497 | support: 40183 | mAP: 0.3573

Round 14/40
----------
Epoch 1/1
----------
Epoch 1/1
----------
Epoch 1/1
----------
Epoch 1/1
----------
Epoch 1/1
----------
Epoch 1/1
----------
Epoch 1/1
----------
Epoch 1/1
----------
micro     precision: 0.5516 | recall: 0.2943 | f1-score: 0.3838 | support: 40183 | mAP: 0.5216
macro     precision: 0.1532 | recall: 0.1586 | f1-score: 0.1474 | support: 40183 | mAP: 0.3280

Round 15/40
----------
Epoch 1/1
----------
Epoch 1/1
----------
Epoch 1/1
----------
Epoch 1/1
----------
Epoch 1/1
----------
Epoch 1/1
----------
Epoch 1/1
----------
Epoch 1/1
----------
micro     precision: 0.5934 | recall: 0.3728 | f1-score: 0.4579 | support: 40183 | mAP: 0.5597
macro     precision: 0.3180 | recall: 0.1887 | f1-score: 0.1756 | support: 40183 | mAP: 0.3659

Round 16/40
----------
Epoch 1/1
----------
Epoch 1/1
----------
Epoch 1/1
----------
Epoch 1/1
----------
Epoch 1/1
----------
Epoch 1/1
----------
Epoch 1/1
----------
Epoch 1/1
----------
micro     precision: 0.5955 | recall: 0.3763 | f1-score: 0.4612 | support: 40183 | mAP: 0.5318
macro     precision: 0.3016 | recall: 0.1989 | f1-score: 0.1958 | support: 40183 | mAP: 0.3393

Round 17/40
----------
Epoch 1/1
----------
Epoch 1/1
----------
Epoch 1/1
----------
Epoch 1/1
----------
Epoch 1/1
----------
Epoch 1/1
----------
Epoch 1/1
----------
Epoch 1/1
----------
micro     precision: 0.5326 | recall: 0.4522 | f1-score: 0.4891 | support: 40183 | mAP: 0.5424
macro     precision: 0.3128 | recall: 0.2273 | f1-score: 0.2020 | support: 40183 | mAP: 0.3697

Round 18/40
----------
Epoch 1/1
----------
Epoch 1/1
----------
Epoch 1/1
----------
Epoch 1/1
----------
Epoch 1/1
----------
Epoch 1/1
----------
Epoch 1/1
----------
Epoch 1/1
----------
micro     precision: 0.5326 | recall: 0.3128 | f1-score: 0.3942 | support: 40183 | mAP: 0.4998
macro     precision: 0.3060 | recall: 0.1461 | f1-score: 0.1233 | support: 40183 | mAP: 0.3477

Round 19/40
----------
Epoch 1/1
----------
Epoch 1/1
----------
Epoch 1/1
----------
Epoch 1/1
----------
Epoch 1/1
----------
Epoch 1/1
----------
Epoch 1/1
----------
Epoch 1/1
----------
micro     precision: 0.5366 | recall: 0.4233 | f1-score: 0.4733 | support: 40183 | mAP: 0.5680
macro     precision: 0.3254 | recall: 0.2198 | f1-score: 0.1927 | support: 40183 | mAP: 0.3829

Round 20/40
----------
Epoch 1/1
----------
Epoch 1/1
----------
Epoch 1/1
----------
Epoch 1/1
----------
Epoch 1/1
----------
Epoch 1/1
----------
Epoch 1/1
----------
Epoch 1/1
----------
micro     precision: 0.5836 | recall: 0.3407 | f1-score: 0.4302 | support: 40183 | mAP: 0.5333
macro     precision: 0.3064 | recall: 0.1733 | f1-score: 0.1574 | support: 40183 | mAP: 0.3448

Round 21/40
----------
Epoch 1/1
----------
Epoch 1/1
----------
Epoch 1/1
----------
Epoch 1/1
----------
Epoch 1/1
----------
Epoch 1/1
----------
Epoch 1/1
----------
Epoch 1/1
----------
micro     precision: 0.4534 | recall: 0.4001 | f1-score: 0.4251 | support: 40183 | mAP: 0.4676
macro     precision: 0.2795 | recall: 0.2187 | f1-score: 0.1803 | support: 40183 | mAP: 0.3793

Round 22/40
----------
Epoch 1/1
----------
Epoch 1/1
----------
Epoch 1/1
----------
Epoch 1/1
----------
Epoch 1/1
----------
Epoch 1/1
----------
Epoch 1/1
----------
Epoch 1/1
----------
micro     precision: 0.5855 | recall: 0.3846 | f1-score: 0.4643 | support: 40183 | mAP: 0.5692
macro     precision: 0.3054 | recall: 0.1947 | f1-score: 0.1795 | support: 40183 | mAP: 0.3702

Round 23/40
----------
Epoch 1/1
----------
Epoch 1/1
----------
Epoch 1/1
----------
Epoch 1/1
----------
Epoch 1/1
----------
Epoch 1/1
----------
Epoch 1/1
----------
Epoch 1/1
----------
micro     precision: 0.5884 | recall: 0.3667 | f1-score: 0.4519 | support: 40183 | mAP: 0.5806
macro     precision: 0.3190 | recall: 0.1899 | f1-score: 0.1708 | support: 40183 | mAP: 0.4004

Round 24/40
----------
Epoch 1/1
----------
Epoch 1/1
----------
Epoch 1/1
----------
Epoch 1/1
----------
Epoch 1/1
----------
Epoch 1/1
----------
Epoch 1/1
----------
Epoch 1/1
----------
micro     precision: 0.6097 | recall: 0.4404 | f1-score: 0.5114 | support: 40183 | mAP: 0.5967
macro     precision: 0.3731 | recall: 0.2228 | f1-score: 0.2072 | support: 40183 | mAP: 0.3865

Round 25/40
----------
Epoch 1/1
----------
Epoch 1/1
----------
Epoch 1/1
----------
Epoch 1/1
----------
Epoch 1/1
----------
Epoch 1/1
----------
Epoch 1/1
----------
Epoch 1/1
----------
micro     precision: 0.5882 | recall: 0.4557 | f1-score: 0.5136 | support: 40183 | mAP: 0.5971
macro     precision: 0.3501 | recall: 0.2445 | f1-score: 0.2335 | support: 40183 | mAP: 0.4081

Round 26/40
----------
Epoch 1/1
----------
Epoch 1/1
----------
Epoch 1/1
----------
Epoch 1/1
----------
Epoch 1/1
----------
Epoch 1/1
----------
Epoch 1/1
----------
Epoch 1/1
----------
micro     precision: 0.5958 | recall: 0.4419 | f1-score: 0.5074 | support: 40183 | mAP: 0.6128
macro     precision: 0.4288 | recall: 0.2407 | f1-score: 0.2379 | support: 40183 | mAP: 0.4006

Round 27/40
----------
Epoch 1/1
----------
Epoch 1/1
----------
Epoch 1/1
----------
Epoch 1/1
----------
Epoch 1/1
----------
Epoch 1/1
----------
Epoch 1/1
----------
Epoch 1/1
----------
micro     precision: 0.6145 | recall: 0.4520 | f1-score: 0.5209 | support: 40183 | mAP: 0.6262
macro     precision: 0.3783 | recall: 0.2304 | f1-score: 0.2158 | support: 40183 | mAP: 0.3875

Round 28/40
----------
Epoch 1/1
----------
Epoch 1/1
----------
Epoch 1/1
----------
Epoch 1/1
----------
Epoch 1/1
----------
Epoch 1/1
----------
Epoch 1/1
----------
Epoch 1/1
----------
micro     precision: 0.6122 | recall: 0.3975 | f1-score: 0.4821 | support: 40183 | mAP: 0.5916
macro     precision: 0.4322 | recall: 0.2058 | f1-score: 0.1930 | support: 40183 | mAP: 0.3913

Round 29/40
----------
Epoch 1/1
----------
Epoch 1/1
----------
Epoch 1/1
----------
Epoch 1/1
----------
Epoch 1/1
----------
Epoch 1/1
----------
Epoch 1/1
----------
Epoch 1/1
----------
micro     precision: 0.6159 | recall: 0.4192 | f1-score: 0.4989 | support: 40183 | mAP: 0.6154
macro     precision: 0.3836 | recall: 0.2153 | f1-score: 0.2037 | support: 40183 | mAP: 0.4056

Round 30/40
----------
Epoch 1/1
----------
Epoch 1/1
----------
Epoch 1/1
----------
Epoch 1/1
----------
Epoch 1/1
----------
Epoch 1/1
----------
Epoch 1/1
----------
Epoch 1/1
----------
micro     precision: 0.6347 | recall: 0.4451 | f1-score: 0.5232 | support: 40183 | mAP: 0.6466
macro     precision: 0.4434 | recall: 0.2413 | f1-score: 0.2466 | support: 40183 | mAP: 0.4105

Round 31/40
----------
Epoch 1/1
----------
Epoch 1/1
----------
Epoch 1/1
----------
Epoch 1/1
----------
Epoch 1/1
----------
Epoch 1/1
----------
Epoch 1/1
----------
Epoch 1/1
----------
micro     precision: 0.6440 | recall: 0.4499 | f1-score: 0.5297 | support: 40183 | mAP: 0.6514
macro     precision: 0.3265 | recall: 0.2278 | f1-score: 0.2200 | support: 40183 | mAP: 0.4064

Round 32/40
----------
Epoch 1/1
----------
Epoch 1/1
----------
Epoch 1/1
----------
Epoch 1/1
----------
Epoch 1/1
----------
Epoch 1/1
----------
Epoch 1/1
----------
Epoch 1/1
----------
micro     precision: 0.6310 | recall: 0.4257 | f1-score: 0.5084 | support: 40183 | mAP: 0.6399
macro     precision: 0.3971 | recall: 0.2190 | f1-score: 0.2155 | support: 40183 | mAP: 0.4008

Round 33/40
----------
Epoch 1/1
----------
Epoch 1/1
----------
Epoch 1/1
----------
Epoch 1/1
----------
Epoch 1/1
----------
Epoch 1/1
----------
Epoch 1/1
----------
Epoch 1/1
----------
micro     precision: 0.7148 | recall: 0.3875 | f1-score: 0.5025 | support: 40183 | mAP: 0.6580
macro     precision: 0.4015 | recall: 0.1963 | f1-score: 0.2056 | support: 40183 | mAP: 0.4096

Round 34/40
----------
Epoch 1/1
----------
Epoch 1/1
----------
Epoch 1/1
----------
Epoch 1/1
----------
Epoch 1/1
----------
Epoch 1/1
----------
Epoch 1/1
----------
Epoch 1/1
----------
micro     precision: 0.6075 | recall: 0.4064 | f1-score: 0.4870 | support: 40183 | mAP: 0.5948
macro     precision: 0.4114 | recall: 0.1889 | f1-score: 0.1811 | support: 40183 | mAP: 0.4018

Round 35/40
----------
Epoch 1/1
----------
Epoch 1/1
----------
Epoch 1/1
----------
Epoch 1/1
----------
Epoch 1/1
----------
Epoch 1/1
----------
Epoch 1/1
----------
Epoch 1/1
----------
micro     precision: 0.6334 | recall: 0.4436 | f1-score: 0.5218 | support: 40183 | mAP: 0.6521
macro     precision: 0.3866 | recall: 0.2301 | f1-score: 0.2194 | support: 40183 | mAP: 0.4074

Round 36/40
----------
Epoch 1/1
----------
Epoch 1/1
----------
Epoch 1/1
----------
Epoch 1/1
----------
Epoch 1/1
----------
Epoch 1/1
----------
Epoch 1/1
----------
Epoch 1/1
----------
micro     precision: 0.6257 | recall: 0.4209 | f1-score: 0.5033 | support: 40183 | mAP: 0.6456
macro     precision: 0.4287 | recall: 0.2189 | f1-score: 0.2121 | support: 40183 | mAP: 0.4058

Round 37/40
----------
Epoch 1/1
----------
Epoch 1/1
----------
Epoch 1/1
----------
Epoch 1/1
----------
Epoch 1/1
----------
Epoch 1/1
----------
Epoch 1/1
----------
Epoch 1/1
----------
micro     precision: 0.6514 | recall: 0.4094 | f1-score: 0.5028 | support: 40183 | mAP: 0.6554
macro     precision: 0.3588 | recall: 0.2060 | f1-score: 0.2031 | support: 40183 | mAP: 0.4031

Round 38/40
----------
Epoch 1/1
----------
Epoch 1/1
----------
Epoch 1/1
----------
Epoch 1/1
----------
Epoch 1/1
----------
Epoch 1/1
----------
Epoch 1/1
----------
Epoch 1/1
----------
micro     precision: 0.6908 | recall: 0.5096 | f1-score: 0.5865 | support: 40183 | mAP: 0.6678
macro     precision: 0.3743 | recall: 0.2456 | f1-score: 0.2384 | support: 40183 | mAP: 0.3972

Round 39/40
----------
Epoch 1/1
----------
Epoch 1/1
----------
Epoch 1/1
----------
Epoch 1/1
----------
Epoch 1/1
----------
Epoch 1/1
----------
Epoch 1/1
----------
Epoch 1/1
----------
micro     precision: 0.6321 | recall: 0.4156 | f1-score: 0.5015 | support: 40183 | mAP: 0.6606
macro     precision: 0.3785 | recall: 0.2153 | f1-score: 0.2059 | support: 40183 | mAP: 0.4114

Round 40/40
----------
Epoch 1/1
----------
Epoch 1/1
----------
Epoch 1/1
----------
Epoch 1/1
----------
Epoch 1/1
----------
Epoch 1/1
----------
Epoch 1/1
----------
Epoch 1/1
----------
micro     precision: 0.6237 | recall: 0.3716 | f1-score: 0.4657 | support: 40183 | mAP: 0.6170
macro     precision: 0.3811 | recall: 0.1915 | f1-score: 0.1827 | support: 40183 | mAP: 0.4077

[{'0': {'precision': [], 'recall': [], 'f1-score': [], 'support': []}, '1': {'precision': [], 'recall': [], 'f1-score': [], 'support': []}, '2': {'precision': [], 'recall': [], 'f1-score': [], 'support': []}, '3': {'precision': [], 'recall': [], 'f1-score': [], 'support': []}, '4': {'precision': [], 'recall': [], 'f1-score': [], 'support': []}, '5': {'precision': [], 'recall': [], 'f1-score': [], 'support': []}, '6': {'precision': [], 'recall': [], 'f1-score': [], 'support': []}, '7': {'precision': [], 'recall': [], 'f1-score': [], 'support': []}, '8': {'precision': [], 'recall': [], 'f1-score': [], 'support': []}, '9': {'precision': [], 'recall': [], 'f1-score': [], 'support': []}, '10': {'precision': [], 'recall': [], 'f1-score': [], 'support': []}, '11': {'precision': [], 'recall': [], 'f1-score': [], 'support': []}, '12': {'precision': [], 'recall': [], 'f1-score': [], 'support': []}, '13': {'precision': [], 'recall': [], 'f1-score': [], 'support': []}, '14': {'precision': [], 'recall': [], 'f1-score': [], 'support': []}, '15': {'precision': [], 'recall': [], 'f1-score': [], 'support': []}, '16': {'precision': [], 'recall': [], 'f1-score': [], 'support': []}, '17': {'precision': [], 'recall': [], 'f1-score': [], 'support': []}, '18': {'precision': [], 'recall': [], 'f1-score': [], 'support': []}, 'micro avg': {'precision': [], 'recall': [], 'f1-score': [], 'support': []}, 'macro avg': {'precision': [], 'recall': [], 'f1-score': [], 'support': []}, 'weighted avg': {'precision': [], 'recall': [], 'f1-score': [], 'support': []}, 'ap_mic': [], 'ap_mac': []}, {'0': {'precision': [], 'recall': [], 'f1-score': [], 'support': []}, '1': {'precision': [], 'recall': [], 'f1-score': [], 'support': []}, '2': {'precision': [], 'recall': [], 'f1-score': [], 'support': []}, '3': {'precision': [], 'recall': [], 'f1-score': [], 'support': []}, '4': {'precision': [], 'recall': [], 'f1-score': [], 'support': []}, '5': {'precision': [], 'recall': [], 'f1-score': [], 'support': []}, '6': {'precision': [], 'recall': [], 'f1-score': [], 'support': []}, '7': {'precision': [], 'recall': [], 'f1-score': [], 'support': []}, '8': {'precision': [], 'recall': [], 'f1-score': [], 'support': []}, '9': {'precision': [], 'recall': [], 'f1-score': [], 'support': []}, '10': {'precision': [], 'recall': [], 'f1-score': [], 'support': []}, '11': {'precision': [], 'recall': [], 'f1-score': [], 'support': []}, '12': {'precision': [], 'recall': [], 'f1-score': [], 'support': []}, '13': {'precision': [], 'recall': [], 'f1-score': [], 'support': []}, '14': {'precision': [], 'recall': [], 'f1-score': [], 'support': []}, '15': {'precision': [], 'recall': [], 'f1-score': [], 'support': []}, '16': {'precision': [], 'recall': [], 'f1-score': [], 'support': []}, '17': {'precision': [], 'recall': [], 'f1-score': [], 'support': []}, '18': {'precision': [], 'recall': [], 'f1-score': [], 'support': []}, 'micro avg': {'precision': [], 'recall': [], 'f1-score': [], 'support': []}, 'macro avg': {'precision': [], 'recall': [], 'f1-score': [], 'support': []}, 'weighted avg': {'precision': [], 'recall': [], 'f1-score': [], 'support': []}, 'ap_mic': [], 'ap_mac': []}, {'0': {'precision': [], 'recall': [], 'f1-score': [], 'support': []}, '1': {'precision': [], 'recall': [], 'f1-score': [], 'support': []}, '2': {'precision': [], 'recall': [], 'f1-score': [], 'support': []}, '3': {'precision': [], 'recall': [], 'f1-score': [], 'support': []}, '4': {'precision': [], 'recall': [], 'f1-score': [], 'support': []}, '5': {'precision': [], 'recall': [], 'f1-score': [], 'support': []}, '6': {'precision': [], 'recall': [], 'f1-score': [], 'support': []}, '7': {'precision': [], 'recall': [], 'f1-score': [], 'support': []}, '8': {'precision': [], 'recall': [], 'f1-score': [], 'support': []}, '9': {'precision': [], 'recall': [], 'f1-score': [], 'support': []}, '10': {'precision': [], 'recall': [], 'f1-score': [], 'support': []}, '11': {'precision': [], 'recall': [], 'f1-score': [], 'support': []}, '12': {'precision': [], 'recall': [], 'f1-score': [], 'support': []}, '13': {'precision': [], 'recall': [], 'f1-score': [], 'support': []}, '14': {'precision': [], 'recall': [], 'f1-score': [], 'support': []}, '15': {'precision': [], 'recall': [], 'f1-score': [], 'support': []}, '16': {'precision': [], 'recall': [], 'f1-score': [], 'support': []}, '17': {'precision': [], 'recall': [], 'f1-score': [], 'support': []}, '18': {'precision': [], 'recall': [], 'f1-score': [], 'support': []}, 'micro avg': {'precision': [], 'recall': [], 'f1-score': [], 'support': []}, 'macro avg': {'precision': [], 'recall': [], 'f1-score': [], 'support': []}, 'weighted avg': {'precision': [], 'recall': [], 'f1-score': [], 'support': []}, 'ap_mic': [], 'ap_mac': []}, {'0': {'precision': [], 'recall': [], 'f1-score': [], 'support': []}, '1': {'precision': [], 'recall': [], 'f1-score': [], 'support': []}, '2': {'precision': [], 'recall': [], 'f1-score': [], 'support': []}, '3': {'precision': [], 'recall': [], 'f1-score': [], 'support': []}, '4': {'precision': [], 'recall': [], 'f1-score': [], 'support': []}, '5': {'precision': [], 'recall': [], 'f1-score': [], 'support': []}, '6': {'precision': [], 'recall': [], 'f1-score': [], 'support': []}, '7': {'precision': [], 'recall': [], 'f1-score': [], 'support': []}, '8': {'precision': [], 'recall': [], 'f1-score': [], 'support': []}, '9': {'precision': [], 'recall': [], 'f1-score': [], 'support': []}, '10': {'precision': [], 'recall': [], 'f1-score': [], 'support': []}, '11': {'precision': [], 'recall': [], 'f1-score': [], 'support': []}, '12': {'precision': [], 'recall': [], 'f1-score': [], 'support': []}, '13': {'precision': [], 'recall': [], 'f1-score': [], 'support': []}, '14': {'precision': [], 'recall': [], 'f1-score': [], 'support': []}, '15': {'precision': [], 'recall': [], 'f1-score': [], 'support': []}, '16': {'precision': [], 'recall': [], 'f1-score': [], 'support': []}, '17': {'precision': [], 'recall': [], 'f1-score': [], 'support': []}, '18': {'precision': [], 'recall': [], 'f1-score': [], 'support': []}, 'micro avg': {'precision': [], 'recall': [], 'f1-score': [], 'support': []}, 'macro avg': {'precision': [], 'recall': [], 'f1-score': [], 'support': []}, 'weighted avg': {'precision': [], 'recall': [], 'f1-score': [], 'support': []}, 'ap_mic': [], 'ap_mac': []}, {'0': {'precision': [], 'recall': [], 'f1-score': [], 'support': []}, '1': {'precision': [], 'recall': [], 'f1-score': [], 'support': []}, '2': {'precision': [], 'recall': [], 'f1-score': [], 'support': []}, '3': {'precision': [], 'recall': [], 'f1-score': [], 'support': []}, '4': {'precision': [], 'recall': [], 'f1-score': [], 'support': []}, '5': {'precision': [], 'recall': [], 'f1-score': [], 'support': []}, '6': {'precision': [], 'recall': [], 'f1-score': [], 'support': []}, '7': {'precision': [], 'recall': [], 'f1-score': [], 'support': []}, '8': {'precision': [], 'recall': [], 'f1-score': [], 'support': []}, '9': {'precision': [], 'recall': [], 'f1-score': [], 'support': []}, '10': {'precision': [], 'recall': [], 'f1-score': [], 'support': []}, '11': {'precision': [], 'recall': [], 'f1-score': [], 'support': []}, '12': {'precision': [], 'recall': [], 'f1-score': [], 'support': []}, '13': {'precision': [], 'recall': [], 'f1-score': [], 'support': []}, '14': {'precision': [], 'recall': [], 'f1-score': [], 'support': []}, '15': {'precision': [], 'recall': [], 'f1-score': [], 'support': []}, '16': {'precision': [], 'recall': [], 'f1-score': [], 'support': []}, '17': {'precision': [], 'recall': [], 'f1-score': [], 'support': []}, '18': {'precision': [], 'recall': [], 'f1-score': [], 'support': []}, 'micro avg': {'precision': [], 'recall': [], 'f1-score': [], 'support': []}, 'macro avg': {'precision': [], 'recall': [], 'f1-score': [], 'support': []}, 'weighted avg': {'precision': [], 'recall': [], 'f1-score': [], 'support': []}, 'ap_mic': [], 'ap_mac': []}, {'0': {'precision': [], 'recall': [], 'f1-score': [], 'support': []}, '1': {'precision': [], 'recall': [], 'f1-score': [], 'support': []}, '2': {'precision': [], 'recall': [], 'f1-score': [], 'support': []}, '3': {'precision': [], 'recall': [], 'f1-score': [], 'support': []}, '4': {'precision': [], 'recall': [], 'f1-score': [], 'support': []}, '5': {'precision': [], 'recall': [], 'f1-score': [], 'support': []}, '6': {'precision': [], 'recall': [], 'f1-score': [], 'support': []}, '7': {'precision': [], 'recall': [], 'f1-score': [], 'support': []}, '8': {'precision': [], 'recall': [], 'f1-score': [], 'support': []}, '9': {'precision': [], 'recall': [], 'f1-score': [], 'support': []}, '10': {'precision': [], 'recall': [], 'f1-score': [], 'support': []}, '11': {'precision': [], 'recall': [], 'f1-score': [], 'support': []}, '12': {'precision': [], 'recall': [], 'f1-score': [], 'support': []}, '13': {'precision': [], 'recall': [], 'f1-score': [], 'support': []}, '14': {'precision': [], 'recall': [], 'f1-score': [], 'support': []}, '15': {'precision': [], 'recall': [], 'f1-score': [], 'support': []}, '16': {'precision': [], 'recall': [], 'f1-score': [], 'support': []}, '17': {'precision': [], 'recall': [], 'f1-score': [], 'support': []}, '18': {'precision': [], 'recall': [], 'f1-score': [], 'support': []}, 'micro avg': {'precision': [], 'recall': [], 'f1-score': [], 'support': []}, 'macro avg': {'precision': [], 'recall': [], 'f1-score': [], 'support': []}, 'weighted avg': {'precision': [], 'recall': [], 'f1-score': [], 'support': []}, 'ap_mic': [], 'ap_mac': []}, {'0': {'precision': [], 'recall': [], 'f1-score': [], 'support': []}, '1': {'precision': [], 'recall': [], 'f1-score': [], 'support': []}, '2': {'precision': [], 'recall': [], 'f1-score': [], 'support': []}, '3': {'precision': [], 'recall': [], 'f1-score': [], 'support': []}, '4': {'precision': [], 'recall': [], 'f1-score': [], 'support': []}, '5': {'precision': [], 'recall': [], 'f1-score': [], 'support': []}, '6': {'precision': [], 'recall': [], 'f1-score': [], 'support': []}, '7': {'precision': [], 'recall': [], 'f1-score': [], 'support': []}, '8': {'precision': [], 'recall': [], 'f1-score': [], 'support': []}, '9': {'precision': [], 'recall': [], 'f1-score': [], 'support': []}, '10': {'precision': [], 'recall': [], 'f1-score': [], 'support': []}, '11': {'precision': [], 'recall': [], 'f1-score': [], 'support': []}, '12': {'precision': [], 'recall': [], 'f1-score': [], 'support': []}, '13': {'precision': [], 'recall': [], 'f1-score': [], 'support': []}, '14': {'precision': [], 'recall': [], 'f1-score': [], 'support': []}, '15': {'precision': [], 'recall': [], 'f1-score': [], 'support': []}, '16': {'precision': [], 'recall': [], 'f1-score': [], 'support': []}, '17': {'precision': [], 'recall': [], 'f1-score': [], 'support': []}, '18': {'precision': [], 'recall': [], 'f1-score': [], 'support': []}, 'micro avg': {'precision': [], 'recall': [], 'f1-score': [], 'support': []}, 'macro avg': {'precision': [], 'recall': [], 'f1-score': [], 'support': []}, 'weighted avg': {'precision': [], 'recall': [], 'f1-score': [], 'support': []}, 'ap_mic': [], 'ap_mac': []}, {'0': {'precision': [], 'recall': [], 'f1-score': [], 'support': []}, '1': {'precision': [], 'recall': [], 'f1-score': [], 'support': []}, '2': {'precision': [], 'recall': [], 'f1-score': [], 'support': []}, '3': {'precision': [], 'recall': [], 'f1-score': [], 'support': []}, '4': {'precision': [], 'recall': [], 'f1-score': [], 'support': []}, '5': {'precision': [], 'recall': [], 'f1-score': [], 'support': []}, '6': {'precision': [], 'recall': [], 'f1-score': [], 'support': []}, '7': {'precision': [], 'recall': [], 'f1-score': [], 'support': []}, '8': {'precision': [], 'recall': [], 'f1-score': [], 'support': []}, '9': {'precision': [], 'recall': [], 'f1-score': [], 'support': []}, '10': {'precision': [], 'recall': [], 'f1-score': [], 'support': []}, '11': {'precision': [], 'recall': [], 'f1-score': [], 'support': []}, '12': {'precision': [], 'recall': [], 'f1-score': [], 'support': []}, '13': {'precision': [], 'recall': [], 'f1-score': [], 'support': []}, '14': {'precision': [], 'recall': [], 'f1-score': [], 'support': []}, '15': {'precision': [], 'recall': [], 'f1-score': [], 'support': []}, '16': {'precision': [], 'recall': [], 'f1-score': [], 'support': []}, '17': {'precision': [], 'recall': [], 'f1-score': [], 'support': []}, '18': {'precision': [], 'recall': [], 'f1-score': [], 'support': []}, 'micro avg': {'precision': [], 'recall': [], 'f1-score': [], 'support': []}, 'macro avg': {'precision': [], 'recall': [], 'f1-score': [], 'support': []}, 'weighted avg': {'precision': [], 'recall': [], 'f1-score': [], 'support': []}, 'ap_mic': [], 'ap_mac': []}]
