scenario: 			 1 
pruning strategy: 	 nisp 
pruning rate: 		 0.5 
pruning round: 		 4 
communication rounds: 40 
epochs per round:	 1
Using device: cuda:0

init FLClient TRAIN dataset and dataloader
Pre-filtered 12845 patches based on country and season (split ignored)
Loading BEN data for train...
    237871 patches indexed
    6256 filtered patches indexed
    6256 patches indexed considering max_len
Merged metadata with snow/cloud metadata
Loaded 549488 labels
Loaded 549488 keys
Loaded mapping created

init FLClient VALIDATION dataset and dataloader
Pre-filtered 12845 patches based on country and season (split ignored)
Loading BEN data for test...
    119825 patches indexed
    3266 filtered patches indexed
    256 patches indexed considering max_len
Merged metadata with snow/cloud metadata
Loaded 549488 labels
Loaded 549488 keys
Loaded mapping created

init FLClient TRAIN dataset and dataloader
Pre-filtered 12814 patches based on country and season (split ignored)
Loading BEN data for train...
    237871 patches indexed
    6267 filtered patches indexed
    6267 patches indexed considering max_len
Merged metadata with snow/cloud metadata
Loaded 549488 labels
Loaded 549488 keys
Loaded mapping created

init FLClient VALIDATION dataset and dataloader
Pre-filtered 12814 patches based on country and season (split ignored)
Loading BEN data for test...
    119825 patches indexed
    3323 filtered patches indexed
    256 patches indexed considering max_len
Merged metadata with snow/cloud metadata
Loaded 549488 labels
Loaded 549488 keys
Loaded mapping created

init FLClient TRAIN dataset and dataloader
Pre-filtered 12748 patches based on country and season (split ignored)
Loading BEN data for train...
    237871 patches indexed
    6363 filtered patches indexed
    6363 patches indexed considering max_len
Merged metadata with snow/cloud metadata
Loaded 549488 labels
Loaded 549488 keys
Loaded mapping created

init FLClient VALIDATION dataset and dataloader
Pre-filtered 12748 patches based on country and season (split ignored)
Loading BEN data for test...
    119825 patches indexed
    3228 filtered patches indexed
    256 patches indexed considering max_len
Merged metadata with snow/cloud metadata
Loaded 549488 labels
Loaded 549488 keys
Loaded mapping created

init FLClient TRAIN dataset and dataloader
Pre-filtered 12741 patches based on country and season (split ignored)
Loading BEN data for train...
    237871 patches indexed
    6173 filtered patches indexed
    6173 patches indexed considering max_len
Merged metadata with snow/cloud metadata
Loaded 549488 labels
Loaded 549488 keys
Loaded mapping created

init FLClient VALIDATION dataset and dataloader
Pre-filtered 12741 patches based on country and season (split ignored)
Loading BEN data for test...
    119825 patches indexed
    3312 filtered patches indexed
    256 patches indexed considering max_len
Merged metadata with snow/cloud metadata
Loaded 549488 labels
Loaded 549488 keys
Loaded mapping created

init FLClient TRAIN dataset and dataloader
Pre-filtered 12878 patches based on country and season (split ignored)
Loading BEN data for train...
    237871 patches indexed
    6327 filtered patches indexed
    6327 patches indexed considering max_len
Merged metadata with snow/cloud metadata
Loaded 549488 labels
Loaded 549488 keys
Loaded mapping created

init FLClient VALIDATION dataset and dataloader
Pre-filtered 12878 patches based on country and season (split ignored)
Loading BEN data for test...
    119825 patches indexed
    3292 filtered patches indexed
    256 patches indexed considering max_len
Merged metadata with snow/cloud metadata
Loaded 549488 labels
Loaded 549488 keys
Loaded mapping created

init FLClient TRAIN dataset and dataloader
Pre-filtered 12623 patches based on country and season (split ignored)
Loading BEN data for train...
    237871 patches indexed
    6180 filtered patches indexed
    6180 patches indexed considering max_len
Merged metadata with snow/cloud metadata
Loaded 549488 labels
Loaded 549488 keys
Loaded mapping created

init FLClient VALIDATION dataset and dataloader
Pre-filtered 12623 patches based on country and season (split ignored)
Loading BEN data for test...
    119825 patches indexed
    3203 filtered patches indexed
    256 patches indexed considering max_len
Merged metadata with snow/cloud metadata
Loaded 549488 labels
Loaded 549488 keys
Loaded mapping created

init FLClient TRAIN dataset and dataloader
Pre-filtered 12909 patches based on country and season (split ignored)
Loading BEN data for train...
    237871 patches indexed
    6374 filtered patches indexed
    6374 patches indexed considering max_len
Merged metadata with snow/cloud metadata
Loaded 549488 labels
Loaded 549488 keys
Loaded mapping created

init FLClient VALIDATION dataset and dataloader
Pre-filtered 12909 patches based on country and season (split ignored)
Loading BEN data for test...
    119825 patches indexed
    3248 filtered patches indexed
    256 patches indexed considering max_len
Merged metadata with snow/cloud metadata
Loaded 549488 labels
Loaded 549488 keys
Loaded mapping created

init FLClient TRAIN dataset and dataloader
Pre-filtered 12839 patches based on country and season (split ignored)
Loading BEN data for train...
    237871 patches indexed
    6394 filtered patches indexed
    6394 patches indexed considering max_len
Merged metadata with snow/cloud metadata
Loaded 549488 labels
Loaded 549488 keys
Loaded mapping created

init FLClient VALIDATION dataset and dataloader
Pre-filtered 12839 patches based on country and season (split ignored)
Loading BEN data for test...
    119825 patches indexed
    3161 filtered patches indexed
    256 patches indexed considering max_len
Merged metadata with snow/cloud metadata
Loaded 549488 labels
Loaded 549488 keys
Loaded mapping created

init GLOBALClient VALIDATION dataset and dataloader
Pre-filtered 59999 patches based on country and season (split ignored)
Loading BEN data for test...
    119825 patches indexed
    15720 filtered patches indexed
    15720 patches indexed considering max_len
Merged metadata with snow/cloud metadata
Loaded 549488 labels
Loaded 549488 keys
Loaded mapping created
Round 1/40
----------
Epoch 1/1
----------
Epoch 1/1
----------
Epoch 1/1
----------
Epoch 1/1
----------
Epoch 1/1
----------
Epoch 1/1
----------
Epoch 1/1
----------
Epoch 1/1
----------
micro     precision: 0.7574 | recall: 0.3291 | f1-score: 0.4588 | support: 40183 | mAP: 0.6086
macro     precision: 0.3189 | recall: 0.1707 | f1-score: 0.1884 | support: 40183 | mAP: 0.3779

Round 2/40
----------
Epoch 1/1
----------
Epoch 1/1
----------
Epoch 1/1
----------
Epoch 1/1
----------
Epoch 1/1
----------
Epoch 1/1
----------
Epoch 1/1
----------
Epoch 1/1
----------
micro     precision: 0.6123 | recall: 0.4206 | f1-score: 0.4987 | support: 40183 | mAP: 0.5843
macro     precision: 0.2449 | recall: 0.1871 | f1-score: 0.1955 | support: 40183 | mAP: 0.3689

Round 3/40
----------
Epoch 1/1
----------
Epoch 1/1
----------
Epoch 1/1
----------
Epoch 1/1
----------
Epoch 1/1
----------
Epoch 1/1
----------
Epoch 1/1
----------
Epoch 1/1
----------
micro     precision: 0.7512 | recall: 0.5034 | f1-score: 0.6028 | support: 40183 | mAP: 0.6872
macro     precision: 0.3786 | recall: 0.2387 | f1-score: 0.2589 | support: 40183 | mAP: 0.4086

Round 4/40
----------
Starting nisp pruning with rate 0.5
encoder.4.0.conv3: out of 16384 parameters 8192.0 were pruned.
encoder.4.0.downsample.0: out of 16384 parameters 8192.0 were pruned.
encoder.4.1.conv1: out of 16384 parameters 8192.0 were pruned.
encoder.4.1.conv2: out of 36864 parameters 18432.0 were pruned.
encoder.4.1.conv3: out of 16384 parameters 8192.0 were pruned.
encoder.4.2.conv1: out of 16384 parameters 8192.0 were pruned.
encoder.4.2.conv2: out of 36864 parameters 18432.0 were pruned.
encoder.4.2.conv3: out of 16384 parameters 8192.0 were pruned.
encoder.5.0.conv1: out of 32768 parameters 16384.0 were pruned.
encoder.5.0.conv2: out of 147456 parameters 73728.0 were pruned.
encoder.5.0.conv3: out of 65536 parameters 32768.0 were pruned.
encoder.5.0.downsample.0: out of 131072 parameters 65536.0 were pruned.
encoder.5.1.conv1: out of 65536 parameters 32768.0 were pruned.
encoder.5.1.conv2: out of 147456 parameters 73728.0 were pruned.
encoder.5.1.conv3: out of 65536 parameters 32768.0 were pruned.
encoder.5.2.conv1: out of 65536 parameters 32768.0 were pruned.
encoder.5.2.conv2: out of 147456 parameters 73728.0 were pruned.
encoder.5.2.conv3: out of 65536 parameters 32768.0 were pruned.
encoder.5.3.conv1: out of 65536 parameters 32768.0 were pruned.
encoder.5.3.conv2: out of 147456 parameters 73728.0 were pruned.
encoder.5.3.conv3: out of 65536 parameters 28398.9296875 were pruned.
encoder.6.0.conv1: out of 131072 parameters 65536.0 were pruned.
encoder.6.0.conv2: out of 589824 parameters 294912.0 were pruned.
encoder.6.0.conv3: out of 262144 parameters 131072.0 were pruned.
encoder.6.0.downsample.0: out of 524288 parameters 262144.0 were pruned.
encoder.6.1.conv1: out of 262144 parameters 131072.0 were pruned.
encoder.6.1.conv2: out of 589824 parameters 294912.0 were pruned.
encoder.6.1.conv3: out of 262144 parameters 131072.0 were pruned.
encoder.6.2.conv1: out of 262144 parameters 131072.0 were pruned.
encoder.6.2.conv2: out of 589824 parameters 294912.0 were pruned.
encoder.6.2.conv3: out of 262144 parameters 131072.0 were pruned.
encoder.6.3.conv1: out of 262144 parameters 131072.0 were pruned.
encoder.6.3.conv2: out of 589824 parameters 294912.0 were pruned.
encoder.6.3.conv3: out of 262144 parameters 131072.0 were pruned.
encoder.6.4.conv1: out of 262144 parameters 131072.0 were pruned.
encoder.6.4.conv2: out of 589824 parameters 294912.0 were pruned.
encoder.6.4.conv3: out of 262144 parameters 131072.0 were pruned.
encoder.6.5.conv1: out of 262144 parameters 131072.0 were pruned.
encoder.6.5.conv2: out of 589824 parameters 294912.0 were pruned.
encoder.6.5.conv3: out of 262144 parameters 114944.0 were pruned.
encoder.7.0.conv1: out of 524288 parameters 262144.0 were pruned.
encoder.7.0.conv2: out of 2359296 parameters 1179648.0 were pruned.
encoder.7.0.conv3: out of 1048576 parameters 524288.0 were pruned.
encoder.7.0.downsample.0: out of 2097152 parameters 1048576.0 were pruned.
encoder.7.1.conv1: out of 1048576 parameters 524288.0 were pruned.
encoder.7.1.conv2: out of 2359296 parameters 1179648.0 were pruned.
encoder.7.1.conv3: out of 1048576 parameters 524288.0 were pruned.
encoder.7.2.conv1: out of 1048576 parameters 524288.0 were pruned.
encoder.7.2.conv2: out of 2359296 parameters 1179648.0 were pruned.
encoder.7.2.conv3: out of 1048576 parameters 524288.0 were pruned.
Out of 23404544 parameters 11681775.0 were pruned.

Epoch 1/1
----------
Epoch 1/1
----------
Epoch 1/1
----------
Epoch 1/1
----------
Epoch 1/1
----------
Epoch 1/1
----------
Epoch 1/1
----------
Epoch 1/1
----------
micro     precision: 0.0000 | recall: 0.0000 | f1-score: 0.0000 | support: 40183 | mAP: 0.3515
macro     precision: 0.0000 | recall: 0.0000 | f1-score: 0.0000 | support: 40183 | mAP: 0.3000

Round 5/40
----------
Epoch 1/1
----------
Epoch 1/1
----------
Epoch 1/1
----------
Epoch 1/1
----------
Epoch 1/1
----------
Epoch 1/1
----------
Epoch 1/1
----------
Epoch 1/1
----------
micro     precision: 0.5069 | recall: 0.5122 | f1-score: 0.5096 | support: 40183 | mAP: 0.5615
macro     precision: 0.1393 | recall: 0.2195 | f1-score: 0.1662 | support: 40183 | mAP: 0.3598

Round 6/40
----------
Epoch 1/1
----------
Epoch 1/1
----------
Epoch 1/1
----------
Epoch 1/1
----------
Epoch 1/1
----------
Epoch 1/1
----------
Epoch 1/1
----------
Epoch 1/1
----------
micro     precision: 0.7261 | recall: 0.5175 | f1-score: 0.6043 | support: 40183 | mAP: 0.6795
macro     precision: 0.4003 | recall: 0.2567 | f1-score: 0.2661 | support: 40183 | mAP: 0.4067

Round 7/40
----------
Epoch 1/1
----------
Epoch 1/1
----------
Epoch 1/1
----------
Epoch 1/1
----------
Epoch 1/1
----------
Epoch 1/1
----------
Epoch 1/1
----------
Epoch 1/1
----------
micro     precision: 0.7708 | recall: 0.5819 | f1-score: 0.6632 | support: 40183 | mAP: 0.7568
macro     precision: 0.4696 | recall: 0.2998 | f1-score: 0.3273 | support: 40183 | mAP: 0.4479

Round 8/40
----------
Epoch 1/1
----------
Epoch 1/1
----------
Epoch 1/1
----------
Epoch 1/1
----------
Epoch 1/1
----------
Epoch 1/1
----------
Epoch 1/1
----------
Epoch 1/1
----------
micro     precision: 0.7905 | recall: 0.5782 | f1-score: 0.6679 | support: 40183 | mAP: 0.7593
macro     precision: 0.4895 | recall: 0.3173 | f1-score: 0.3435 | support: 40183 | mAP: 0.4630

Round 9/40
----------
Epoch 1/1
----------
Epoch 1/1
----------
Epoch 1/1
----------
Epoch 1/1
----------
Epoch 1/1
----------
Epoch 1/1
----------
Epoch 1/1
----------
Epoch 1/1
----------
micro     precision: 0.8242 | recall: 0.6300 | f1-score: 0.7141 | support: 40183 | mAP: 0.8044
macro     precision: 0.5731 | recall: 0.3417 | f1-score: 0.3866 | support: 40183 | mAP: 0.4881

Round 10/40
----------
Epoch 1/1
----------
Epoch 1/1
----------
Epoch 1/1
----------
Epoch 1/1
----------
Epoch 1/1
----------
Epoch 1/1
----------
Epoch 1/1
----------
Epoch 1/1
----------
micro     precision: 0.8191 | recall: 0.6113 | f1-score: 0.7001 | support: 40183 | mAP: 0.7965
macro     precision: 0.5857 | recall: 0.3331 | f1-score: 0.3809 | support: 40183 | mAP: 0.4960

Round 11/40
----------
Epoch 1/1
----------
Epoch 1/1
----------
Epoch 1/1
----------
Epoch 1/1
----------
Epoch 1/1
----------
Epoch 1/1
----------
Epoch 1/1
----------
Epoch 1/1
----------
micro     precision: 0.8489 | recall: 0.6117 | f1-score: 0.7111 | support: 40183 | mAP: 0.8213
macro     precision: 0.5977 | recall: 0.3391 | f1-score: 0.3992 | support: 40183 | mAP: 0.5073

Round 12/40
----------
Epoch 1/1
----------
Epoch 1/1
----------
Epoch 1/1
----------
Epoch 1/1
----------
Epoch 1/1
----------
Epoch 1/1
----------
Epoch 1/1
----------
Epoch 1/1
----------
micro     precision: 0.8127 | recall: 0.6516 | f1-score: 0.7233 | support: 40183 | mAP: 0.8169
macro     precision: 0.5886 | recall: 0.3792 | f1-score: 0.4322 | support: 40183 | mAP: 0.5127

Round 13/40
----------
Epoch 1/1
----------
Epoch 1/1
----------
Epoch 1/1
----------
Epoch 1/1
----------
Epoch 1/1
----------
Epoch 1/1
----------
Epoch 1/1
----------
Epoch 1/1
----------
micro     precision: 0.7678 | recall: 0.5795 | f1-score: 0.6605 | support: 40183 | mAP: 0.7683
macro     precision: 0.5315 | recall: 0.3533 | f1-score: 0.3906 | support: 40183 | mAP: 0.4736

Round 14/40
----------
Epoch 1/1
----------
Epoch 1/1
----------
Epoch 1/1
----------
Epoch 1/1
----------
Epoch 1/1
----------
Epoch 1/1
----------
Epoch 1/1
----------
Epoch 1/1
----------
micro     precision: 0.7163 | recall: 0.6093 | f1-score: 0.6585 | support: 40183 | mAP: 0.7466
macro     precision: 0.5234 | recall: 0.3747 | f1-score: 0.4022 | support: 40183 | mAP: 0.4725

Round 15/40
----------
Epoch 1/1
----------
Epoch 1/1
----------
Epoch 1/1
----------
Epoch 1/1
----------
Epoch 1/1
----------
Epoch 1/1
----------
Epoch 1/1
----------
Epoch 1/1
----------
micro     precision: 0.8393 | recall: 0.6651 | f1-score: 0.7421 | support: 40183 | mAP: 0.8399
macro     precision: 0.6087 | recall: 0.3958 | f1-score: 0.4583 | support: 40183 | mAP: 0.5340

Round 16/40
----------
Epoch 1/1
----------
Epoch 1/1
----------
Epoch 1/1
----------
Epoch 1/1
----------
Epoch 1/1
----------
Epoch 1/1
----------
Epoch 1/1
----------
Epoch 1/1
----------
micro     precision: 0.8328 | recall: 0.6504 | f1-score: 0.7304 | support: 40183 | mAP: 0.8323
macro     precision: 0.6142 | recall: 0.3789 | f1-score: 0.4382 | support: 40183 | mAP: 0.5347

Round 17/40
----------
Epoch 1/1
----------
Epoch 1/1
----------
Epoch 1/1
----------
Epoch 1/1
----------
Epoch 1/1
----------
Epoch 1/1
----------
Epoch 1/1
----------
Epoch 1/1
----------
micro     precision: 0.8460 | recall: 0.6595 | f1-score: 0.7412 | support: 40183 | mAP: 0.8410
macro     precision: 0.6274 | recall: 0.3764 | f1-score: 0.4376 | support: 40183 | mAP: 0.5346

Round 18/40
----------
Epoch 1/1
----------
Epoch 1/1
----------
Epoch 1/1
----------
Epoch 1/1
----------
Epoch 1/1
----------
Epoch 1/1
----------
Epoch 1/1
----------
Epoch 1/1
----------
micro     precision: 0.8012 | recall: 0.6755 | f1-score: 0.7330 | support: 40183 | mAP: 0.8209
macro     precision: 0.5941 | recall: 0.4055 | f1-score: 0.4533 | support: 40183 | mAP: 0.5256

Round 19/40
----------
Epoch 1/1
----------
Epoch 1/1
----------
Epoch 1/1
----------
Epoch 1/1
----------
Epoch 1/1
----------
Epoch 1/1
----------
Epoch 1/1
----------
Epoch 1/1
----------
micro     precision: 0.8036 | recall: 0.6381 | f1-score: 0.7114 | support: 40183 | mAP: 0.7989
macro     precision: 0.5714 | recall: 0.3807 | f1-score: 0.4325 | support: 40183 | mAP: 0.5099

Round 20/40
----------
Epoch 1/1
----------
Epoch 1/1
----------
Epoch 1/1
----------
Epoch 1/1
----------
Epoch 1/1
----------
Epoch 1/1
----------
Epoch 1/1
----------
Epoch 1/1
----------
micro     precision: 0.8342 | recall: 0.6977 | f1-score: 0.7599 | support: 40183 | mAP: 0.8455
macro     precision: 0.6102 | recall: 0.4073 | f1-score: 0.4630 | support: 40183 | mAP: 0.5373

Round 21/40
----------
Epoch 1/1
----------
Epoch 1/1
----------
Epoch 1/1
----------
Epoch 1/1
----------
Epoch 1/1
----------
Epoch 1/1
----------
Epoch 1/1
----------
Epoch 1/1
----------
micro     precision: 0.8519 | recall: 0.6945 | f1-score: 0.7652 | support: 40183 | mAP: 0.8606
macro     precision: 0.6265 | recall: 0.4195 | f1-score: 0.4762 | support: 40183 | mAP: 0.5605

Round 22/40
----------
Epoch 1/1
----------
Epoch 1/1
----------
Epoch 1/1
----------
Epoch 1/1
----------
Epoch 1/1
----------
Epoch 1/1
----------
Epoch 1/1
----------
Epoch 1/1
----------
micro     precision: 0.8465 | recall: 0.6800 | f1-score: 0.7541 | support: 40183 | mAP: 0.8508
macro     precision: 0.6408 | recall: 0.4222 | f1-score: 0.4790 | support: 40183 | mAP: 0.5550

Round 23/40
----------
Epoch 1/1
----------
Epoch 1/1
----------
Epoch 1/1
----------
Epoch 1/1
----------
Epoch 1/1
----------
Epoch 1/1
----------
Epoch 1/1
----------
Epoch 1/1
----------
micro     precision: 0.8515 | recall: 0.7022 | f1-score: 0.7697 | support: 40183 | mAP: 0.8614
macro     precision: 0.6388 | recall: 0.4080 | f1-score: 0.4673 | support: 40183 | mAP: 0.5608

Round 24/40
----------
Epoch 1/1
----------
Epoch 1/1
----------
Epoch 1/1
----------
Epoch 1/1
----------
Epoch 1/1
----------
Epoch 1/1
----------
Epoch 1/1
----------
Epoch 1/1
----------
micro     precision: 0.8471 | recall: 0.6748 | f1-score: 0.7512 | support: 40183 | mAP: 0.8590
macro     precision: 0.6237 | recall: 0.4135 | f1-score: 0.4727 | support: 40183 | mAP: 0.5607

Round 25/40
----------
Epoch 1/1
----------
Epoch 1/1
----------
Epoch 1/1
----------
Epoch 1/1
----------
Epoch 1/1
----------
Epoch 1/1
----------
Epoch 1/1
----------
Epoch 1/1
----------
micro     precision: 0.8424 | recall: 0.7190 | f1-score: 0.7758 | support: 40183 | mAP: 0.8678
macro     precision: 0.6128 | recall: 0.4481 | f1-score: 0.5002 | support: 40183 | mAP: 0.5709

Round 26/40
----------
Epoch 1/1
----------
Epoch 1/1
----------
Epoch 1/1
----------
Epoch 1/1
----------
Epoch 1/1
----------
Epoch 1/1
----------
Epoch 1/1
----------
Epoch 1/1
----------
micro     precision: 0.8394 | recall: 0.6934 | f1-score: 0.7595 | support: 40183 | mAP: 0.8585
macro     precision: 0.6226 | recall: 0.4277 | f1-score: 0.4862 | support: 40183 | mAP: 0.5652

Round 27/40
----------
Epoch 1/1
----------
Epoch 1/1
----------
Epoch 1/1
----------
Epoch 1/1
----------
Epoch 1/1
----------
Epoch 1/1
----------
Epoch 1/1
----------
Epoch 1/1
----------
micro     precision: 0.8079 | recall: 0.6928 | f1-score: 0.7459 | support: 40183 | mAP: 0.8391
macro     precision: 0.5901 | recall: 0.4384 | f1-score: 0.4844 | support: 40183 | mAP: 0.5428

Round 28/40
----------
Epoch 1/1
----------
Epoch 1/1
----------
Epoch 1/1
----------
Epoch 1/1
----------
Epoch 1/1
----------
Epoch 1/1
----------
Epoch 1/1
----------
Epoch 1/1
----------
micro     precision: 0.8486 | recall: 0.6860 | f1-score: 0.7587 | support: 40183 | mAP: 0.8499
macro     precision: 0.6576 | recall: 0.3938 | f1-score: 0.4565 | support: 40183 | mAP: 0.5618

Round 29/40
----------
Epoch 1/1
----------
Epoch 1/1
----------
Epoch 1/1
----------
Epoch 1/1
----------
Epoch 1/1
----------
Epoch 1/1
----------
Epoch 1/1
----------
Epoch 1/1
----------
micro     precision: 0.8749 | recall: 0.7035 | f1-score: 0.7799 | support: 40183 | mAP: 0.8797
macro     precision: 0.6472 | recall: 0.4343 | f1-score: 0.4963 | support: 40183 | mAP: 0.5838

Round 30/40
----------
Epoch 1/1
----------
Epoch 1/1
----------
Epoch 1/1
----------
Epoch 1/1
----------
Epoch 1/1
----------
Epoch 1/1
----------
Epoch 1/1
----------
Epoch 1/1
----------
micro     precision: 0.8668 | recall: 0.7049 | f1-score: 0.7775 | support: 40183 | mAP: 0.8783
macro     precision: 0.6555 | recall: 0.4339 | f1-score: 0.4980 | support: 40183 | mAP: 0.5776

Round 31/40
----------
Epoch 1/1
----------
Epoch 1/1
----------
Epoch 1/1
----------
Epoch 1/1
----------
Epoch 1/1
----------
Epoch 1/1
----------
Epoch 1/1
----------
Epoch 1/1
----------
micro     precision: 0.8495 | recall: 0.6812 | f1-score: 0.7561 | support: 40183 | mAP: 0.8622
macro     precision: 0.6415 | recall: 0.4140 | f1-score: 0.4748 | support: 40183 | mAP: 0.5653

Round 32/40
----------
Epoch 1/1
----------
Epoch 1/1
----------
Epoch 1/1
----------
Epoch 1/1
----------
Epoch 1/1
----------
Epoch 1/1
----------
Epoch 1/1
----------
Epoch 1/1
----------
micro     precision: 0.8577 | recall: 0.7177 | f1-score: 0.7815 | support: 40183 | mAP: 0.8809
macro     precision: 0.6347 | recall: 0.4512 | f1-score: 0.5053 | support: 40183 | mAP: 0.5833

Round 33/40
----------
Epoch 1/1
----------
Epoch 1/1
----------
Epoch 1/1
----------
Epoch 1/1
----------
Epoch 1/1
----------
Epoch 1/1
----------
Epoch 1/1
----------
Epoch 1/1
----------
micro     precision: 0.8234 | recall: 0.7009 | f1-score: 0.7572 | support: 40183 | mAP: 0.8514
macro     precision: 0.6234 | recall: 0.4573 | f1-score: 0.4965 | support: 40183 | mAP: 0.5612

Round 34/40
----------
Epoch 1/1
----------
Epoch 1/1
----------
Epoch 1/1
----------
Epoch 1/1
----------
Epoch 1/1
----------
Epoch 1/1
----------
Epoch 1/1
----------
Epoch 1/1
----------
micro     precision: 0.8455 | recall: 0.7258 | f1-score: 0.7811 | support: 40183 | mAP: 0.8733
macro     precision: 0.6437 | recall: 0.4397 | f1-score: 0.4909 | support: 40183 | mAP: 0.5806

Round 35/40
----------
Epoch 1/1
----------
Epoch 1/1
----------
Epoch 1/1
----------
Epoch 1/1
----------
Epoch 1/1
----------
Epoch 1/1
----------
Epoch 1/1
----------
Epoch 1/1
----------
micro     precision: 0.8328 | recall: 0.7378 | f1-score: 0.7824 | support: 40183 | mAP: 0.8746
macro     precision: 0.6096 | recall: 0.4763 | f1-score: 0.5218 | support: 40183 | mAP: 0.5776

Round 36/40
----------
Epoch 1/1
----------
Epoch 1/1
----------
Epoch 1/1
----------
Epoch 1/1
----------
Epoch 1/1
----------
Epoch 1/1
----------
Epoch 1/1
----------
Epoch 1/1
----------
micro     precision: 0.8601 | recall: 0.7099 | f1-score: 0.7778 | support: 40183 | mAP: 0.8813
macro     precision: 0.6553 | recall: 0.4433 | f1-score: 0.4991 | support: 40183 | mAP: 0.5853

Round 37/40
----------
Epoch 1/1
----------
Epoch 1/1
----------
Epoch 1/1
----------
Epoch 1/1
----------
Epoch 1/1
----------
Epoch 1/1
----------
Epoch 1/1
----------
Epoch 1/1
----------
micro     precision: 0.8610 | recall: 0.7250 | f1-score: 0.7872 | support: 40183 | mAP: 0.8869
macro     precision: 0.6372 | recall: 0.4581 | f1-score: 0.5137 | support: 40183 | mAP: 0.5921

Round 38/40
----------
Epoch 1/1
----------
Epoch 1/1
----------
Epoch 1/1
----------
Epoch 1/1
----------
Epoch 1/1
----------
Epoch 1/1
----------
Epoch 1/1
----------
Epoch 1/1
----------
micro     precision: 0.8658 | recall: 0.7004 | f1-score: 0.7744 | support: 40183 | mAP: 0.8764
macro     precision: 0.6427 | recall: 0.4386 | f1-score: 0.4973 | support: 40183 | mAP: 0.5832

Round 39/40
----------
Epoch 1/1
----------
Epoch 1/1
----------
Epoch 1/1
----------
Epoch 1/1
----------
Epoch 1/1
----------
Epoch 1/1
----------
Epoch 1/1
----------
Epoch 1/1
----------
micro     precision: 0.8342 | recall: 0.7224 | f1-score: 0.7743 | support: 40183 | mAP: 0.8722
macro     precision: 0.6001 | recall: 0.4731 | f1-score: 0.5189 | support: 40183 | mAP: 0.5728

Round 40/40
----------
Epoch 1/1
----------
Epoch 1/1
----------
Epoch 1/1
----------
Epoch 1/1
----------
Epoch 1/1
----------
Epoch 1/1
----------
Epoch 1/1
----------
Epoch 1/1
----------
micro     precision: 0.8620 | recall: 0.7131 | f1-score: 0.7805 | support: 40183 | mAP: 0.8763
macro     precision: 0.6525 | recall: 0.4304 | f1-score: 0.4906 | support: 40183 | mAP: 0.5746

[{'0': {'precision': [], 'recall': [], 'f1-score': [], 'support': []}, '1': {'precision': [], 'recall': [], 'f1-score': [], 'support': []}, '2': {'precision': [], 'recall': [], 'f1-score': [], 'support': []}, '3': {'precision': [], 'recall': [], 'f1-score': [], 'support': []}, '4': {'precision': [], 'recall': [], 'f1-score': [], 'support': []}, '5': {'precision': [], 'recall': [], 'f1-score': [], 'support': []}, '6': {'precision': [], 'recall': [], 'f1-score': [], 'support': []}, '7': {'precision': [], 'recall': [], 'f1-score': [], 'support': []}, '8': {'precision': [], 'recall': [], 'f1-score': [], 'support': []}, '9': {'precision': [], 'recall': [], 'f1-score': [], 'support': []}, '10': {'precision': [], 'recall': [], 'f1-score': [], 'support': []}, '11': {'precision': [], 'recall': [], 'f1-score': [], 'support': []}, '12': {'precision': [], 'recall': [], 'f1-score': [], 'support': []}, '13': {'precision': [], 'recall': [], 'f1-score': [], 'support': []}, '14': {'precision': [], 'recall': [], 'f1-score': [], 'support': []}, '15': {'precision': [], 'recall': [], 'f1-score': [], 'support': []}, '16': {'precision': [], 'recall': [], 'f1-score': [], 'support': []}, '17': {'precision': [], 'recall': [], 'f1-score': [], 'support': []}, '18': {'precision': [], 'recall': [], 'f1-score': [], 'support': []}, 'micro avg': {'precision': [], 'recall': [], 'f1-score': [], 'support': []}, 'macro avg': {'precision': [], 'recall': [], 'f1-score': [], 'support': []}, 'weighted avg': {'precision': [], 'recall': [], 'f1-score': [], 'support': []}, 'ap_mic': [], 'ap_mac': []}, {'0': {'precision': [], 'recall': [], 'f1-score': [], 'support': []}, '1': {'precision': [], 'recall': [], 'f1-score': [], 'support': []}, '2': {'precision': [], 'recall': [], 'f1-score': [], 'support': []}, '3': {'precision': [], 'recall': [], 'f1-score': [], 'support': []}, '4': {'precision': [], 'recall': [], 'f1-score': [], 'support': []}, '5': {'precision': [], 'recall': [], 'f1-score': [], 'support': []}, '6': {'precision': [], 'recall': [], 'f1-score': [], 'support': []}, '7': {'precision': [], 'recall': [], 'f1-score': [], 'support': []}, '8': {'precision': [], 'recall': [], 'f1-score': [], 'support': []}, '9': {'precision': [], 'recall': [], 'f1-score': [], 'support': []}, '10': {'precision': [], 'recall': [], 'f1-score': [], 'support': []}, '11': {'precision': [], 'recall': [], 'f1-score': [], 'support': []}, '12': {'precision': [], 'recall': [], 'f1-score': [], 'support': []}, '13': {'precision': [], 'recall': [], 'f1-score': [], 'support': []}, '14': {'precision': [], 'recall': [], 'f1-score': [], 'support': []}, '15': {'precision': [], 'recall': [], 'f1-score': [], 'support': []}, '16': {'precision': [], 'recall': [], 'f1-score': [], 'support': []}, '17': {'precision': [], 'recall': [], 'f1-score': [], 'support': []}, '18': {'precision': [], 'recall': [], 'f1-score': [], 'support': []}, 'micro avg': {'precision': [], 'recall': [], 'f1-score': [], 'support': []}, 'macro avg': {'precision': [], 'recall': [], 'f1-score': [], 'support': []}, 'weighted avg': {'precision': [], 'recall': [], 'f1-score': [], 'support': []}, 'ap_mic': [], 'ap_mac': []}, {'0': {'precision': [], 'recall': [], 'f1-score': [], 'support': []}, '1': {'precision': [], 'recall': [], 'f1-score': [], 'support': []}, '2': {'precision': [], 'recall': [], 'f1-score': [], 'support': []}, '3': {'precision': [], 'recall': [], 'f1-score': [], 'support': []}, '4': {'precision': [], 'recall': [], 'f1-score': [], 'support': []}, '5': {'precision': [], 'recall': [], 'f1-score': [], 'support': []}, '6': {'precision': [], 'recall': [], 'f1-score': [], 'support': []}, '7': {'precision': [], 'recall': [], 'f1-score': [], 'support': []}, '8': {'precision': [], 'recall': [], 'f1-score': [], 'support': []}, '9': {'precision': [], 'recall': [], 'f1-score': [], 'support': []}, '10': {'precision': [], 'recall': [], 'f1-score': [], 'support': []}, '11': {'precision': [], 'recall': [], 'f1-score': [], 'support': []}, '12': {'precision': [], 'recall': [], 'f1-score': [], 'support': []}, '13': {'precision': [], 'recall': [], 'f1-score': [], 'support': []}, '14': {'precision': [], 'recall': [], 'f1-score': [], 'support': []}, '15': {'precision': [], 'recall': [], 'f1-score': [], 'support': []}, '16': {'precision': [], 'recall': [], 'f1-score': [], 'support': []}, '17': {'precision': [], 'recall': [], 'f1-score': [], 'support': []}, '18': {'precision': [], 'recall': [], 'f1-score': [], 'support': []}, 'micro avg': {'precision': [], 'recall': [], 'f1-score': [], 'support': []}, 'macro avg': {'precision': [], 'recall': [], 'f1-score': [], 'support': []}, 'weighted avg': {'precision': [], 'recall': [], 'f1-score': [], 'support': []}, 'ap_mic': [], 'ap_mac': []}, {'0': {'precision': [], 'recall': [], 'f1-score': [], 'support': []}, '1': {'precision': [], 'recall': [], 'f1-score': [], 'support': []}, '2': {'precision': [], 'recall': [], 'f1-score': [], 'support': []}, '3': {'precision': [], 'recall': [], 'f1-score': [], 'support': []}, '4': {'precision': [], 'recall': [], 'f1-score': [], 'support': []}, '5': {'precision': [], 'recall': [], 'f1-score': [], 'support': []}, '6': {'precision': [], 'recall': [], 'f1-score': [], 'support': []}, '7': {'precision': [], 'recall': [], 'f1-score': [], 'support': []}, '8': {'precision': [], 'recall': [], 'f1-score': [], 'support': []}, '9': {'precision': [], 'recall': [], 'f1-score': [], 'support': []}, '10': {'precision': [], 'recall': [], 'f1-score': [], 'support': []}, '11': {'precision': [], 'recall': [], 'f1-score': [], 'support': []}, '12': {'precision': [], 'recall': [], 'f1-score': [], 'support': []}, '13': {'precision': [], 'recall': [], 'f1-score': [], 'support': []}, '14': {'precision': [], 'recall': [], 'f1-score': [], 'support': []}, '15': {'precision': [], 'recall': [], 'f1-score': [], 'support': []}, '16': {'precision': [], 'recall': [], 'f1-score': [], 'support': []}, '17': {'precision': [], 'recall': [], 'f1-score': [], 'support': []}, '18': {'precision': [], 'recall': [], 'f1-score': [], 'support': []}, 'micro avg': {'precision': [], 'recall': [], 'f1-score': [], 'support': []}, 'macro avg': {'precision': [], 'recall': [], 'f1-score': [], 'support': []}, 'weighted avg': {'precision': [], 'recall': [], 'f1-score': [], 'support': []}, 'ap_mic': [], 'ap_mac': []}, {'0': {'precision': [], 'recall': [], 'f1-score': [], 'support': []}, '1': {'precision': [], 'recall': [], 'f1-score': [], 'support': []}, '2': {'precision': [], 'recall': [], 'f1-score': [], 'support': []}, '3': {'precision': [], 'recall': [], 'f1-score': [], 'support': []}, '4': {'precision': [], 'recall': [], 'f1-score': [], 'support': []}, '5': {'precision': [], 'recall': [], 'f1-score': [], 'support': []}, '6': {'precision': [], 'recall': [], 'f1-score': [], 'support': []}, '7': {'precision': [], 'recall': [], 'f1-score': [], 'support': []}, '8': {'precision': [], 'recall': [], 'f1-score': [], 'support': []}, '9': {'precision': [], 'recall': [], 'f1-score': [], 'support': []}, '10': {'precision': [], 'recall': [], 'f1-score': [], 'support': []}, '11': {'precision': [], 'recall': [], 'f1-score': [], 'support': []}, '12': {'precision': [], 'recall': [], 'f1-score': [], 'support': []}, '13': {'precision': [], 'recall': [], 'f1-score': [], 'support': []}, '14': {'precision': [], 'recall': [], 'f1-score': [], 'support': []}, '15': {'precision': [], 'recall': [], 'f1-score': [], 'support': []}, '16': {'precision': [], 'recall': [], 'f1-score': [], 'support': []}, '17': {'precision': [], 'recall': [], 'f1-score': [], 'support': []}, '18': {'precision': [], 'recall': [], 'f1-score': [], 'support': []}, 'micro avg': {'precision': [], 'recall': [], 'f1-score': [], 'support': []}, 'macro avg': {'precision': [], 'recall': [], 'f1-score': [], 'support': []}, 'weighted avg': {'precision': [], 'recall': [], 'f1-score': [], 'support': []}, 'ap_mic': [], 'ap_mac': []}, {'0': {'precision': [], 'recall': [], 'f1-score': [], 'support': []}, '1': {'precision': [], 'recall': [], 'f1-score': [], 'support': []}, '2': {'precision': [], 'recall': [], 'f1-score': [], 'support': []}, '3': {'precision': [], 'recall': [], 'f1-score': [], 'support': []}, '4': {'precision': [], 'recall': [], 'f1-score': [], 'support': []}, '5': {'precision': [], 'recall': [], 'f1-score': [], 'support': []}, '6': {'precision': [], 'recall': [], 'f1-score': [], 'support': []}, '7': {'precision': [], 'recall': [], 'f1-score': [], 'support': []}, '8': {'precision': [], 'recall': [], 'f1-score': [], 'support': []}, '9': {'precision': [], 'recall': [], 'f1-score': [], 'support': []}, '10': {'precision': [], 'recall': [], 'f1-score': [], 'support': []}, '11': {'precision': [], 'recall': [], 'f1-score': [], 'support': []}, '12': {'precision': [], 'recall': [], 'f1-score': [], 'support': []}, '13': {'precision': [], 'recall': [], 'f1-score': [], 'support': []}, '14': {'precision': [], 'recall': [], 'f1-score': [], 'support': []}, '15': {'precision': [], 'recall': [], 'f1-score': [], 'support': []}, '16': {'precision': [], 'recall': [], 'f1-score': [], 'support': []}, '17': {'precision': [], 'recall': [], 'f1-score': [], 'support': []}, '18': {'precision': [], 'recall': [], 'f1-score': [], 'support': []}, 'micro avg': {'precision': [], 'recall': [], 'f1-score': [], 'support': []}, 'macro avg': {'precision': [], 'recall': [], 'f1-score': [], 'support': []}, 'weighted avg': {'precision': [], 'recall': [], 'f1-score': [], 'support': []}, 'ap_mic': [], 'ap_mac': []}, {'0': {'precision': [], 'recall': [], 'f1-score': [], 'support': []}, '1': {'precision': [], 'recall': [], 'f1-score': [], 'support': []}, '2': {'precision': [], 'recall': [], 'f1-score': [], 'support': []}, '3': {'precision': [], 'recall': [], 'f1-score': [], 'support': []}, '4': {'precision': [], 'recall': [], 'f1-score': [], 'support': []}, '5': {'precision': [], 'recall': [], 'f1-score': [], 'support': []}, '6': {'precision': [], 'recall': [], 'f1-score': [], 'support': []}, '7': {'precision': [], 'recall': [], 'f1-score': [], 'support': []}, '8': {'precision': [], 'recall': [], 'f1-score': [], 'support': []}, '9': {'precision': [], 'recall': [], 'f1-score': [], 'support': []}, '10': {'precision': [], 'recall': [], 'f1-score': [], 'support': []}, '11': {'precision': [], 'recall': [], 'f1-score': [], 'support': []}, '12': {'precision': [], 'recall': [], 'f1-score': [], 'support': []}, '13': {'precision': [], 'recall': [], 'f1-score': [], 'support': []}, '14': {'precision': [], 'recall': [], 'f1-score': [], 'support': []}, '15': {'precision': [], 'recall': [], 'f1-score': [], 'support': []}, '16': {'precision': [], 'recall': [], 'f1-score': [], 'support': []}, '17': {'precision': [], 'recall': [], 'f1-score': [], 'support': []}, '18': {'precision': [], 'recall': [], 'f1-score': [], 'support': []}, 'micro avg': {'precision': [], 'recall': [], 'f1-score': [], 'support': []}, 'macro avg': {'precision': [], 'recall': [], 'f1-score': [], 'support': []}, 'weighted avg': {'precision': [], 'recall': [], 'f1-score': [], 'support': []}, 'ap_mic': [], 'ap_mac': []}, {'0': {'precision': [], 'recall': [], 'f1-score': [], 'support': []}, '1': {'precision': [], 'recall': [], 'f1-score': [], 'support': []}, '2': {'precision': [], 'recall': [], 'f1-score': [], 'support': []}, '3': {'precision': [], 'recall': [], 'f1-score': [], 'support': []}, '4': {'precision': [], 'recall': [], 'f1-score': [], 'support': []}, '5': {'precision': [], 'recall': [], 'f1-score': [], 'support': []}, '6': {'precision': [], 'recall': [], 'f1-score': [], 'support': []}, '7': {'precision': [], 'recall': [], 'f1-score': [], 'support': []}, '8': {'precision': [], 'recall': [], 'f1-score': [], 'support': []}, '9': {'precision': [], 'recall': [], 'f1-score': [], 'support': []}, '10': {'precision': [], 'recall': [], 'f1-score': [], 'support': []}, '11': {'precision': [], 'recall': [], 'f1-score': [], 'support': []}, '12': {'precision': [], 'recall': [], 'f1-score': [], 'support': []}, '13': {'precision': [], 'recall': [], 'f1-score': [], 'support': []}, '14': {'precision': [], 'recall': [], 'f1-score': [], 'support': []}, '15': {'precision': [], 'recall': [], 'f1-score': [], 'support': []}, '16': {'precision': [], 'recall': [], 'f1-score': [], 'support': []}, '17': {'precision': [], 'recall': [], 'f1-score': [], 'support': []}, '18': {'precision': [], 'recall': [], 'f1-score': [], 'support': []}, 'micro avg': {'precision': [], 'recall': [], 'f1-score': [], 'support': []}, 'macro avg': {'precision': [], 'recall': [], 'f1-score': [], 'support': []}, 'weighted avg': {'precision': [], 'recall': [], 'f1-score': [], 'support': []}, 'ap_mic': [], 'ap_mac': []}]
