scenario: 			 1 
pruning strategy: 	 nisp 
pruning rate: 		 0.95 
pruning round: 		 4 
communication rounds: 40 
epochs per round:	 1
Using device: cuda:0

init FLClient TRAIN dataset and dataloader
Pre-filtered 12888 patches based on country and season (split ignored)
Loading BEN data for train...
    237871 patches indexed
    6217 filtered patches indexed
    6217 patches indexed considering max_len
Merged metadata with snow/cloud metadata
Loaded 549488 labels
Loaded 549488 keys
Loaded mapping created

init FLClient VALIDATION dataset and dataloader
Pre-filtered 12888 patches based on country and season (split ignored)
Loading BEN data for test...
    119825 patches indexed
    3319 filtered patches indexed
    256 patches indexed considering max_len
Merged metadata with snow/cloud metadata
Loaded 549488 labels
Loaded 549488 keys
Loaded mapping created

init FLClient TRAIN dataset and dataloader
Pre-filtered 12732 patches based on country and season (split ignored)
Loading BEN data for train...
    237871 patches indexed
    6290 filtered patches indexed
    6290 patches indexed considering max_len
Merged metadata with snow/cloud metadata
Loaded 549488 labels
Loaded 549488 keys
Loaded mapping created

init FLClient VALIDATION dataset and dataloader
Pre-filtered 12732 patches based on country and season (split ignored)
Loading BEN data for test...
    119825 patches indexed
    3166 filtered patches indexed
    256 patches indexed considering max_len
Merged metadata with snow/cloud metadata
Loaded 549488 labels
Loaded 549488 keys
Loaded mapping created

init FLClient TRAIN dataset and dataloader
Pre-filtered 12742 patches based on country and season (split ignored)
Loading BEN data for train...
    237871 patches indexed
    6319 filtered patches indexed
    6319 patches indexed considering max_len
Merged metadata with snow/cloud metadata
Loaded 549488 labels
Loaded 549488 keys
Loaded mapping created

init FLClient VALIDATION dataset and dataloader
Pre-filtered 12742 patches based on country and season (split ignored)
Loading BEN data for test...
    119825 patches indexed
    3153 filtered patches indexed
    256 patches indexed considering max_len
Merged metadata with snow/cloud metadata
Loaded 549488 labels
Loaded 549488 keys
Loaded mapping created

init FLClient TRAIN dataset and dataloader
Pre-filtered 12832 patches based on country and season (split ignored)
Loading BEN data for train...
    237871 patches indexed
    6315 filtered patches indexed
    6315 patches indexed considering max_len
Merged metadata with snow/cloud metadata
Loaded 549488 labels
Loaded 549488 keys
Loaded mapping created

init FLClient VALIDATION dataset and dataloader
Pre-filtered 12832 patches based on country and season (split ignored)
Loading BEN data for test...
    119825 patches indexed
    3311 filtered patches indexed
    256 patches indexed considering max_len
Merged metadata with snow/cloud metadata
Loaded 549488 labels
Loaded 549488 keys
Loaded mapping created

init FLClient TRAIN dataset and dataloader
Pre-filtered 12796 patches based on country and season (split ignored)
Loading BEN data for train...
    237871 patches indexed
    6378 filtered patches indexed
    6378 patches indexed considering max_len
Merged metadata with snow/cloud metadata
Loaded 549488 labels
Loaded 549488 keys
Loaded mapping created

init FLClient VALIDATION dataset and dataloader
Pre-filtered 12796 patches based on country and season (split ignored)
Loading BEN data for test...
    119825 patches indexed
    3222 filtered patches indexed
    256 patches indexed considering max_len
Merged metadata with snow/cloud metadata
Loaded 549488 labels
Loaded 549488 keys
Loaded mapping created

init FLClient TRAIN dataset and dataloader
Pre-filtered 12747 patches based on country and season (split ignored)
Loading BEN data for train...
    237871 patches indexed
    6249 filtered patches indexed
    6249 patches indexed considering max_len
Merged metadata with snow/cloud metadata
Loaded 549488 labels
Loaded 549488 keys
Loaded mapping created

init FLClient VALIDATION dataset and dataloader
Pre-filtered 12747 patches based on country and season (split ignored)
Loading BEN data for test...
    119825 patches indexed
    3278 filtered patches indexed
    256 patches indexed considering max_len
Merged metadata with snow/cloud metadata
Loaded 549488 labels
Loaded 549488 keys
Loaded mapping created

init FLClient TRAIN dataset and dataloader
Pre-filtered 12817 patches based on country and season (split ignored)
Loading BEN data for train...
    237871 patches indexed
    6332 filtered patches indexed
    6332 patches indexed considering max_len
Merged metadata with snow/cloud metadata
Loaded 549488 labels
Loaded 549488 keys
Loaded mapping created

init FLClient VALIDATION dataset and dataloader
Pre-filtered 12817 patches based on country and season (split ignored)
Loading BEN data for test...
    119825 patches indexed
    3281 filtered patches indexed
    256 patches indexed considering max_len
Merged metadata with snow/cloud metadata
Loaded 549488 labels
Loaded 549488 keys
Loaded mapping created

init FLClient TRAIN dataset and dataloader
Pre-filtered 12843 patches based on country and season (split ignored)
Loading BEN data for train...
    237871 patches indexed
    6234 filtered patches indexed
    6234 patches indexed considering max_len
Merged metadata with snow/cloud metadata
Loaded 549488 labels
Loaded 549488 keys
Loaded mapping created

init FLClient VALIDATION dataset and dataloader
Pre-filtered 12843 patches based on country and season (split ignored)
Loading BEN data for test...
    119825 patches indexed
    3303 filtered patches indexed
    256 patches indexed considering max_len
Merged metadata with snow/cloud metadata
Loaded 549488 labels
Loaded 549488 keys
Loaded mapping created

init GLOBALClient VALIDATION dataset and dataloader
Pre-filtered 59999 patches based on country and season (split ignored)
Loading BEN data for test...
    119825 patches indexed
    15720 filtered patches indexed
    15720 patches indexed considering max_len
Merged metadata with snow/cloud metadata
Loaded 549488 labels
Loaded 549488 keys
Loaded mapping created
Round 1/40
----------
Epoch 1/1
----------
Epoch 1/1
----------
Epoch 1/1
----------
Epoch 1/1
----------
Epoch 1/1
----------
Epoch 1/1
----------
Epoch 1/1
----------
Epoch 1/1
----------
micro     precision: 0.8242 | recall: 0.1837 | f1-score: 0.3004 | support: 40183 | mAP: 0.5469
macro     precision: 0.1815 | recall: 0.0922 | f1-score: 0.0943 | support: 40183 | mAP: 0.3390

Round 2/40
----------
Epoch 1/1
----------
Epoch 1/1
----------
Epoch 1/1
----------
Epoch 1/1
----------
Epoch 1/1
----------
Epoch 1/1
----------
Epoch 1/1
----------
Epoch 1/1
----------
micro     precision: 0.6471 | recall: 0.4402 | f1-score: 0.5240 | support: 40183 | mAP: 0.6253
macro     precision: 0.3638 | recall: 0.2216 | f1-score: 0.2108 | support: 40183 | mAP: 0.3810

Round 3/40
----------
Epoch 1/1
----------
Epoch 1/1
----------
Epoch 1/1
----------
Epoch 1/1
----------
Epoch 1/1
----------
Epoch 1/1
----------
Epoch 1/1
----------
Epoch 1/1
----------
micro     precision: 0.6122 | recall: 0.4495 | f1-score: 0.5184 | support: 40183 | mAP: 0.6117
macro     precision: 0.3460 | recall: 0.2413 | f1-score: 0.2446 | support: 40183 | mAP: 0.3809

Round 4/40
----------
Starting nisp pruning with rate 0.95
encoder.4.0.conv3: out of 16384 parameters 15552.0 were pruned.
encoder.4.0.downsample.0: out of 16384 parameters 15552.0 were pruned.
encoder.4.1.conv1: out of 16384 parameters 15360.0 were pruned.
encoder.4.1.conv2: out of 36864 parameters 34560.0 were pruned.
encoder.4.1.conv3: out of 16384 parameters 15552.0 were pruned.
encoder.4.2.conv1: out of 16384 parameters 15360.0 were pruned.
encoder.4.2.conv2: out of 36864 parameters 34560.0 were pruned.
encoder.4.2.conv3: out of 16384 parameters 15360.0 were pruned.
encoder.5.0.conv1: out of 32768 parameters 30976.0 were pruned.
encoder.5.0.conv2: out of 147456 parameters 139392.0 were pruned.
encoder.5.0.conv3: out of 65536 parameters 62208.0 were pruned.
encoder.5.0.downsample.0: out of 131072 parameters 124416.0 were pruned.
encoder.5.1.conv1: out of 65536 parameters 61952.0 were pruned.
encoder.5.1.conv2: out of 147456 parameters 139392.0 were pruned.
encoder.5.1.conv3: out of 65536 parameters 62208.0 were pruned.
encoder.5.2.conv1: out of 65536 parameters 61952.0 were pruned.
encoder.5.2.conv2: out of 147456 parameters 139392.0 were pruned.
encoder.5.2.conv3: out of 65536 parameters 62208.0 were pruned.
encoder.5.3.conv1: out of 65536 parameters 61952.0 were pruned.
encoder.5.3.conv2: out of 147456 parameters 139392.0 were pruned.
encoder.5.3.conv3: out of 65536 parameters 61297.77734375 were pruned.
encoder.6.0.conv1: out of 131072 parameters 124416.0 were pruned.
encoder.6.0.conv2: out of 589824 parameters 559872.0 were pruned.
encoder.6.0.conv3: out of 262144 parameters 248832.0 were pruned.
encoder.6.0.downsample.0: out of 524288 parameters 497664.0 were pruned.
encoder.6.1.conv1: out of 262144 parameters 248832.0 were pruned.
encoder.6.1.conv2: out of 589824 parameters 559872.0 were pruned.
encoder.6.1.conv3: out of 262144 parameters 248832.0 were pruned.
encoder.6.2.conv1: out of 262144 parameters 248832.0 were pruned.
encoder.6.2.conv2: out of 589824 parameters 559872.0 were pruned.
encoder.6.2.conv3: out of 262144 parameters 248832.0 were pruned.
encoder.6.3.conv1: out of 262144 parameters 248832.0 were pruned.
encoder.6.3.conv2: out of 589824 parameters 559872.0 were pruned.
encoder.6.3.conv3: out of 262144 parameters 248832.0 were pruned.
encoder.6.4.conv1: out of 262144 parameters 248832.0 were pruned.
encoder.6.4.conv2: out of 589824 parameters 559872.0 were pruned.
encoder.6.4.conv3: out of 262144 parameters 248832.0 were pruned.
encoder.6.5.conv1: out of 262144 parameters 248832.0 were pruned.
encoder.6.5.conv2: out of 589824 parameters 559872.0 were pruned.
encoder.6.5.conv3: out of 262144 parameters 245696.0 were pruned.
encoder.7.0.conv1: out of 524288 parameters 497664.0 were pruned.
encoder.7.0.conv2: out of 2359296 parameters 2239488.0 were pruned.
encoder.7.0.conv3: out of 1048576 parameters 995840.0 were pruned.
encoder.7.0.downsample.0: out of 2097152 parameters 1991680.0 were pruned.
encoder.7.1.conv1: out of 1048576 parameters 995328.0 were pruned.
encoder.7.1.conv2: out of 2359296 parameters 2239488.0 were pruned.
encoder.7.1.conv3: out of 1048576 parameters 995840.0 were pruned.
encoder.7.2.conv1: out of 1048576 parameters 995328.0 were pruned.
encoder.7.2.conv2: out of 2359296 parameters 2239488.0 were pruned.
encoder.7.2.conv3: out of 1048576 parameters 995840.0 were pruned.
Out of 23404544 parameters 22209906.0 were pruned.

Epoch 1/1
----------
Epoch 1/1
----------
Epoch 1/1
----------
Epoch 1/1
----------
Epoch 1/1
----------
Epoch 1/1
----------
Epoch 1/1
----------
Epoch 1/1
----------
micro     precision: 0.3551 | recall: 0.2778 | f1-score: 0.3117 | support: 40183 | mAP: 0.3062
macro     precision: 0.0374 | recall: 0.1053 | f1-score: 0.0552 | support: 40183 | mAP: 0.2023

Round 5/40
----------
Epoch 1/1
----------
Epoch 1/1
----------
Epoch 1/1
----------
Epoch 1/1
----------
Epoch 1/1
----------
Epoch 1/1
----------
Epoch 1/1
----------
Epoch 1/1
----------
micro     precision: 0.0000 | recall: 0.0000 | f1-score: 0.0000 | support: 40183 | mAP: 0.3649
macro     precision: 0.0000 | recall: 0.0000 | f1-score: 0.0000 | support: 40183 | mAP: 0.2434

Round 6/40
----------
Epoch 1/1
----------
Epoch 1/1
----------
Epoch 1/1
----------
Epoch 1/1
----------
Epoch 1/1
----------
Epoch 1/1
----------
Epoch 1/1
----------
Epoch 1/1
----------
micro     precision: 0.6186 | recall: 0.2811 | f1-score: 0.3866 | support: 40183 | mAP: 0.5224
macro     precision: 0.1156 | recall: 0.1288 | f1-score: 0.1182 | support: 40183 | mAP: 0.3169

Round 7/40
----------
Epoch 1/1
----------
Epoch 1/1
----------
Epoch 1/1
----------
Epoch 1/1
----------
Epoch 1/1
----------
Epoch 1/1
----------
Epoch 1/1
----------
Epoch 1/1
----------
micro     precision: 0.7807 | recall: 0.4858 | f1-score: 0.5989 | support: 40183 | mAP: 0.6790
macro     precision: 0.2480 | recall: 0.2181 | f1-score: 0.2287 | support: 40183 | mAP: 0.3320

Round 8/40
----------
Epoch 1/1
----------
Epoch 1/1
----------
Epoch 1/1
----------
Epoch 1/1
----------
Epoch 1/1
----------
Epoch 1/1
----------
Epoch 1/1
----------
Epoch 1/1
----------
micro     precision: 0.7291 | recall: 0.5521 | f1-score: 0.6284 | support: 40183 | mAP: 0.6993
macro     precision: 0.3544 | recall: 0.2877 | f1-score: 0.2931 | support: 40183 | mAP: 0.3760

Round 9/40
----------
Epoch 1/1
----------
Epoch 1/1
----------
Epoch 1/1
----------
Epoch 1/1
----------
Epoch 1/1
----------
Epoch 1/1
----------
Epoch 1/1
----------
Epoch 1/1
----------
micro     precision: 0.8304 | recall: 0.5551 | f1-score: 0.6654 | support: 40183 | mAP: 0.7645
macro     precision: 0.4153 | recall: 0.2791 | f1-score: 0.3040 | support: 40183 | mAP: 0.4155

Round 10/40
----------
Epoch 1/1
----------
Epoch 1/1
----------
Epoch 1/1
----------
Epoch 1/1
----------
Epoch 1/1
----------
Epoch 1/1
----------
Epoch 1/1
----------
Epoch 1/1
----------
micro     precision: 0.8031 | recall: 0.5752 | f1-score: 0.6703 | support: 40183 | mAP: 0.7631
macro     precision: 0.4913 | recall: 0.2964 | f1-score: 0.3197 | support: 40183 | mAP: 0.4490

Round 11/40
----------
Epoch 1/1
----------
Epoch 1/1
----------
Epoch 1/1
----------
Epoch 1/1
----------
Epoch 1/1
----------
Epoch 1/1
----------
Epoch 1/1
----------
Epoch 1/1
----------
micro     precision: 0.7978 | recall: 0.5972 | f1-score: 0.6831 | support: 40183 | mAP: 0.7724
macro     precision: 0.5004 | recall: 0.3106 | f1-score: 0.3386 | support: 40183 | mAP: 0.4435

Round 12/40
----------
Epoch 1/1
----------
Epoch 1/1
----------
Epoch 1/1
----------
Epoch 1/1
----------
Epoch 1/1
----------
Epoch 1/1
----------
Epoch 1/1
----------
Epoch 1/1
----------
micro     precision: 0.8513 | recall: 0.5911 | f1-score: 0.6978 | support: 40183 | mAP: 0.8048
macro     precision: 0.5643 | recall: 0.2980 | f1-score: 0.3361 | support: 40183 | mAP: 0.4826

Round 13/40
----------
Epoch 1/1
----------
Epoch 1/1
----------
Epoch 1/1
----------
Epoch 1/1
----------
Epoch 1/1
----------
Epoch 1/1
----------
Epoch 1/1
----------
Epoch 1/1
----------
micro     precision: 0.8424 | recall: 0.6193 | f1-score: 0.7138 | support: 40183 | mAP: 0.8185
macro     precision: 0.6035 | recall: 0.3160 | f1-score: 0.3579 | support: 40183 | mAP: 0.4949

Round 14/40
----------
Epoch 1/1
----------
Epoch 1/1
----------
Epoch 1/1
----------
Epoch 1/1
----------
Epoch 1/1
----------
Epoch 1/1
----------
Epoch 1/1
----------
Epoch 1/1
----------
micro     precision: 0.8178 | recall: 0.6256 | f1-score: 0.7089 | support: 40183 | mAP: 0.8031
macro     precision: 0.5580 | recall: 0.3426 | f1-score: 0.3851 | support: 40183 | mAP: 0.4866

Round 15/40
----------
Epoch 1/1
----------
Epoch 1/1
----------
Epoch 1/1
----------
Epoch 1/1
----------
Epoch 1/1
----------
Epoch 1/1
----------
Epoch 1/1
----------
Epoch 1/1
----------
micro     precision: 0.8450 | recall: 0.6309 | f1-score: 0.7224 | support: 40183 | mAP: 0.8290
macro     precision: 0.6263 | recall: 0.3428 | f1-score: 0.3947 | support: 40183 | mAP: 0.5092

Round 16/40
----------
Epoch 1/1
----------
Epoch 1/1
----------
Epoch 1/1
----------
Epoch 1/1
----------
Epoch 1/1
----------
Epoch 1/1
----------
Epoch 1/1
----------
Epoch 1/1
----------
micro     precision: 0.8126 | recall: 0.6178 | f1-score: 0.7020 | support: 40183 | mAP: 0.7913
macro     precision: 0.5458 | recall: 0.3258 | f1-score: 0.3710 | support: 40183 | mAP: 0.4910

Round 17/40
----------
Epoch 1/1
----------
Epoch 1/1
----------
Epoch 1/1
----------
Epoch 1/1
----------
Epoch 1/1
----------
Epoch 1/1
----------
Epoch 1/1
----------
Epoch 1/1
----------
micro     precision: 0.8189 | recall: 0.6684 | f1-score: 0.7360 | support: 40183 | mAP: 0.8253
macro     precision: 0.6068 | recall: 0.3798 | f1-score: 0.4225 | support: 40183 | mAP: 0.5112

Round 18/40
----------
Epoch 1/1
----------
Epoch 1/1
----------
Epoch 1/1
----------
Epoch 1/1
----------
Epoch 1/1
----------
Epoch 1/1
----------
Epoch 1/1
----------
Epoch 1/1
----------
micro     precision: 0.8452 | recall: 0.6531 | f1-score: 0.7368 | support: 40183 | mAP: 0.8406
macro     precision: 0.6314 | recall: 0.3567 | f1-score: 0.4133 | support: 40183 | mAP: 0.5272

Round 19/40
----------
Epoch 1/1
----------
Epoch 1/1
----------
Epoch 1/1
----------
Epoch 1/1
----------
Epoch 1/1
----------
Epoch 1/1
----------
Epoch 1/1
----------
Epoch 1/1
----------
micro     precision: 0.8183 | recall: 0.6690 | f1-score: 0.7362 | support: 40183 | mAP: 0.8282
macro     precision: 0.5904 | recall: 0.3947 | f1-score: 0.4426 | support: 40183 | mAP: 0.5184

Round 20/40
----------
Epoch 1/1
----------
Epoch 1/1
----------
Epoch 1/1
----------
Epoch 1/1
----------
Epoch 1/1
----------
Epoch 1/1
----------
Epoch 1/1
----------
Epoch 1/1
----------
micro     precision: 0.8431 | recall: 0.6723 | f1-score: 0.7481 | support: 40183 | mAP: 0.8437
macro     precision: 0.6195 | recall: 0.3887 | f1-score: 0.4403 | support: 40183 | mAP: 0.5325

Round 21/40
----------
Epoch 1/1
----------
Epoch 1/1
----------
Epoch 1/1
----------
Epoch 1/1
----------
Epoch 1/1
----------
Epoch 1/1
----------
Epoch 1/1
----------
Epoch 1/1
----------
micro     precision: 0.8197 | recall: 0.6879 | f1-score: 0.7480 | support: 40183 | mAP: 0.8353
macro     precision: 0.5961 | recall: 0.4006 | f1-score: 0.4432 | support: 40183 | mAP: 0.5229

Round 22/40
----------
Epoch 1/1
----------
Epoch 1/1
----------
Epoch 1/1
----------
Epoch 1/1
----------
Epoch 1/1
----------
Epoch 1/1
----------
Epoch 1/1
----------
Epoch 1/1
----------
micro     precision: 0.8197 | recall: 0.6672 | f1-score: 0.7356 | support: 40183 | mAP: 0.8294
macro     precision: 0.5922 | recall: 0.3945 | f1-score: 0.4497 | support: 40183 | mAP: 0.5174

Round 23/40
----------
Epoch 1/1
----------
Epoch 1/1
----------
Epoch 1/1
----------
Epoch 1/1
----------
Epoch 1/1
----------
Epoch 1/1
----------
Epoch 1/1
----------
Epoch 1/1
----------
micro     precision: 0.7340 | recall: 0.6328 | f1-score: 0.6797 | support: 40183 | mAP: 0.7629
macro     precision: 0.5355 | recall: 0.3950 | f1-score: 0.4293 | support: 40183 | mAP: 0.4858

Round 24/40
----------
Epoch 1/1
----------
Epoch 1/1
----------
Epoch 1/1
----------
Epoch 1/1
----------
Epoch 1/1
----------
Epoch 1/1
----------
Epoch 1/1
----------
Epoch 1/1
----------
micro     precision: 0.8360 | recall: 0.6961 | f1-score: 0.7596 | support: 40183 | mAP: 0.8521
macro     precision: 0.6189 | recall: 0.4191 | f1-score: 0.4688 | support: 40183 | mAP: 0.5489

Round 25/40
----------
Epoch 1/1
----------
Epoch 1/1
----------
Epoch 1/1
----------
Epoch 1/1
----------
Epoch 1/1
----------
Epoch 1/1
----------
Epoch 1/1
----------
Epoch 1/1
----------
micro     precision: 0.8451 | recall: 0.6802 | f1-score: 0.7537 | support: 40183 | mAP: 0.8564
macro     precision: 0.6120 | recall: 0.4058 | f1-score: 0.4613 | support: 40183 | mAP: 0.5485

Round 26/40
----------
Epoch 1/1
----------
Epoch 1/1
----------
Epoch 1/1
----------
Epoch 1/1
----------
Epoch 1/1
----------
Epoch 1/1
----------
Epoch 1/1
----------
Epoch 1/1
----------
micro     precision: 0.8535 | recall: 0.6793 | f1-score: 0.7565 | support: 40183 | mAP: 0.8548
macro     precision: 0.6374 | recall: 0.3933 | f1-score: 0.4529 | support: 40183 | mAP: 0.5479

Round 27/40
----------
Epoch 1/1
----------
Epoch 1/1
----------
Epoch 1/1
----------
Epoch 1/1
----------
Epoch 1/1
----------
Epoch 1/1
----------
Epoch 1/1
----------
Epoch 1/1
----------
micro     precision: 0.8454 | recall: 0.6735 | f1-score: 0.7497 | support: 40183 | mAP: 0.8501
macro     precision: 0.6035 | recall: 0.4053 | f1-score: 0.4657 | support: 40183 | mAP: 0.5440

Round 28/40
----------
Epoch 1/1
----------
Epoch 1/1
----------
Epoch 1/1
----------
Epoch 1/1
----------
Epoch 1/1
----------
Epoch 1/1
----------
Epoch 1/1
----------
Epoch 1/1
----------
micro     precision: 0.8439 | recall: 0.6858 | f1-score: 0.7567 | support: 40183 | mAP: 0.8551
macro     precision: 0.6124 | recall: 0.4146 | f1-score: 0.4631 | support: 40183 | mAP: 0.5569

Round 29/40
----------
Epoch 1/1
----------
Epoch 1/1
----------
Epoch 1/1
----------
Epoch 1/1
----------
Epoch 1/1
----------
Epoch 1/1
----------
Epoch 1/1
----------
Epoch 1/1
----------
micro     precision: 0.8393 | recall: 0.6864 | f1-score: 0.7552 | support: 40183 | mAP: 0.8529
macro     precision: 0.6281 | recall: 0.4177 | f1-score: 0.4716 | support: 40183 | mAP: 0.5489

Round 30/40
----------
Epoch 1/1
----------
Epoch 1/1
----------
Epoch 1/1
----------
Epoch 1/1
----------
Epoch 1/1
----------
Epoch 1/1
----------
Epoch 1/1
----------
Epoch 1/1
----------
micro     precision: 0.8370 | recall: 0.6798 | f1-score: 0.7503 | support: 40183 | mAP: 0.8494
macro     precision: 0.6081 | recall: 0.4152 | f1-score: 0.4733 | support: 40183 | mAP: 0.5490

Round 31/40
----------
Epoch 1/1
----------
Epoch 1/1
----------
Epoch 1/1
----------
Epoch 1/1
----------
Epoch 1/1
----------
Epoch 1/1
----------
Epoch 1/1
----------
Epoch 1/1
----------
micro     precision: 0.8576 | recall: 0.6936 | f1-score: 0.7669 | support: 40183 | mAP: 0.8703
macro     precision: 0.6288 | recall: 0.4167 | f1-score: 0.4809 | support: 40183 | mAP: 0.5659

Round 32/40
----------
Epoch 1/1
----------
Epoch 1/1
----------
Epoch 1/1
----------
Epoch 1/1
----------
Epoch 1/1
----------
Epoch 1/1
----------
Epoch 1/1
----------
Epoch 1/1
----------
micro     precision: 0.8481 | recall: 0.6991 | f1-score: 0.7664 | support: 40183 | mAP: 0.8645
macro     precision: 0.6227 | recall: 0.4269 | f1-score: 0.4845 | support: 40183 | mAP: 0.5590

Round 33/40
----------
Epoch 1/1
----------
Epoch 1/1
----------
Epoch 1/1
----------
Epoch 1/1
----------
Epoch 1/1
----------
Epoch 1/1
----------
Epoch 1/1
----------
Epoch 1/1
----------
micro     precision: 0.8466 | recall: 0.7172 | f1-score: 0.7765 | support: 40183 | mAP: 0.8684
macro     precision: 0.6341 | recall: 0.4275 | f1-score: 0.4851 | support: 40183 | mAP: 0.5685

Round 34/40
----------
Epoch 1/1
----------
Epoch 1/1
----------
Epoch 1/1
----------
Epoch 1/1
----------
Epoch 1/1
----------
Epoch 1/1
----------
Epoch 1/1
----------
Epoch 1/1
----------
micro     precision: 0.8564 | recall: 0.7152 | f1-score: 0.7795 | support: 40183 | mAP: 0.8767
macro     precision: 0.6336 | recall: 0.4356 | f1-score: 0.4930 | support: 40183 | mAP: 0.5735

Round 35/40
----------
Epoch 1/1
----------
Epoch 1/1
----------
Epoch 1/1
----------
Epoch 1/1
----------
Epoch 1/1
----------
Epoch 1/1
----------
Epoch 1/1
----------
Epoch 1/1
----------
micro     precision: 0.8477 | recall: 0.7151 | f1-score: 0.7758 | support: 40183 | mAP: 0.8729
macro     precision: 0.6149 | recall: 0.4430 | f1-score: 0.4990 | support: 40183 | mAP: 0.5673

Round 36/40
----------
Epoch 1/1
----------
Epoch 1/1
----------
Epoch 1/1
----------
Epoch 1/1
----------
Epoch 1/1
----------
Epoch 1/1
----------
Epoch 1/1
----------
Epoch 1/1
----------
micro     precision: 0.8332 | recall: 0.7023 | f1-score: 0.7621 | support: 40183 | mAP: 0.8493
macro     precision: 0.6109 | recall: 0.4358 | f1-score: 0.4855 | support: 40183 | mAP: 0.5558

Round 37/40
----------
Epoch 1/1
----------
Epoch 1/1
----------
Epoch 1/1
----------
Epoch 1/1
----------
Epoch 1/1
----------
Epoch 1/1
----------
Epoch 1/1
----------
Epoch 1/1
----------
micro     precision: 0.8512 | recall: 0.7180 | f1-score: 0.7790 | support: 40183 | mAP: 0.8778
macro     precision: 0.6242 | recall: 0.4554 | f1-score: 0.5126 | support: 40183 | mAP: 0.5782

Round 38/40
----------
Epoch 1/1
----------
Epoch 1/1
----------
Epoch 1/1
----------
Epoch 1/1
----------
Epoch 1/1
----------
Epoch 1/1
----------
Epoch 1/1
----------
Epoch 1/1
----------
micro     precision: 0.8555 | recall: 0.7197 | f1-score: 0.7818 | support: 40183 | mAP: 0.8801
macro     precision: 0.6281 | recall: 0.4503 | f1-score: 0.5033 | support: 40183 | mAP: 0.5801

Round 39/40
----------
Epoch 1/1
----------
Epoch 1/1
----------
Epoch 1/1
----------
Epoch 1/1
----------
Epoch 1/1
----------
Epoch 1/1
----------
Epoch 1/1
----------
Epoch 1/1
----------
micro     precision: 0.8538 | recall: 0.7222 | f1-score: 0.7825 | support: 40183 | mAP: 0.8827
macro     precision: 0.6346 | recall: 0.4438 | f1-score: 0.4965 | support: 40183 | mAP: 0.5760

Round 40/40
----------
Epoch 1/1
----------
Epoch 1/1
----------
Epoch 1/1
----------
Epoch 1/1
----------
Epoch 1/1
----------
Epoch 1/1
----------
Epoch 1/1
----------
Epoch 1/1
----------
micro     precision: 0.8638 | recall: 0.7120 | f1-score: 0.7806 | support: 40183 | mAP: 0.8845
macro     precision: 0.6243 | recall: 0.4547 | f1-score: 0.5158 | support: 40183 | mAP: 0.5800

[{'0': {'precision': [], 'recall': [], 'f1-score': [], 'support': []}, '1': {'precision': [], 'recall': [], 'f1-score': [], 'support': []}, '2': {'precision': [], 'recall': [], 'f1-score': [], 'support': []}, '3': {'precision': [], 'recall': [], 'f1-score': [], 'support': []}, '4': {'precision': [], 'recall': [], 'f1-score': [], 'support': []}, '5': {'precision': [], 'recall': [], 'f1-score': [], 'support': []}, '6': {'precision': [], 'recall': [], 'f1-score': [], 'support': []}, '7': {'precision': [], 'recall': [], 'f1-score': [], 'support': []}, '8': {'precision': [], 'recall': [], 'f1-score': [], 'support': []}, '9': {'precision': [], 'recall': [], 'f1-score': [], 'support': []}, '10': {'precision': [], 'recall': [], 'f1-score': [], 'support': []}, '11': {'precision': [], 'recall': [], 'f1-score': [], 'support': []}, '12': {'precision': [], 'recall': [], 'f1-score': [], 'support': []}, '13': {'precision': [], 'recall': [], 'f1-score': [], 'support': []}, '14': {'precision': [], 'recall': [], 'f1-score': [], 'support': []}, '15': {'precision': [], 'recall': [], 'f1-score': [], 'support': []}, '16': {'precision': [], 'recall': [], 'f1-score': [], 'support': []}, '17': {'precision': [], 'recall': [], 'f1-score': [], 'support': []}, '18': {'precision': [], 'recall': [], 'f1-score': [], 'support': []}, 'micro avg': {'precision': [], 'recall': [], 'f1-score': [], 'support': []}, 'macro avg': {'precision': [], 'recall': [], 'f1-score': [], 'support': []}, 'weighted avg': {'precision': [], 'recall': [], 'f1-score': [], 'support': []}, 'ap_mic': [], 'ap_mac': []}, {'0': {'precision': [], 'recall': [], 'f1-score': [], 'support': []}, '1': {'precision': [], 'recall': [], 'f1-score': [], 'support': []}, '2': {'precision': [], 'recall': [], 'f1-score': [], 'support': []}, '3': {'precision': [], 'recall': [], 'f1-score': [], 'support': []}, '4': {'precision': [], 'recall': [], 'f1-score': [], 'support': []}, '5': {'precision': [], 'recall': [], 'f1-score': [], 'support': []}, '6': {'precision': [], 'recall': [], 'f1-score': [], 'support': []}, '7': {'precision': [], 'recall': [], 'f1-score': [], 'support': []}, '8': {'precision': [], 'recall': [], 'f1-score': [], 'support': []}, '9': {'precision': [], 'recall': [], 'f1-score': [], 'support': []}, '10': {'precision': [], 'recall': [], 'f1-score': [], 'support': []}, '11': {'precision': [], 'recall': [], 'f1-score': [], 'support': []}, '12': {'precision': [], 'recall': [], 'f1-score': [], 'support': []}, '13': {'precision': [], 'recall': [], 'f1-score': [], 'support': []}, '14': {'precision': [], 'recall': [], 'f1-score': [], 'support': []}, '15': {'precision': [], 'recall': [], 'f1-score': [], 'support': []}, '16': {'precision': [], 'recall': [], 'f1-score': [], 'support': []}, '17': {'precision': [], 'recall': [], 'f1-score': [], 'support': []}, '18': {'precision': [], 'recall': [], 'f1-score': [], 'support': []}, 'micro avg': {'precision': [], 'recall': [], 'f1-score': [], 'support': []}, 'macro avg': {'precision': [], 'recall': [], 'f1-score': [], 'support': []}, 'weighted avg': {'precision': [], 'recall': [], 'f1-score': [], 'support': []}, 'ap_mic': [], 'ap_mac': []}, {'0': {'precision': [], 'recall': [], 'f1-score': [], 'support': []}, '1': {'precision': [], 'recall': [], 'f1-score': [], 'support': []}, '2': {'precision': [], 'recall': [], 'f1-score': [], 'support': []}, '3': {'precision': [], 'recall': [], 'f1-score': [], 'support': []}, '4': {'precision': [], 'recall': [], 'f1-score': [], 'support': []}, '5': {'precision': [], 'recall': [], 'f1-score': [], 'support': []}, '6': {'precision': [], 'recall': [], 'f1-score': [], 'support': []}, '7': {'precision': [], 'recall': [], 'f1-score': [], 'support': []}, '8': {'precision': [], 'recall': [], 'f1-score': [], 'support': []}, '9': {'precision': [], 'recall': [], 'f1-score': [], 'support': []}, '10': {'precision': [], 'recall': [], 'f1-score': [], 'support': []}, '11': {'precision': [], 'recall': [], 'f1-score': [], 'support': []}, '12': {'precision': [], 'recall': [], 'f1-score': [], 'support': []}, '13': {'precision': [], 'recall': [], 'f1-score': [], 'support': []}, '14': {'precision': [], 'recall': [], 'f1-score': [], 'support': []}, '15': {'precision': [], 'recall': [], 'f1-score': [], 'support': []}, '16': {'precision': [], 'recall': [], 'f1-score': [], 'support': []}, '17': {'precision': [], 'recall': [], 'f1-score': [], 'support': []}, '18': {'precision': [], 'recall': [], 'f1-score': [], 'support': []}, 'micro avg': {'precision': [], 'recall': [], 'f1-score': [], 'support': []}, 'macro avg': {'precision': [], 'recall': [], 'f1-score': [], 'support': []}, 'weighted avg': {'precision': [], 'recall': [], 'f1-score': [], 'support': []}, 'ap_mic': [], 'ap_mac': []}, {'0': {'precision': [], 'recall': [], 'f1-score': [], 'support': []}, '1': {'precision': [], 'recall': [], 'f1-score': [], 'support': []}, '2': {'precision': [], 'recall': [], 'f1-score': [], 'support': []}, '3': {'precision': [], 'recall': [], 'f1-score': [], 'support': []}, '4': {'precision': [], 'recall': [], 'f1-score': [], 'support': []}, '5': {'precision': [], 'recall': [], 'f1-score': [], 'support': []}, '6': {'precision': [], 'recall': [], 'f1-score': [], 'support': []}, '7': {'precision': [], 'recall': [], 'f1-score': [], 'support': []}, '8': {'precision': [], 'recall': [], 'f1-score': [], 'support': []}, '9': {'precision': [], 'recall': [], 'f1-score': [], 'support': []}, '10': {'precision': [], 'recall': [], 'f1-score': [], 'support': []}, '11': {'precision': [], 'recall': [], 'f1-score': [], 'support': []}, '12': {'precision': [], 'recall': [], 'f1-score': [], 'support': []}, '13': {'precision': [], 'recall': [], 'f1-score': [], 'support': []}, '14': {'precision': [], 'recall': [], 'f1-score': [], 'support': []}, '15': {'precision': [], 'recall': [], 'f1-score': [], 'support': []}, '16': {'precision': [], 'recall': [], 'f1-score': [], 'support': []}, '17': {'precision': [], 'recall': [], 'f1-score': [], 'support': []}, '18': {'precision': [], 'recall': [], 'f1-score': [], 'support': []}, 'micro avg': {'precision': [], 'recall': [], 'f1-score': [], 'support': []}, 'macro avg': {'precision': [], 'recall': [], 'f1-score': [], 'support': []}, 'weighted avg': {'precision': [], 'recall': [], 'f1-score': [], 'support': []}, 'ap_mic': [], 'ap_mac': []}, {'0': {'precision': [], 'recall': [], 'f1-score': [], 'support': []}, '1': {'precision': [], 'recall': [], 'f1-score': [], 'support': []}, '2': {'precision': [], 'recall': [], 'f1-score': [], 'support': []}, '3': {'precision': [], 'recall': [], 'f1-score': [], 'support': []}, '4': {'precision': [], 'recall': [], 'f1-score': [], 'support': []}, '5': {'precision': [], 'recall': [], 'f1-score': [], 'support': []}, '6': {'precision': [], 'recall': [], 'f1-score': [], 'support': []}, '7': {'precision': [], 'recall': [], 'f1-score': [], 'support': []}, '8': {'precision': [], 'recall': [], 'f1-score': [], 'support': []}, '9': {'precision': [], 'recall': [], 'f1-score': [], 'support': []}, '10': {'precision': [], 'recall': [], 'f1-score': [], 'support': []}, '11': {'precision': [], 'recall': [], 'f1-score': [], 'support': []}, '12': {'precision': [], 'recall': [], 'f1-score': [], 'support': []}, '13': {'precision': [], 'recall': [], 'f1-score': [], 'support': []}, '14': {'precision': [], 'recall': [], 'f1-score': [], 'support': []}, '15': {'precision': [], 'recall': [], 'f1-score': [], 'support': []}, '16': {'precision': [], 'recall': [], 'f1-score': [], 'support': []}, '17': {'precision': [], 'recall': [], 'f1-score': [], 'support': []}, '18': {'precision': [], 'recall': [], 'f1-score': [], 'support': []}, 'micro avg': {'precision': [], 'recall': [], 'f1-score': [], 'support': []}, 'macro avg': {'precision': [], 'recall': [], 'f1-score': [], 'support': []}, 'weighted avg': {'precision': [], 'recall': [], 'f1-score': [], 'support': []}, 'ap_mic': [], 'ap_mac': []}, {'0': {'precision': [], 'recall': [], 'f1-score': [], 'support': []}, '1': {'precision': [], 'recall': [], 'f1-score': [], 'support': []}, '2': {'precision': [], 'recall': [], 'f1-score': [], 'support': []}, '3': {'precision': [], 'recall': [], 'f1-score': [], 'support': []}, '4': {'precision': [], 'recall': [], 'f1-score': [], 'support': []}, '5': {'precision': [], 'recall': [], 'f1-score': [], 'support': []}, '6': {'precision': [], 'recall': [], 'f1-score': [], 'support': []}, '7': {'precision': [], 'recall': [], 'f1-score': [], 'support': []}, '8': {'precision': [], 'recall': [], 'f1-score': [], 'support': []}, '9': {'precision': [], 'recall': [], 'f1-score': [], 'support': []}, '10': {'precision': [], 'recall': [], 'f1-score': [], 'support': []}, '11': {'precision': [], 'recall': [], 'f1-score': [], 'support': []}, '12': {'precision': [], 'recall': [], 'f1-score': [], 'support': []}, '13': {'precision': [], 'recall': [], 'f1-score': [], 'support': []}, '14': {'precision': [], 'recall': [], 'f1-score': [], 'support': []}, '15': {'precision': [], 'recall': [], 'f1-score': [], 'support': []}, '16': {'precision': [], 'recall': [], 'f1-score': [], 'support': []}, '17': {'precision': [], 'recall': [], 'f1-score': [], 'support': []}, '18': {'precision': [], 'recall': [], 'f1-score': [], 'support': []}, 'micro avg': {'precision': [], 'recall': [], 'f1-score': [], 'support': []}, 'macro avg': {'precision': [], 'recall': [], 'f1-score': [], 'support': []}, 'weighted avg': {'precision': [], 'recall': [], 'f1-score': [], 'support': []}, 'ap_mic': [], 'ap_mac': []}, {'0': {'precision': [], 'recall': [], 'f1-score': [], 'support': []}, '1': {'precision': [], 'recall': [], 'f1-score': [], 'support': []}, '2': {'precision': [], 'recall': [], 'f1-score': [], 'support': []}, '3': {'precision': [], 'recall': [], 'f1-score': [], 'support': []}, '4': {'precision': [], 'recall': [], 'f1-score': [], 'support': []}, '5': {'precision': [], 'recall': [], 'f1-score': [], 'support': []}, '6': {'precision': [], 'recall': [], 'f1-score': [], 'support': []}, '7': {'precision': [], 'recall': [], 'f1-score': [], 'support': []}, '8': {'precision': [], 'recall': [], 'f1-score': [], 'support': []}, '9': {'precision': [], 'recall': [], 'f1-score': [], 'support': []}, '10': {'precision': [], 'recall': [], 'f1-score': [], 'support': []}, '11': {'precision': [], 'recall': [], 'f1-score': [], 'support': []}, '12': {'precision': [], 'recall': [], 'f1-score': [], 'support': []}, '13': {'precision': [], 'recall': [], 'f1-score': [], 'support': []}, '14': {'precision': [], 'recall': [], 'f1-score': [], 'support': []}, '15': {'precision': [], 'recall': [], 'f1-score': [], 'support': []}, '16': {'precision': [], 'recall': [], 'f1-score': [], 'support': []}, '17': {'precision': [], 'recall': [], 'f1-score': [], 'support': []}, '18': {'precision': [], 'recall': [], 'f1-score': [], 'support': []}, 'micro avg': {'precision': [], 'recall': [], 'f1-score': [], 'support': []}, 'macro avg': {'precision': [], 'recall': [], 'f1-score': [], 'support': []}, 'weighted avg': {'precision': [], 'recall': [], 'f1-score': [], 'support': []}, 'ap_mic': [], 'ap_mac': []}, {'0': {'precision': [], 'recall': [], 'f1-score': [], 'support': []}, '1': {'precision': [], 'recall': [], 'f1-score': [], 'support': []}, '2': {'precision': [], 'recall': [], 'f1-score': [], 'support': []}, '3': {'precision': [], 'recall': [], 'f1-score': [], 'support': []}, '4': {'precision': [], 'recall': [], 'f1-score': [], 'support': []}, '5': {'precision': [], 'recall': [], 'f1-score': [], 'support': []}, '6': {'precision': [], 'recall': [], 'f1-score': [], 'support': []}, '7': {'precision': [], 'recall': [], 'f1-score': [], 'support': []}, '8': {'precision': [], 'recall': [], 'f1-score': [], 'support': []}, '9': {'precision': [], 'recall': [], 'f1-score': [], 'support': []}, '10': {'precision': [], 'recall': [], 'f1-score': [], 'support': []}, '11': {'precision': [], 'recall': [], 'f1-score': [], 'support': []}, '12': {'precision': [], 'recall': [], 'f1-score': [], 'support': []}, '13': {'precision': [], 'recall': [], 'f1-score': [], 'support': []}, '14': {'precision': [], 'recall': [], 'f1-score': [], 'support': []}, '15': {'precision': [], 'recall': [], 'f1-score': [], 'support': []}, '16': {'precision': [], 'recall': [], 'f1-score': [], 'support': []}, '17': {'precision': [], 'recall': [], 'f1-score': [], 'support': []}, '18': {'precision': [], 'recall': [], 'f1-score': [], 'support': []}, 'micro avg': {'precision': [], 'recall': [], 'f1-score': [], 'support': []}, 'macro avg': {'precision': [], 'recall': [], 'f1-score': [], 'support': []}, 'weighted avg': {'precision': [], 'recall': [], 'f1-score': [], 'support': []}, 'ap_mic': [], 'ap_mac': []}]
