scenario: 			 1 
pruning strategy: 	 random 
pruning rate: 		 0.7 
pruning round: 		 4 
communication rounds: 40 
epochs per round:	 1
Using device: cuda:0

init FLClient TRAIN dataset and dataloader
Pre-filtered 12822 patches based on country and season (split ignored)
Loading BEN data for train...
    237871 patches indexed
    6243 filtered patches indexed
    6243 patches indexed considering max_len
Merged metadata with snow/cloud metadata
Loaded 549488 labels
Loaded 549488 keys
Loaded mapping created

init FLClient VALIDATION dataset and dataloader
Pre-filtered 12822 patches based on country and season (split ignored)
Loading BEN data for test...
    119825 patches indexed
    3334 filtered patches indexed
    256 patches indexed considering max_len
Merged metadata with snow/cloud metadata
Loaded 549488 labels
Loaded 549488 keys
Loaded mapping created

init FLClient TRAIN dataset and dataloader
Pre-filtered 12794 patches based on country and season (split ignored)
Loading BEN data for train...
    237871 patches indexed
    6271 filtered patches indexed
    6271 patches indexed considering max_len
Merged metadata with snow/cloud metadata
Loaded 549488 labels
Loaded 549488 keys
Loaded mapping created

init FLClient VALIDATION dataset and dataloader
Pre-filtered 12794 patches based on country and season (split ignored)
Loading BEN data for test...
    119825 patches indexed
    3276 filtered patches indexed
    256 patches indexed considering max_len
Merged metadata with snow/cloud metadata
Loaded 549488 labels
Loaded 549488 keys
Loaded mapping created

init FLClient TRAIN dataset and dataloader
Pre-filtered 12746 patches based on country and season (split ignored)
Loading BEN data for train...
    237871 patches indexed
    6311 filtered patches indexed
    6311 patches indexed considering max_len
Merged metadata with snow/cloud metadata
Loaded 549488 labels
Loaded 549488 keys
Loaded mapping created

init FLClient VALIDATION dataset and dataloader
Pre-filtered 12746 patches based on country and season (split ignored)
Loading BEN data for test...
    119825 patches indexed
    3147 filtered patches indexed
    256 patches indexed considering max_len
Merged metadata with snow/cloud metadata
Loaded 549488 labels
Loaded 549488 keys
Loaded mapping created

init FLClient TRAIN dataset and dataloader
Pre-filtered 12750 patches based on country and season (split ignored)
Loading BEN data for train...
    237871 patches indexed
    6274 filtered patches indexed
    6274 patches indexed considering max_len
Merged metadata with snow/cloud metadata
Loaded 549488 labels
Loaded 549488 keys
Loaded mapping created

init FLClient VALIDATION dataset and dataloader
Pre-filtered 12750 patches based on country and season (split ignored)
Loading BEN data for test...
    119825 patches indexed
    3196 filtered patches indexed
    256 patches indexed considering max_len
Merged metadata with snow/cloud metadata
Loaded 549488 labels
Loaded 549488 keys
Loaded mapping created

init FLClient TRAIN dataset and dataloader
Pre-filtered 12830 patches based on country and season (split ignored)
Loading BEN data for train...
    237871 patches indexed
    6341 filtered patches indexed
    6341 patches indexed considering max_len
Merged metadata with snow/cloud metadata
Loaded 549488 labels
Loaded 549488 keys
Loaded mapping created

init FLClient VALIDATION dataset and dataloader
Pre-filtered 12830 patches based on country and season (split ignored)
Loading BEN data for test...
    119825 patches indexed
    3236 filtered patches indexed
    256 patches indexed considering max_len
Merged metadata with snow/cloud metadata
Loaded 549488 labels
Loaded 549488 keys
Loaded mapping created

init FLClient TRAIN dataset and dataloader
Pre-filtered 12810 patches based on country and season (split ignored)
Loading BEN data for train...
    237871 patches indexed
    6319 filtered patches indexed
    6319 patches indexed considering max_len
Merged metadata with snow/cloud metadata
Loaded 549488 labels
Loaded 549488 keys
Loaded mapping created

init FLClient VALIDATION dataset and dataloader
Pre-filtered 12810 patches based on country and season (split ignored)
Loading BEN data for test...
    119825 patches indexed
    3247 filtered patches indexed
    256 patches indexed considering max_len
Merged metadata with snow/cloud metadata
Loaded 549488 labels
Loaded 549488 keys
Loaded mapping created

init FLClient TRAIN dataset and dataloader
Pre-filtered 12759 patches based on country and season (split ignored)
Loading BEN data for train...
    237871 patches indexed
    6294 filtered patches indexed
    6294 patches indexed considering max_len
Merged metadata with snow/cloud metadata
Loaded 549488 labels
Loaded 549488 keys
Loaded mapping created

init FLClient VALIDATION dataset and dataloader
Pre-filtered 12759 patches based on country and season (split ignored)
Loading BEN data for test...
    119825 patches indexed
    3249 filtered patches indexed
    256 patches indexed considering max_len
Merged metadata with snow/cloud metadata
Loaded 549488 labels
Loaded 549488 keys
Loaded mapping created

init FLClient TRAIN dataset and dataloader
Pre-filtered 12886 patches based on country and season (split ignored)
Loading BEN data for train...
    237871 patches indexed
    6281 filtered patches indexed
    6281 patches indexed considering max_len
Merged metadata with snow/cloud metadata
Loaded 549488 labels
Loaded 549488 keys
Loaded mapping created

init FLClient VALIDATION dataset and dataloader
Pre-filtered 12886 patches based on country and season (split ignored)
Loading BEN data for test...
    119825 patches indexed
    3348 filtered patches indexed
    256 patches indexed considering max_len
Merged metadata with snow/cloud metadata
Loaded 549488 labels
Loaded 549488 keys
Loaded mapping created

init GLOBALClient VALIDATION dataset and dataloader
Pre-filtered 59999 patches based on country and season (split ignored)
Loading BEN data for test...
    119825 patches indexed
    15720 filtered patches indexed
    15720 patches indexed considering max_len
Merged metadata with snow/cloud metadata
Loaded 549488 labels
Loaded 549488 keys
Loaded mapping created
Round 1/40
----------
Epoch 1/1
----------
Epoch 1/1
----------
Epoch 1/1
----------
Epoch 1/1
----------
Epoch 1/1
----------
Epoch 1/1
----------
Epoch 1/1
----------
Epoch 1/1
----------
micro     precision: 0.4704 | recall: 0.4214 | f1-score: 0.4445 | support: 40183 | mAP: 0.5052
macro     precision: 0.1562 | recall: 0.2056 | f1-score: 0.1650 | support: 40183 | mAP: 0.3661

Round 2/40
----------
Epoch 1/1
----------
Epoch 1/1
----------
Epoch 1/1
----------
Epoch 1/1
----------
Epoch 1/1
----------
Epoch 1/1
----------
Epoch 1/1
----------
Epoch 1/1
----------
micro     precision: 0.7217 | recall: 0.5200 | f1-score: 0.6045 | support: 40183 | mAP: 0.6876
macro     precision: 0.4396 | recall: 0.2649 | f1-score: 0.2759 | support: 40183 | mAP: 0.4181

Round 3/40
----------
Epoch 1/1
----------
Epoch 1/1
----------
Epoch 1/1
----------
Epoch 1/1
----------
Epoch 1/1
----------
Epoch 1/1
----------
Epoch 1/1
----------
Epoch 1/1
----------
micro     precision: 0.7745 | recall: 0.6073 | f1-score: 0.6808 | support: 40183 | mAP: 0.7519
macro     precision: 0.3886 | recall: 0.3124 | f1-score: 0.3341 | support: 40183 | mAP: 0.4461

Round 4/40
----------
Starting random pruning with rate 0.7
encoder.4.0.conv3: out of 16384 parameters 11456.0 were pruned.
encoder.4.0.downsample.0: out of 16384 parameters 11456.0 were pruned.
encoder.4.1.conv1: out of 16384 parameters 11520.0 were pruned.
encoder.4.1.conv2: out of 36864 parameters 25920.0 were pruned.
encoder.4.1.conv3: out of 16384 parameters 11456.0 were pruned.
encoder.4.2.conv1: out of 16384 parameters 11520.0 were pruned.
encoder.4.2.conv2: out of 36864 parameters 25920.0 were pruned.
encoder.4.2.conv3: out of 16384 parameters 11456.0 were pruned.
encoder.5.0.conv1: out of 32768 parameters 23040.0 were pruned.
encoder.5.0.conv2: out of 147456 parameters 103680.0 were pruned.
encoder.5.0.conv3: out of 65536 parameters 45824.0 were pruned.
encoder.5.0.downsample.0: out of 131072 parameters 91648.0 were pruned.
encoder.5.1.conv1: out of 65536 parameters 46080.0 were pruned.
encoder.5.1.conv2: out of 147456 parameters 103680.0 were pruned.
encoder.5.1.conv3: out of 65536 parameters 45824.0 were pruned.
encoder.5.2.conv1: out of 65536 parameters 46080.0 were pruned.
encoder.5.2.conv2: out of 147456 parameters 103680.0 were pruned.
encoder.5.2.conv3: out of 65536 parameters 45824.0 were pruned.
encoder.5.3.conv1: out of 65536 parameters 46080.0 were pruned.
encoder.5.3.conv2: out of 147456 parameters 103680.0 were pruned.
encoder.5.3.conv3: out of 65536 parameters 45824.0 were pruned.
encoder.6.0.conv1: out of 131072 parameters 91648.0 were pruned.
encoder.6.0.conv2: out of 589824 parameters 412416.0 were pruned.
encoder.6.0.conv3: out of 262144 parameters 183552.0 were pruned.
encoder.6.0.downsample.0: out of 524288 parameters 367104.0 were pruned.
encoder.6.1.conv1: out of 262144 parameters 183296.0 were pruned.
encoder.6.1.conv2: out of 589824 parameters 412416.0 were pruned.
encoder.6.1.conv3: out of 262144 parameters 183552.0 were pruned.
encoder.6.2.conv1: out of 262144 parameters 183296.0 were pruned.
encoder.6.2.conv2: out of 589824 parameters 412416.0 were pruned.
encoder.6.2.conv3: out of 262144 parameters 183552.0 were pruned.
encoder.6.3.conv1: out of 262144 parameters 183296.0 were pruned.
encoder.6.3.conv2: out of 589824 parameters 412416.0 were pruned.
encoder.6.3.conv3: out of 262144 parameters 183552.0 were pruned.
encoder.6.4.conv1: out of 262144 parameters 183296.0 were pruned.
encoder.6.4.conv2: out of 589824 parameters 412416.0 were pruned.
encoder.6.4.conv3: out of 262144 parameters 183552.0 were pruned.
encoder.6.5.conv1: out of 262144 parameters 183296.0 were pruned.
encoder.6.5.conv2: out of 589824 parameters 412416.0 were pruned.
encoder.6.5.conv3: out of 262144 parameters 183552.0 were pruned.
encoder.7.0.conv1: out of 524288 parameters 366592.0 were pruned.
encoder.7.0.conv2: out of 2359296 parameters 1649664.0 were pruned.
encoder.7.0.conv3: out of 1048576 parameters 734208.0 were pruned.
encoder.7.0.downsample.0: out of 2097152 parameters 1468416.0 were pruned.
encoder.7.1.conv1: out of 1048576 parameters 733184.0 were pruned.
encoder.7.1.conv2: out of 2359296 parameters 1649664.0 were pruned.
encoder.7.1.conv3: out of 1048576 parameters 734208.0 were pruned.
encoder.7.2.conv1: out of 1048576 parameters 733184.0 were pruned.
encoder.7.2.conv2: out of 2359296 parameters 1649664.0 were pruned.
encoder.7.2.conv3: out of 1048576 parameters 734208.0 were pruned.
Out of 23404544 parameters 16375680.0 were pruned.

Epoch 1/1
----------
Epoch 1/1
----------
Epoch 1/1
----------
Epoch 1/1
----------
Epoch 1/1
----------
Epoch 1/1
----------
Epoch 1/1
----------
Epoch 1/1
----------
micro     precision: 0.0000 | recall: 0.0000 | f1-score: 0.0000 | support: 40183 | mAP: 0.3104
macro     precision: 0.0000 | recall: 0.0000 | f1-score: 0.0000 | support: 40183 | mAP: 0.1587

Round 5/40
----------
Epoch 1/1
----------
Epoch 1/1
----------
Epoch 1/1
----------
Epoch 1/1
----------
Epoch 1/1
----------
Epoch 1/1
----------
Epoch 1/1
----------
Epoch 1/1
----------
micro     precision: 0.3551 | recall: 0.2778 | f1-score: 0.3117 | support: 40183 | mAP: 0.4321
macro     precision: 0.0374 | recall: 0.1053 | f1-score: 0.0552 | support: 40183 | mAP: 0.2577

Round 6/40
----------
Epoch 1/1
----------
Epoch 1/1
----------
Epoch 1/1
----------
Epoch 1/1
----------
Epoch 1/1
----------
Epoch 1/1
----------
Epoch 1/1
----------
Epoch 1/1
----------
micro     precision: 0.5100 | recall: 0.5397 | f1-score: 0.5244 | support: 40183 | mAP: 0.5824
macro     precision: 0.2475 | recall: 0.3036 | f1-score: 0.2439 | support: 40183 | mAP: 0.3526

Round 7/40
----------
Epoch 1/1
----------
Epoch 1/1
----------
Epoch 1/1
----------
Epoch 1/1
----------
Epoch 1/1
----------
Epoch 1/1
----------
Epoch 1/1
----------
Epoch 1/1
----------
micro     precision: 0.7476 | recall: 0.5124 | f1-score: 0.6081 | support: 40183 | mAP: 0.7117
macro     precision: 0.4261 | recall: 0.2515 | f1-score: 0.2684 | support: 40183 | mAP: 0.3969

Round 8/40
----------
Epoch 1/1
----------
Epoch 1/1
----------
Epoch 1/1
----------
Epoch 1/1
----------
Epoch 1/1
----------
Epoch 1/1
----------
Epoch 1/1
----------
Epoch 1/1
----------
micro     precision: 0.8122 | recall: 0.4514 | f1-score: 0.5803 | support: 40183 | mAP: 0.7321
macro     precision: 0.3852 | recall: 0.2074 | f1-score: 0.2151 | support: 40183 | mAP: 0.4127

Round 9/40
----------
Epoch 1/1
----------
Epoch 1/1
----------
Epoch 1/1
----------
Epoch 1/1
----------
Epoch 1/1
----------
Epoch 1/1
----------
Epoch 1/1
----------
Epoch 1/1
----------
micro     precision: 0.8035 | recall: 0.5027 | f1-score: 0.6184 | support: 40183 | mAP: 0.7405
macro     precision: 0.4587 | recall: 0.2387 | f1-score: 0.2595 | support: 40183 | mAP: 0.4169

Round 10/40
----------
Epoch 1/1
----------
Epoch 1/1
----------
Epoch 1/1
----------
Epoch 1/1
----------
Epoch 1/1
----------
Epoch 1/1
----------
Epoch 1/1
----------
Epoch 1/1
----------
micro     precision: 0.8536 | recall: 0.5306 | f1-score: 0.6544 | support: 40183 | mAP: 0.7823
macro     precision: 0.5559 | recall: 0.2519 | f1-score: 0.2801 | support: 40183 | mAP: 0.4510

Round 11/40
----------
Epoch 1/1
----------
Epoch 1/1
----------
Epoch 1/1
----------
Epoch 1/1
----------
Epoch 1/1
----------
Epoch 1/1
----------
Epoch 1/1
----------
Epoch 1/1
----------
micro     precision: 0.8410 | recall: 0.5819 | f1-score: 0.6879 | support: 40183 | mAP: 0.8029
macro     precision: 0.6087 | recall: 0.3157 | f1-score: 0.3688 | support: 40183 | mAP: 0.4922

Round 12/40
----------
Epoch 1/1
----------
Epoch 1/1
----------
Epoch 1/1
----------
Epoch 1/1
----------
Epoch 1/1
----------
Epoch 1/1
----------
Epoch 1/1
----------
Epoch 1/1
----------
micro     precision: 0.8458 | recall: 0.6012 | f1-score: 0.7028 | support: 40183 | mAP: 0.7977
macro     precision: 0.6043 | recall: 0.3258 | f1-score: 0.3767 | support: 40183 | mAP: 0.4869

Round 13/40
----------
Epoch 1/1
----------
Epoch 1/1
----------
Epoch 1/1
----------
Epoch 1/1
----------
Epoch 1/1
----------
Epoch 1/1
----------
Epoch 1/1
----------
Epoch 1/1
----------
micro     precision: 0.8289 | recall: 0.5888 | f1-score: 0.6885 | support: 40183 | mAP: 0.8093
macro     precision: 0.6019 | recall: 0.3324 | f1-score: 0.3892 | support: 40183 | mAP: 0.5040

Round 14/40
----------
Epoch 1/1
----------
Epoch 1/1
----------
Epoch 1/1
----------
Epoch 1/1
----------
Epoch 1/1
----------
Epoch 1/1
----------
Epoch 1/1
----------
Epoch 1/1
----------
micro     precision: 0.8309 | recall: 0.6423 | f1-score: 0.7245 | support: 40183 | mAP: 0.8266
macro     precision: 0.5810 | recall: 0.3760 | f1-score: 0.4339 | support: 40183 | mAP: 0.5136

Round 15/40
----------
Epoch 1/1
----------
Epoch 1/1
----------
Epoch 1/1
----------
Epoch 1/1
----------
Epoch 1/1
----------
Epoch 1/1
----------
Epoch 1/1
----------
Epoch 1/1
----------
micro     precision: 0.8395 | recall: 0.6700 | f1-score: 0.7452 | support: 40183 | mAP: 0.8359
macro     precision: 0.6266 | recall: 0.3841 | f1-score: 0.4410 | support: 40183 | mAP: 0.5231

Round 16/40
----------
Epoch 1/1
----------
Epoch 1/1
----------
Epoch 1/1
----------
Epoch 1/1
----------
Epoch 1/1
----------
Epoch 1/1
----------
Epoch 1/1
----------
Epoch 1/1
----------
micro     precision: 0.8366 | recall: 0.6435 | f1-score: 0.7274 | support: 40183 | mAP: 0.8339
macro     precision: 0.5951 | recall: 0.3776 | f1-score: 0.4366 | support: 40183 | mAP: 0.5210

Round 17/40
----------
Epoch 1/1
----------
Epoch 1/1
----------
Epoch 1/1
----------
Epoch 1/1
----------
Epoch 1/1
----------
Epoch 1/1
----------
Epoch 1/1
----------
Epoch 1/1
----------
micro     precision: 0.8468 | recall: 0.6485 | f1-score: 0.7345 | support: 40183 | mAP: 0.8337
macro     precision: 0.6217 | recall: 0.3720 | f1-score: 0.4319 | support: 40183 | mAP: 0.5220

Round 18/40
----------
Epoch 1/1
----------
Epoch 1/1
----------
Epoch 1/1
----------
Epoch 1/1
----------
Epoch 1/1
----------
Epoch 1/1
----------
Epoch 1/1
----------
Epoch 1/1
----------
micro     precision: 0.8389 | recall: 0.6443 | f1-score: 0.7288 | support: 40183 | mAP: 0.8393
macro     precision: 0.6107 | recall: 0.3721 | f1-score: 0.4328 | support: 40183 | mAP: 0.5317

Round 19/40
----------
Epoch 1/1
----------
Epoch 1/1
----------
Epoch 1/1
----------
Epoch 1/1
----------
Epoch 1/1
----------
Epoch 1/1
----------
Epoch 1/1
----------
Epoch 1/1
----------
micro     precision: 0.8385 | recall: 0.6751 | f1-score: 0.7480 | support: 40183 | mAP: 0.8440
macro     precision: 0.6229 | recall: 0.3853 | f1-score: 0.4430 | support: 40183 | mAP: 0.5341

Round 20/40
----------
Epoch 1/1
----------
Epoch 1/1
----------
Epoch 1/1
----------
Epoch 1/1
----------
Epoch 1/1
----------
Epoch 1/1
----------
Epoch 1/1
----------
Epoch 1/1
----------
micro     precision: 0.8302 | recall: 0.6601 | f1-score: 0.7354 | support: 40183 | mAP: 0.8188
macro     precision: 0.6008 | recall: 0.3937 | f1-score: 0.4467 | support: 40183 | mAP: 0.5100

Round 21/40
----------
Epoch 1/1
----------
Epoch 1/1
----------
Epoch 1/1
----------
Epoch 1/1
----------
Epoch 1/1
----------
Epoch 1/1
----------
Epoch 1/1
----------
Epoch 1/1
----------
micro     precision: 0.8380 | recall: 0.6774 | f1-score: 0.7492 | support: 40183 | mAP: 0.8419
macro     precision: 0.6165 | recall: 0.3958 | f1-score: 0.4491 | support: 40183 | mAP: 0.5309

Round 22/40
----------
Epoch 1/1
----------
Epoch 1/1
----------
Epoch 1/1
----------
Epoch 1/1
----------
Epoch 1/1
----------
Epoch 1/1
----------
Epoch 1/1
----------
Epoch 1/1
----------
micro     precision: 0.8406 | recall: 0.6936 | f1-score: 0.7601 | support: 40183 | mAP: 0.8478
macro     precision: 0.6289 | recall: 0.4102 | f1-score: 0.4625 | support: 40183 | mAP: 0.5467

Round 23/40
----------
Epoch 1/1
----------
Epoch 1/1
----------
Epoch 1/1
----------
Epoch 1/1
----------
Epoch 1/1
----------
Epoch 1/1
----------
Epoch 1/1
----------
Epoch 1/1
----------
micro     precision: 0.8391 | recall: 0.6808 | f1-score: 0.7517 | support: 40183 | mAP: 0.8447
macro     precision: 0.6432 | recall: 0.3867 | f1-score: 0.4471 | support: 40183 | mAP: 0.5483

Round 24/40
----------
Epoch 1/1
----------
Epoch 1/1
----------
Epoch 1/1
----------
Epoch 1/1
----------
Epoch 1/1
----------
Epoch 1/1
----------
Epoch 1/1
----------
Epoch 1/1
----------
micro     precision: 0.8496 | recall: 0.6687 | f1-score: 0.7484 | support: 40183 | mAP: 0.8468
macro     precision: 0.6286 | recall: 0.3918 | f1-score: 0.4539 | support: 40183 | mAP: 0.5445

Round 25/40
----------
Epoch 1/1
----------
Epoch 1/1
----------
Epoch 1/1
----------
Epoch 1/1
----------
Epoch 1/1
----------
Epoch 1/1
----------
Epoch 1/1
----------
Epoch 1/1
----------
micro     precision: 0.8416 | recall: 0.6969 | f1-score: 0.7624 | support: 40183 | mAP: 0.8505
macro     precision: 0.6288 | recall: 0.4094 | f1-score: 0.4661 | support: 40183 | mAP: 0.5449

Round 26/40
----------
Epoch 1/1
----------
Epoch 1/1
----------
Epoch 1/1
----------
Epoch 1/1
----------
Epoch 1/1
----------
Epoch 1/1
----------
Epoch 1/1
----------
Epoch 1/1
----------
micro     precision: 0.8487 | recall: 0.6890 | f1-score: 0.7606 | support: 40183 | mAP: 0.8519
macro     precision: 0.6275 | recall: 0.4200 | f1-score: 0.4779 | support: 40183 | mAP: 0.5511

Round 27/40
----------
Epoch 1/1
----------
Epoch 1/1
----------
Epoch 1/1
----------
Epoch 1/1
----------
Epoch 1/1
----------
Epoch 1/1
----------
Epoch 1/1
----------
Epoch 1/1
----------
micro     precision: 0.8583 | recall: 0.6781 | f1-score: 0.7577 | support: 40183 | mAP: 0.8596
macro     precision: 0.6321 | recall: 0.4151 | f1-score: 0.4775 | support: 40183 | mAP: 0.5569

Round 28/40
----------
Epoch 1/1
----------
Epoch 1/1
----------
Epoch 1/1
----------
Epoch 1/1
----------
Epoch 1/1
----------
Epoch 1/1
----------
Epoch 1/1
----------
Epoch 1/1
----------
micro     precision: 0.8489 | recall: 0.7039 | f1-score: 0.7696 | support: 40183 | mAP: 0.8620
macro     precision: 0.6316 | recall: 0.4142 | f1-score: 0.4745 | support: 40183 | mAP: 0.5604

Round 29/40
----------
Epoch 1/1
----------
Epoch 1/1
----------
Epoch 1/1
----------
Epoch 1/1
----------
Epoch 1/1
----------
Epoch 1/1
----------
Epoch 1/1
----------
Epoch 1/1
----------
micro     precision: 0.8597 | recall: 0.6943 | f1-score: 0.7682 | support: 40183 | mAP: 0.8647
macro     precision: 0.6482 | recall: 0.4072 | f1-score: 0.4692 | support: 40183 | mAP: 0.5664

Round 30/40
----------
Epoch 1/1
----------
Epoch 1/1
----------
Epoch 1/1
----------
Epoch 1/1
----------
Epoch 1/1
----------
Epoch 1/1
----------
Epoch 1/1
----------
Epoch 1/1
----------
micro     precision: 0.8533 | recall: 0.6949 | f1-score: 0.7660 | support: 40183 | mAP: 0.8669
macro     precision: 0.6388 | recall: 0.4121 | f1-score: 0.4761 | support: 40183 | mAP: 0.5687

Round 31/40
----------
Epoch 1/1
----------
Epoch 1/1
----------
Epoch 1/1
----------
Epoch 1/1
----------
Epoch 1/1
----------
Epoch 1/1
----------
Epoch 1/1
----------
Epoch 1/1
----------
micro     precision: 0.8523 | recall: 0.7113 | f1-score: 0.7755 | support: 40183 | mAP: 0.8688
macro     precision: 0.6382 | recall: 0.4215 | f1-score: 0.4814 | support: 40183 | mAP: 0.5688

Round 32/40
----------
Epoch 1/1
----------
Epoch 1/1
----------
Epoch 1/1
----------
Epoch 1/1
----------
Epoch 1/1
----------
Epoch 1/1
----------
Epoch 1/1
----------
Epoch 1/1
----------
micro     precision: 0.8639 | recall: 0.7221 | f1-score: 0.7867 | support: 40183 | mAP: 0.8839
macro     precision: 0.6366 | recall: 0.4427 | f1-score: 0.5030 | support: 40183 | mAP: 0.5797

Round 33/40
----------
Epoch 1/1
----------
Epoch 1/1
----------
Epoch 1/1
----------
Epoch 1/1
----------
Epoch 1/1
----------
Epoch 1/1
----------
Epoch 1/1
----------
Epoch 1/1
----------
micro     precision: 0.8657 | recall: 0.7006 | f1-score: 0.7744 | support: 40183 | mAP: 0.8763
macro     precision: 0.6376 | recall: 0.4185 | f1-score: 0.4816 | support: 40183 | mAP: 0.5663

Round 34/40
----------
Epoch 1/1
----------
Epoch 1/1
----------
Epoch 1/1
----------
Epoch 1/1
----------
Epoch 1/1
----------
Epoch 1/1
----------
Epoch 1/1
----------
Epoch 1/1
----------
micro     precision: 0.8573 | recall: 0.7000 | f1-score: 0.7707 | support: 40183 | mAP: 0.8688
macro     precision: 0.6372 | recall: 0.4274 | f1-score: 0.4881 | support: 40183 | mAP: 0.5615

Round 35/40
----------
Epoch 1/1
----------
Epoch 1/1
----------
Epoch 1/1
----------
Epoch 1/1
----------
Epoch 1/1
----------
Epoch 1/1
----------
Epoch 1/1
----------
Epoch 1/1
----------
micro     precision: 0.8594 | recall: 0.7174 | f1-score: 0.7820 | support: 40183 | mAP: 0.8766
macro     precision: 0.6364 | recall: 0.4348 | f1-score: 0.4939 | support: 40183 | mAP: 0.5719

Round 36/40
----------
Epoch 1/1
----------
Epoch 1/1
----------
Epoch 1/1
----------
Epoch 1/1
----------
Epoch 1/1
----------
Epoch 1/1
----------
Epoch 1/1
----------
Epoch 1/1
----------
micro     precision: 0.8411 | recall: 0.7025 | f1-score: 0.7656 | support: 40183 | mAP: 0.8512
macro     precision: 0.6093 | recall: 0.4423 | f1-score: 0.4963 | support: 40183 | mAP: 0.5444

Round 37/40
----------
Epoch 1/1
----------
Epoch 1/1
----------
Epoch 1/1
----------
Epoch 1/1
----------
Epoch 1/1
----------
Epoch 1/1
----------
Epoch 1/1
----------
Epoch 1/1
----------
micro     precision: 0.8492 | recall: 0.7183 | f1-score: 0.7783 | support: 40183 | mAP: 0.8660
macro     precision: 0.6283 | recall: 0.4465 | f1-score: 0.5060 | support: 40183 | mAP: 0.5639

Round 38/40
----------
Epoch 1/1
----------
Epoch 1/1
----------
Epoch 1/1
----------
Epoch 1/1
----------
Epoch 1/1
----------
Epoch 1/1
----------
Epoch 1/1
----------
Epoch 1/1
----------
micro     precision: 0.8530 | recall: 0.7352 | f1-score: 0.7898 | support: 40183 | mAP: 0.8850
macro     precision: 0.6247 | recall: 0.4612 | f1-score: 0.5146 | support: 40183 | mAP: 0.5794

Round 39/40
----------
Epoch 1/1
----------
Epoch 1/1
----------
Epoch 1/1
----------
Epoch 1/1
----------
Epoch 1/1
----------
Epoch 1/1
----------
Epoch 1/1
----------
Epoch 1/1
----------
micro     precision: 0.8568 | recall: 0.7342 | f1-score: 0.7907 | support: 40183 | mAP: 0.8840
macro     precision: 0.6327 | recall: 0.4599 | f1-score: 0.5138 | support: 40183 | mAP: 0.5856

Round 40/40
----------
Epoch 1/1
----------
Epoch 1/1
----------
Epoch 1/1
----------
Epoch 1/1
----------
Epoch 1/1
----------
Epoch 1/1
----------
Epoch 1/1
----------
Epoch 1/1
----------
micro     precision: 0.8566 | recall: 0.7381 | f1-score: 0.7930 | support: 40183 | mAP: 0.8890
macro     precision: 0.6325 | recall: 0.4608 | f1-score: 0.5171 | support: 40183 | mAP: 0.5879

[{'0': {'precision': [], 'recall': [], 'f1-score': [], 'support': []}, '1': {'precision': [], 'recall': [], 'f1-score': [], 'support': []}, '2': {'precision': [], 'recall': [], 'f1-score': [], 'support': []}, '3': {'precision': [], 'recall': [], 'f1-score': [], 'support': []}, '4': {'precision': [], 'recall': [], 'f1-score': [], 'support': []}, '5': {'precision': [], 'recall': [], 'f1-score': [], 'support': []}, '6': {'precision': [], 'recall': [], 'f1-score': [], 'support': []}, '7': {'precision': [], 'recall': [], 'f1-score': [], 'support': []}, '8': {'precision': [], 'recall': [], 'f1-score': [], 'support': []}, '9': {'precision': [], 'recall': [], 'f1-score': [], 'support': []}, '10': {'precision': [], 'recall': [], 'f1-score': [], 'support': []}, '11': {'precision': [], 'recall': [], 'f1-score': [], 'support': []}, '12': {'precision': [], 'recall': [], 'f1-score': [], 'support': []}, '13': {'precision': [], 'recall': [], 'f1-score': [], 'support': []}, '14': {'precision': [], 'recall': [], 'f1-score': [], 'support': []}, '15': {'precision': [], 'recall': [], 'f1-score': [], 'support': []}, '16': {'precision': [], 'recall': [], 'f1-score': [], 'support': []}, '17': {'precision': [], 'recall': [], 'f1-score': [], 'support': []}, '18': {'precision': [], 'recall': [], 'f1-score': [], 'support': []}, 'micro avg': {'precision': [], 'recall': [], 'f1-score': [], 'support': []}, 'macro avg': {'precision': [], 'recall': [], 'f1-score': [], 'support': []}, 'weighted avg': {'precision': [], 'recall': [], 'f1-score': [], 'support': []}, 'ap_mic': [], 'ap_mac': []}, {'0': {'precision': [], 'recall': [], 'f1-score': [], 'support': []}, '1': {'precision': [], 'recall': [], 'f1-score': [], 'support': []}, '2': {'precision': [], 'recall': [], 'f1-score': [], 'support': []}, '3': {'precision': [], 'recall': [], 'f1-score': [], 'support': []}, '4': {'precision': [], 'recall': [], 'f1-score': [], 'support': []}, '5': {'precision': [], 'recall': [], 'f1-score': [], 'support': []}, '6': {'precision': [], 'recall': [], 'f1-score': [], 'support': []}, '7': {'precision': [], 'recall': [], 'f1-score': [], 'support': []}, '8': {'precision': [], 'recall': [], 'f1-score': [], 'support': []}, '9': {'precision': [], 'recall': [], 'f1-score': [], 'support': []}, '10': {'precision': [], 'recall': [], 'f1-score': [], 'support': []}, '11': {'precision': [], 'recall': [], 'f1-score': [], 'support': []}, '12': {'precision': [], 'recall': [], 'f1-score': [], 'support': []}, '13': {'precision': [], 'recall': [], 'f1-score': [], 'support': []}, '14': {'precision': [], 'recall': [], 'f1-score': [], 'support': []}, '15': {'precision': [], 'recall': [], 'f1-score': [], 'support': []}, '16': {'precision': [], 'recall': [], 'f1-score': [], 'support': []}, '17': {'precision': [], 'recall': [], 'f1-score': [], 'support': []}, '18': {'precision': [], 'recall': [], 'f1-score': [], 'support': []}, 'micro avg': {'precision': [], 'recall': [], 'f1-score': [], 'support': []}, 'macro avg': {'precision': [], 'recall': [], 'f1-score': [], 'support': []}, 'weighted avg': {'precision': [], 'recall': [], 'f1-score': [], 'support': []}, 'ap_mic': [], 'ap_mac': []}, {'0': {'precision': [], 'recall': [], 'f1-score': [], 'support': []}, '1': {'precision': [], 'recall': [], 'f1-score': [], 'support': []}, '2': {'precision': [], 'recall': [], 'f1-score': [], 'support': []}, '3': {'precision': [], 'recall': [], 'f1-score': [], 'support': []}, '4': {'precision': [], 'recall': [], 'f1-score': [], 'support': []}, '5': {'precision': [], 'recall': [], 'f1-score': [], 'support': []}, '6': {'precision': [], 'recall': [], 'f1-score': [], 'support': []}, '7': {'precision': [], 'recall': [], 'f1-score': [], 'support': []}, '8': {'precision': [], 'recall': [], 'f1-score': [], 'support': []}, '9': {'precision': [], 'recall': [], 'f1-score': [], 'support': []}, '10': {'precision': [], 'recall': [], 'f1-score': [], 'support': []}, '11': {'precision': [], 'recall': [], 'f1-score': [], 'support': []}, '12': {'precision': [], 'recall': [], 'f1-score': [], 'support': []}, '13': {'precision': [], 'recall': [], 'f1-score': [], 'support': []}, '14': {'precision': [], 'recall': [], 'f1-score': [], 'support': []}, '15': {'precision': [], 'recall': [], 'f1-score': [], 'support': []}, '16': {'precision': [], 'recall': [], 'f1-score': [], 'support': []}, '17': {'precision': [], 'recall': [], 'f1-score': [], 'support': []}, '18': {'precision': [], 'recall': [], 'f1-score': [], 'support': []}, 'micro avg': {'precision': [], 'recall': [], 'f1-score': [], 'support': []}, 'macro avg': {'precision': [], 'recall': [], 'f1-score': [], 'support': []}, 'weighted avg': {'precision': [], 'recall': [], 'f1-score': [], 'support': []}, 'ap_mic': [], 'ap_mac': []}, {'0': {'precision': [], 'recall': [], 'f1-score': [], 'support': []}, '1': {'precision': [], 'recall': [], 'f1-score': [], 'support': []}, '2': {'precision': [], 'recall': [], 'f1-score': [], 'support': []}, '3': {'precision': [], 'recall': [], 'f1-score': [], 'support': []}, '4': {'precision': [], 'recall': [], 'f1-score': [], 'support': []}, '5': {'precision': [], 'recall': [], 'f1-score': [], 'support': []}, '6': {'precision': [], 'recall': [], 'f1-score': [], 'support': []}, '7': {'precision': [], 'recall': [], 'f1-score': [], 'support': []}, '8': {'precision': [], 'recall': [], 'f1-score': [], 'support': []}, '9': {'precision': [], 'recall': [], 'f1-score': [], 'support': []}, '10': {'precision': [], 'recall': [], 'f1-score': [], 'support': []}, '11': {'precision': [], 'recall': [], 'f1-score': [], 'support': []}, '12': {'precision': [], 'recall': [], 'f1-score': [], 'support': []}, '13': {'precision': [], 'recall': [], 'f1-score': [], 'support': []}, '14': {'precision': [], 'recall': [], 'f1-score': [], 'support': []}, '15': {'precision': [], 'recall': [], 'f1-score': [], 'support': []}, '16': {'precision': [], 'recall': [], 'f1-score': [], 'support': []}, '17': {'precision': [], 'recall': [], 'f1-score': [], 'support': []}, '18': {'precision': [], 'recall': [], 'f1-score': [], 'support': []}, 'micro avg': {'precision': [], 'recall': [], 'f1-score': [], 'support': []}, 'macro avg': {'precision': [], 'recall': [], 'f1-score': [], 'support': []}, 'weighted avg': {'precision': [], 'recall': [], 'f1-score': [], 'support': []}, 'ap_mic': [], 'ap_mac': []}, {'0': {'precision': [], 'recall': [], 'f1-score': [], 'support': []}, '1': {'precision': [], 'recall': [], 'f1-score': [], 'support': []}, '2': {'precision': [], 'recall': [], 'f1-score': [], 'support': []}, '3': {'precision': [], 'recall': [], 'f1-score': [], 'support': []}, '4': {'precision': [], 'recall': [], 'f1-score': [], 'support': []}, '5': {'precision': [], 'recall': [], 'f1-score': [], 'support': []}, '6': {'precision': [], 'recall': [], 'f1-score': [], 'support': []}, '7': {'precision': [], 'recall': [], 'f1-score': [], 'support': []}, '8': {'precision': [], 'recall': [], 'f1-score': [], 'support': []}, '9': {'precision': [], 'recall': [], 'f1-score': [], 'support': []}, '10': {'precision': [], 'recall': [], 'f1-score': [], 'support': []}, '11': {'precision': [], 'recall': [], 'f1-score': [], 'support': []}, '12': {'precision': [], 'recall': [], 'f1-score': [], 'support': []}, '13': {'precision': [], 'recall': [], 'f1-score': [], 'support': []}, '14': {'precision': [], 'recall': [], 'f1-score': [], 'support': []}, '15': {'precision': [], 'recall': [], 'f1-score': [], 'support': []}, '16': {'precision': [], 'recall': [], 'f1-score': [], 'support': []}, '17': {'precision': [], 'recall': [], 'f1-score': [], 'support': []}, '18': {'precision': [], 'recall': [], 'f1-score': [], 'support': []}, 'micro avg': {'precision': [], 'recall': [], 'f1-score': [], 'support': []}, 'macro avg': {'precision': [], 'recall': [], 'f1-score': [], 'support': []}, 'weighted avg': {'precision': [], 'recall': [], 'f1-score': [], 'support': []}, 'ap_mic': [], 'ap_mac': []}, {'0': {'precision': [], 'recall': [], 'f1-score': [], 'support': []}, '1': {'precision': [], 'recall': [], 'f1-score': [], 'support': []}, '2': {'precision': [], 'recall': [], 'f1-score': [], 'support': []}, '3': {'precision': [], 'recall': [], 'f1-score': [], 'support': []}, '4': {'precision': [], 'recall': [], 'f1-score': [], 'support': []}, '5': {'precision': [], 'recall': [], 'f1-score': [], 'support': []}, '6': {'precision': [], 'recall': [], 'f1-score': [], 'support': []}, '7': {'precision': [], 'recall': [], 'f1-score': [], 'support': []}, '8': {'precision': [], 'recall': [], 'f1-score': [], 'support': []}, '9': {'precision': [], 'recall': [], 'f1-score': [], 'support': []}, '10': {'precision': [], 'recall': [], 'f1-score': [], 'support': []}, '11': {'precision': [], 'recall': [], 'f1-score': [], 'support': []}, '12': {'precision': [], 'recall': [], 'f1-score': [], 'support': []}, '13': {'precision': [], 'recall': [], 'f1-score': [], 'support': []}, '14': {'precision': [], 'recall': [], 'f1-score': [], 'support': []}, '15': {'precision': [], 'recall': [], 'f1-score': [], 'support': []}, '16': {'precision': [], 'recall': [], 'f1-score': [], 'support': []}, '17': {'precision': [], 'recall': [], 'f1-score': [], 'support': []}, '18': {'precision': [], 'recall': [], 'f1-score': [], 'support': []}, 'micro avg': {'precision': [], 'recall': [], 'f1-score': [], 'support': []}, 'macro avg': {'precision': [], 'recall': [], 'f1-score': [], 'support': []}, 'weighted avg': {'precision': [], 'recall': [], 'f1-score': [], 'support': []}, 'ap_mic': [], 'ap_mac': []}, {'0': {'precision': [], 'recall': [], 'f1-score': [], 'support': []}, '1': {'precision': [], 'recall': [], 'f1-score': [], 'support': []}, '2': {'precision': [], 'recall': [], 'f1-score': [], 'support': []}, '3': {'precision': [], 'recall': [], 'f1-score': [], 'support': []}, '4': {'precision': [], 'recall': [], 'f1-score': [], 'support': []}, '5': {'precision': [], 'recall': [], 'f1-score': [], 'support': []}, '6': {'precision': [], 'recall': [], 'f1-score': [], 'support': []}, '7': {'precision': [], 'recall': [], 'f1-score': [], 'support': []}, '8': {'precision': [], 'recall': [], 'f1-score': [], 'support': []}, '9': {'precision': [], 'recall': [], 'f1-score': [], 'support': []}, '10': {'precision': [], 'recall': [], 'f1-score': [], 'support': []}, '11': {'precision': [], 'recall': [], 'f1-score': [], 'support': []}, '12': {'precision': [], 'recall': [], 'f1-score': [], 'support': []}, '13': {'precision': [], 'recall': [], 'f1-score': [], 'support': []}, '14': {'precision': [], 'recall': [], 'f1-score': [], 'support': []}, '15': {'precision': [], 'recall': [], 'f1-score': [], 'support': []}, '16': {'precision': [], 'recall': [], 'f1-score': [], 'support': []}, '17': {'precision': [], 'recall': [], 'f1-score': [], 'support': []}, '18': {'precision': [], 'recall': [], 'f1-score': [], 'support': []}, 'micro avg': {'precision': [], 'recall': [], 'f1-score': [], 'support': []}, 'macro avg': {'precision': [], 'recall': [], 'f1-score': [], 'support': []}, 'weighted avg': {'precision': [], 'recall': [], 'f1-score': [], 'support': []}, 'ap_mic': [], 'ap_mac': []}, {'0': {'precision': [], 'recall': [], 'f1-score': [], 'support': []}, '1': {'precision': [], 'recall': [], 'f1-score': [], 'support': []}, '2': {'precision': [], 'recall': [], 'f1-score': [], 'support': []}, '3': {'precision': [], 'recall': [], 'f1-score': [], 'support': []}, '4': {'precision': [], 'recall': [], 'f1-score': [], 'support': []}, '5': {'precision': [], 'recall': [], 'f1-score': [], 'support': []}, '6': {'precision': [], 'recall': [], 'f1-score': [], 'support': []}, '7': {'precision': [], 'recall': [], 'f1-score': [], 'support': []}, '8': {'precision': [], 'recall': [], 'f1-score': [], 'support': []}, '9': {'precision': [], 'recall': [], 'f1-score': [], 'support': []}, '10': {'precision': [], 'recall': [], 'f1-score': [], 'support': []}, '11': {'precision': [], 'recall': [], 'f1-score': [], 'support': []}, '12': {'precision': [], 'recall': [], 'f1-score': [], 'support': []}, '13': {'precision': [], 'recall': [], 'f1-score': [], 'support': []}, '14': {'precision': [], 'recall': [], 'f1-score': [], 'support': []}, '15': {'precision': [], 'recall': [], 'f1-score': [], 'support': []}, '16': {'precision': [], 'recall': [], 'f1-score': [], 'support': []}, '17': {'precision': [], 'recall': [], 'f1-score': [], 'support': []}, '18': {'precision': [], 'recall': [], 'f1-score': [], 'support': []}, 'micro avg': {'precision': [], 'recall': [], 'f1-score': [], 'support': []}, 'macro avg': {'precision': [], 'recall': [], 'f1-score': [], 'support': []}, 'weighted avg': {'precision': [], 'recall': [], 'f1-score': [], 'support': []}, 'ap_mic': [], 'ap_mac': []}]
