scenario: 			 1 
pruning strategy: 	 random 
pruning rate: 		 0.3 
pruning round: 		 4 
communication rounds: 40 
epochs per round:	 1
Using device: cuda:0

init FLClient TRAIN dataset and dataloader
Pre-filtered 12660 patches based on country and season (split ignored)
Loading BEN data for train...
    237871 patches indexed
    6250 filtered patches indexed
    6250 patches indexed considering max_len
Merged metadata with snow/cloud metadata
Loaded 549488 labels
Loaded 549488 keys
Loaded mapping created

init FLClient VALIDATION dataset and dataloader
Pre-filtered 12660 patches based on country and season (split ignored)
Loading BEN data for test...
    119825 patches indexed
    3183 filtered patches indexed
    256 patches indexed considering max_len
Merged metadata with snow/cloud metadata
Loaded 549488 labels
Loaded 549488 keys
Loaded mapping created

init FLClient TRAIN dataset and dataloader
Pre-filtered 12707 patches based on country and season (split ignored)
Loading BEN data for train...
    237871 patches indexed
    6213 filtered patches indexed
    6213 patches indexed considering max_len
Merged metadata with snow/cloud metadata
Loaded 549488 labels
Loaded 549488 keys
Loaded mapping created

init FLClient VALIDATION dataset and dataloader
Pre-filtered 12707 patches based on country and season (split ignored)
Loading BEN data for test...
    119825 patches indexed
    3250 filtered patches indexed
    256 patches indexed considering max_len
Merged metadata with snow/cloud metadata
Loaded 549488 labels
Loaded 549488 keys
Loaded mapping created

init FLClient TRAIN dataset and dataloader
Pre-filtered 12861 patches based on country and season (split ignored)
Loading BEN data for train...
    237871 patches indexed
    6338 filtered patches indexed
    6338 patches indexed considering max_len
Merged metadata with snow/cloud metadata
Loaded 549488 labels
Loaded 549488 keys
Loaded mapping created

init FLClient VALIDATION dataset and dataloader
Pre-filtered 12861 patches based on country and season (split ignored)
Loading BEN data for test...
    119825 patches indexed
    3319 filtered patches indexed
    256 patches indexed considering max_len
Merged metadata with snow/cloud metadata
Loaded 549488 labels
Loaded 549488 keys
Loaded mapping created

init FLClient TRAIN dataset and dataloader
Pre-filtered 12869 patches based on country and season (split ignored)
Loading BEN data for train...
    237871 patches indexed
    6266 filtered patches indexed
    6266 patches indexed considering max_len
Merged metadata with snow/cloud metadata
Loaded 549488 labels
Loaded 549488 keys
Loaded mapping created

init FLClient VALIDATION dataset and dataloader
Pre-filtered 12869 patches based on country and season (split ignored)
Loading BEN data for test...
    119825 patches indexed
    3320 filtered patches indexed
    256 patches indexed considering max_len
Merged metadata with snow/cloud metadata
Loaded 549488 labels
Loaded 549488 keys
Loaded mapping created

init FLClient TRAIN dataset and dataloader
Pre-filtered 12660 patches based on country and season (split ignored)
Loading BEN data for train...
    237871 patches indexed
    6253 filtered patches indexed
    6253 patches indexed considering max_len
Merged metadata with snow/cloud metadata
Loaded 549488 labels
Loaded 549488 keys
Loaded mapping created

init FLClient VALIDATION dataset and dataloader
Pre-filtered 12660 patches based on country and season (split ignored)
Loading BEN data for test...
    119825 patches indexed
    3180 filtered patches indexed
    256 patches indexed considering max_len
Merged metadata with snow/cloud metadata
Loaded 549488 labels
Loaded 549488 keys
Loaded mapping created

init FLClient TRAIN dataset and dataloader
Pre-filtered 12852 patches based on country and season (split ignored)
Loading BEN data for train...
    237871 patches indexed
    6320 filtered patches indexed
    6320 patches indexed considering max_len
Merged metadata with snow/cloud metadata
Loaded 549488 labels
Loaded 549488 keys
Loaded mapping created

init FLClient VALIDATION dataset and dataloader
Pre-filtered 12852 patches based on country and season (split ignored)
Loading BEN data for test...
    119825 patches indexed
    3279 filtered patches indexed
    256 patches indexed considering max_len
Merged metadata with snow/cloud metadata
Loaded 549488 labels
Loaded 549488 keys
Loaded mapping created

init FLClient TRAIN dataset and dataloader
Pre-filtered 12862 patches based on country and season (split ignored)
Loading BEN data for train...
    237871 patches indexed
    6273 filtered patches indexed
    6273 patches indexed considering max_len
Merged metadata with snow/cloud metadata
Loaded 549488 labels
Loaded 549488 keys
Loaded mapping created

init FLClient VALIDATION dataset and dataloader
Pre-filtered 12862 patches based on country and season (split ignored)
Loading BEN data for test...
    119825 patches indexed
    3287 filtered patches indexed
    256 patches indexed considering max_len
Merged metadata with snow/cloud metadata
Loaded 549488 labels
Loaded 549488 keys
Loaded mapping created

init FLClient TRAIN dataset and dataloader
Pre-filtered 12926 patches based on country and season (split ignored)
Loading BEN data for train...
    237871 patches indexed
    6421 filtered patches indexed
    6421 patches indexed considering max_len
Merged metadata with snow/cloud metadata
Loaded 549488 labels
Loaded 549488 keys
Loaded mapping created

init FLClient VALIDATION dataset and dataloader
Pre-filtered 12926 patches based on country and season (split ignored)
Loading BEN data for test...
    119825 patches indexed
    3215 filtered patches indexed
    256 patches indexed considering max_len
Merged metadata with snow/cloud metadata
Loaded 549488 labels
Loaded 549488 keys
Loaded mapping created

init GLOBALClient VALIDATION dataset and dataloader
Pre-filtered 59999 patches based on country and season (split ignored)
Loading BEN data for test...
    119825 patches indexed
    15720 filtered patches indexed
    15720 patches indexed considering max_len
Merged metadata with snow/cloud metadata
Loaded 549488 labels
Loaded 549488 keys
Loaded mapping created
Round 1/40
----------
Epoch 1/1
----------
Epoch 1/1
----------
Epoch 1/1
----------
Epoch 1/1
----------
Epoch 1/1
----------
Epoch 1/1
----------
Epoch 1/1
----------
Epoch 1/1
----------
micro     precision: 0.5627 | recall: 0.4473 | f1-score: 0.4984 | support: 40183 | mAP: 0.5692
macro     precision: 0.2317 | recall: 0.2175 | f1-score: 0.1968 | support: 40183 | mAP: 0.3693

Round 2/40
----------
Epoch 1/1
----------
Epoch 1/1
----------
Epoch 1/1
----------
Epoch 1/1
----------
Epoch 1/1
----------
Epoch 1/1
----------
Epoch 1/1
----------
Epoch 1/1
----------
micro     precision: 0.5737 | recall: 0.5632 | f1-score: 0.5684 | support: 40183 | mAP: 0.6401
macro     precision: 0.2979 | recall: 0.2759 | f1-score: 0.2567 | support: 40183 | mAP: 0.3673

Round 3/40
----------
Epoch 1/1
----------
Epoch 1/1
----------
Epoch 1/1
----------
Epoch 1/1
----------
Epoch 1/1
----------
Epoch 1/1
----------
Epoch 1/1
----------
Epoch 1/1
----------
micro     precision: 0.6666 | recall: 0.5546 | f1-score: 0.6055 | support: 40183 | mAP: 0.6613
macro     precision: 0.3533 | recall: 0.2718 | f1-score: 0.2743 | support: 40183 | mAP: 0.3786

Round 4/40
----------
Starting random pruning with rate 0.3
encoder.4.0.conv3: out of 16384 parameters 4928.0 were pruned.
encoder.4.0.downsample.0: out of 16384 parameters 4928.0 were pruned.
encoder.4.1.conv1: out of 16384 parameters 4864.0 were pruned.
encoder.4.1.conv2: out of 36864 parameters 10944.0 were pruned.
encoder.4.1.conv3: out of 16384 parameters 4928.0 were pruned.
encoder.4.2.conv1: out of 16384 parameters 4864.0 were pruned.
encoder.4.2.conv2: out of 36864 parameters 10944.0 were pruned.
encoder.4.2.conv3: out of 16384 parameters 4928.0 were pruned.
encoder.5.0.conv1: out of 32768 parameters 9728.0 were pruned.
encoder.5.0.conv2: out of 147456 parameters 43776.0 were pruned.
encoder.5.0.conv3: out of 65536 parameters 19712.0 were pruned.
encoder.5.0.downsample.0: out of 131072 parameters 39424.0 were pruned.
encoder.5.1.conv1: out of 65536 parameters 19456.0 were pruned.
encoder.5.1.conv2: out of 147456 parameters 43776.0 were pruned.
encoder.5.1.conv3: out of 65536 parameters 19712.0 were pruned.
encoder.5.2.conv1: out of 65536 parameters 19456.0 were pruned.
encoder.5.2.conv2: out of 147456 parameters 43776.0 were pruned.
encoder.5.2.conv3: out of 65536 parameters 19712.0 were pruned.
encoder.5.3.conv1: out of 65536 parameters 19456.0 were pruned.
encoder.5.3.conv2: out of 147456 parameters 43776.0 were pruned.
encoder.5.3.conv3: out of 65536 parameters 19712.0 were pruned.
encoder.6.0.conv1: out of 131072 parameters 39424.0 were pruned.
encoder.6.0.conv2: out of 589824 parameters 177408.0 were pruned.
encoder.6.0.conv3: out of 262144 parameters 78592.0 were pruned.
encoder.6.0.downsample.0: out of 524288 parameters 157184.0 were pruned.
encoder.6.1.conv1: out of 262144 parameters 78848.0 were pruned.
encoder.6.1.conv2: out of 589824 parameters 177408.0 were pruned.
encoder.6.1.conv3: out of 262144 parameters 78592.0 were pruned.
encoder.6.2.conv1: out of 262144 parameters 78848.0 were pruned.
encoder.6.2.conv2: out of 589824 parameters 177408.0 were pruned.
encoder.6.2.conv3: out of 262144 parameters 78592.0 were pruned.
encoder.6.3.conv1: out of 262144 parameters 78848.0 were pruned.
encoder.6.3.conv2: out of 589824 parameters 177408.0 were pruned.
encoder.6.3.conv3: out of 262144 parameters 78592.0 were pruned.
encoder.6.4.conv1: out of 262144 parameters 78848.0 were pruned.
encoder.6.4.conv2: out of 589824 parameters 177408.0 were pruned.
encoder.6.4.conv3: out of 262144 parameters 78592.0 were pruned.
encoder.6.5.conv1: out of 262144 parameters 78848.0 were pruned.
encoder.6.5.conv2: out of 589824 parameters 177408.0 were pruned.
encoder.6.5.conv3: out of 262144 parameters 78592.0 were pruned.
encoder.7.0.conv1: out of 524288 parameters 157696.0 were pruned.
encoder.7.0.conv2: out of 2359296 parameters 709632.0 were pruned.
encoder.7.0.conv3: out of 1048576 parameters 314368.0 were pruned.
encoder.7.0.downsample.0: out of 2097152 parameters 628736.0 were pruned.
encoder.7.1.conv1: out of 1048576 parameters 315392.0 were pruned.
encoder.7.1.conv2: out of 2359296 parameters 709632.0 were pruned.
encoder.7.1.conv3: out of 1048576 parameters 314368.0 were pruned.
encoder.7.2.conv1: out of 1048576 parameters 315392.0 were pruned.
encoder.7.2.conv2: out of 2359296 parameters 709632.0 were pruned.
encoder.7.2.conv3: out of 1048576 parameters 314368.0 were pruned.
Out of 23404544 parameters 7028864.0 were pruned.

Epoch 1/1
----------
Epoch 1/1
----------
Epoch 1/1
----------
Epoch 1/1
----------
Epoch 1/1
----------
Epoch 1/1
----------
Epoch 1/1
----------
Epoch 1/1
----------
micro     precision: 0.3675 | recall: 0.1676 | f1-score: 0.2302 | support: 40183 | mAP: 0.3767
macro     precision: 0.0503 | recall: 0.0863 | f1-score: 0.0553 | support: 40183 | mAP: 0.3505

Round 5/40
----------
Epoch 1/1
----------
Epoch 1/1
----------
Epoch 1/1
----------
Epoch 1/1
----------
Epoch 1/1
----------
Epoch 1/1
----------
Epoch 1/1
----------
Epoch 1/1
----------
micro     precision: 0.5315 | recall: 0.5423 | f1-score: 0.5369 | support: 40183 | mAP: 0.6143
macro     precision: 0.2846 | recall: 0.2985 | f1-score: 0.2493 | support: 40183 | mAP: 0.3592

Round 6/40
----------
Epoch 1/1
----------
Epoch 1/1
----------
Epoch 1/1
----------
Epoch 1/1
----------
Epoch 1/1
----------
Epoch 1/1
----------
Epoch 1/1
----------
Epoch 1/1
----------
micro     precision: 0.7855 | recall: 0.5661 | f1-score: 0.6580 | support: 40183 | mAP: 0.7175
macro     precision: 0.4495 | recall: 0.2778 | f1-score: 0.2944 | support: 40183 | mAP: 0.4148

Round 7/40
----------
Epoch 1/1
----------
Epoch 1/1
----------
Epoch 1/1
----------
Epoch 1/1
----------
Epoch 1/1
----------
Epoch 1/1
----------
Epoch 1/1
----------
Epoch 1/1
----------
micro     precision: 0.7850 | recall: 0.5610 | f1-score: 0.6544 | support: 40183 | mAP: 0.7470
macro     precision: 0.4487 | recall: 0.3145 | f1-score: 0.3396 | support: 40183 | mAP: 0.4497

Round 8/40
----------
Epoch 1/1
----------
Epoch 1/1
----------
Epoch 1/1
----------
Epoch 1/1
----------
Epoch 1/1
----------
Epoch 1/1
----------
Epoch 1/1
----------
Epoch 1/1
----------
micro     precision: 0.8379 | recall: 0.5832 | f1-score: 0.6877 | support: 40183 | mAP: 0.7892
macro     precision: 0.5618 | recall: 0.3061 | f1-score: 0.3531 | support: 40183 | mAP: 0.4828

Round 9/40
----------
Epoch 1/1
----------
Epoch 1/1
----------
Epoch 1/1
----------
Epoch 1/1
----------
Epoch 1/1
----------
Epoch 1/1
----------
Epoch 1/1
----------
Epoch 1/1
----------
micro     precision: 0.8570 | recall: 0.5646 | f1-score: 0.6807 | support: 40183 | mAP: 0.7934
macro     precision: 0.5946 | recall: 0.3060 | f1-score: 0.3648 | support: 40183 | mAP: 0.4890

Round 10/40
----------
Epoch 1/1
----------
Epoch 1/1
----------
Epoch 1/1
----------
Epoch 1/1
----------
Epoch 1/1
----------
Epoch 1/1
----------
Epoch 1/1
----------
Epoch 1/1
----------
micro     precision: 0.8347 | recall: 0.6112 | f1-score: 0.7057 | support: 40183 | mAP: 0.7949
macro     precision: 0.5940 | recall: 0.3439 | f1-score: 0.4020 | support: 40183 | mAP: 0.4963

Round 11/40
----------
Epoch 1/1
----------
Epoch 1/1
----------
Epoch 1/1
----------
Epoch 1/1
----------
Epoch 1/1
----------
Epoch 1/1
----------
Epoch 1/1
----------
Epoch 1/1
----------
micro     precision: 0.7480 | recall: 0.6056 | f1-score: 0.6693 | support: 40183 | mAP: 0.7535
macro     precision: 0.5357 | recall: 0.3601 | f1-score: 0.3971 | support: 40183 | mAP: 0.4696

Round 12/40
----------
Epoch 1/1
----------
Epoch 1/1
----------
Epoch 1/1
----------
Epoch 1/1
----------
Epoch 1/1
----------
Epoch 1/1
----------
Epoch 1/1
----------
Epoch 1/1
----------
micro     precision: 0.8562 | recall: 0.6213 | f1-score: 0.7200 | support: 40183 | mAP: 0.8230
macro     precision: 0.5567 | recall: 0.3379 | f1-score: 0.3867 | support: 40183 | mAP: 0.5126

Round 13/40
----------
Epoch 1/1
----------
Epoch 1/1
----------
Epoch 1/1
----------
Epoch 1/1
----------
Epoch 1/1
----------
Epoch 1/1
----------
Epoch 1/1
----------
Epoch 1/1
----------
micro     precision: 0.8128 | recall: 0.6762 | f1-score: 0.7382 | support: 40183 | mAP: 0.8196
macro     precision: 0.6024 | recall: 0.3953 | f1-score: 0.4292 | support: 40183 | mAP: 0.5236

Round 14/40
----------
Epoch 1/1
----------
Epoch 1/1
----------
Epoch 1/1
----------
Epoch 1/1
----------
Epoch 1/1
----------
Epoch 1/1
----------
Epoch 1/1
----------
Epoch 1/1
----------
micro     precision: 0.7811 | recall: 0.6479 | f1-score: 0.7083 | support: 40183 | mAP: 0.7878
macro     precision: 0.5714 | recall: 0.3841 | f1-score: 0.4175 | support: 40183 | mAP: 0.5005

Round 15/40
----------
Epoch 1/1
----------
Epoch 1/1
----------
Epoch 1/1
----------
Epoch 1/1
----------
Epoch 1/1
----------
Epoch 1/1
----------
Epoch 1/1
----------
Epoch 1/1
----------
micro     precision: 0.8316 | recall: 0.6491 | f1-score: 0.7291 | support: 40183 | mAP: 0.8197
macro     precision: 0.6137 | recall: 0.3714 | f1-score: 0.4260 | support: 40183 | mAP: 0.5223

Round 16/40
----------
Epoch 1/1
----------
Epoch 1/1
----------
Epoch 1/1
----------
Epoch 1/1
----------
Epoch 1/1
----------
Epoch 1/1
----------
Epoch 1/1
----------
Epoch 1/1
----------
micro     precision: 0.8164 | recall: 0.6271 | f1-score: 0.7093 | support: 40183 | mAP: 0.8070
macro     precision: 0.5813 | recall: 0.3762 | f1-score: 0.4333 | support: 40183 | mAP: 0.5118

Round 17/40
----------
Epoch 1/1
----------
Epoch 1/1
----------
Epoch 1/1
----------
Epoch 1/1
----------
Epoch 1/1
----------
Epoch 1/1
----------
Epoch 1/1
----------
Epoch 1/1
----------
micro     precision: 0.8558 | recall: 0.6532 | f1-score: 0.7409 | support: 40183 | mAP: 0.8451
macro     precision: 0.6297 | recall: 0.3856 | f1-score: 0.4493 | support: 40183 | mAP: 0.5457

Round 18/40
----------
Epoch 1/1
----------
Epoch 1/1
----------
Epoch 1/1
----------
Epoch 1/1
----------
Epoch 1/1
----------
Epoch 1/1
----------
Epoch 1/1
----------
Epoch 1/1
----------
micro     precision: 0.7925 | recall: 0.6544 | f1-score: 0.7168 | support: 40183 | mAP: 0.8128
macro     precision: 0.5933 | recall: 0.4102 | f1-score: 0.4490 | support: 40183 | mAP: 0.5310

Round 19/40
----------
Epoch 1/1
----------
Epoch 1/1
----------
Epoch 1/1
----------
Epoch 1/1
----------
Epoch 1/1
----------
Epoch 1/1
----------
Epoch 1/1
----------
Epoch 1/1
----------
micro     precision: 0.8262 | recall: 0.6770 | f1-score: 0.7442 | support: 40183 | mAP: 0.8388
macro     precision: 0.6103 | recall: 0.4205 | f1-score: 0.4759 | support: 40183 | mAP: 0.5481

Round 20/40
----------
Epoch 1/1
----------
Epoch 1/1
----------
Epoch 1/1
----------
Epoch 1/1
----------
Epoch 1/1
----------
Epoch 1/1
----------
Epoch 1/1
----------
Epoch 1/1
----------
micro     precision: 0.8580 | recall: 0.6507 | f1-score: 0.7401 | support: 40183 | mAP: 0.8397
macro     precision: 0.6569 | recall: 0.3738 | f1-score: 0.4332 | support: 40183 | mAP: 0.5353

Round 21/40
----------
Epoch 1/1
----------
Epoch 1/1
----------
Epoch 1/1
----------
Epoch 1/1
----------
Epoch 1/1
----------
Epoch 1/1
----------
Epoch 1/1
----------
Epoch 1/1
----------
micro     precision: 0.8386 | recall: 0.6872 | f1-score: 0.7554 | support: 40183 | mAP: 0.8457
macro     precision: 0.6383 | recall: 0.3764 | f1-score: 0.4275 | support: 40183 | mAP: 0.5369

Round 22/40
----------
Epoch 1/1
----------
Epoch 1/1
----------
Epoch 1/1
----------
Epoch 1/1
----------
Epoch 1/1
----------
Epoch 1/1
----------
Epoch 1/1
----------
Epoch 1/1
----------
micro     precision: 0.8399 | recall: 0.7072 | f1-score: 0.7679 | support: 40183 | mAP: 0.8546
macro     precision: 0.6427 | recall: 0.4069 | f1-score: 0.4615 | support: 40183 | mAP: 0.5562

Round 23/40
----------
Epoch 1/1
----------
Epoch 1/1
----------
Epoch 1/1
----------
Epoch 1/1
----------
Epoch 1/1
----------
Epoch 1/1
----------
Epoch 1/1
----------
Epoch 1/1
----------
micro     precision: 0.8560 | recall: 0.6940 | f1-score: 0.7665 | support: 40183 | mAP: 0.8623
macro     precision: 0.6302 | recall: 0.4263 | f1-score: 0.4827 | support: 40183 | mAP: 0.5644

Round 24/40
----------
Epoch 1/1
----------
Epoch 1/1
----------
Epoch 1/1
----------
Epoch 1/1
----------
Epoch 1/1
----------
Epoch 1/1
----------
Epoch 1/1
----------
Epoch 1/1
----------
micro     precision: 0.8704 | recall: 0.6942 | f1-score: 0.7724 | support: 40183 | mAP: 0.8691
macro     precision: 0.6396 | recall: 0.4248 | f1-score: 0.4878 | support: 40183 | mAP: 0.5690

Round 25/40
----------
Epoch 1/1
----------
Epoch 1/1
----------
Epoch 1/1
----------
Epoch 1/1
----------
Epoch 1/1
----------
Epoch 1/1
----------
Epoch 1/1
----------
Epoch 1/1
----------
micro     precision: 0.8336 | recall: 0.7248 | f1-score: 0.7754 | support: 40183 | mAP: 0.8646
macro     precision: 0.6128 | recall: 0.4495 | f1-score: 0.4982 | support: 40183 | mAP: 0.5650

Round 26/40
----------
Epoch 1/1
----------
Epoch 1/1
----------
Epoch 1/1
----------
Epoch 1/1
----------
Epoch 1/1
----------
Epoch 1/1
----------
Epoch 1/1
----------
Epoch 1/1
----------
micro     precision: 0.7865 | recall: 0.6831 | f1-score: 0.7312 | support: 40183 | mAP: 0.8158
macro     precision: 0.5809 | recall: 0.4413 | f1-score: 0.4773 | support: 40183 | mAP: 0.5298

Round 27/40
----------
Epoch 1/1
----------
Epoch 1/1
----------
Epoch 1/1
----------
Epoch 1/1
----------
Epoch 1/1
----------
Epoch 1/1
----------
Epoch 1/1
----------
Epoch 1/1
----------
micro     precision: 0.8332 | recall: 0.7037 | f1-score: 0.7630 | support: 40183 | mAP: 0.8579
macro     precision: 0.6186 | recall: 0.4409 | f1-score: 0.4900 | support: 40183 | mAP: 0.5558

Round 28/40
----------
Epoch 1/1
----------
Epoch 1/1
----------
Epoch 1/1
----------
Epoch 1/1
----------
Epoch 1/1
----------
Epoch 1/1
----------
Epoch 1/1
----------
Epoch 1/1
----------
micro     precision: 0.8410 | recall: 0.7169 | f1-score: 0.7740 | support: 40183 | mAP: 0.8671
macro     precision: 0.6178 | recall: 0.4471 | f1-score: 0.5026 | support: 40183 | mAP: 0.5725

Round 29/40
----------
Epoch 1/1
----------
Epoch 1/1
----------
Epoch 1/1
----------
Epoch 1/1
----------
Epoch 1/1
----------
Epoch 1/1
----------
Epoch 1/1
----------
Epoch 1/1
----------
micro     precision: 0.8621 | recall: 0.7192 | f1-score: 0.7842 | support: 40183 | mAP: 0.8800
macro     precision: 0.6457 | recall: 0.4513 | f1-score: 0.5071 | support: 40183 | mAP: 0.5796

Round 30/40
----------
Epoch 1/1
----------
Epoch 1/1
----------
Epoch 1/1
----------
Epoch 1/1
----------
Epoch 1/1
----------
Epoch 1/1
----------
Epoch 1/1
----------
Epoch 1/1
----------
micro     precision: 0.8417 | recall: 0.7339 | f1-score: 0.7841 | support: 40183 | mAP: 0.8718
macro     precision: 0.6328 | recall: 0.4503 | f1-score: 0.5032 | support: 40183 | mAP: 0.5792

Round 31/40
----------
Epoch 1/1
----------
Epoch 1/1
----------
Epoch 1/1
----------
Epoch 1/1
----------
Epoch 1/1
----------
Epoch 1/1
----------
Epoch 1/1
----------
Epoch 1/1
----------
micro     precision: 0.8667 | recall: 0.6876 | f1-score: 0.7668 | support: 40183 | mAP: 0.8714
macro     precision: 0.6340 | recall: 0.4377 | f1-score: 0.4952 | support: 40183 | mAP: 0.5750

Round 32/40
----------
Epoch 1/1
----------
Epoch 1/1
----------
Epoch 1/1
----------
Epoch 1/1
----------
Epoch 1/1
----------
Epoch 1/1
----------
Epoch 1/1
----------
Epoch 1/1
----------
micro     precision: 0.8569 | recall: 0.7150 | f1-score: 0.7795 | support: 40183 | mAP: 0.8830
macro     precision: 0.6259 | recall: 0.4495 | f1-score: 0.5043 | support: 40183 | mAP: 0.5800

Round 33/40
----------
Epoch 1/1
----------
Epoch 1/1
----------
Epoch 1/1
----------
Epoch 1/1
----------
Epoch 1/1
----------
Epoch 1/1
----------
Epoch 1/1
----------
Epoch 1/1
----------
micro     precision: 0.8534 | recall: 0.7128 | f1-score: 0.7768 | support: 40183 | mAP: 0.8748
macro     precision: 0.6251 | recall: 0.4520 | f1-score: 0.5113 | support: 40183 | mAP: 0.5795

Round 34/40
----------
Epoch 1/1
----------
Epoch 1/1
----------
Epoch 1/1
----------
Epoch 1/1
----------
Epoch 1/1
----------
Epoch 1/1
----------
Epoch 1/1
----------
Epoch 1/1
----------
micro     precision: 0.8454 | recall: 0.7026 | f1-score: 0.7674 | support: 40183 | mAP: 0.8668
macro     precision: 0.6182 | recall: 0.4613 | f1-score: 0.5064 | support: 40183 | mAP: 0.5711

Round 35/40
----------
Epoch 1/1
----------
Epoch 1/1
----------
Epoch 1/1
----------
Epoch 1/1
----------
Epoch 1/1
----------
Epoch 1/1
----------
Epoch 1/1
----------
Epoch 1/1
----------
micro     precision: 0.8504 | recall: 0.7197 | f1-score: 0.7796 | support: 40183 | mAP: 0.8799
macro     precision: 0.6148 | recall: 0.4750 | f1-score: 0.5236 | support: 40183 | mAP: 0.5813

Round 36/40
----------
Epoch 1/1
----------
Epoch 1/1
----------
Epoch 1/1
----------
Epoch 1/1
----------
Epoch 1/1
----------
Epoch 1/1
----------
Epoch 1/1
----------
Epoch 1/1
----------
micro     precision: 0.8454 | recall: 0.7197 | f1-score: 0.7775 | support: 40183 | mAP: 0.8762
macro     precision: 0.6217 | recall: 0.4635 | f1-score: 0.5095 | support: 40183 | mAP: 0.5804

Round 37/40
----------
Epoch 1/1
----------
Epoch 1/1
----------
Epoch 1/1
----------
Epoch 1/1
----------
Epoch 1/1
----------
Epoch 1/1
----------
Epoch 1/1
----------
Epoch 1/1
----------
micro     precision: 0.8044 | recall: 0.7112 | f1-score: 0.7549 | support: 40183 | mAP: 0.8394
macro     precision: 0.5864 | recall: 0.4602 | f1-score: 0.5012 | support: 40183 | mAP: 0.5514

Round 38/40
----------
Epoch 1/1
----------
Epoch 1/1
----------
Epoch 1/1
----------
Epoch 1/1
----------
Epoch 1/1
----------
Epoch 1/1
----------
Epoch 1/1
----------
Epoch 1/1
----------
micro     precision: 0.7781 | recall: 0.7346 | f1-score: 0.7557 | support: 40183 | mAP: 0.8470
macro     precision: 0.5925 | recall: 0.4871 | f1-score: 0.5018 | support: 40183 | mAP: 0.5633

Round 39/40
----------
Epoch 1/1
----------
Epoch 1/1
----------
Epoch 1/1
----------
Epoch 1/1
----------
Epoch 1/1
----------
Epoch 1/1
----------
Epoch 1/1
----------
Epoch 1/1
----------
micro     precision: 0.8585 | recall: 0.7496 | f1-score: 0.8004 | support: 40183 | mAP: 0.8964
macro     precision: 0.6352 | recall: 0.4798 | f1-score: 0.5316 | support: 40183 | mAP: 0.5983

Round 40/40
----------
Epoch 1/1
----------
Epoch 1/1
----------
Epoch 1/1
----------
Epoch 1/1
----------
Epoch 1/1
----------
Epoch 1/1
----------
Epoch 1/1
----------
Epoch 1/1
----------
micro     precision: 0.8623 | recall: 0.7214 | f1-score: 0.7856 | support: 40183 | mAP: 0.8851
macro     precision: 0.6406 | recall: 0.4707 | f1-score: 0.5193 | support: 40183 | mAP: 0.5881

[{'0': {'precision': [], 'recall': [], 'f1-score': [], 'support': []}, '1': {'precision': [], 'recall': [], 'f1-score': [], 'support': []}, '2': {'precision': [], 'recall': [], 'f1-score': [], 'support': []}, '3': {'precision': [], 'recall': [], 'f1-score': [], 'support': []}, '4': {'precision': [], 'recall': [], 'f1-score': [], 'support': []}, '5': {'precision': [], 'recall': [], 'f1-score': [], 'support': []}, '6': {'precision': [], 'recall': [], 'f1-score': [], 'support': []}, '7': {'precision': [], 'recall': [], 'f1-score': [], 'support': []}, '8': {'precision': [], 'recall': [], 'f1-score': [], 'support': []}, '9': {'precision': [], 'recall': [], 'f1-score': [], 'support': []}, '10': {'precision': [], 'recall': [], 'f1-score': [], 'support': []}, '11': {'precision': [], 'recall': [], 'f1-score': [], 'support': []}, '12': {'precision': [], 'recall': [], 'f1-score': [], 'support': []}, '13': {'precision': [], 'recall': [], 'f1-score': [], 'support': []}, '14': {'precision': [], 'recall': [], 'f1-score': [], 'support': []}, '15': {'precision': [], 'recall': [], 'f1-score': [], 'support': []}, '16': {'precision': [], 'recall': [], 'f1-score': [], 'support': []}, '17': {'precision': [], 'recall': [], 'f1-score': [], 'support': []}, '18': {'precision': [], 'recall': [], 'f1-score': [], 'support': []}, 'micro avg': {'precision': [], 'recall': [], 'f1-score': [], 'support': []}, 'macro avg': {'precision': [], 'recall': [], 'f1-score': [], 'support': []}, 'weighted avg': {'precision': [], 'recall': [], 'f1-score': [], 'support': []}, 'ap_mic': [], 'ap_mac': []}, {'0': {'precision': [], 'recall': [], 'f1-score': [], 'support': []}, '1': {'precision': [], 'recall': [], 'f1-score': [], 'support': []}, '2': {'precision': [], 'recall': [], 'f1-score': [], 'support': []}, '3': {'precision': [], 'recall': [], 'f1-score': [], 'support': []}, '4': {'precision': [], 'recall': [], 'f1-score': [], 'support': []}, '5': {'precision': [], 'recall': [], 'f1-score': [], 'support': []}, '6': {'precision': [], 'recall': [], 'f1-score': [], 'support': []}, '7': {'precision': [], 'recall': [], 'f1-score': [], 'support': []}, '8': {'precision': [], 'recall': [], 'f1-score': [], 'support': []}, '9': {'precision': [], 'recall': [], 'f1-score': [], 'support': []}, '10': {'precision': [], 'recall': [], 'f1-score': [], 'support': []}, '11': {'precision': [], 'recall': [], 'f1-score': [], 'support': []}, '12': {'precision': [], 'recall': [], 'f1-score': [], 'support': []}, '13': {'precision': [], 'recall': [], 'f1-score': [], 'support': []}, '14': {'precision': [], 'recall': [], 'f1-score': [], 'support': []}, '15': {'precision': [], 'recall': [], 'f1-score': [], 'support': []}, '16': {'precision': [], 'recall': [], 'f1-score': [], 'support': []}, '17': {'precision': [], 'recall': [], 'f1-score': [], 'support': []}, '18': {'precision': [], 'recall': [], 'f1-score': [], 'support': []}, 'micro avg': {'precision': [], 'recall': [], 'f1-score': [], 'support': []}, 'macro avg': {'precision': [], 'recall': [], 'f1-score': [], 'support': []}, 'weighted avg': {'precision': [], 'recall': [], 'f1-score': [], 'support': []}, 'ap_mic': [], 'ap_mac': []}, {'0': {'precision': [], 'recall': [], 'f1-score': [], 'support': []}, '1': {'precision': [], 'recall': [], 'f1-score': [], 'support': []}, '2': {'precision': [], 'recall': [], 'f1-score': [], 'support': []}, '3': {'precision': [], 'recall': [], 'f1-score': [], 'support': []}, '4': {'precision': [], 'recall': [], 'f1-score': [], 'support': []}, '5': {'precision': [], 'recall': [], 'f1-score': [], 'support': []}, '6': {'precision': [], 'recall': [], 'f1-score': [], 'support': []}, '7': {'precision': [], 'recall': [], 'f1-score': [], 'support': []}, '8': {'precision': [], 'recall': [], 'f1-score': [], 'support': []}, '9': {'precision': [], 'recall': [], 'f1-score': [], 'support': []}, '10': {'precision': [], 'recall': [], 'f1-score': [], 'support': []}, '11': {'precision': [], 'recall': [], 'f1-score': [], 'support': []}, '12': {'precision': [], 'recall': [], 'f1-score': [], 'support': []}, '13': {'precision': [], 'recall': [], 'f1-score': [], 'support': []}, '14': {'precision': [], 'recall': [], 'f1-score': [], 'support': []}, '15': {'precision': [], 'recall': [], 'f1-score': [], 'support': []}, '16': {'precision': [], 'recall': [], 'f1-score': [], 'support': []}, '17': {'precision': [], 'recall': [], 'f1-score': [], 'support': []}, '18': {'precision': [], 'recall': [], 'f1-score': [], 'support': []}, 'micro avg': {'precision': [], 'recall': [], 'f1-score': [], 'support': []}, 'macro avg': {'precision': [], 'recall': [], 'f1-score': [], 'support': []}, 'weighted avg': {'precision': [], 'recall': [], 'f1-score': [], 'support': []}, 'ap_mic': [], 'ap_mac': []}, {'0': {'precision': [], 'recall': [], 'f1-score': [], 'support': []}, '1': {'precision': [], 'recall': [], 'f1-score': [], 'support': []}, '2': {'precision': [], 'recall': [], 'f1-score': [], 'support': []}, '3': {'precision': [], 'recall': [], 'f1-score': [], 'support': []}, '4': {'precision': [], 'recall': [], 'f1-score': [], 'support': []}, '5': {'precision': [], 'recall': [], 'f1-score': [], 'support': []}, '6': {'precision': [], 'recall': [], 'f1-score': [], 'support': []}, '7': {'precision': [], 'recall': [], 'f1-score': [], 'support': []}, '8': {'precision': [], 'recall': [], 'f1-score': [], 'support': []}, '9': {'precision': [], 'recall': [], 'f1-score': [], 'support': []}, '10': {'precision': [], 'recall': [], 'f1-score': [], 'support': []}, '11': {'precision': [], 'recall': [], 'f1-score': [], 'support': []}, '12': {'precision': [], 'recall': [], 'f1-score': [], 'support': []}, '13': {'precision': [], 'recall': [], 'f1-score': [], 'support': []}, '14': {'precision': [], 'recall': [], 'f1-score': [], 'support': []}, '15': {'precision': [], 'recall': [], 'f1-score': [], 'support': []}, '16': {'precision': [], 'recall': [], 'f1-score': [], 'support': []}, '17': {'precision': [], 'recall': [], 'f1-score': [], 'support': []}, '18': {'precision': [], 'recall': [], 'f1-score': [], 'support': []}, 'micro avg': {'precision': [], 'recall': [], 'f1-score': [], 'support': []}, 'macro avg': {'precision': [], 'recall': [], 'f1-score': [], 'support': []}, 'weighted avg': {'precision': [], 'recall': [], 'f1-score': [], 'support': []}, 'ap_mic': [], 'ap_mac': []}, {'0': {'precision': [], 'recall': [], 'f1-score': [], 'support': []}, '1': {'precision': [], 'recall': [], 'f1-score': [], 'support': []}, '2': {'precision': [], 'recall': [], 'f1-score': [], 'support': []}, '3': {'precision': [], 'recall': [], 'f1-score': [], 'support': []}, '4': {'precision': [], 'recall': [], 'f1-score': [], 'support': []}, '5': {'precision': [], 'recall': [], 'f1-score': [], 'support': []}, '6': {'precision': [], 'recall': [], 'f1-score': [], 'support': []}, '7': {'precision': [], 'recall': [], 'f1-score': [], 'support': []}, '8': {'precision': [], 'recall': [], 'f1-score': [], 'support': []}, '9': {'precision': [], 'recall': [], 'f1-score': [], 'support': []}, '10': {'precision': [], 'recall': [], 'f1-score': [], 'support': []}, '11': {'precision': [], 'recall': [], 'f1-score': [], 'support': []}, '12': {'precision': [], 'recall': [], 'f1-score': [], 'support': []}, '13': {'precision': [], 'recall': [], 'f1-score': [], 'support': []}, '14': {'precision': [], 'recall': [], 'f1-score': [], 'support': []}, '15': {'precision': [], 'recall': [], 'f1-score': [], 'support': []}, '16': {'precision': [], 'recall': [], 'f1-score': [], 'support': []}, '17': {'precision': [], 'recall': [], 'f1-score': [], 'support': []}, '18': {'precision': [], 'recall': [], 'f1-score': [], 'support': []}, 'micro avg': {'precision': [], 'recall': [], 'f1-score': [], 'support': []}, 'macro avg': {'precision': [], 'recall': [], 'f1-score': [], 'support': []}, 'weighted avg': {'precision': [], 'recall': [], 'f1-score': [], 'support': []}, 'ap_mic': [], 'ap_mac': []}, {'0': {'precision': [], 'recall': [], 'f1-score': [], 'support': []}, '1': {'precision': [], 'recall': [], 'f1-score': [], 'support': []}, '2': {'precision': [], 'recall': [], 'f1-score': [], 'support': []}, '3': {'precision': [], 'recall': [], 'f1-score': [], 'support': []}, '4': {'precision': [], 'recall': [], 'f1-score': [], 'support': []}, '5': {'precision': [], 'recall': [], 'f1-score': [], 'support': []}, '6': {'precision': [], 'recall': [], 'f1-score': [], 'support': []}, '7': {'precision': [], 'recall': [], 'f1-score': [], 'support': []}, '8': {'precision': [], 'recall': [], 'f1-score': [], 'support': []}, '9': {'precision': [], 'recall': [], 'f1-score': [], 'support': []}, '10': {'precision': [], 'recall': [], 'f1-score': [], 'support': []}, '11': {'precision': [], 'recall': [], 'f1-score': [], 'support': []}, '12': {'precision': [], 'recall': [], 'f1-score': [], 'support': []}, '13': {'precision': [], 'recall': [], 'f1-score': [], 'support': []}, '14': {'precision': [], 'recall': [], 'f1-score': [], 'support': []}, '15': {'precision': [], 'recall': [], 'f1-score': [], 'support': []}, '16': {'precision': [], 'recall': [], 'f1-score': [], 'support': []}, '17': {'precision': [], 'recall': [], 'f1-score': [], 'support': []}, '18': {'precision': [], 'recall': [], 'f1-score': [], 'support': []}, 'micro avg': {'precision': [], 'recall': [], 'f1-score': [], 'support': []}, 'macro avg': {'precision': [], 'recall': [], 'f1-score': [], 'support': []}, 'weighted avg': {'precision': [], 'recall': [], 'f1-score': [], 'support': []}, 'ap_mic': [], 'ap_mac': []}, {'0': {'precision': [], 'recall': [], 'f1-score': [], 'support': []}, '1': {'precision': [], 'recall': [], 'f1-score': [], 'support': []}, '2': {'precision': [], 'recall': [], 'f1-score': [], 'support': []}, '3': {'precision': [], 'recall': [], 'f1-score': [], 'support': []}, '4': {'precision': [], 'recall': [], 'f1-score': [], 'support': []}, '5': {'precision': [], 'recall': [], 'f1-score': [], 'support': []}, '6': {'precision': [], 'recall': [], 'f1-score': [], 'support': []}, '7': {'precision': [], 'recall': [], 'f1-score': [], 'support': []}, '8': {'precision': [], 'recall': [], 'f1-score': [], 'support': []}, '9': {'precision': [], 'recall': [], 'f1-score': [], 'support': []}, '10': {'precision': [], 'recall': [], 'f1-score': [], 'support': []}, '11': {'precision': [], 'recall': [], 'f1-score': [], 'support': []}, '12': {'precision': [], 'recall': [], 'f1-score': [], 'support': []}, '13': {'precision': [], 'recall': [], 'f1-score': [], 'support': []}, '14': {'precision': [], 'recall': [], 'f1-score': [], 'support': []}, '15': {'precision': [], 'recall': [], 'f1-score': [], 'support': []}, '16': {'precision': [], 'recall': [], 'f1-score': [], 'support': []}, '17': {'precision': [], 'recall': [], 'f1-score': [], 'support': []}, '18': {'precision': [], 'recall': [], 'f1-score': [], 'support': []}, 'micro avg': {'precision': [], 'recall': [], 'f1-score': [], 'support': []}, 'macro avg': {'precision': [], 'recall': [], 'f1-score': [], 'support': []}, 'weighted avg': {'precision': [], 'recall': [], 'f1-score': [], 'support': []}, 'ap_mic': [], 'ap_mac': []}, {'0': {'precision': [], 'recall': [], 'f1-score': [], 'support': []}, '1': {'precision': [], 'recall': [], 'f1-score': [], 'support': []}, '2': {'precision': [], 'recall': [], 'f1-score': [], 'support': []}, '3': {'precision': [], 'recall': [], 'f1-score': [], 'support': []}, '4': {'precision': [], 'recall': [], 'f1-score': [], 'support': []}, '5': {'precision': [], 'recall': [], 'f1-score': [], 'support': []}, '6': {'precision': [], 'recall': [], 'f1-score': [], 'support': []}, '7': {'precision': [], 'recall': [], 'f1-score': [], 'support': []}, '8': {'precision': [], 'recall': [], 'f1-score': [], 'support': []}, '9': {'precision': [], 'recall': [], 'f1-score': [], 'support': []}, '10': {'precision': [], 'recall': [], 'f1-score': [], 'support': []}, '11': {'precision': [], 'recall': [], 'f1-score': [], 'support': []}, '12': {'precision': [], 'recall': [], 'f1-score': [], 'support': []}, '13': {'precision': [], 'recall': [], 'f1-score': [], 'support': []}, '14': {'precision': [], 'recall': [], 'f1-score': [], 'support': []}, '15': {'precision': [], 'recall': [], 'f1-score': [], 'support': []}, '16': {'precision': [], 'recall': [], 'f1-score': [], 'support': []}, '17': {'precision': [], 'recall': [], 'f1-score': [], 'support': []}, '18': {'precision': [], 'recall': [], 'f1-score': [], 'support': []}, 'micro avg': {'precision': [], 'recall': [], 'f1-score': [], 'support': []}, 'macro avg': {'precision': [], 'recall': [], 'f1-score': [], 'support': []}, 'weighted avg': {'precision': [], 'recall': [], 'f1-score': [], 'support': []}, 'ap_mic': [], 'ap_mac': []}]
