scenario: 			 2 
pruning strategy: 	 random 
pruning rate: 		 0.7 
pruning round: 		 4 
communication rounds: 40 
epochs per round:	 1
Using device: cuda:0

init FLClient TRAIN dataset and dataloader
Pre-filtered 30767 patches based on country and season (split ignored)
Loading BEN data for train...
    237871 patches indexed
    14805 filtered patches indexed
    14805 patches indexed considering max_len
Merged metadata with snow/cloud metadata
Loaded 549488 labels
Loaded 549488 keys
Loaded mapping created

init FLClient VALIDATION dataset and dataloader
Pre-filtered 30767 patches based on country and season (split ignored)
Loading BEN data for test...
    119825 patches indexed
    8209 filtered patches indexed
    256 patches indexed considering max_len
Merged metadata with snow/cloud metadata
Loaded 549488 labels
Loaded 549488 keys
Loaded mapping created

init FLClient TRAIN dataset and dataloader
Pre-filtered 15549 patches based on country and season (split ignored)
Loading BEN data for train...
    237871 patches indexed
    7150 filtered patches indexed
    7150 patches indexed considering max_len
Merged metadata with snow/cloud metadata
Loaded 549488 labels
Loaded 549488 keys
Loaded mapping created

init FLClient VALIDATION dataset and dataloader
Pre-filtered 15549 patches based on country and season (split ignored)
Loading BEN data for test...
    119825 patches indexed
    4263 filtered patches indexed
    256 patches indexed considering max_len
Merged metadata with snow/cloud metadata
Loaded 549488 labels
Loaded 549488 keys
Loaded mapping created

init FLClient TRAIN dataset and dataloader
Pre-filtered 13683 patches based on country and season (split ignored)
Loading BEN data for train...
    237871 patches indexed
    7180 filtered patches indexed
    7180 patches indexed considering max_len
Merged metadata with snow/cloud metadata
Loaded 549488 labels
Loaded 549488 keys
Loaded mapping created

init FLClient VALIDATION dataset and dataloader
Pre-filtered 13683 patches based on country and season (split ignored)
Loading BEN data for test...
    119825 patches indexed
    3248 filtered patches indexed
    256 patches indexed considering max_len
Merged metadata with snow/cloud metadata
Loaded 549488 labels
Loaded 549488 keys
Loaded mapping created

init FLClient TRAIN dataset and dataloader
Pre-filtered 10372 patches based on country and season (split ignored)
Loading BEN data for train...
    237871 patches indexed
    5941 filtered patches indexed
    5941 patches indexed considering max_len
Merged metadata with snow/cloud metadata
Loaded 549488 labels
Loaded 549488 keys
Loaded mapping created

init FLClient VALIDATION dataset and dataloader
Pre-filtered 10372 patches based on country and season (split ignored)
Loading BEN data for test...
    119825 patches indexed
    1871 filtered patches indexed
    256 patches indexed considering max_len
Merged metadata with snow/cloud metadata
Loaded 549488 labels
Loaded 549488 keys
Loaded mapping created

init FLClient TRAIN dataset and dataloader
Pre-filtered 1939 patches based on country and season (split ignored)
Loading BEN data for train...
    237871 patches indexed
    1323 filtered patches indexed
    1323 patches indexed considering max_len
Merged metadata with snow/cloud metadata
Loaded 549488 labels
Loaded 549488 keys
Loaded mapping created

init FLClient VALIDATION dataset and dataloader
Pre-filtered 1939 patches based on country and season (split ignored)
Loading BEN data for test...
    119825 patches indexed
    32 filtered patches indexed
    32 patches indexed considering max_len
Merged metadata with snow/cloud metadata
Loaded 549488 labels
Loaded 549488 keys
Loaded mapping created

init FLClient TRAIN dataset and dataloader
Pre-filtered 8775 patches based on country and season (split ignored)
Loading BEN data for train...
    237871 patches indexed
    4206 filtered patches indexed
    4206 patches indexed considering max_len
Merged metadata with snow/cloud metadata
Loaded 549488 labels
Loaded 549488 keys
Loaded mapping created

init FLClient VALIDATION dataset and dataloader
Pre-filtered 8775 patches based on country and season (split ignored)
Loading BEN data for test...
    119825 patches indexed
    2151 filtered patches indexed
    256 patches indexed considering max_len
Merged metadata with snow/cloud metadata
Loaded 549488 labels
Loaded 549488 keys
Loaded mapping created

init FLClient TRAIN dataset and dataloader
Pre-filtered 16438 patches based on country and season (split ignored)
Loading BEN data for train...
    237871 patches indexed
    8037 filtered patches indexed
    8037 patches indexed considering max_len
Merged metadata with snow/cloud metadata
Loaded 549488 labels
Loaded 549488 keys
Loaded mapping created

init FLClient VALIDATION dataset and dataloader
Pre-filtered 16438 patches based on country and season (split ignored)
Loading BEN data for test...
    119825 patches indexed
    4220 filtered patches indexed
    256 patches indexed considering max_len
Merged metadata with snow/cloud metadata
Loaded 549488 labels
Loaded 549488 keys
Loaded mapping created

init FLClient TRAIN dataset and dataloader
Pre-filtered 4874 patches based on country and season (split ignored)
Loading BEN data for train...
    237871 patches indexed
    1692 filtered patches indexed
    1692 patches indexed considering max_len
Merged metadata with snow/cloud metadata
Loaded 549488 labels
Loaded 549488 keys
Loaded mapping created

init FLClient VALIDATION dataset and dataloader
Pre-filtered 4874 patches based on country and season (split ignored)
Loading BEN data for test...
    119825 patches indexed
    2039 filtered patches indexed
    256 patches indexed considering max_len
Merged metadata with snow/cloud metadata
Loaded 549488 labels
Loaded 549488 keys
Loaded mapping created

init GLOBALClient VALIDATION dataset and dataloader
Pre-filtered 59999 patches based on country and season (split ignored)
Loading BEN data for test...
    119825 patches indexed
    15720 filtered patches indexed
    15720 patches indexed considering max_len
Merged metadata with snow/cloud metadata
Loaded 549488 labels
Loaded 549488 keys
Loaded mapping created
Round 1/40
----------
Epoch 1/1
----------
Epoch 1/1
----------
Epoch 1/1
----------
Epoch 1/1
----------
Epoch 1/1
----------
Epoch 1/1
----------
Epoch 1/1
----------
Epoch 1/1
----------
micro     precision: 0.0000 | recall: 0.0000 | f1-score: 0.0000 | support: 40183 | mAP: 0.3145
macro     precision: 0.0000 | recall: 0.0000 | f1-score: 0.0000 | support: 40183 | mAP: 0.2369

Round 2/40
----------
Epoch 1/1
----------
Epoch 1/1
----------
Epoch 1/1
----------
Epoch 1/1
----------
Epoch 1/1
----------
Epoch 1/1
----------
Epoch 1/1
----------
Epoch 1/1
----------
micro     precision: 0.2885 | recall: 0.0309 | f1-score: 0.0558 | support: 40183 | mAP: 0.3383
macro     precision: 0.0678 | recall: 0.0248 | f1-score: 0.0188 | support: 40183 | mAP: 0.2811

Round 3/40
----------
Epoch 1/1
----------
Epoch 1/1
----------
Epoch 1/1
----------
Epoch 1/1
----------
Epoch 1/1
----------
Epoch 1/1
----------
Epoch 1/1
----------
Epoch 1/1
----------
micro     precision: 0.4811 | recall: 0.1346 | f1-score: 0.2104 | support: 40183 | mAP: 0.4430
macro     precision: 0.2075 | recall: 0.0677 | f1-score: 0.0609 | support: 40183 | mAP: 0.3210

Round 4/40
----------
Starting random pruning with rate 0.7
encoder.4.0.conv3: out of 16384 parameters 11456.0 were pruned.
encoder.4.0.downsample.0: out of 16384 parameters 11456.0 were pruned.
encoder.4.1.conv1: out of 16384 parameters 11520.0 were pruned.
encoder.4.1.conv2: out of 36864 parameters 25920.0 were pruned.
encoder.4.1.conv3: out of 16384 parameters 11456.0 were pruned.
encoder.4.2.conv1: out of 16384 parameters 11520.0 were pruned.
encoder.4.2.conv2: out of 36864 parameters 25920.0 were pruned.
encoder.4.2.conv3: out of 16384 parameters 11456.0 were pruned.
encoder.5.0.conv1: out of 32768 parameters 23040.0 were pruned.
encoder.5.0.conv2: out of 147456 parameters 103680.0 were pruned.
encoder.5.0.conv3: out of 65536 parameters 45824.0 were pruned.
encoder.5.0.downsample.0: out of 131072 parameters 91648.0 were pruned.
encoder.5.1.conv1: out of 65536 parameters 46080.0 were pruned.
encoder.5.1.conv2: out of 147456 parameters 103680.0 were pruned.
encoder.5.1.conv3: out of 65536 parameters 45824.0 were pruned.
encoder.5.2.conv1: out of 65536 parameters 46080.0 were pruned.
encoder.5.2.conv2: out of 147456 parameters 103680.0 were pruned.
encoder.5.2.conv3: out of 65536 parameters 45824.0 were pruned.
encoder.5.3.conv1: out of 65536 parameters 46080.0 were pruned.
encoder.5.3.conv2: out of 147456 parameters 103680.0 were pruned.
encoder.5.3.conv3: out of 65536 parameters 45824.0 were pruned.
encoder.6.0.conv1: out of 131072 parameters 91648.0 were pruned.
encoder.6.0.conv2: out of 589824 parameters 412416.0 were pruned.
encoder.6.0.conv3: out of 262144 parameters 183552.0 were pruned.
encoder.6.0.downsample.0: out of 524288 parameters 367104.0 were pruned.
encoder.6.1.conv1: out of 262144 parameters 183296.0 were pruned.
encoder.6.1.conv2: out of 589824 parameters 412416.0 were pruned.
encoder.6.1.conv3: out of 262144 parameters 183552.0 were pruned.
encoder.6.2.conv1: out of 262144 parameters 183296.0 were pruned.
encoder.6.2.conv2: out of 589824 parameters 412416.0 were pruned.
encoder.6.2.conv3: out of 262144 parameters 183552.0 were pruned.
encoder.6.3.conv1: out of 262144 parameters 183296.0 were pruned.
encoder.6.3.conv2: out of 589824 parameters 412416.0 were pruned.
encoder.6.3.conv3: out of 262144 parameters 183552.0 were pruned.
encoder.6.4.conv1: out of 262144 parameters 183296.0 were pruned.
encoder.6.4.conv2: out of 589824 parameters 412416.0 were pruned.
encoder.6.4.conv3: out of 262144 parameters 183552.0 were pruned.
encoder.6.5.conv1: out of 262144 parameters 183296.0 were pruned.
encoder.6.5.conv2: out of 589824 parameters 412416.0 were pruned.
encoder.6.5.conv3: out of 262144 parameters 183552.0 were pruned.
encoder.7.0.conv1: out of 524288 parameters 366592.0 were pruned.
encoder.7.0.conv2: out of 2359296 parameters 1649664.0 were pruned.
encoder.7.0.conv3: out of 1048576 parameters 734208.0 were pruned.
encoder.7.0.downsample.0: out of 2097152 parameters 1468416.0 were pruned.
encoder.7.1.conv1: out of 1048576 parameters 733184.0 were pruned.
encoder.7.1.conv2: out of 2359296 parameters 1649664.0 were pruned.
encoder.7.1.conv3: out of 1048576 parameters 734208.0 were pruned.
encoder.7.2.conv1: out of 1048576 parameters 733184.0 were pruned.
encoder.7.2.conv2: out of 2359296 parameters 1649664.0 were pruned.
encoder.7.2.conv3: out of 1048576 parameters 734208.0 were pruned.
Out of 23404544 parameters 16375680.0 were pruned.

Epoch 1/1
----------
Epoch 1/1
----------
Epoch 1/1
----------
Epoch 1/1
----------
Epoch 1/1
----------
Epoch 1/1
----------
Epoch 1/1
----------
Epoch 1/1
----------
micro     precision: 0.0000 | recall: 0.0000 | f1-score: 0.0000 | support: 40183 | mAP: 0.2731
macro     precision: 0.0000 | recall: 0.0000 | f1-score: 0.0000 | support: 40183 | mAP: 0.1689

Round 5/40
----------
Epoch 1/1
----------
Epoch 1/1
----------
Epoch 1/1
----------
Epoch 1/1
----------
Epoch 1/1
----------
Epoch 1/1
----------
Epoch 1/1
----------
Epoch 1/1
----------
micro     precision: 0.0000 | recall: 0.0000 | f1-score: 0.0000 | support: 40183 | mAP: 0.3401
macro     precision: 0.0000 | recall: 0.0000 | f1-score: 0.0000 | support: 40183 | mAP: 0.1840

Round 6/40
----------
Epoch 1/1
----------
Epoch 1/1
----------
Epoch 1/1
----------
Epoch 1/1
----------
Epoch 1/1
----------
Epoch 1/1
----------
Epoch 1/1
----------
Epoch 1/1
----------
micro     precision: 0.0000 | recall: 0.0000 | f1-score: 0.0000 | support: 40183 | mAP: 0.2926
macro     precision: 0.0000 | recall: 0.0000 | f1-score: 0.0000 | support: 40183 | mAP: 0.2616

Round 7/40
----------
Epoch 1/1
----------
Epoch 1/1
----------
Epoch 1/1
----------
Epoch 1/1
----------
Epoch 1/1
----------
Epoch 1/1
----------
Epoch 1/1
----------
Epoch 1/1
----------
micro     precision: 0.3744 | recall: 0.1465 | f1-score: 0.2106 | support: 40183 | mAP: 0.2799
macro     precision: 0.0197 | recall: 0.0526 | f1-score: 0.0287 | support: 40183 | mAP: 0.2567

Round 8/40
----------
Epoch 1/1
----------
Epoch 1/1
----------
Epoch 1/1
----------
Epoch 1/1
----------
Epoch 1/1
----------
Epoch 1/1
----------
Epoch 1/1
----------
Epoch 1/1
----------
micro     precision: 0.6178 | recall: 0.1322 | f1-score: 0.2178 | support: 40183 | mAP: 0.4119
macro     precision: 0.0325 | recall: 0.0475 | f1-score: 0.0386 | support: 40183 | mAP: 0.2870

Round 9/40
----------
Epoch 1/1
----------
Epoch 1/1
----------
Epoch 1/1
----------
Epoch 1/1
----------
Epoch 1/1
----------
Epoch 1/1
----------
Epoch 1/1
----------
Epoch 1/1
----------
micro     precision: 0.4913 | recall: 0.1352 | f1-score: 0.2120 | support: 40183 | mAP: 0.3605
macro     precision: 0.0776 | recall: 0.0562 | f1-score: 0.0517 | support: 40183 | mAP: 0.3046

Round 10/40
----------
Epoch 1/1
----------
Epoch 1/1
----------
Epoch 1/1
----------
Epoch 1/1
----------
Epoch 1/1
----------
Epoch 1/1
----------
Epoch 1/1
----------
Epoch 1/1
----------
micro     precision: 0.6833 | recall: 0.1961 | f1-score: 0.3048 | support: 40183 | mAP: 0.5357
macro     precision: 0.1459 | recall: 0.1007 | f1-score: 0.1096 | support: 40183 | mAP: 0.3252

Round 11/40
----------
Epoch 1/1
----------
Epoch 1/1
----------
Epoch 1/1
----------
Epoch 1/1
----------
Epoch 1/1
----------
Epoch 1/1
----------
Epoch 1/1
----------
Epoch 1/1
----------
micro     precision: 0.5556 | recall: 0.1765 | f1-score: 0.2679 | support: 40183 | mAP: 0.4785
macro     precision: 0.2032 | recall: 0.0845 | f1-score: 0.0858 | support: 40183 | mAP: 0.3212

Round 12/40
----------
Epoch 1/1
----------
Epoch 1/1
----------
Epoch 1/1
----------
Epoch 1/1
----------
Epoch 1/1
----------
Epoch 1/1
----------
Epoch 1/1
----------
Epoch 1/1
----------
micro     precision: 0.6798 | recall: 0.3732 | f1-score: 0.4818 | support: 40183 | mAP: 0.5876
macro     precision: 0.2523 | recall: 0.1797 | f1-score: 0.1880 | support: 40183 | mAP: 0.3443

Round 13/40
----------
Epoch 1/1
----------
Epoch 1/1
----------
Epoch 1/1
----------
Epoch 1/1
----------
Epoch 1/1
----------
Epoch 1/1
----------
Epoch 1/1
----------
Epoch 1/1
----------
micro     precision: 0.5704 | recall: 0.3112 | f1-score: 0.4027 | support: 40183 | mAP: 0.5233
macro     precision: 0.2429 | recall: 0.1466 | f1-score: 0.1434 | support: 40183 | mAP: 0.3354

Round 14/40
----------
Epoch 1/1
----------
Epoch 1/1
----------
Epoch 1/1
----------
Epoch 1/1
----------
Epoch 1/1
----------
Epoch 1/1
----------
Epoch 1/1
----------
Epoch 1/1
----------
micro     precision: 0.7064 | recall: 0.5425 | f1-score: 0.6137 | support: 40183 | mAP: 0.6692
macro     precision: 0.3265 | recall: 0.2616 | f1-score: 0.2696 | support: 40183 | mAP: 0.3830

Round 15/40
----------
Epoch 1/1
----------
Epoch 1/1
----------
Epoch 1/1
----------
Epoch 1/1
----------
Epoch 1/1
----------
Epoch 1/1
----------
Epoch 1/1
----------
Epoch 1/1
----------
micro     precision: 0.5911 | recall: 0.3681 | f1-score: 0.4537 | support: 40183 | mAP: 0.5658
macro     precision: 0.2464 | recall: 0.1730 | f1-score: 0.1665 | support: 40183 | mAP: 0.3309

Round 16/40
----------
Epoch 1/1
----------
Epoch 1/1
----------
Epoch 1/1
----------
Epoch 1/1
----------
Epoch 1/1
----------
Epoch 1/1
----------
Epoch 1/1
----------
Epoch 1/1
----------
micro     precision: 0.5954 | recall: 0.5395 | f1-score: 0.5661 | support: 40183 | mAP: 0.6215
macro     precision: 0.3355 | recall: 0.2644 | f1-score: 0.2418 | support: 40183 | mAP: 0.3919

Round 17/40
----------
Epoch 1/1
----------
Epoch 1/1
----------
Epoch 1/1
----------
Epoch 1/1
----------
Epoch 1/1
----------
Epoch 1/1
----------
Epoch 1/1
----------
Epoch 1/1
----------
micro     precision: 0.5927 | recall: 0.4199 | f1-score: 0.4916 | support: 40183 | mAP: 0.5828
macro     precision: 0.3752 | recall: 0.2186 | f1-score: 0.2075 | support: 40183 | mAP: 0.3869

Round 18/40
----------
Epoch 1/1
----------
Epoch 1/1
----------
Epoch 1/1
----------
Epoch 1/1
----------
Epoch 1/1
----------
Epoch 1/1
----------
Epoch 1/1
----------
Epoch 1/1
----------
micro     precision: 0.7006 | recall: 0.5029 | f1-score: 0.5855 | support: 40183 | mAP: 0.6297
macro     precision: 0.3752 | recall: 0.2231 | f1-score: 0.2244 | support: 40183 | mAP: 0.3748

Round 19/40
----------
Epoch 1/1
----------
Epoch 1/1
----------
Epoch 1/1
----------
Epoch 1/1
----------
Epoch 1/1
----------
Epoch 1/1
----------
Epoch 1/1
----------
Epoch 1/1
----------
micro     precision: 0.6237 | recall: 0.4472 | f1-score: 0.5209 | support: 40183 | mAP: 0.5969
macro     precision: 0.4195 | recall: 0.2153 | f1-score: 0.2095 | support: 40183 | mAP: 0.4095

Round 20/40
----------
Epoch 1/1
----------
Epoch 1/1
----------
Epoch 1/1
----------
Epoch 1/1
----------
Epoch 1/1
----------
Epoch 1/1
----------
Epoch 1/1
----------
Epoch 1/1
----------
micro     precision: 0.7630 | recall: 0.5735 | f1-score: 0.6548 | support: 40183 | mAP: 0.7147
macro     precision: 0.4045 | recall: 0.2710 | f1-score: 0.2787 | support: 40183 | mAP: 0.4092

Round 21/40
----------
Epoch 1/1
----------
Epoch 1/1
----------
Epoch 1/1
----------
Epoch 1/1
----------
Epoch 1/1
----------
Epoch 1/1
----------
Epoch 1/1
----------
Epoch 1/1
----------
micro     precision: 0.6512 | recall: 0.5323 | f1-score: 0.5858 | support: 40183 | mAP: 0.6657
macro     precision: 0.4256 | recall: 0.2668 | f1-score: 0.2624 | support: 40183 | mAP: 0.3984

Round 22/40
----------
Epoch 1/1
----------
Epoch 1/1
----------
Epoch 1/1
----------
Epoch 1/1
----------
Epoch 1/1
----------
Epoch 1/1
----------
Epoch 1/1
----------
Epoch 1/1
----------
micro     precision: 0.7121 | recall: 0.5447 | f1-score: 0.6173 | support: 40183 | mAP: 0.6857
macro     precision: 0.4107 | recall: 0.2699 | f1-score: 0.2771 | support: 40183 | mAP: 0.4153

Round 23/40
----------
Epoch 1/1
----------
Epoch 1/1
----------
Epoch 1/1
----------
Epoch 1/1
----------
Epoch 1/1
----------
Epoch 1/1
----------
Epoch 1/1
----------
Epoch 1/1
----------
micro     precision: 0.6864 | recall: 0.4994 | f1-score: 0.5781 | support: 40183 | mAP: 0.6509
macro     precision: 0.3765 | recall: 0.2377 | f1-score: 0.2379 | support: 40183 | mAP: 0.3857

Round 24/40
----------
Epoch 1/1
----------
Epoch 1/1
----------
Epoch 1/1
----------
Epoch 1/1
----------
Epoch 1/1
----------
Epoch 1/1
----------
Epoch 1/1
----------
Epoch 1/1
----------
micro     precision: 0.6611 | recall: 0.4761 | f1-score: 0.5536 | support: 40183 | mAP: 0.6425
macro     precision: 0.3416 | recall: 0.2418 | f1-score: 0.2394 | support: 40183 | mAP: 0.4020

Round 25/40
----------
Epoch 1/1
----------
Epoch 1/1
----------
Epoch 1/1
----------
Epoch 1/1
----------
Epoch 1/1
----------
Epoch 1/1
----------
Epoch 1/1
----------
Epoch 1/1
----------
micro     precision: 0.5766 | recall: 0.4910 | f1-score: 0.5304 | support: 40183 | mAP: 0.5736
macro     precision: 0.4208 | recall: 0.2587 | f1-score: 0.2461 | support: 40183 | mAP: 0.4030

Round 26/40
----------
Epoch 1/1
----------
Epoch 1/1
----------
Epoch 1/1
----------
Epoch 1/1
----------
Epoch 1/1
----------
Epoch 1/1
----------
Epoch 1/1
----------
Epoch 1/1
----------
micro     precision: 0.6589 | recall: 0.4233 | f1-score: 0.5154 | support: 40183 | mAP: 0.6281
macro     precision: 0.3847 | recall: 0.2142 | f1-score: 0.2097 | support: 40183 | mAP: 0.3870

Round 27/40
----------
Epoch 1/1
----------
Epoch 1/1
----------
Epoch 1/1
----------
Epoch 1/1
----------
Epoch 1/1
----------
Epoch 1/1
----------
Epoch 1/1
----------
Epoch 1/1
----------
micro     precision: 0.7128 | recall: 0.5694 | f1-score: 0.6331 | support: 40183 | mAP: 0.6974
macro     precision: 0.4437 | recall: 0.2854 | f1-score: 0.2940 | support: 40183 | mAP: 0.4229

Round 28/40
----------
Epoch 1/1
----------
Epoch 1/1
----------
Epoch 1/1
----------
Epoch 1/1
----------
Epoch 1/1
----------
Epoch 1/1
----------
Epoch 1/1
----------
Epoch 1/1
----------
micro     precision: 0.7382 | recall: 0.5579 | f1-score: 0.6355 | support: 40183 | mAP: 0.7013
macro     precision: 0.4455 | recall: 0.2775 | f1-score: 0.2968 | support: 40183 | mAP: 0.4133

Round 29/40
----------
Epoch 1/1
----------
Epoch 1/1
----------
Epoch 1/1
----------
Epoch 1/1
----------
Epoch 1/1
----------
Epoch 1/1
----------
Epoch 1/1
----------
Epoch 1/1
----------
micro     precision: 0.6877 | recall: 0.5404 | f1-score: 0.6052 | support: 40183 | mAP: 0.6733
macro     precision: 0.4242 | recall: 0.2620 | f1-score: 0.2605 | support: 40183 | mAP: 0.4002

Round 30/40
----------
Epoch 1/1
----------
Epoch 1/1
----------
Epoch 1/1
----------
Epoch 1/1
----------
Epoch 1/1
----------
Epoch 1/1
----------
Epoch 1/1
----------
Epoch 1/1
----------
micro     precision: 0.7637 | recall: 0.4353 | f1-score: 0.5545 | support: 40183 | mAP: 0.6838
macro     precision: 0.4526 | recall: 0.2142 | f1-score: 0.2379 | support: 40183 | mAP: 0.4290

Round 31/40
----------
Epoch 1/1
----------
Epoch 1/1
----------
Epoch 1/1
----------
Epoch 1/1
----------
Epoch 1/1
----------
Epoch 1/1
----------
Epoch 1/1
----------
Epoch 1/1
----------
micro     precision: 0.6273 | recall: 0.3871 | f1-score: 0.4788 | support: 40183 | mAP: 0.6372
macro     precision: 0.4114 | recall: 0.1885 | f1-score: 0.1914 | support: 40183 | mAP: 0.4081

Round 32/40
----------
Epoch 1/1
----------
Epoch 1/1
----------
Epoch 1/1
----------
Epoch 1/1
----------
Epoch 1/1
----------
Epoch 1/1
----------
Epoch 1/1
----------
Epoch 1/1
----------
micro     precision: 0.7440 | recall: 0.4709 | f1-score: 0.5767 | support: 40183 | mAP: 0.6748
macro     precision: 0.4736 | recall: 0.2472 | f1-score: 0.2792 | support: 40183 | mAP: 0.4314

Round 33/40
----------
Epoch 1/1
----------
Epoch 1/1
----------
Epoch 1/1
----------
Epoch 1/1
----------
Epoch 1/1
----------
Epoch 1/1
----------
Epoch 1/1
----------
Epoch 1/1
----------
micro     precision: 0.6480 | recall: 0.4220 | f1-score: 0.5111 | support: 40183 | mAP: 0.6502
macro     precision: 0.4285 | recall: 0.2153 | f1-score: 0.2165 | support: 40183 | mAP: 0.4077

Round 34/40
----------
Epoch 1/1
----------
Epoch 1/1
----------
Epoch 1/1
----------
Epoch 1/1
----------
Epoch 1/1
----------
Epoch 1/1
----------
Epoch 1/1
----------
Epoch 1/1
----------
micro     precision: 0.7672 | recall: 0.4474 | f1-score: 0.5652 | support: 40183 | mAP: 0.6984
macro     precision: 0.4821 | recall: 0.2375 | f1-score: 0.2817 | support: 40183 | mAP: 0.4377

Round 35/40
----------
Epoch 1/1
----------
Epoch 1/1
----------
Epoch 1/1
----------
Epoch 1/1
----------
Epoch 1/1
----------
Epoch 1/1
----------
Epoch 1/1
----------
Epoch 1/1
----------
micro     precision: 0.6776 | recall: 0.4133 | f1-score: 0.5134 | support: 40183 | mAP: 0.6423
macro     precision: 0.4033 | recall: 0.2053 | f1-score: 0.2086 | support: 40183 | mAP: 0.3939

Round 36/40
----------
Epoch 1/1
----------
Epoch 1/1
----------
Epoch 1/1
----------
Epoch 1/1
----------
Epoch 1/1
----------
Epoch 1/1
----------
Epoch 1/1
----------
Epoch 1/1
----------
micro     precision: 0.7431 | recall: 0.4488 | f1-score: 0.5597 | support: 40183 | mAP: 0.6889
macro     precision: 0.5031 | recall: 0.2201 | f1-score: 0.2421 | support: 40183 | mAP: 0.4216

Round 37/40
----------
Epoch 1/1
----------
Epoch 1/1
----------
Epoch 1/1
----------
Epoch 1/1
----------
Epoch 1/1
----------
Epoch 1/1
----------
Epoch 1/1
----------
Epoch 1/1
----------
micro     precision: 0.7464 | recall: 0.5062 | f1-score: 0.6032 | support: 40183 | mAP: 0.7116
macro     precision: 0.4698 | recall: 0.2633 | f1-score: 0.2969 | support: 40183 | mAP: 0.4401

Round 38/40
----------
Epoch 1/1
----------
Epoch 1/1
----------
Epoch 1/1
----------
Epoch 1/1
----------
Epoch 1/1
----------
Epoch 1/1
----------
Epoch 1/1
----------
Epoch 1/1
----------
micro     precision: 0.7281 | recall: 0.5076 | f1-score: 0.5982 | support: 40183 | mAP: 0.7103
macro     precision: 0.4659 | recall: 0.2690 | f1-score: 0.2923 | support: 40183 | mAP: 0.4409

Round 39/40
----------
Epoch 1/1
----------
Epoch 1/1
----------
Epoch 1/1
----------
Epoch 1/1
----------
Epoch 1/1
----------
Epoch 1/1
----------
Epoch 1/1
----------
Epoch 1/1
----------
micro     precision: 0.7388 | recall: 0.4598 | f1-score: 0.5668 | support: 40183 | mAP: 0.6925
macro     precision: 0.4955 | recall: 0.2358 | f1-score: 0.2609 | support: 40183 | mAP: 0.4088

Round 40/40
----------
Epoch 1/1
----------
Epoch 1/1
----------
Epoch 1/1
----------
Epoch 1/1
----------
Epoch 1/1
----------
Epoch 1/1
----------
Epoch 1/1
----------
Epoch 1/1
----------
micro     precision: 0.7332 | recall: 0.5450 | f1-score: 0.6253 | support: 40183 | mAP: 0.6907
macro     precision: 0.5114 | recall: 0.2718 | f1-score: 0.2871 | support: 40183 | mAP: 0.4352

[{'0': {'precision': [], 'recall': [], 'f1-score': [], 'support': []}, '1': {'precision': [], 'recall': [], 'f1-score': [], 'support': []}, '2': {'precision': [], 'recall': [], 'f1-score': [], 'support': []}, '3': {'precision': [], 'recall': [], 'f1-score': [], 'support': []}, '4': {'precision': [], 'recall': [], 'f1-score': [], 'support': []}, '5': {'precision': [], 'recall': [], 'f1-score': [], 'support': []}, '6': {'precision': [], 'recall': [], 'f1-score': [], 'support': []}, '7': {'precision': [], 'recall': [], 'f1-score': [], 'support': []}, '8': {'precision': [], 'recall': [], 'f1-score': [], 'support': []}, '9': {'precision': [], 'recall': [], 'f1-score': [], 'support': []}, '10': {'precision': [], 'recall': [], 'f1-score': [], 'support': []}, '11': {'precision': [], 'recall': [], 'f1-score': [], 'support': []}, '12': {'precision': [], 'recall': [], 'f1-score': [], 'support': []}, '13': {'precision': [], 'recall': [], 'f1-score': [], 'support': []}, '14': {'precision': [], 'recall': [], 'f1-score': [], 'support': []}, '15': {'precision': [], 'recall': [], 'f1-score': [], 'support': []}, '16': {'precision': [], 'recall': [], 'f1-score': [], 'support': []}, '17': {'precision': [], 'recall': [], 'f1-score': [], 'support': []}, '18': {'precision': [], 'recall': [], 'f1-score': [], 'support': []}, 'micro avg': {'precision': [], 'recall': [], 'f1-score': [], 'support': []}, 'macro avg': {'precision': [], 'recall': [], 'f1-score': [], 'support': []}, 'weighted avg': {'precision': [], 'recall': [], 'f1-score': [], 'support': []}, 'ap_mic': [], 'ap_mac': []}, {'0': {'precision': [], 'recall': [], 'f1-score': [], 'support': []}, '1': {'precision': [], 'recall': [], 'f1-score': [], 'support': []}, '2': {'precision': [], 'recall': [], 'f1-score': [], 'support': []}, '3': {'precision': [], 'recall': [], 'f1-score': [], 'support': []}, '4': {'precision': [], 'recall': [], 'f1-score': [], 'support': []}, '5': {'precision': [], 'recall': [], 'f1-score': [], 'support': []}, '6': {'precision': [], 'recall': [], 'f1-score': [], 'support': []}, '7': {'precision': [], 'recall': [], 'f1-score': [], 'support': []}, '8': {'precision': [], 'recall': [], 'f1-score': [], 'support': []}, '9': {'precision': [], 'recall': [], 'f1-score': [], 'support': []}, '10': {'precision': [], 'recall': [], 'f1-score': [], 'support': []}, '11': {'precision': [], 'recall': [], 'f1-score': [], 'support': []}, '12': {'precision': [], 'recall': [], 'f1-score': [], 'support': []}, '13': {'precision': [], 'recall': [], 'f1-score': [], 'support': []}, '14': {'precision': [], 'recall': [], 'f1-score': [], 'support': []}, '15': {'precision': [], 'recall': [], 'f1-score': [], 'support': []}, '16': {'precision': [], 'recall': [], 'f1-score': [], 'support': []}, '17': {'precision': [], 'recall': [], 'f1-score': [], 'support': []}, '18': {'precision': [], 'recall': [], 'f1-score': [], 'support': []}, 'micro avg': {'precision': [], 'recall': [], 'f1-score': [], 'support': []}, 'macro avg': {'precision': [], 'recall': [], 'f1-score': [], 'support': []}, 'weighted avg': {'precision': [], 'recall': [], 'f1-score': [], 'support': []}, 'ap_mic': [], 'ap_mac': []}, {'0': {'precision': [], 'recall': [], 'f1-score': [], 'support': []}, '1': {'precision': [], 'recall': [], 'f1-score': [], 'support': []}, '2': {'precision': [], 'recall': [], 'f1-score': [], 'support': []}, '3': {'precision': [], 'recall': [], 'f1-score': [], 'support': []}, '4': {'precision': [], 'recall': [], 'f1-score': [], 'support': []}, '5': {'precision': [], 'recall': [], 'f1-score': [], 'support': []}, '6': {'precision': [], 'recall': [], 'f1-score': [], 'support': []}, '7': {'precision': [], 'recall': [], 'f1-score': [], 'support': []}, '8': {'precision': [], 'recall': [], 'f1-score': [], 'support': []}, '9': {'precision': [], 'recall': [], 'f1-score': [], 'support': []}, '10': {'precision': [], 'recall': [], 'f1-score': [], 'support': []}, '11': {'precision': [], 'recall': [], 'f1-score': [], 'support': []}, '12': {'precision': [], 'recall': [], 'f1-score': [], 'support': []}, '13': {'precision': [], 'recall': [], 'f1-score': [], 'support': []}, '14': {'precision': [], 'recall': [], 'f1-score': [], 'support': []}, '15': {'precision': [], 'recall': [], 'f1-score': [], 'support': []}, '16': {'precision': [], 'recall': [], 'f1-score': [], 'support': []}, '17': {'precision': [], 'recall': [], 'f1-score': [], 'support': []}, '18': {'precision': [], 'recall': [], 'f1-score': [], 'support': []}, 'micro avg': {'precision': [], 'recall': [], 'f1-score': [], 'support': []}, 'macro avg': {'precision': [], 'recall': [], 'f1-score': [], 'support': []}, 'weighted avg': {'precision': [], 'recall': [], 'f1-score': [], 'support': []}, 'ap_mic': [], 'ap_mac': []}, {'0': {'precision': [], 'recall': [], 'f1-score': [], 'support': []}, '1': {'precision': [], 'recall': [], 'f1-score': [], 'support': []}, '2': {'precision': [], 'recall': [], 'f1-score': [], 'support': []}, '3': {'precision': [], 'recall': [], 'f1-score': [], 'support': []}, '4': {'precision': [], 'recall': [], 'f1-score': [], 'support': []}, '5': {'precision': [], 'recall': [], 'f1-score': [], 'support': []}, '6': {'precision': [], 'recall': [], 'f1-score': [], 'support': []}, '7': {'precision': [], 'recall': [], 'f1-score': [], 'support': []}, '8': {'precision': [], 'recall': [], 'f1-score': [], 'support': []}, '9': {'precision': [], 'recall': [], 'f1-score': [], 'support': []}, '10': {'precision': [], 'recall': [], 'f1-score': [], 'support': []}, '11': {'precision': [], 'recall': [], 'f1-score': [], 'support': []}, '12': {'precision': [], 'recall': [], 'f1-score': [], 'support': []}, '13': {'precision': [], 'recall': [], 'f1-score': [], 'support': []}, '14': {'precision': [], 'recall': [], 'f1-score': [], 'support': []}, '15': {'precision': [], 'recall': [], 'f1-score': [], 'support': []}, '16': {'precision': [], 'recall': [], 'f1-score': [], 'support': []}, '17': {'precision': [], 'recall': [], 'f1-score': [], 'support': []}, '18': {'precision': [], 'recall': [], 'f1-score': [], 'support': []}, 'micro avg': {'precision': [], 'recall': [], 'f1-score': [], 'support': []}, 'macro avg': {'precision': [], 'recall': [], 'f1-score': [], 'support': []}, 'weighted avg': {'precision': [], 'recall': [], 'f1-score': [], 'support': []}, 'ap_mic': [], 'ap_mac': []}, {'0': {'precision': [], 'recall': [], 'f1-score': [], 'support': []}, '1': {'precision': [], 'recall': [], 'f1-score': [], 'support': []}, '2': {'precision': [], 'recall': [], 'f1-score': [], 'support': []}, '3': {'precision': [], 'recall': [], 'f1-score': [], 'support': []}, '4': {'precision': [], 'recall': [], 'f1-score': [], 'support': []}, '5': {'precision': [], 'recall': [], 'f1-score': [], 'support': []}, '6': {'precision': [], 'recall': [], 'f1-score': [], 'support': []}, '7': {'precision': [], 'recall': [], 'f1-score': [], 'support': []}, '8': {'precision': [], 'recall': [], 'f1-score': [], 'support': []}, '9': {'precision': [], 'recall': [], 'f1-score': [], 'support': []}, '10': {'precision': [], 'recall': [], 'f1-score': [], 'support': []}, '11': {'precision': [], 'recall': [], 'f1-score': [], 'support': []}, '12': {'precision': [], 'recall': [], 'f1-score': [], 'support': []}, '13': {'precision': [], 'recall': [], 'f1-score': [], 'support': []}, '14': {'precision': [], 'recall': [], 'f1-score': [], 'support': []}, '15': {'precision': [], 'recall': [], 'f1-score': [], 'support': []}, '16': {'precision': [], 'recall': [], 'f1-score': [], 'support': []}, '17': {'precision': [], 'recall': [], 'f1-score': [], 'support': []}, '18': {'precision': [], 'recall': [], 'f1-score': [], 'support': []}, 'micro avg': {'precision': [], 'recall': [], 'f1-score': [], 'support': []}, 'macro avg': {'precision': [], 'recall': [], 'f1-score': [], 'support': []}, 'weighted avg': {'precision': [], 'recall': [], 'f1-score': [], 'support': []}, 'ap_mic': [], 'ap_mac': []}, {'0': {'precision': [], 'recall': [], 'f1-score': [], 'support': []}, '1': {'precision': [], 'recall': [], 'f1-score': [], 'support': []}, '2': {'precision': [], 'recall': [], 'f1-score': [], 'support': []}, '3': {'precision': [], 'recall': [], 'f1-score': [], 'support': []}, '4': {'precision': [], 'recall': [], 'f1-score': [], 'support': []}, '5': {'precision': [], 'recall': [], 'f1-score': [], 'support': []}, '6': {'precision': [], 'recall': [], 'f1-score': [], 'support': []}, '7': {'precision': [], 'recall': [], 'f1-score': [], 'support': []}, '8': {'precision': [], 'recall': [], 'f1-score': [], 'support': []}, '9': {'precision': [], 'recall': [], 'f1-score': [], 'support': []}, '10': {'precision': [], 'recall': [], 'f1-score': [], 'support': []}, '11': {'precision': [], 'recall': [], 'f1-score': [], 'support': []}, '12': {'precision': [], 'recall': [], 'f1-score': [], 'support': []}, '13': {'precision': [], 'recall': [], 'f1-score': [], 'support': []}, '14': {'precision': [], 'recall': [], 'f1-score': [], 'support': []}, '15': {'precision': [], 'recall': [], 'f1-score': [], 'support': []}, '16': {'precision': [], 'recall': [], 'f1-score': [], 'support': []}, '17': {'precision': [], 'recall': [], 'f1-score': [], 'support': []}, '18': {'precision': [], 'recall': [], 'f1-score': [], 'support': []}, 'micro avg': {'precision': [], 'recall': [], 'f1-score': [], 'support': []}, 'macro avg': {'precision': [], 'recall': [], 'f1-score': [], 'support': []}, 'weighted avg': {'precision': [], 'recall': [], 'f1-score': [], 'support': []}, 'ap_mic': [], 'ap_mac': []}, {'0': {'precision': [], 'recall': [], 'f1-score': [], 'support': []}, '1': {'precision': [], 'recall': [], 'f1-score': [], 'support': []}, '2': {'precision': [], 'recall': [], 'f1-score': [], 'support': []}, '3': {'precision': [], 'recall': [], 'f1-score': [], 'support': []}, '4': {'precision': [], 'recall': [], 'f1-score': [], 'support': []}, '5': {'precision': [], 'recall': [], 'f1-score': [], 'support': []}, '6': {'precision': [], 'recall': [], 'f1-score': [], 'support': []}, '7': {'precision': [], 'recall': [], 'f1-score': [], 'support': []}, '8': {'precision': [], 'recall': [], 'f1-score': [], 'support': []}, '9': {'precision': [], 'recall': [], 'f1-score': [], 'support': []}, '10': {'precision': [], 'recall': [], 'f1-score': [], 'support': []}, '11': {'precision': [], 'recall': [], 'f1-score': [], 'support': []}, '12': {'precision': [], 'recall': [], 'f1-score': [], 'support': []}, '13': {'precision': [], 'recall': [], 'f1-score': [], 'support': []}, '14': {'precision': [], 'recall': [], 'f1-score': [], 'support': []}, '15': {'precision': [], 'recall': [], 'f1-score': [], 'support': []}, '16': {'precision': [], 'recall': [], 'f1-score': [], 'support': []}, '17': {'precision': [], 'recall': [], 'f1-score': [], 'support': []}, '18': {'precision': [], 'recall': [], 'f1-score': [], 'support': []}, 'micro avg': {'precision': [], 'recall': [], 'f1-score': [], 'support': []}, 'macro avg': {'precision': [], 'recall': [], 'f1-score': [], 'support': []}, 'weighted avg': {'precision': [], 'recall': [], 'f1-score': [], 'support': []}, 'ap_mic': [], 'ap_mac': []}, {'0': {'precision': [], 'recall': [], 'f1-score': [], 'support': []}, '1': {'precision': [], 'recall': [], 'f1-score': [], 'support': []}, '2': {'precision': [], 'recall': [], 'f1-score': [], 'support': []}, '3': {'precision': [], 'recall': [], 'f1-score': [], 'support': []}, '4': {'precision': [], 'recall': [], 'f1-score': [], 'support': []}, '5': {'precision': [], 'recall': [], 'f1-score': [], 'support': []}, '6': {'precision': [], 'recall': [], 'f1-score': [], 'support': []}, '7': {'precision': [], 'recall': [], 'f1-score': [], 'support': []}, '8': {'precision': [], 'recall': [], 'f1-score': [], 'support': []}, '9': {'precision': [], 'recall': [], 'f1-score': [], 'support': []}, '10': {'precision': [], 'recall': [], 'f1-score': [], 'support': []}, '11': {'precision': [], 'recall': [], 'f1-score': [], 'support': []}, '12': {'precision': [], 'recall': [], 'f1-score': [], 'support': []}, '13': {'precision': [], 'recall': [], 'f1-score': [], 'support': []}, '14': {'precision': [], 'recall': [], 'f1-score': [], 'support': []}, '15': {'precision': [], 'recall': [], 'f1-score': [], 'support': []}, '16': {'precision': [], 'recall': [], 'f1-score': [], 'support': []}, '17': {'precision': [], 'recall': [], 'f1-score': [], 'support': []}, '18': {'precision': [], 'recall': [], 'f1-score': [], 'support': []}, 'micro avg': {'precision': [], 'recall': [], 'f1-score': [], 'support': []}, 'macro avg': {'precision': [], 'recall': [], 'f1-score': [], 'support': []}, 'weighted avg': {'precision': [], 'recall': [], 'f1-score': [], 'support': []}, 'ap_mic': [], 'ap_mac': []}]
