scenario: 			 2 
pruning strategy: 	 random 
pruning rate: 		 0.5 
pruning round: 		 4 
communication rounds: 40 
epochs per round:	 1
Using device: cuda:0

init FLClient TRAIN dataset and dataloader
Pre-filtered 30767 patches based on country and season (split ignored)
Loading BEN data for train...
    237871 patches indexed
    14805 filtered patches indexed
    14805 patches indexed considering max_len
Merged metadata with snow/cloud metadata
Loaded 549488 labels
Loaded 549488 keys
Loaded mapping created

init FLClient VALIDATION dataset and dataloader
Pre-filtered 30767 patches based on country and season (split ignored)
Loading BEN data for test...
    119825 patches indexed
    8209 filtered patches indexed
    256 patches indexed considering max_len
Merged metadata with snow/cloud metadata
Loaded 549488 labels
Loaded 549488 keys
Loaded mapping created

init FLClient TRAIN dataset and dataloader
Pre-filtered 15549 patches based on country and season (split ignored)
Loading BEN data for train...
    237871 patches indexed
    7150 filtered patches indexed
    7150 patches indexed considering max_len
Merged metadata with snow/cloud metadata
Loaded 549488 labels
Loaded 549488 keys
Loaded mapping created

init FLClient VALIDATION dataset and dataloader
Pre-filtered 15549 patches based on country and season (split ignored)
Loading BEN data for test...
    119825 patches indexed
    4263 filtered patches indexed
    256 patches indexed considering max_len
Merged metadata with snow/cloud metadata
Loaded 549488 labels
Loaded 549488 keys
Loaded mapping created

init FLClient TRAIN dataset and dataloader
Pre-filtered 13683 patches based on country and season (split ignored)
Loading BEN data for train...
    237871 patches indexed
    7180 filtered patches indexed
    7180 patches indexed considering max_len
Merged metadata with snow/cloud metadata
Loaded 549488 labels
Loaded 549488 keys
Loaded mapping created

init FLClient VALIDATION dataset and dataloader
Pre-filtered 13683 patches based on country and season (split ignored)
Loading BEN data for test...
    119825 patches indexed
    3248 filtered patches indexed
    256 patches indexed considering max_len
Merged metadata with snow/cloud metadata
Loaded 549488 labels
Loaded 549488 keys
Loaded mapping created

init FLClient TRAIN dataset and dataloader
Pre-filtered 10372 patches based on country and season (split ignored)
Loading BEN data for train...
    237871 patches indexed
    5941 filtered patches indexed
    5941 patches indexed considering max_len
Merged metadata with snow/cloud metadata
Loaded 549488 labels
Loaded 549488 keys
Loaded mapping created

init FLClient VALIDATION dataset and dataloader
Pre-filtered 10372 patches based on country and season (split ignored)
Loading BEN data for test...
    119825 patches indexed
    1871 filtered patches indexed
    256 patches indexed considering max_len
Merged metadata with snow/cloud metadata
Loaded 549488 labels
Loaded 549488 keys
Loaded mapping created

init FLClient TRAIN dataset and dataloader
Pre-filtered 1939 patches based on country and season (split ignored)
Loading BEN data for train...
    237871 patches indexed
    1323 filtered patches indexed
    1323 patches indexed considering max_len
Merged metadata with snow/cloud metadata
Loaded 549488 labels
Loaded 549488 keys
Loaded mapping created

init FLClient VALIDATION dataset and dataloader
Pre-filtered 1939 patches based on country and season (split ignored)
Loading BEN data for test...
    119825 patches indexed
    32 filtered patches indexed
    32 patches indexed considering max_len
Merged metadata with snow/cloud metadata
Loaded 549488 labels
Loaded 549488 keys
Loaded mapping created

init FLClient TRAIN dataset and dataloader
Pre-filtered 8775 patches based on country and season (split ignored)
Loading BEN data for train...
    237871 patches indexed
    4206 filtered patches indexed
    4206 patches indexed considering max_len
Merged metadata with snow/cloud metadata
Loaded 549488 labels
Loaded 549488 keys
Loaded mapping created

init FLClient VALIDATION dataset and dataloader
Pre-filtered 8775 patches based on country and season (split ignored)
Loading BEN data for test...
    119825 patches indexed
    2151 filtered patches indexed
    256 patches indexed considering max_len
Merged metadata with snow/cloud metadata
Loaded 549488 labels
Loaded 549488 keys
Loaded mapping created

init FLClient TRAIN dataset and dataloader
Pre-filtered 16438 patches based on country and season (split ignored)
Loading BEN data for train...
    237871 patches indexed
    8037 filtered patches indexed
    8037 patches indexed considering max_len
Merged metadata with snow/cloud metadata
Loaded 549488 labels
Loaded 549488 keys
Loaded mapping created

init FLClient VALIDATION dataset and dataloader
Pre-filtered 16438 patches based on country and season (split ignored)
Loading BEN data for test...
    119825 patches indexed
    4220 filtered patches indexed
    256 patches indexed considering max_len
Merged metadata with snow/cloud metadata
Loaded 549488 labels
Loaded 549488 keys
Loaded mapping created

init FLClient TRAIN dataset and dataloader
Pre-filtered 4874 patches based on country and season (split ignored)
Loading BEN data for train...
    237871 patches indexed
    1692 filtered patches indexed
    1692 patches indexed considering max_len
Merged metadata with snow/cloud metadata
Loaded 549488 labels
Loaded 549488 keys
Loaded mapping created

init FLClient VALIDATION dataset and dataloader
Pre-filtered 4874 patches based on country and season (split ignored)
Loading BEN data for test...
    119825 patches indexed
    2039 filtered patches indexed
    256 patches indexed considering max_len
Merged metadata with snow/cloud metadata
Loaded 549488 labels
Loaded 549488 keys
Loaded mapping created

init GLOBALClient VALIDATION dataset and dataloader
Pre-filtered 59999 patches based on country and season (split ignored)
Loading BEN data for test...
    119825 patches indexed
    15720 filtered patches indexed
    15720 patches indexed considering max_len
Merged metadata with snow/cloud metadata
Loaded 549488 labels
Loaded 549488 keys
Loaded mapping created
Round 1/40
----------
Epoch 1/1
----------
Epoch 1/1
----------
Epoch 1/1
----------
Epoch 1/1
----------
Epoch 1/1
----------
Epoch 1/1
----------
Epoch 1/1
----------
Epoch 1/1
----------
micro     precision: 0.7778 | recall: 0.0002 | f1-score: 0.0003 | support: 40183 | mAP: 0.3338
macro     precision: 0.0409 | recall: 0.0001 | f1-score: 0.0001 | support: 40183 | mAP: 0.2207

Round 2/40
----------
Epoch 1/1
----------
Epoch 1/1
----------
Epoch 1/1
----------
Epoch 1/1
----------
Epoch 1/1
----------
Epoch 1/1
----------
Epoch 1/1
----------
Epoch 1/1
----------
micro     precision: 0.3810 | recall: 0.0482 | f1-score: 0.0856 | support: 40183 | mAP: 0.3428
macro     precision: 0.0897 | recall: 0.0339 | f1-score: 0.0332 | support: 40183 | mAP: 0.2902

Round 3/40
----------
Epoch 1/1
----------
Epoch 1/1
----------
Epoch 1/1
----------
Epoch 1/1
----------
Epoch 1/1
----------
Epoch 1/1
----------
Epoch 1/1
----------
Epoch 1/1
----------
micro     precision: 0.3949 | recall: 0.0894 | f1-score: 0.1458 | support: 40183 | mAP: 0.3946
macro     precision: 0.1784 | recall: 0.0428 | f1-score: 0.0489 | support: 40183 | mAP: 0.2935

Round 4/40
----------
Starting random pruning with rate 0.5
encoder.4.0.conv3: out of 16384 parameters 8192.0 were pruned.
encoder.4.0.downsample.0: out of 16384 parameters 8192.0 were pruned.
encoder.4.1.conv1: out of 16384 parameters 8192.0 were pruned.
encoder.4.1.conv2: out of 36864 parameters 18432.0 were pruned.
encoder.4.1.conv3: out of 16384 parameters 8192.0 were pruned.
encoder.4.2.conv1: out of 16384 parameters 8192.0 were pruned.
encoder.4.2.conv2: out of 36864 parameters 18432.0 were pruned.
encoder.4.2.conv3: out of 16384 parameters 8192.0 were pruned.
encoder.5.0.conv1: out of 32768 parameters 16384.0 were pruned.
encoder.5.0.conv2: out of 147456 parameters 73728.0 were pruned.
encoder.5.0.conv3: out of 65536 parameters 32768.0 were pruned.
encoder.5.0.downsample.0: out of 131072 parameters 65536.0 were pruned.
encoder.5.1.conv1: out of 65536 parameters 32768.0 were pruned.
encoder.5.1.conv2: out of 147456 parameters 73728.0 were pruned.
encoder.5.1.conv3: out of 65536 parameters 32768.0 were pruned.
encoder.5.2.conv1: out of 65536 parameters 32768.0 were pruned.
encoder.5.2.conv2: out of 147456 parameters 73728.0 were pruned.
encoder.5.2.conv3: out of 65536 parameters 32768.0 were pruned.
encoder.5.3.conv1: out of 65536 parameters 32768.0 were pruned.
encoder.5.3.conv2: out of 147456 parameters 73728.0 were pruned.
encoder.5.3.conv3: out of 65536 parameters 32768.0 were pruned.
encoder.6.0.conv1: out of 131072 parameters 65536.0 were pruned.
encoder.6.0.conv2: out of 589824 parameters 294912.0 were pruned.
encoder.6.0.conv3: out of 262144 parameters 131072.0 were pruned.
encoder.6.0.downsample.0: out of 524288 parameters 262144.0 were pruned.
encoder.6.1.conv1: out of 262144 parameters 131072.0 were pruned.
encoder.6.1.conv2: out of 589824 parameters 294912.0 were pruned.
encoder.6.1.conv3: out of 262144 parameters 131072.0 were pruned.
encoder.6.2.conv1: out of 262144 parameters 131072.0 were pruned.
encoder.6.2.conv2: out of 589824 parameters 294912.0 were pruned.
encoder.6.2.conv3: out of 262144 parameters 131072.0 were pruned.
encoder.6.3.conv1: out of 262144 parameters 131072.0 were pruned.
encoder.6.3.conv2: out of 589824 parameters 294912.0 were pruned.
encoder.6.3.conv3: out of 262144 parameters 131072.0 were pruned.
encoder.6.4.conv1: out of 262144 parameters 131072.0 were pruned.
encoder.6.4.conv2: out of 589824 parameters 294912.0 were pruned.
encoder.6.4.conv3: out of 262144 parameters 131072.0 were pruned.
encoder.6.5.conv1: out of 262144 parameters 131072.0 were pruned.
encoder.6.5.conv2: out of 589824 parameters 294912.0 were pruned.
encoder.6.5.conv3: out of 262144 parameters 131072.0 were pruned.
encoder.7.0.conv1: out of 524288 parameters 262144.0 were pruned.
encoder.7.0.conv2: out of 2359296 parameters 1179648.0 were pruned.
encoder.7.0.conv3: out of 1048576 parameters 524288.0 were pruned.
encoder.7.0.downsample.0: out of 2097152 parameters 1048576.0 were pruned.
encoder.7.1.conv1: out of 1048576 parameters 524288.0 were pruned.
encoder.7.1.conv2: out of 2359296 parameters 1179648.0 were pruned.
encoder.7.1.conv3: out of 1048576 parameters 524288.0 were pruned.
encoder.7.2.conv1: out of 1048576 parameters 524288.0 were pruned.
encoder.7.2.conv2: out of 2359296 parameters 1179648.0 were pruned.
encoder.7.2.conv3: out of 1048576 parameters 524288.0 were pruned.
Out of 23404544 parameters 11702272.0 were pruned.

Epoch 1/1
----------
Epoch 1/1
----------
Epoch 1/1
----------
Epoch 1/1
----------
Epoch 1/1
----------
Epoch 1/1
----------
Epoch 1/1
----------
Epoch 1/1
----------
micro     precision: 0.0000 | recall: 0.0000 | f1-score: 0.0000 | support: 40183 | mAP: 0.3061
macro     precision: 0.0000 | recall: 0.0000 | f1-score: 0.0000 | support: 40183 | mAP: 0.2492

Round 5/40
----------
Epoch 1/1
----------
Epoch 1/1
----------
Epoch 1/1
----------
Epoch 1/1
----------
Epoch 1/1
----------
Epoch 1/1
----------
Epoch 1/1
----------
Epoch 1/1
----------
micro     precision: 0.0000 | recall: 0.0000 | f1-score: 0.0000 | support: 40183 | mAP: 0.2866
macro     precision: 0.0000 | recall: 0.0000 | f1-score: 0.0000 | support: 40183 | mAP: 0.2802

Round 6/40
----------
Epoch 1/1
----------
Epoch 1/1
----------
Epoch 1/1
----------
Epoch 1/1
----------
Epoch 1/1
----------
Epoch 1/1
----------
Epoch 1/1
----------
Epoch 1/1
----------
micro     precision: 0.7555 | recall: 0.0318 | f1-score: 0.0609 | support: 40183 | mAP: 0.3687
macro     precision: 0.0398 | recall: 0.0114 | f1-score: 0.0177 | support: 40183 | mAP: 0.3195

Round 7/40
----------
Epoch 1/1
----------
Epoch 1/1
----------
Epoch 1/1
----------
Epoch 1/1
----------
Epoch 1/1
----------
Epoch 1/1
----------
Epoch 1/1
----------
Epoch 1/1
----------
micro     precision: 0.4791 | recall: 0.0721 | f1-score: 0.1254 | support: 40183 | mAP: 0.3657
macro     precision: 0.1071 | recall: 0.0354 | f1-score: 0.0407 | support: 40183 | mAP: 0.3036

Round 8/40
----------
Epoch 1/1
----------
Epoch 1/1
----------
Epoch 1/1
----------
Epoch 1/1
----------
Epoch 1/1
----------
Epoch 1/1
----------
Epoch 1/1
----------
Epoch 1/1
----------
micro     precision: 0.7430 | recall: 0.1948 | f1-score: 0.3086 | support: 40183 | mAP: 0.5599
macro     precision: 0.2508 | recall: 0.0973 | f1-score: 0.1016 | support: 40183 | mAP: 0.3582

Round 9/40
----------
Epoch 1/1
----------
Epoch 1/1
----------
Epoch 1/1
----------
Epoch 1/1
----------
Epoch 1/1
----------
Epoch 1/1
----------
Epoch 1/1
----------
Epoch 1/1
----------
micro     precision: 0.4432 | recall: 0.3446 | f1-score: 0.3877 | support: 40183 | mAP: 0.4665
macro     precision: 0.2164 | recall: 0.1867 | f1-score: 0.1577 | support: 40183 | mAP: 0.3444

Round 10/40
----------
Epoch 1/1
----------
Epoch 1/1
----------
Epoch 1/1
----------
Epoch 1/1
----------
Epoch 1/1
----------
Epoch 1/1
----------
Epoch 1/1
----------
Epoch 1/1
----------
micro     precision: 0.6500 | recall: 0.3488 | f1-score: 0.4540 | support: 40183 | mAP: 0.5786
macro     precision: 0.3157 | recall: 0.1687 | f1-score: 0.1754 | support: 40183 | mAP: 0.3506

Round 11/40
----------
Epoch 1/1
----------
Epoch 1/1
----------
Epoch 1/1
----------
Epoch 1/1
----------
Epoch 1/1
----------
Epoch 1/1
----------
Epoch 1/1
----------
Epoch 1/1
----------
micro     precision: 0.5530 | recall: 0.4003 | f1-score: 0.4644 | support: 40183 | mAP: 0.5291
macro     precision: 0.3487 | recall: 0.1930 | f1-score: 0.1853 | support: 40183 | mAP: 0.3690

Round 12/40
----------
Epoch 1/1
----------
Epoch 1/1
----------
Epoch 1/1
----------
Epoch 1/1
----------
Epoch 1/1
----------
Epoch 1/1
----------
Epoch 1/1
----------
Epoch 1/1
----------
micro     precision: 0.6535 | recall: 0.5534 | f1-score: 0.5993 | support: 40183 | mAP: 0.6550
macro     precision: 0.3301 | recall: 0.2750 | f1-score: 0.2743 | support: 40183 | mAP: 0.3732

Round 13/40
----------
Epoch 1/1
----------
Epoch 1/1
----------
Epoch 1/1
----------
Epoch 1/1
----------
Epoch 1/1
----------
Epoch 1/1
----------
Epoch 1/1
----------
Epoch 1/1
----------
micro     precision: 0.5548 | recall: 0.3557 | f1-score: 0.4335 | support: 40183 | mAP: 0.5002
macro     precision: 0.3275 | recall: 0.1774 | f1-score: 0.1760 | support: 40183 | mAP: 0.3633

Round 14/40
----------
Epoch 1/1
----------
Epoch 1/1
----------
Epoch 1/1
----------
Epoch 1/1
----------
Epoch 1/1
----------
Epoch 1/1
----------
Epoch 1/1
----------
Epoch 1/1
----------
micro     precision: 0.6424 | recall: 0.5045 | f1-score: 0.5652 | support: 40183 | mAP: 0.6272
macro     precision: 0.3866 | recall: 0.2614 | f1-score: 0.2539 | support: 40183 | mAP: 0.3771

Round 15/40
----------
Epoch 1/1
----------
Epoch 1/1
----------
Epoch 1/1
----------
Epoch 1/1
----------
Epoch 1/1
----------
Epoch 1/1
----------
Epoch 1/1
----------
Epoch 1/1
----------
micro     precision: 0.5340 | recall: 0.3707 | f1-score: 0.4376 | support: 40183 | mAP: 0.4963
macro     precision: 0.2639 | recall: 0.1813 | f1-score: 0.1786 | support: 40183 | mAP: 0.3052

Round 16/40
----------
Epoch 1/1
----------
Epoch 1/1
----------
Epoch 1/1
----------
Epoch 1/1
----------
Epoch 1/1
----------
Epoch 1/1
----------
Epoch 1/1
----------
Epoch 1/1
----------
micro     precision: 0.4850 | recall: 0.5562 | f1-score: 0.5182 | support: 40183 | mAP: 0.5068
macro     precision: 0.3508 | recall: 0.2918 | f1-score: 0.2593 | support: 40183 | mAP: 0.3479

Round 17/40
----------
Epoch 1/1
----------
Epoch 1/1
----------
Epoch 1/1
----------
Epoch 1/1
----------
Epoch 1/1
----------
Epoch 1/1
----------
Epoch 1/1
----------
Epoch 1/1
----------
micro     precision: 0.5826 | recall: 0.4719 | f1-score: 0.5215 | support: 40183 | mAP: 0.5938
macro     precision: 0.3822 | recall: 0.2487 | f1-score: 0.2301 | support: 40183 | mAP: 0.3931

Round 18/40
----------
Epoch 1/1
----------
Epoch 1/1
----------
Epoch 1/1
----------
Epoch 1/1
----------
Epoch 1/1
----------
Epoch 1/1
----------
Epoch 1/1
----------
Epoch 1/1
----------
micro     precision: 0.7752 | recall: 0.5366 | f1-score: 0.6342 | support: 40183 | mAP: 0.7024
macro     precision: 0.4214 | recall: 0.2719 | f1-score: 0.3027 | support: 40183 | mAP: 0.4058

Round 19/40
----------
Epoch 1/1
----------
Epoch 1/1
----------
Epoch 1/1
----------
Epoch 1/1
----------
Epoch 1/1
----------
Epoch 1/1
----------
Epoch 1/1
----------
Epoch 1/1
----------
micro     precision: 0.5863 | recall: 0.4552 | f1-score: 0.5125 | support: 40183 | mAP: 0.5927
macro     precision: 0.3071 | recall: 0.2243 | f1-score: 0.2063 | support: 40183 | mAP: 0.3834

Round 20/40
----------
Epoch 1/1
----------
Epoch 1/1
----------
Epoch 1/1
----------
Epoch 1/1
----------
Epoch 1/1
----------
Epoch 1/1
----------
Epoch 1/1
----------
Epoch 1/1
----------
micro     precision: 0.7732 | recall: 0.4686 | f1-score: 0.5836 | support: 40183 | mAP: 0.6559
macro     precision: 0.4298 | recall: 0.2239 | f1-score: 0.2505 | support: 40183 | mAP: 0.3927

Round 21/40
----------
Epoch 1/1
----------
Epoch 1/1
----------
Epoch 1/1
----------
Epoch 1/1
----------
Epoch 1/1
----------
Epoch 1/1
----------
Epoch 1/1
----------
Epoch 1/1
----------
micro     precision: 0.5878 | recall: 0.5152 | f1-score: 0.5491 | support: 40183 | mAP: 0.6117
macro     precision: 0.3954 | recall: 0.2513 | f1-score: 0.2451 | support: 40183 | mAP: 0.3859

Round 22/40
----------
Epoch 1/1
----------
Epoch 1/1
----------
Epoch 1/1
----------
Epoch 1/1
----------
Epoch 1/1
----------
Epoch 1/1
----------
Epoch 1/1
----------
Epoch 1/1
----------
micro     precision: 0.6651 | recall: 0.4724 | f1-score: 0.5524 | support: 40183 | mAP: 0.6510
macro     precision: 0.3999 | recall: 0.2495 | f1-score: 0.2574 | support: 40183 | mAP: 0.3979

Round 23/40
----------
Epoch 1/1
----------
Epoch 1/1
----------
Epoch 1/1
----------
Epoch 1/1
----------
Epoch 1/1
----------
Epoch 1/1
----------
Epoch 1/1
----------
Epoch 1/1
----------
micro     precision: 0.7098 | recall: 0.4626 | f1-score: 0.5601 | support: 40183 | mAP: 0.6570
macro     precision: 0.4435 | recall: 0.2311 | f1-score: 0.2360 | support: 40183 | mAP: 0.4025

Round 24/40
----------
Epoch 1/1
----------
Epoch 1/1
----------
Epoch 1/1
----------
Epoch 1/1
----------
Epoch 1/1
----------
Epoch 1/1
----------
Epoch 1/1
----------
Epoch 1/1
----------
micro     precision: 0.6317 | recall: 0.4004 | f1-score: 0.4901 | support: 40183 | mAP: 0.6164
macro     precision: 0.4366 | recall: 0.2205 | f1-score: 0.2305 | support: 40183 | mAP: 0.3962

Round 25/40
----------
Epoch 1/1
----------
Epoch 1/1
----------
Epoch 1/1
----------
Epoch 1/1
----------
Epoch 1/1
----------
Epoch 1/1
----------
Epoch 1/1
----------
Epoch 1/1
----------
micro     precision: 0.6441 | recall: 0.3551 | f1-score: 0.4578 | support: 40183 | mAP: 0.6207
macro     precision: 0.4451 | recall: 0.1971 | f1-score: 0.2068 | support: 40183 | mAP: 0.4039

Round 26/40
----------
Epoch 1/1
----------
Epoch 1/1
----------
Epoch 1/1
----------
Epoch 1/1
----------
Epoch 1/1
----------
Epoch 1/1
----------
Epoch 1/1
----------
Epoch 1/1
----------
micro     precision: 0.6707 | recall: 0.3921 | f1-score: 0.4948 | support: 40183 | mAP: 0.6171
macro     precision: 0.3885 | recall: 0.2025 | f1-score: 0.2081 | support: 40183 | mAP: 0.3956

Round 27/40
----------
Epoch 1/1
----------
Epoch 1/1
----------
Epoch 1/1
----------
Epoch 1/1
----------
Epoch 1/1
----------
Epoch 1/1
----------
Epoch 1/1
----------
Epoch 1/1
----------
micro     precision: 0.6978 | recall: 0.4656 | f1-score: 0.5585 | support: 40183 | mAP: 0.6699
macro     precision: 0.4061 | recall: 0.2472 | f1-score: 0.2562 | support: 40183 | mAP: 0.4116

Round 28/40
----------
Epoch 1/1
----------
Epoch 1/1
----------
Epoch 1/1
----------
Epoch 1/1
----------
Epoch 1/1
----------
Epoch 1/1
----------
Epoch 1/1
----------
Epoch 1/1
----------
micro     precision: 0.7750 | recall: 0.3807 | f1-score: 0.5106 | support: 40183 | mAP: 0.6467
macro     precision: 0.4521 | recall: 0.1850 | f1-score: 0.2062 | support: 40183 | mAP: 0.3910

Round 29/40
----------
Epoch 1/1
----------
Epoch 1/1
----------
Epoch 1/1
----------
Epoch 1/1
----------
Epoch 1/1
----------
Epoch 1/1
----------
Epoch 1/1
----------
Epoch 1/1
----------
micro     precision: 0.7416 | recall: 0.4133 | f1-score: 0.5308 | support: 40183 | mAP: 0.6657
macro     precision: 0.4611 | recall: 0.2098 | f1-score: 0.2316 | support: 40183 | mAP: 0.4062

Round 30/40
----------
Epoch 1/1
----------
Epoch 1/1
----------
Epoch 1/1
----------
Epoch 1/1
----------
Epoch 1/1
----------
Epoch 1/1
----------
Epoch 1/1
----------
Epoch 1/1
----------
micro     precision: 0.7796 | recall: 0.4513 | f1-score: 0.5717 | support: 40183 | mAP: 0.6845
macro     precision: 0.4641 | recall: 0.2286 | f1-score: 0.2600 | support: 40183 | mAP: 0.4226

Round 31/40
----------
Epoch 1/1
----------
Epoch 1/1
----------
Epoch 1/1
----------
Epoch 1/1
----------
Epoch 1/1
----------
Epoch 1/1
----------
Epoch 1/1
----------
Epoch 1/1
----------
micro     precision: 0.8113 | recall: 0.5024 | f1-score: 0.6205 | support: 40183 | mAP: 0.7253
macro     precision: 0.4725 | recall: 0.2562 | f1-score: 0.2923 | support: 40183 | mAP: 0.4426

Round 32/40
----------
Epoch 1/1
----------
Epoch 1/1
----------
Epoch 1/1
----------
Epoch 1/1
----------
Epoch 1/1
----------
Epoch 1/1
----------
Epoch 1/1
----------
Epoch 1/1
----------
micro     precision: 0.7654 | recall: 0.4178 | f1-score: 0.5405 | support: 40183 | mAP: 0.6682
macro     precision: 0.4381 | recall: 0.2090 | f1-score: 0.2360 | support: 40183 | mAP: 0.4167

Round 33/40
----------
Epoch 1/1
----------
Epoch 1/1
----------
Epoch 1/1
----------
Epoch 1/1
----------
Epoch 1/1
----------
Epoch 1/1
----------
Epoch 1/1
----------
Epoch 1/1
----------
micro     precision: 0.7686 | recall: 0.3953 | f1-score: 0.5221 | support: 40183 | mAP: 0.6435
macro     precision: 0.4071 | recall: 0.1910 | f1-score: 0.2112 | support: 40183 | mAP: 0.3730

Round 34/40
----------
Epoch 1/1
----------
Epoch 1/1
----------
Epoch 1/1
----------
Epoch 1/1
----------
Epoch 1/1
----------
Epoch 1/1
----------
Epoch 1/1
----------
Epoch 1/1
----------
micro     precision: 0.7378 | recall: 0.5677 | f1-score: 0.6417 | support: 40183 | mAP: 0.6923
macro     precision: 0.4656 | recall: 0.2823 | f1-score: 0.2940 | support: 40183 | mAP: 0.4169

Round 35/40
----------
Epoch 1/1
----------
Epoch 1/1
----------
Epoch 1/1
----------
Epoch 1/1
----------
Epoch 1/1
----------
Epoch 1/1
----------
Epoch 1/1
----------
Epoch 1/1
----------
micro     precision: 0.7405 | recall: 0.5619 | f1-score: 0.6389 | support: 40183 | mAP: 0.7047
macro     precision: 0.3855 | recall: 0.2706 | f1-score: 0.2774 | support: 40183 | mAP: 0.4131

Round 36/40
----------
Epoch 1/1
----------
Epoch 1/1
----------
Epoch 1/1
----------
Epoch 1/1
----------
Epoch 1/1
----------
Epoch 1/1
----------
Epoch 1/1
----------
Epoch 1/1
----------
micro     precision: 0.7927 | recall: 0.5013 | f1-score: 0.6142 | support: 40183 | mAP: 0.7073
macro     precision: 0.4590 | recall: 0.2489 | f1-score: 0.2765 | support: 40183 | mAP: 0.4197

Round 37/40
----------
Epoch 1/1
----------
Epoch 1/1
----------
Epoch 1/1
----------
Epoch 1/1
----------
Epoch 1/1
----------
Epoch 1/1
----------
Epoch 1/1
----------
Epoch 1/1
----------
micro     precision: 0.7400 | recall: 0.5350 | f1-score: 0.6210 | support: 40183 | mAP: 0.7019
macro     precision: 0.4813 | recall: 0.2541 | f1-score: 0.2635 | support: 40183 | mAP: 0.4090

Round 38/40
----------
Epoch 1/1
----------
Epoch 1/1
----------
Epoch 1/1
----------
Epoch 1/1
----------
Epoch 1/1
----------
Epoch 1/1
----------
Epoch 1/1
----------
Epoch 1/1
----------
micro     precision: 0.7793 | recall: 0.5097 | f1-score: 0.6163 | support: 40183 | mAP: 0.6948
macro     precision: 0.5142 | recall: 0.2433 | f1-score: 0.2685 | support: 40183 | mAP: 0.3994

Round 39/40
----------
Epoch 1/1
----------
Epoch 1/1
----------
Epoch 1/1
----------
Epoch 1/1
----------
Epoch 1/1
----------
Epoch 1/1
----------
Epoch 1/1
----------
Epoch 1/1
----------
micro     precision: 0.7664 | recall: 0.4678 | f1-score: 0.5810 | support: 40183 | mAP: 0.6899
macro     precision: 0.5107 | recall: 0.2319 | f1-score: 0.2575 | support: 40183 | mAP: 0.4338

Round 40/40
----------
Epoch 1/1
----------
Epoch 1/1
----------
Epoch 1/1
----------
Epoch 1/1
----------
Epoch 1/1
----------
Epoch 1/1
----------
Epoch 1/1
----------
Epoch 1/1
----------
micro     precision: 0.8008 | recall: 0.4733 | f1-score: 0.5950 | support: 40183 | mAP: 0.7043
macro     precision: 0.5305 | recall: 0.2322 | f1-score: 0.2645 | support: 40183 | mAP: 0.4247

[{'0': {'precision': [], 'recall': [], 'f1-score': [], 'support': []}, '1': {'precision': [], 'recall': [], 'f1-score': [], 'support': []}, '2': {'precision': [], 'recall': [], 'f1-score': [], 'support': []}, '3': {'precision': [], 'recall': [], 'f1-score': [], 'support': []}, '4': {'precision': [], 'recall': [], 'f1-score': [], 'support': []}, '5': {'precision': [], 'recall': [], 'f1-score': [], 'support': []}, '6': {'precision': [], 'recall': [], 'f1-score': [], 'support': []}, '7': {'precision': [], 'recall': [], 'f1-score': [], 'support': []}, '8': {'precision': [], 'recall': [], 'f1-score': [], 'support': []}, '9': {'precision': [], 'recall': [], 'f1-score': [], 'support': []}, '10': {'precision': [], 'recall': [], 'f1-score': [], 'support': []}, '11': {'precision': [], 'recall': [], 'f1-score': [], 'support': []}, '12': {'precision': [], 'recall': [], 'f1-score': [], 'support': []}, '13': {'precision': [], 'recall': [], 'f1-score': [], 'support': []}, '14': {'precision': [], 'recall': [], 'f1-score': [], 'support': []}, '15': {'precision': [], 'recall': [], 'f1-score': [], 'support': []}, '16': {'precision': [], 'recall': [], 'f1-score': [], 'support': []}, '17': {'precision': [], 'recall': [], 'f1-score': [], 'support': []}, '18': {'precision': [], 'recall': [], 'f1-score': [], 'support': []}, 'micro avg': {'precision': [], 'recall': [], 'f1-score': [], 'support': []}, 'macro avg': {'precision': [], 'recall': [], 'f1-score': [], 'support': []}, 'weighted avg': {'precision': [], 'recall': [], 'f1-score': [], 'support': []}, 'ap_mic': [], 'ap_mac': []}, {'0': {'precision': [], 'recall': [], 'f1-score': [], 'support': []}, '1': {'precision': [], 'recall': [], 'f1-score': [], 'support': []}, '2': {'precision': [], 'recall': [], 'f1-score': [], 'support': []}, '3': {'precision': [], 'recall': [], 'f1-score': [], 'support': []}, '4': {'precision': [], 'recall': [], 'f1-score': [], 'support': []}, '5': {'precision': [], 'recall': [], 'f1-score': [], 'support': []}, '6': {'precision': [], 'recall': [], 'f1-score': [], 'support': []}, '7': {'precision': [], 'recall': [], 'f1-score': [], 'support': []}, '8': {'precision': [], 'recall': [], 'f1-score': [], 'support': []}, '9': {'precision': [], 'recall': [], 'f1-score': [], 'support': []}, '10': {'precision': [], 'recall': [], 'f1-score': [], 'support': []}, '11': {'precision': [], 'recall': [], 'f1-score': [], 'support': []}, '12': {'precision': [], 'recall': [], 'f1-score': [], 'support': []}, '13': {'precision': [], 'recall': [], 'f1-score': [], 'support': []}, '14': {'precision': [], 'recall': [], 'f1-score': [], 'support': []}, '15': {'precision': [], 'recall': [], 'f1-score': [], 'support': []}, '16': {'precision': [], 'recall': [], 'f1-score': [], 'support': []}, '17': {'precision': [], 'recall': [], 'f1-score': [], 'support': []}, '18': {'precision': [], 'recall': [], 'f1-score': [], 'support': []}, 'micro avg': {'precision': [], 'recall': [], 'f1-score': [], 'support': []}, 'macro avg': {'precision': [], 'recall': [], 'f1-score': [], 'support': []}, 'weighted avg': {'precision': [], 'recall': [], 'f1-score': [], 'support': []}, 'ap_mic': [], 'ap_mac': []}, {'0': {'precision': [], 'recall': [], 'f1-score': [], 'support': []}, '1': {'precision': [], 'recall': [], 'f1-score': [], 'support': []}, '2': {'precision': [], 'recall': [], 'f1-score': [], 'support': []}, '3': {'precision': [], 'recall': [], 'f1-score': [], 'support': []}, '4': {'precision': [], 'recall': [], 'f1-score': [], 'support': []}, '5': {'precision': [], 'recall': [], 'f1-score': [], 'support': []}, '6': {'precision': [], 'recall': [], 'f1-score': [], 'support': []}, '7': {'precision': [], 'recall': [], 'f1-score': [], 'support': []}, '8': {'precision': [], 'recall': [], 'f1-score': [], 'support': []}, '9': {'precision': [], 'recall': [], 'f1-score': [], 'support': []}, '10': {'precision': [], 'recall': [], 'f1-score': [], 'support': []}, '11': {'precision': [], 'recall': [], 'f1-score': [], 'support': []}, '12': {'precision': [], 'recall': [], 'f1-score': [], 'support': []}, '13': {'precision': [], 'recall': [], 'f1-score': [], 'support': []}, '14': {'precision': [], 'recall': [], 'f1-score': [], 'support': []}, '15': {'precision': [], 'recall': [], 'f1-score': [], 'support': []}, '16': {'precision': [], 'recall': [], 'f1-score': [], 'support': []}, '17': {'precision': [], 'recall': [], 'f1-score': [], 'support': []}, '18': {'precision': [], 'recall': [], 'f1-score': [], 'support': []}, 'micro avg': {'precision': [], 'recall': [], 'f1-score': [], 'support': []}, 'macro avg': {'precision': [], 'recall': [], 'f1-score': [], 'support': []}, 'weighted avg': {'precision': [], 'recall': [], 'f1-score': [], 'support': []}, 'ap_mic': [], 'ap_mac': []}, {'0': {'precision': [], 'recall': [], 'f1-score': [], 'support': []}, '1': {'precision': [], 'recall': [], 'f1-score': [], 'support': []}, '2': {'precision': [], 'recall': [], 'f1-score': [], 'support': []}, '3': {'precision': [], 'recall': [], 'f1-score': [], 'support': []}, '4': {'precision': [], 'recall': [], 'f1-score': [], 'support': []}, '5': {'precision': [], 'recall': [], 'f1-score': [], 'support': []}, '6': {'precision': [], 'recall': [], 'f1-score': [], 'support': []}, '7': {'precision': [], 'recall': [], 'f1-score': [], 'support': []}, '8': {'precision': [], 'recall': [], 'f1-score': [], 'support': []}, '9': {'precision': [], 'recall': [], 'f1-score': [], 'support': []}, '10': {'precision': [], 'recall': [], 'f1-score': [], 'support': []}, '11': {'precision': [], 'recall': [], 'f1-score': [], 'support': []}, '12': {'precision': [], 'recall': [], 'f1-score': [], 'support': []}, '13': {'precision': [], 'recall': [], 'f1-score': [], 'support': []}, '14': {'precision': [], 'recall': [], 'f1-score': [], 'support': []}, '15': {'precision': [], 'recall': [], 'f1-score': [], 'support': []}, '16': {'precision': [], 'recall': [], 'f1-score': [], 'support': []}, '17': {'precision': [], 'recall': [], 'f1-score': [], 'support': []}, '18': {'precision': [], 'recall': [], 'f1-score': [], 'support': []}, 'micro avg': {'precision': [], 'recall': [], 'f1-score': [], 'support': []}, 'macro avg': {'precision': [], 'recall': [], 'f1-score': [], 'support': []}, 'weighted avg': {'precision': [], 'recall': [], 'f1-score': [], 'support': []}, 'ap_mic': [], 'ap_mac': []}, {'0': {'precision': [], 'recall': [], 'f1-score': [], 'support': []}, '1': {'precision': [], 'recall': [], 'f1-score': [], 'support': []}, '2': {'precision': [], 'recall': [], 'f1-score': [], 'support': []}, '3': {'precision': [], 'recall': [], 'f1-score': [], 'support': []}, '4': {'precision': [], 'recall': [], 'f1-score': [], 'support': []}, '5': {'precision': [], 'recall': [], 'f1-score': [], 'support': []}, '6': {'precision': [], 'recall': [], 'f1-score': [], 'support': []}, '7': {'precision': [], 'recall': [], 'f1-score': [], 'support': []}, '8': {'precision': [], 'recall': [], 'f1-score': [], 'support': []}, '9': {'precision': [], 'recall': [], 'f1-score': [], 'support': []}, '10': {'precision': [], 'recall': [], 'f1-score': [], 'support': []}, '11': {'precision': [], 'recall': [], 'f1-score': [], 'support': []}, '12': {'precision': [], 'recall': [], 'f1-score': [], 'support': []}, '13': {'precision': [], 'recall': [], 'f1-score': [], 'support': []}, '14': {'precision': [], 'recall': [], 'f1-score': [], 'support': []}, '15': {'precision': [], 'recall': [], 'f1-score': [], 'support': []}, '16': {'precision': [], 'recall': [], 'f1-score': [], 'support': []}, '17': {'precision': [], 'recall': [], 'f1-score': [], 'support': []}, '18': {'precision': [], 'recall': [], 'f1-score': [], 'support': []}, 'micro avg': {'precision': [], 'recall': [], 'f1-score': [], 'support': []}, 'macro avg': {'precision': [], 'recall': [], 'f1-score': [], 'support': []}, 'weighted avg': {'precision': [], 'recall': [], 'f1-score': [], 'support': []}, 'ap_mic': [], 'ap_mac': []}, {'0': {'precision': [], 'recall': [], 'f1-score': [], 'support': []}, '1': {'precision': [], 'recall': [], 'f1-score': [], 'support': []}, '2': {'precision': [], 'recall': [], 'f1-score': [], 'support': []}, '3': {'precision': [], 'recall': [], 'f1-score': [], 'support': []}, '4': {'precision': [], 'recall': [], 'f1-score': [], 'support': []}, '5': {'precision': [], 'recall': [], 'f1-score': [], 'support': []}, '6': {'precision': [], 'recall': [], 'f1-score': [], 'support': []}, '7': {'precision': [], 'recall': [], 'f1-score': [], 'support': []}, '8': {'precision': [], 'recall': [], 'f1-score': [], 'support': []}, '9': {'precision': [], 'recall': [], 'f1-score': [], 'support': []}, '10': {'precision': [], 'recall': [], 'f1-score': [], 'support': []}, '11': {'precision': [], 'recall': [], 'f1-score': [], 'support': []}, '12': {'precision': [], 'recall': [], 'f1-score': [], 'support': []}, '13': {'precision': [], 'recall': [], 'f1-score': [], 'support': []}, '14': {'precision': [], 'recall': [], 'f1-score': [], 'support': []}, '15': {'precision': [], 'recall': [], 'f1-score': [], 'support': []}, '16': {'precision': [], 'recall': [], 'f1-score': [], 'support': []}, '17': {'precision': [], 'recall': [], 'f1-score': [], 'support': []}, '18': {'precision': [], 'recall': [], 'f1-score': [], 'support': []}, 'micro avg': {'precision': [], 'recall': [], 'f1-score': [], 'support': []}, 'macro avg': {'precision': [], 'recall': [], 'f1-score': [], 'support': []}, 'weighted avg': {'precision': [], 'recall': [], 'f1-score': [], 'support': []}, 'ap_mic': [], 'ap_mac': []}, {'0': {'precision': [], 'recall': [], 'f1-score': [], 'support': []}, '1': {'precision': [], 'recall': [], 'f1-score': [], 'support': []}, '2': {'precision': [], 'recall': [], 'f1-score': [], 'support': []}, '3': {'precision': [], 'recall': [], 'f1-score': [], 'support': []}, '4': {'precision': [], 'recall': [], 'f1-score': [], 'support': []}, '5': {'precision': [], 'recall': [], 'f1-score': [], 'support': []}, '6': {'precision': [], 'recall': [], 'f1-score': [], 'support': []}, '7': {'precision': [], 'recall': [], 'f1-score': [], 'support': []}, '8': {'precision': [], 'recall': [], 'f1-score': [], 'support': []}, '9': {'precision': [], 'recall': [], 'f1-score': [], 'support': []}, '10': {'precision': [], 'recall': [], 'f1-score': [], 'support': []}, '11': {'precision': [], 'recall': [], 'f1-score': [], 'support': []}, '12': {'precision': [], 'recall': [], 'f1-score': [], 'support': []}, '13': {'precision': [], 'recall': [], 'f1-score': [], 'support': []}, '14': {'precision': [], 'recall': [], 'f1-score': [], 'support': []}, '15': {'precision': [], 'recall': [], 'f1-score': [], 'support': []}, '16': {'precision': [], 'recall': [], 'f1-score': [], 'support': []}, '17': {'precision': [], 'recall': [], 'f1-score': [], 'support': []}, '18': {'precision': [], 'recall': [], 'f1-score': [], 'support': []}, 'micro avg': {'precision': [], 'recall': [], 'f1-score': [], 'support': []}, 'macro avg': {'precision': [], 'recall': [], 'f1-score': [], 'support': []}, 'weighted avg': {'precision': [], 'recall': [], 'f1-score': [], 'support': []}, 'ap_mic': [], 'ap_mac': []}, {'0': {'precision': [], 'recall': [], 'f1-score': [], 'support': []}, '1': {'precision': [], 'recall': [], 'f1-score': [], 'support': []}, '2': {'precision': [], 'recall': [], 'f1-score': [], 'support': []}, '3': {'precision': [], 'recall': [], 'f1-score': [], 'support': []}, '4': {'precision': [], 'recall': [], 'f1-score': [], 'support': []}, '5': {'precision': [], 'recall': [], 'f1-score': [], 'support': []}, '6': {'precision': [], 'recall': [], 'f1-score': [], 'support': []}, '7': {'precision': [], 'recall': [], 'f1-score': [], 'support': []}, '8': {'precision': [], 'recall': [], 'f1-score': [], 'support': []}, '9': {'precision': [], 'recall': [], 'f1-score': [], 'support': []}, '10': {'precision': [], 'recall': [], 'f1-score': [], 'support': []}, '11': {'precision': [], 'recall': [], 'f1-score': [], 'support': []}, '12': {'precision': [], 'recall': [], 'f1-score': [], 'support': []}, '13': {'precision': [], 'recall': [], 'f1-score': [], 'support': []}, '14': {'precision': [], 'recall': [], 'f1-score': [], 'support': []}, '15': {'precision': [], 'recall': [], 'f1-score': [], 'support': []}, '16': {'precision': [], 'recall': [], 'f1-score': [], 'support': []}, '17': {'precision': [], 'recall': [], 'f1-score': [], 'support': []}, '18': {'precision': [], 'recall': [], 'f1-score': [], 'support': []}, 'micro avg': {'precision': [], 'recall': [], 'f1-score': [], 'support': []}, 'macro avg': {'precision': [], 'recall': [], 'f1-score': [], 'support': []}, 'weighted avg': {'precision': [], 'recall': [], 'f1-score': [], 'support': []}, 'ap_mic': [], 'ap_mac': []}]
