Using device: cuda:0
Pre-filtered 30767 patches based on country and season (split ignored)
Loading BEN data for train...
    237871 patches indexed
    14805 filtered patches indexed
    14805 patches indexed considering max_len
Merged metadata with snow/cloud metadata
Loaded 549488 labels
Loaded 549488 keys
Loaded mapping created
Pre-filtered 30767 patches based on country and season (split ignored)
Loading BEN data for test...
    119825 patches indexed
    8209 filtered patches indexed
    8209 patches indexed considering max_len
Merged metadata with snow/cloud metadata
Loaded 549488 labels
Loaded 549488 keys
Loaded mapping created
Pre-filtered 15549 patches based on country and season (split ignored)
Loading BEN data for train...
    237871 patches indexed
    7150 filtered patches indexed
    7150 patches indexed considering max_len
Merged metadata with snow/cloud metadata
Loaded 549488 labels
Loaded 549488 keys
Loaded mapping created
Pre-filtered 15549 patches based on country and season (split ignored)
Loading BEN data for test...
    119825 patches indexed
    4263 filtered patches indexed
    4263 patches indexed considering max_len
Merged metadata with snow/cloud metadata
Loaded 549488 labels
Loaded 549488 keys
Loaded mapping created
Pre-filtered 13683 patches based on country and season (split ignored)
Loading BEN data for train...
    237871 patches indexed
    7180 filtered patches indexed
    7180 patches indexed considering max_len
Merged metadata with snow/cloud metadata
Loaded 549488 labels
Loaded 549488 keys
Loaded mapping created
Pre-filtered 13683 patches based on country and season (split ignored)
Loading BEN data for test...
    119825 patches indexed
    3248 filtered patches indexed
    3248 patches indexed considering max_len
Merged metadata with snow/cloud metadata
Loaded 549488 labels
Loaded 549488 keys
Loaded mapping created
Pre-filtered 10372 patches based on country and season (split ignored)
Loading BEN data for train...
    237871 patches indexed
    5941 filtered patches indexed
    5941 patches indexed considering max_len
Merged metadata with snow/cloud metadata
Loaded 549488 labels
Loaded 549488 keys
Loaded mapping created
Pre-filtered 10372 patches based on country and season (split ignored)
Loading BEN data for test...
    119825 patches indexed
    1871 filtered patches indexed
    1871 patches indexed considering max_len
Merged metadata with snow/cloud metadata
Loaded 549488 labels
Loaded 549488 keys
Loaded mapping created
Pre-filtered 1939 patches based on country and season (split ignored)
Loading BEN data for train...
    237871 patches indexed
    1323 filtered patches indexed
    1323 patches indexed considering max_len
Merged metadata with snow/cloud metadata
Loaded 549488 labels
Loaded 549488 keys
Loaded mapping created
Pre-filtered 1939 patches based on country and season (split ignored)
Loading BEN data for test...
    119825 patches indexed
    32 filtered patches indexed
    32 patches indexed considering max_len
Merged metadata with snow/cloud metadata
Loaded 549488 labels
Loaded 549488 keys
Loaded mapping created
Pre-filtered 8775 patches based on country and season (split ignored)
Loading BEN data for train...
    237871 patches indexed
    4206 filtered patches indexed
    4206 patches indexed considering max_len
Merged metadata with snow/cloud metadata
Loaded 549488 labels
Loaded 549488 keys
Loaded mapping created
Pre-filtered 8775 patches based on country and season (split ignored)
Loading BEN data for test...
    119825 patches indexed
    2151 filtered patches indexed
    2151 patches indexed considering max_len
Merged metadata with snow/cloud metadata
Loaded 549488 labels
Loaded 549488 keys
Loaded mapping created
Pre-filtered 16438 patches based on country and season (split ignored)
Loading BEN data for train...
    237871 patches indexed
    8037 filtered patches indexed
    8037 patches indexed considering max_len
Merged metadata with snow/cloud metadata
Loaded 549488 labels
Loaded 549488 keys
Loaded mapping created
Pre-filtered 16438 patches based on country and season (split ignored)
Loading BEN data for test...
    119825 patches indexed
    4220 filtered patches indexed
    4220 patches indexed considering max_len
Merged metadata with snow/cloud metadata
Loaded 549488 labels
Loaded 549488 keys
Loaded mapping created
Pre-filtered 4874 patches based on country and season (split ignored)
Loading BEN data for train...
    237871 patches indexed
    1692 filtered patches indexed
    1692 patches indexed considering max_len
Merged metadata with snow/cloud metadata
Loaded 549488 labels
Loaded 549488 keys
Loaded mapping created
Pre-filtered 4874 patches based on country and season (split ignored)
Loading BEN data for test...
    119825 patches indexed
    2039 filtered patches indexed
    2039 patches indexed considering max_len
Merged metadata with snow/cloud metadata
Loaded 549488 labels
Loaded 549488 keys
Loaded mapping created
Pre-filtered 59999 patches based on country and season (split ignored)
Loading BEN data for test...
    119825 patches indexed
    15720 filtered patches indexed
    15720 patches indexed considering max_len
Merged metadata with snow/cloud metadata
Loaded 549488 labels
Loaded 549488 keys
Loaded mapping created
Pre-filtered 59999 patches based on country and season (split ignored)
Loading BEN data for train...
    237871 patches indexed
    29135 filtered patches indexed
    29135 patches indexed considering max_len
Merged metadata with snow/cloud metadata
Loaded 549488 labels
Loaded 549488 keys
Loaded mapping created
Loading BEN data for train...
    237871 patches indexed
    237871 filtered patches indexed
    237871 patches indexed considering max_len
Merged metadata with snow/cloud metadata
Loaded 549488 labels
Loaded 549488 keys
Loaded mapping created
==================================================
ROUND 1/40
==================================================
Epoch 1/1
----------
Epoch 1/1
----------
Epoch 1/1
----------
Epoch 1/1
----------
Epoch 1/1
----------
Epoch 1/1
----------
Epoch 1/1
----------
Epoch 1/1
----------
micro     precision: 0.3386 | recall: 0.0272 | f1-score: 0.0503 | support: 40183 | mAP: 0.3195
macro     precision: 0.0704 | recall: 0.0218 | f1-score: 0.0196 | support: 40183 | mAP: 0.2569

==================================================
ROUND 2/40
==================================================
Epoch 1/1
----------
Epoch 1/1
----------
Epoch 1/1
----------
Epoch 1/1
----------
Epoch 1/1
----------
Epoch 1/1
----------
Epoch 1/1
----------
Epoch 1/1
----------
micro     precision: 0.2206 | recall: 0.0645 | f1-score: 0.0998 | support: 40183 | mAP: 0.3367
macro     precision: 0.1176 | recall: 0.0477 | f1-score: 0.0235 | support: 40183 | mAP: 0.2705

==================================================
ROUND 3/40
==================================================
Epoch 1/1
----------
Epoch 1/1
----------
Epoch 1/1
----------
Epoch 1/1
----------
Epoch 1/1
----------
Epoch 1/1
----------
Epoch 1/1
----------
Epoch 1/1
----------
micro     precision: 0.5569 | recall: 0.2375 | f1-score: 0.3330 | support: 40183 | mAP: 0.3891
macro     precision: 0.1095 | recall: 0.1161 | f1-score: 0.1007 | support: 40183 | mAP: 0.2654

==================================================
ROUND 4/40
==================================================
Finale Anzahl der Pruning-Patches: 17
Anzahl eindeutiger Klassen: 18
Klassenverteilung in den Pruning-Patches (Häufigkeiten): {'Marine waters': 9, 'Transitional woodland, shrub': 7, 'Mixed forest': 7, 'Coniferous forest': 6, 'Land principally occupied by agriculture, with significant areas of natural vegetation': 2, 'Inland waters': 1, 'Broad-leaved forest': 2, 'Arable land': 4, 'Urban fabric': 1, 'Industrial or commercial units': 1, 'Coastal wetlands': 2, 'Inland wetlands': 2, 'Pastures': 4, 'Complex cultivation patterns': 1, 'Moors, heathland and sclerophyllous vegetation': 1, 'Natural grassland and sparsely vegetated areas': 1, 'Beaches, dunes, sands': 1, 'Permanent crops': 1}
[INFO] Erstelle Prune Loader...
[INFO] 12 Patches nach Filterung übrig.
[SUCCESS] Prune Loader erfolgreich erstellt.
Used Composite Rules:
low_level_hidden_layer_rule: Epsilon
mid_level_hidden_layer_rule: Epsilon
high_level_hidden_layer_rule: Gamma
fully_connected_layers_rule: Epsilon
softmax_rule: Epsilon
Starting relevance computation and pruning mask generation.
Type of components_relevances: <class 'collections.OrderedDict'>
Layer: conv1
Total layer relevance: 1.3075839068372224e+24
--------------------------------------------------
Layer: encoder.4.0.conv1
Total layer relevance: 8.314404399167095e+23
--------------------------------------------------
Layer: encoder.4.0.conv2
Total layer relevance: 5.8239184889748236e+23
--------------------------------------------------
Layer: encoder.4.0.conv3
Total layer relevance: 1.6133010757948705e+23
--------------------------------------------------
Layer: encoder.4.0.downsample.0
Total layer relevance: 1.6439053771346592e+23
--------------------------------------------------
Layer: encoder.4.1.conv1
Total layer relevance: 1.6549251449908795e+22
--------------------------------------------------
Layer: encoder.4.1.conv2
Total layer relevance: 1.1456497674685132e+22
--------------------------------------------------
Layer: encoder.4.1.conv3
Total layer relevance: 2.7115599147445267e+21
--------------------------------------------------
Layer: encoder.4.2.conv1
Total layer relevance: 6.489049522218635e+20
--------------------------------------------------
Layer: encoder.4.2.conv2
Total layer relevance: 4.6177862848601496e+20
--------------------------------------------------
Layer: encoder.4.2.conv3
Total layer relevance: 7.93292889550152e+19
--------------------------------------------------
Layer: encoder.5.0.conv1
Total layer relevance: 9.408109781530444e+18
--------------------------------------------------
Layer: encoder.5.0.conv2
Total layer relevance: 7.88293707046794e+18
--------------------------------------------------
Layer: encoder.5.0.conv3
Total layer relevance: 9.095652216416502e+17
--------------------------------------------------
Layer: encoder.5.0.downsample.0
Total layer relevance: 9.109444215397417e+17
--------------------------------------------------
Layer: encoder.5.1.conv1
Total layer relevance: 1.3503175315161088e+16
--------------------------------------------------
Layer: encoder.5.1.conv2
Total layer relevance: 1.026413431881728e+16
--------------------------------------------------
Layer: encoder.5.1.conv3
Total layer relevance: 2868916552466432.0
--------------------------------------------------
Layer: encoder.5.2.conv1
Total layer relevance: 848352140853248.0
--------------------------------------------------
Layer: encoder.5.2.conv2
Total layer relevance: 744721223778304.0
--------------------------------------------------
Layer: encoder.5.2.conv3
Total layer relevance: 169921489141760.0
--------------------------------------------------
Layer: encoder.5.3.conv1
Total layer relevance: 45961602662400.0
--------------------------------------------------
Layer: encoder.5.3.conv2
Total layer relevance: 36149213003776.0
--------------------------------------------------
Layer: encoder.5.3.conv3
Total layer relevance: 6274681929728.0
--------------------------------------------------
Layer: encoder.6.0.conv1
Total layer relevance: 337666899968.0
--------------------------------------------------
Layer: encoder.6.0.conv2
Total layer relevance: 392010072064.0
--------------------------------------------------
Layer: encoder.6.0.conv3
Total layer relevance: 61953208320.0
--------------------------------------------------
Layer: encoder.6.0.downsample.0
Total layer relevance: 62395117568.0
--------------------------------------------------
Layer: encoder.6.1.conv1
Total layer relevance: 4196030464.0
--------------------------------------------------
Layer: encoder.6.1.conv2
Total layer relevance: 5537931264.0
--------------------------------------------------
Layer: encoder.6.1.conv3
Total layer relevance: 1294750464.0
--------------------------------------------------
Layer: encoder.6.2.conv1
Total layer relevance: 286274976.0
--------------------------------------------------
Layer: encoder.6.2.conv2
Total layer relevance: 415254976.0
--------------------------------------------------
Layer: encoder.6.2.conv3
Total layer relevance: 106345296.0
--------------------------------------------------
Layer: encoder.6.3.conv1
Total layer relevance: 46751448.0
--------------------------------------------------
Layer: encoder.6.3.conv2
Total layer relevance: 81424264.0
--------------------------------------------------
Layer: encoder.6.3.conv3
Total layer relevance: 8308686.0
--------------------------------------------------
Layer: encoder.6.4.conv1
Total layer relevance: 2459870.25
--------------------------------------------------
Layer: encoder.6.4.conv2
Total layer relevance: 4807425.5
--------------------------------------------------
Layer: encoder.6.4.conv3
Total layer relevance: 758382.1875
--------------------------------------------------
Layer: encoder.6.5.conv1
Total layer relevance: 318077.625
--------------------------------------------------
Layer: encoder.6.5.conv2
Total layer relevance: 645578.875
--------------------------------------------------
Layer: encoder.6.5.conv3
Total layer relevance: 106605.5546875
--------------------------------------------------
Layer: encoder.7.0.conv1
Total layer relevance: 33521.19921875
--------------------------------------------------
Layer: encoder.7.0.conv2
Total layer relevance: 174131.625
--------------------------------------------------
Layer: encoder.7.0.conv3
Total layer relevance: 25786.103515625
--------------------------------------------------
Layer: encoder.7.0.downsample.0
Total layer relevance: 28430.47265625
--------------------------------------------------
Layer: encoder.7.1.conv1
Total layer relevance: 3735.7158203125
--------------------------------------------------
Layer: encoder.7.1.conv2
Total layer relevance: 16224.04296875
--------------------------------------------------
Layer: encoder.7.1.conv3
Total layer relevance: 4914.99267578125
--------------------------------------------------
Layer: encoder.7.2.conv1
Total layer relevance: 3079.13427734375
--------------------------------------------------
Layer: encoder.7.2.conv2
Total layer relevance: 12063.919921875
--------------------------------------------------
Layer: encoder.7.2.conv3
Total layer relevance: 2397.7646484375
--------------------------------------------------
Minimal retained neurons per layer:  0.06000000000000005
--------------------------------------------------
Global Pruning Mask
Pruning-rate: 0.35
Layer: conv1                Num neurons pruned: 0            % neurons pruned: 0.00%
Layer: encoder.4.0.conv1    Num neurons pruned: 0            % neurons pruned: 0.00%
Layer: encoder.4.0.conv2    Num neurons pruned: 0            % neurons pruned: 0.00%
Layer: encoder.4.0.conv3    Num neurons pruned: 0            % neurons pruned: 0.00%
Layer: encoder.4.0.downsample.0 Num neurons pruned: 0            % neurons pruned: 0.00%
Layer: encoder.4.1.conv1    Num neurons pruned: 0            % neurons pruned: 0.00%
Layer: encoder.4.1.conv2    Num neurons pruned: 0            % neurons pruned: 0.00%
Layer: encoder.4.1.conv3    Num neurons pruned: 0            % neurons pruned: 0.00%
Layer: encoder.4.2.conv1    Num neurons pruned: 0            % neurons pruned: 0.00%
Layer: encoder.4.2.conv2    Num neurons pruned: 0            % neurons pruned: 0.00%
Layer: encoder.4.2.conv3    Num neurons pruned: 0            % neurons pruned: 0.00%
Layer: encoder.5.0.conv1    Num neurons pruned: 0            % neurons pruned: 0.00%
Layer: encoder.5.0.conv2    Num neurons pruned: 0            % neurons pruned: 0.00%
Layer: encoder.5.0.conv3    Num neurons pruned: 0            % neurons pruned: 0.00%
Layer: encoder.5.0.downsample.0 Num neurons pruned: 0            % neurons pruned: 0.00%
Layer: encoder.5.1.conv1    Num neurons pruned: 0            % neurons pruned: 0.00%
Layer: encoder.5.1.conv2    Num neurons pruned: 0            % neurons pruned: 0.00%
Layer: encoder.5.1.conv3    Num neurons pruned: 0            % neurons pruned: 0.00%
Layer: encoder.5.2.conv1    Num neurons pruned: 0            % neurons pruned: 0.00%
Layer: encoder.5.2.conv2    Num neurons pruned: 0            % neurons pruned: 0.00%
Layer: encoder.5.2.conv3    Num neurons pruned: 0            % neurons pruned: 0.00%
Layer: encoder.5.3.conv1    Num neurons pruned: 0            % neurons pruned: 0.00%
Layer: encoder.5.3.conv2    Num neurons pruned: 0            % neurons pruned: 0.00%
Layer: encoder.5.3.conv3    Num neurons pruned: 0            % neurons pruned: 0.00%
Layer: encoder.6.0.conv1    Num neurons pruned: 0            % neurons pruned: 0.00%
Layer: encoder.6.0.conv2    Num neurons pruned: 0            % neurons pruned: 0.00%
Layer: encoder.6.0.conv3    Num neurons pruned: 0            % neurons pruned: 0.00%
Layer: encoder.6.0.downsample.0 Num neurons pruned: 0            % neurons pruned: 0.00%
Layer: encoder.6.1.conv1    Num neurons pruned: 0            % neurons pruned: 0.00%
Layer: encoder.6.1.conv2    Num neurons pruned: 0            % neurons pruned: 0.00%
Layer: encoder.6.1.conv3    Num neurons pruned: 0            % neurons pruned: 0.00%
Layer: encoder.6.2.conv1    Num neurons pruned: 0            % neurons pruned: 0.00%
Layer: encoder.6.2.conv2    Num neurons pruned: 0            % neurons pruned: 0.00%
Layer: encoder.6.2.conv3    Num neurons pruned: 0            % neurons pruned: 0.00%
Layer: encoder.6.3.conv1    Num neurons pruned: 0            % neurons pruned: 0.00%
Layer: encoder.6.3.conv2    Num neurons pruned: 0            % neurons pruned: 0.00%
Layer: encoder.6.3.conv3    Num neurons pruned: 0            % neurons pruned: 0.00%
Layer: encoder.6.4.conv1    Num neurons pruned: 0            % neurons pruned: 0.00%
Layer: encoder.6.4.conv2    Num neurons pruned: 0            % neurons pruned: 0.00%
Layer: encoder.6.4.conv3    Num neurons pruned: 6682         % neurons pruned: 2.54%
Layer: encoder.6.5.conv1    Num neurons pruned: 0            % neurons pruned: 0.00%
Layer: encoder.6.5.conv2    Num neurons pruned: 0            % neurons pruned: 0.00%
Layer: encoder.6.5.conv3    Num neurons pruned: 107940       % neurons pruned: 41.02%
Layer: encoder.7.0.conv1    Num neurons pruned: 11275        % neurons pruned: 2.15%
Layer: encoder.7.0.conv2    Num neurons pruned: 0            % neurons pruned: 0.00%
Layer: encoder.7.0.conv3    Num neurons pruned: 940842       % neurons pruned: 89.55%
Layer: encoder.7.0.downsample.0 Num neurons pruned: 1862425      % neurons pruned: 88.72%
Layer: encoder.7.1.conv1    Num neurons pruned: 985569       % neurons pruned: 93.95%
Layer: encoder.7.1.conv2    Num neurons pruned: 138270       % neurons pruned: 5.86%
Layer: encoder.7.1.conv3    Num neurons pruned: 987525       % neurons pruned: 93.99%
Layer: encoder.7.2.conv1    Num neurons pruned: 985569       % neurons pruned: 93.95%
Layer: encoder.7.2.conv2    Num neurons pruned: 354893       % neurons pruned: 15.04%
Layer: encoder.7.2.conv3    Num neurons pruned: 987525       % neurons pruned: 93.99%
Overall Percentage of pruned neurons across all layers: 31.35%
Sending pruning mask to clients...
[INFO] Pruner and pruning mask received and stored.
[INFO] Pruner and pruning mask received and stored.
[INFO] Pruner and pruning mask received and stored.
[INFO] Pruner and pruning mask received and stored.
[INFO] Pruner and pruning mask received and stored.
[INFO] Pruner and pruning mask received and stored.
[INFO] Pruner and pruning mask received and stored.
[INFO] Pruner and pruning mask received and stored.
Epoch 1/1
----------
Prune before sending to global...
Epoch 1/1
----------
Prune before sending to global...
Epoch 1/1
----------
Prune before sending to global...
Epoch 1/1
----------
Prune before sending to global...
Epoch 1/1
----------
Prune before sending to global...
Epoch 1/1
----------
Prune before sending to global...
Epoch 1/1
----------
Prune before sending to global...
Epoch 1/1
----------
Prune before sending to global...
micro     precision: 0.3862 | recall: 0.0476 | f1-score: 0.0847 | support: 40183 | mAP: 0.3660
macro     precision: 0.0875 | recall: 0.0221 | f1-score: 0.0317 | support: 40183 | mAP: 0.2449

==================================================
ROUND 5/40
==================================================
Epoch 1/1
----------
Prune before sending to global...
Epoch 1/1
----------
Prune before sending to global...
Epoch 1/1
----------
Prune before sending to global...
Epoch 1/1
----------
Prune before sending to global...
Epoch 1/1
----------
Prune before sending to global...
Epoch 1/1
----------
Prune before sending to global...
Epoch 1/1
----------
Prune before sending to global...
Epoch 1/1
----------
Prune before sending to global...
micro     precision: 0.5919 | recall: 0.3890 | f1-score: 0.4694 | support: 40183 | mAP: 0.5076
macro     precision: 0.2279 | recall: 0.1638 | f1-score: 0.1611 | support: 40183 | mAP: 0.3111

==================================================
ROUND 6/40
==================================================
Epoch 1/1
----------
Prune before sending to global...
Epoch 1/1
----------
Prune before sending to global...
Epoch 1/1
----------
Prune before sending to global...
Epoch 1/1
----------
Prune before sending to global...
Epoch 1/1
----------
Prune before sending to global...
Epoch 1/1
----------
Prune before sending to global...
Epoch 1/1
----------
Prune before sending to global...
Epoch 1/1
----------
Prune before sending to global...
micro     precision: 0.4969 | recall: 0.4529 | f1-score: 0.4738 | support: 40183 | mAP: 0.4455
macro     precision: 0.3752 | recall: 0.2391 | f1-score: 0.2186 | support: 40183 | mAP: 0.3296

==================================================
ROUND 7/40
==================================================
Epoch 1/1
----------
Prune before sending to global...
Epoch 1/1
----------
Prune before sending to global...
Epoch 1/1
----------
Prune before sending to global...
Epoch 1/1
----------
Prune before sending to global...
Epoch 1/1
----------
Prune before sending to global...
Epoch 1/1
----------
Prune before sending to global...
Epoch 1/1
----------
Prune before sending to global...
Epoch 1/1
----------
Prune before sending to global...
micro     precision: 0.5411 | recall: 0.4531 | f1-score: 0.4932 | support: 40183 | mAP: 0.4733
macro     precision: 0.2841 | recall: 0.2172 | f1-score: 0.1937 | support: 40183 | mAP: 0.2959

==================================================
ROUND 8/40
==================================================
Epoch 1/1
----------
Prune before sending to global...
Epoch 1/1
----------
Prune before sending to global...
Epoch 1/1
----------
Prune before sending to global...
Epoch 1/1
----------
Prune before sending to global...
Epoch 1/1
----------
Prune before sending to global...
Epoch 1/1
----------
Prune before sending to global...
Epoch 1/1
----------
Prune before sending to global...
Epoch 1/1
----------
Prune before sending to global...
micro     precision: 0.5884 | recall: 0.6359 | f1-score: 0.6112 | support: 40183 | mAP: 0.6560
macro     precision: 0.3749 | recall: 0.3103 | f1-score: 0.2707 | support: 40183 | mAP: 0.3612

==================================================
ROUND 9/40
==================================================
Epoch 1/1
----------
Prune before sending to global...
Epoch 1/1
----------
Prune before sending to global...
Epoch 1/1
----------
Prune before sending to global...
Epoch 1/1
----------
Prune before sending to global...
Epoch 1/1
----------
Prune before sending to global...
Epoch 1/1
----------
Prune before sending to global...
Epoch 1/1
----------
Prune before sending to global...
Epoch 1/1
----------
Prune before sending to global...
micro     precision: 0.5939 | recall: 0.4809 | f1-score: 0.5314 | support: 40183 | mAP: 0.4905
macro     precision: 0.3415 | recall: 0.2319 | f1-score: 0.2166 | support: 40183 | mAP: 0.3406

==================================================
ROUND 10/40
==================================================
Epoch 1/1
----------
Prune before sending to global...
Epoch 1/1
----------
Prune before sending to global...
Epoch 1/1
----------
Prune before sending to global...
Epoch 1/1
----------
Prune before sending to global...
Epoch 1/1
----------
Prune before sending to global...
Epoch 1/1
----------
Prune before sending to global...
Epoch 1/1
----------
Prune before sending to global...
Epoch 1/1
----------
Prune before sending to global...
micro     precision: 0.6546 | recall: 0.6394 | f1-score: 0.6469 | support: 40183 | mAP: 0.6495
macro     precision: 0.4163 | recall: 0.3098 | f1-score: 0.2839 | support: 40183 | mAP: 0.3733

==================================================
ROUND 11/40
==================================================
Epoch 1/1
----------
Prune before sending to global...
Epoch 1/1
----------
Prune before sending to global...
Epoch 1/1
----------
Prune before sending to global...
Epoch 1/1
----------
Prune before sending to global...
Epoch 1/1
----------
Prune before sending to global...
Epoch 1/1
----------
Prune before sending to global...
Epoch 1/1
----------
Prune before sending to global...
Epoch 1/1
----------
Prune before sending to global...
micro     precision: 0.4944 | recall: 0.5378 | f1-score: 0.5152 | support: 40183 | mAP: 0.5048
macro     precision: 0.3016 | recall: 0.2504 | f1-score: 0.2110 | support: 40183 | mAP: 0.3392

==================================================
ROUND 12/40
==================================================
Epoch 1/1
----------
Prune before sending to global...
Epoch 1/1
----------
Prune before sending to global...
Epoch 1/1
----------
Prune before sending to global...
Epoch 1/1
----------
Prune before sending to global...
Epoch 1/1
----------
Prune before sending to global...
Epoch 1/1
----------
Prune before sending to global...
Epoch 1/1
----------
Prune before sending to global...
Epoch 1/1
----------
Prune before sending to global...
micro     precision: 0.6523 | recall: 0.6032 | f1-score: 0.6268 | support: 40183 | mAP: 0.6651
macro     precision: 0.3790 | recall: 0.2949 | f1-score: 0.2838 | support: 40183 | mAP: 0.3819

==================================================
ROUND 13/40
==================================================
Epoch 1/1
----------
Prune before sending to global...
Epoch 1/1
----------
Prune before sending to global...
Epoch 1/1
----------
Prune before sending to global...
Epoch 1/1
----------
Prune before sending to global...
Epoch 1/1
----------
Prune before sending to global...
Epoch 1/1
----------
Prune before sending to global...
Epoch 1/1
----------
Prune before sending to global...
Epoch 1/1
----------
Prune before sending to global...
micro     precision: 0.5305 | recall: 0.5930 | f1-score: 0.5600 | support: 40183 | mAP: 0.5415
macro     precision: 0.3208 | recall: 0.2927 | f1-score: 0.2609 | support: 40183 | mAP: 0.3783

==================================================
ROUND 14/40
==================================================
Epoch 1/1
----------
Prune before sending to global...
Epoch 1/1
----------
Prune before sending to global...
Epoch 1/1
----------
Prune before sending to global...
Epoch 1/1
----------
Prune before sending to global...
Epoch 1/1
----------
Prune before sending to global...
Epoch 1/1
----------
Prune before sending to global...
Epoch 1/1
----------
Prune before sending to global...
Epoch 1/1
----------
Prune before sending to global...
micro     precision: 0.6830 | recall: 0.6246 | f1-score: 0.6525 | support: 40183 | mAP: 0.6964
macro     precision: 0.4511 | recall: 0.3126 | f1-score: 0.3047 | support: 40183 | mAP: 0.4046

==================================================
ROUND 15/40
==================================================
Epoch 1/1
----------
Prune before sending to global...
Epoch 1/1
----------
Prune before sending to global...
Epoch 1/1
----------
Prune before sending to global...
Epoch 1/1
----------
Prune before sending to global...
Epoch 1/1
----------
Prune before sending to global...
Epoch 1/1
----------
Prune before sending to global...
Epoch 1/1
----------
Prune before sending to global...
Epoch 1/1
----------
Prune before sending to global...
micro     precision: 0.5617 | recall: 0.5720 | f1-score: 0.5668 | support: 40183 | mAP: 0.4992
macro     precision: 0.3323 | recall: 0.2733 | f1-score: 0.2432 | support: 40183 | mAP: 0.3618

==================================================
ROUND 16/40
==================================================
Epoch 1/1
----------
Prune before sending to global...
Epoch 1/1
----------
Prune before sending to global...
Epoch 1/1
----------
Prune before sending to global...
Epoch 1/1
----------
Prune before sending to global...
Epoch 1/1
----------
Prune before sending to global...
Epoch 1/1
----------
Prune before sending to global...
Epoch 1/1
----------
Prune before sending to global...
Epoch 1/1
----------
Prune before sending to global...
micro     precision: 0.7188 | recall: 0.6375 | f1-score: 0.6757 | support: 40183 | mAP: 0.7224
macro     precision: 0.4737 | recall: 0.3154 | f1-score: 0.3177 | support: 40183 | mAP: 0.4266

==================================================
ROUND 17/40
==================================================
Epoch 1/1
----------
Prune before sending to global...
Epoch 1/1
----------
Prune before sending to global...
Epoch 1/1
----------
Prune before sending to global...
Epoch 1/1
----------
Prune before sending to global...
Epoch 1/1
----------
Prune before sending to global...
Epoch 1/1
----------
Prune before sending to global...
Epoch 1/1
----------
Prune before sending to global...
Epoch 1/1
----------
Prune before sending to global...
micro     precision: 0.5308 | recall: 0.5615 | f1-score: 0.5457 | support: 40183 | mAP: 0.5506
macro     precision: 0.3784 | recall: 0.2734 | f1-score: 0.2450 | support: 40183 | mAP: 0.3504

==================================================
ROUND 18/40
==================================================
Epoch 1/1
----------
Prune before sending to global...
Epoch 1/1
----------
Prune before sending to global...
Epoch 1/1
----------
Prune before sending to global...
Epoch 1/1
----------
Prune before sending to global...
Epoch 1/1
----------
Prune before sending to global...
Epoch 1/1
----------
Prune before sending to global...
Epoch 1/1
----------
Prune before sending to global...
Epoch 1/1
----------
Prune before sending to global...
micro     precision: 0.7165 | recall: 0.6325 | f1-score: 0.6719 | support: 40183 | mAP: 0.7142
macro     precision: 0.4823 | recall: 0.3166 | f1-score: 0.3277 | support: 40183 | mAP: 0.4215

==================================================
ROUND 19/40
==================================================
Epoch 1/1
----------
Prune before sending to global...
Epoch 1/1
----------
Prune before sending to global...
Epoch 1/1
----------
Prune before sending to global...
Epoch 1/1
----------
Prune before sending to global...
Epoch 1/1
----------
Prune before sending to global...
Epoch 1/1
----------
Prune before sending to global...
Epoch 1/1
----------
Prune before sending to global...
Epoch 1/1
----------
Prune before sending to global...
micro     precision: 0.5320 | recall: 0.5689 | f1-score: 0.5498 | support: 40183 | mAP: 0.5456
macro     precision: 0.4133 | recall: 0.2802 | f1-score: 0.2505 | support: 40183 | mAP: 0.3425

==================================================
ROUND 20/40
==================================================
Epoch 1/1
----------
Prune before sending to global...
Epoch 1/1
----------
Prune before sending to global...
Epoch 1/1
----------
Prune before sending to global...
Epoch 1/1
----------
Prune before sending to global...
Epoch 1/1
----------
Prune before sending to global...
Epoch 1/1
----------
Prune before sending to global...
Epoch 1/1
----------
Prune before sending to global...
Epoch 1/1
----------
Prune before sending to global...
micro     precision: 0.6791 | recall: 0.6566 | f1-score: 0.6676 | support: 40183 | mAP: 0.6073
macro     precision: 0.4617 | recall: 0.3511 | f1-score: 0.3461 | support: 40183 | mAP: 0.4198

==================================================
ROUND 21/40
==================================================
Epoch 1/1
----------
Prune before sending to global...
Epoch 1/1
----------
Prune before sending to global...
Epoch 1/1
----------
Prune before sending to global...
Epoch 1/1
----------
Prune before sending to global...
Epoch 1/1
----------
Prune before sending to global...
Epoch 1/1
----------
Prune before sending to global...
Epoch 1/1
----------
Prune before sending to global...
Epoch 1/1
----------
Prune before sending to global...
micro     precision: 0.5315 | recall: 0.5458 | f1-score: 0.5385 | support: 40183 | mAP: 0.5759
macro     precision: 0.3932 | recall: 0.2724 | f1-score: 0.2462 | support: 40183 | mAP: 0.3825

==================================================
ROUND 22/40
==================================================
Epoch 1/1
----------
Prune before sending to global...
Epoch 1/1
----------
Prune before sending to global...
Epoch 1/1
----------
Prune before sending to global...
Epoch 1/1
----------
Prune before sending to global...
Epoch 1/1
----------
Prune before sending to global...
Epoch 1/1
----------
Prune before sending to global...
Epoch 1/1
----------
Prune before sending to global...
Epoch 1/1
----------
Prune before sending to global...
micro     precision: 0.6948 | recall: 0.6365 | f1-score: 0.6644 | support: 40183 | mAP: 0.6196
macro     precision: 0.4703 | recall: 0.3309 | f1-score: 0.3369 | support: 40183 | mAP: 0.4160

==================================================
ROUND 23/40
==================================================
Epoch 1/1
----------
Prune before sending to global...
Epoch 1/1
----------
Prune before sending to global...
Epoch 1/1
----------
Prune before sending to global...
Epoch 1/1
----------
Prune before sending to global...
Epoch 1/1
----------
Prune before sending to global...
Epoch 1/1
----------
Prune before sending to global...
Epoch 1/1
----------
Prune before sending to global...
Epoch 1/1
----------
Prune before sending to global...
micro     precision: 0.5358 | recall: 0.5733 | f1-score: 0.5539 | support: 40183 | mAP: 0.5636
macro     precision: 0.3848 | recall: 0.2743 | f1-score: 0.2434 | support: 40183 | mAP: 0.3732

==================================================
ROUND 24/40
==================================================
Epoch 1/1
----------
Prune before sending to global...
Epoch 1/1
----------
Prune before sending to global...
Epoch 1/1
----------
Prune before sending to global...
Epoch 1/1
----------
Prune before sending to global...
Epoch 1/1
----------
Prune before sending to global...
Epoch 1/1
----------
Prune before sending to global...
Epoch 1/1
----------
Prune before sending to global...
Epoch 1/1
----------
Prune before sending to global...
micro     precision: 0.6808 | recall: 0.6330 | f1-score: 0.6560 | support: 40183 | mAP: 0.6408
macro     precision: 0.4658 | recall: 0.3290 | f1-score: 0.3334 | support: 40183 | mAP: 0.4220

==================================================
ROUND 25/40
==================================================
Epoch 1/1
----------
Prune before sending to global...
Epoch 1/1
----------
Prune before sending to global...
Epoch 1/1
----------
Prune before sending to global...
Epoch 1/1
----------
Prune before sending to global...
Epoch 1/1
----------
Prune before sending to global...
Epoch 1/1
----------
Prune before sending to global...
Epoch 1/1
----------
Prune before sending to global...
Epoch 1/1
----------
Prune before sending to global...
micro     precision: 0.5449 | recall: 0.5842 | f1-score: 0.5639 | support: 40183 | mAP: 0.5749
macro     precision: 0.3912 | recall: 0.2922 | f1-score: 0.2667 | support: 40183 | mAP: 0.3937

==================================================
ROUND 26/40
==================================================
Epoch 1/1
----------
Prune before sending to global...
Epoch 1/1
----------
Prune before sending to global...
Epoch 1/1
----------
Prune before sending to global...
Epoch 1/1
----------
Prune before sending to global...
Epoch 1/1
----------
Prune before sending to global...
Epoch 1/1
----------
Prune before sending to global...
Epoch 1/1
----------
Prune before sending to global...
Epoch 1/1
----------
Prune before sending to global...
micro     precision: 0.6699 | recall: 0.6271 | f1-score: 0.6478 | support: 40183 | mAP: 0.6778
macro     precision: 0.4488 | recall: 0.3287 | f1-score: 0.3274 | support: 40183 | mAP: 0.4365

==================================================
ROUND 27/40
==================================================
Epoch 1/1
----------
Prune before sending to global...
Epoch 1/1
----------
Prune before sending to global...
Epoch 1/1
----------
Prune before sending to global...
Epoch 1/1
----------
Prune before sending to global...
Epoch 1/1
----------
Prune before sending to global...
Epoch 1/1
----------
Prune before sending to global...
Epoch 1/1
----------
Prune before sending to global...
Epoch 1/1
----------
Prune before sending to global...
micro     precision: 0.6510 | recall: 0.6121 | f1-score: 0.6310 | support: 40183 | mAP: 0.6541
macro     precision: 0.4540 | recall: 0.3072 | f1-score: 0.3100 | support: 40183 | mAP: 0.4198

==================================================
ROUND 28/40
==================================================
Epoch 1/1
----------
Prune before sending to global...
Epoch 1/1
----------
Prune before sending to global...
Epoch 1/1
----------
Prune before sending to global...
Epoch 1/1
----------
Prune before sending to global...
Epoch 1/1
----------
Prune before sending to global...
Epoch 1/1
----------
Prune before sending to global...
Epoch 1/1
----------
Prune before sending to global...
Epoch 1/1
----------
Prune before sending to global...
micro     precision: 0.6684 | recall: 0.6364 | f1-score: 0.6520 | support: 40183 | mAP: 0.6551
macro     precision: 0.4587 | recall: 0.3371 | f1-score: 0.3365 | support: 40183 | mAP: 0.4308

==================================================
ROUND 29/40
==================================================
Epoch 1/1
----------
Prune before sending to global...
Epoch 1/1
----------
Prune before sending to global...
Epoch 1/1
----------
Prune before sending to global...
Epoch 1/1
----------
Prune before sending to global...
Epoch 1/1
----------
Prune before sending to global...
Epoch 1/1
----------
Prune before sending to global...
Epoch 1/1
----------
Prune before sending to global...
Epoch 1/1
----------
Prune before sending to global...
micro     precision: 0.5887 | recall: 0.5974 | f1-score: 0.5930 | support: 40183 | mAP: 0.6357
macro     precision: 0.4115 | recall: 0.2933 | f1-score: 0.2801 | support: 40183 | mAP: 0.4123

==================================================
ROUND 30/40
==================================================
Epoch 1/1
----------
Prune before sending to global...
Epoch 1/1
----------
Prune before sending to global...
Epoch 1/1
----------
Prune before sending to global...
Epoch 1/1
----------
Prune before sending to global...
Epoch 1/1
----------
Prune before sending to global...
Epoch 1/1
----------
Prune before sending to global...
Epoch 1/1
----------
Prune before sending to global...
Epoch 1/1
----------
Prune before sending to global...
micro     precision: 0.6152 | recall: 0.5663 | f1-score: 0.5897 | support: 40183 | mAP: 0.5689
macro     precision: 0.4483 | recall: 0.2988 | f1-score: 0.2903 | support: 40183 | mAP: 0.4046

==================================================
ROUND 31/40
==================================================
Epoch 1/1
----------
Prune before sending to global...
Epoch 1/1
----------
Prune before sending to global...
Epoch 1/1
----------
Prune before sending to global...
Epoch 1/1
----------
Prune before sending to global...
Epoch 1/1
----------
Prune before sending to global...
Epoch 1/1
----------
Prune before sending to global...
Epoch 1/1
----------
Prune before sending to global...
Epoch 1/1
----------
Prune before sending to global...
micro     precision: 0.6793 | recall: 0.5930 | f1-score: 0.6332 | support: 40183 | mAP: 0.5824
macro     precision: 0.4714 | recall: 0.3028 | f1-score: 0.3146 | support: 40183 | mAP: 0.4325

==================================================
ROUND 32/40
==================================================
Epoch 1/1
----------
Prune before sending to global...
Epoch 1/1
----------
Prune before sending to global...
Epoch 1/1
----------
Prune before sending to global...
Epoch 1/1
----------
Prune before sending to global...
Epoch 1/1
----------
Prune before sending to global...
Epoch 1/1
----------
Prune before sending to global...
Epoch 1/1
----------
Prune before sending to global...
Epoch 1/1
----------
Prune before sending to global...
micro     precision: 0.6582 | recall: 0.6180 | f1-score: 0.6375 | support: 40183 | mAP: 0.6457
macro     precision: 0.4443 | recall: 0.3197 | f1-score: 0.3167 | support: 40183 | mAP: 0.4193

==================================================
ROUND 33/40
==================================================
Epoch 1/1
----------
Prune before sending to global...
Epoch 1/1
----------
Prune before sending to global...
Epoch 1/1
----------
Prune before sending to global...
Epoch 1/1
----------
Prune before sending to global...
Epoch 1/1
----------
Prune before sending to global...
Epoch 1/1
----------
Prune before sending to global...
Epoch 1/1
----------
Prune before sending to global...
Epoch 1/1
----------
Prune before sending to global...
micro     precision: 0.6508 | recall: 0.6083 | f1-score: 0.6288 | support: 40183 | mAP: 0.6071
macro     precision: 0.4555 | recall: 0.3221 | f1-score: 0.3182 | support: 40183 | mAP: 0.4387

==================================================
ROUND 34/40
==================================================
Epoch 1/1
----------
Prune before sending to global...
Epoch 1/1
----------
Prune before sending to global...
Epoch 1/1
----------
Prune before sending to global...
Epoch 1/1
----------
Prune before sending to global...
Epoch 1/1
----------
Prune before sending to global...
Epoch 1/1
----------
Prune before sending to global...
Epoch 1/1
----------
Prune before sending to global...
Epoch 1/1
----------
Prune before sending to global...
micro     precision: 0.6787 | recall: 0.5842 | f1-score: 0.6279 | support: 40183 | mAP: 0.6773
macro     precision: 0.4517 | recall: 0.3078 | f1-score: 0.3175 | support: 40183 | mAP: 0.4360

==================================================
ROUND 35/40
==================================================
Epoch 1/1
----------
Prune before sending to global...
Epoch 1/1
----------
Prune before sending to global...
Epoch 1/1
----------
Prune before sending to global...
Epoch 1/1
----------
Prune before sending to global...
Epoch 1/1
----------
Prune before sending to global...
Epoch 1/1
----------
Prune before sending to global...
Epoch 1/1
----------
Prune before sending to global...
Epoch 1/1
----------
Prune before sending to global...
micro     precision: 0.6908 | recall: 0.6205 | f1-score: 0.6538 | support: 40183 | mAP: 0.6045
macro     precision: 0.4722 | recall: 0.3309 | f1-score: 0.3399 | support: 40183 | mAP: 0.4397

==================================================
ROUND 36/40
==================================================
Epoch 1/1
----------
Prune before sending to global...
Epoch 1/1
----------
Prune before sending to global...
Epoch 1/1
----------
Prune before sending to global...
Epoch 1/1
----------
Prune before sending to global...
Epoch 1/1
----------
Prune before sending to global...
Epoch 1/1
----------
Prune before sending to global...
Epoch 1/1
----------
Prune before sending to global...
Epoch 1/1
----------
Prune before sending to global...
micro     precision: 0.6895 | recall: 0.6262 | f1-score: 0.6563 | support: 40183 | mAP: 0.6840
macro     precision: 0.4515 | recall: 0.3225 | f1-score: 0.3292 | support: 40183 | mAP: 0.4354

==================================================
ROUND 37/40
==================================================
Epoch 1/1
----------
Prune before sending to global...
Epoch 1/1
----------
Prune before sending to global...
Epoch 1/1
----------
Prune before sending to global...
Epoch 1/1
----------
Prune before sending to global...
Epoch 1/1
----------
Prune before sending to global...
Epoch 1/1
----------
Prune before sending to global...
Epoch 1/1
----------
Prune before sending to global...
Epoch 1/1
----------
Prune before sending to global...
micro     precision: 0.7023 | recall: 0.5947 | f1-score: 0.6441 | support: 40183 | mAP: 0.7063
macro     precision: 0.4798 | recall: 0.3277 | f1-score: 0.3469 | support: 40183 | mAP: 0.4574

==================================================
ROUND 38/40
==================================================
Epoch 1/1
----------
Prune before sending to global...
Epoch 1/1
----------
Prune before sending to global...
Epoch 1/1
----------
Prune before sending to global...
Epoch 1/1
----------
Prune before sending to global...
Epoch 1/1
----------
Prune before sending to global...
Epoch 1/1
----------
Prune before sending to global...
Epoch 1/1
----------
Prune before sending to global...
Epoch 1/1
----------
Prune before sending to global...
micro     precision: 0.6809 | recall: 0.6160 | f1-score: 0.6468 | support: 40183 | mAP: 0.6223
macro     precision: 0.4522 | recall: 0.3238 | f1-score: 0.3251 | support: 40183 | mAP: 0.4269

==================================================
ROUND 39/40
==================================================
Epoch 1/1
----------
Prune before sending to global...
Epoch 1/1
----------
Prune before sending to global...
Epoch 1/1
----------
Prune before sending to global...
Epoch 1/1
----------
Prune before sending to global...
Epoch 1/1
----------
Prune before sending to global...
Epoch 1/1
----------
Prune before sending to global...
Epoch 1/1
----------
Prune before sending to global...
Epoch 1/1
----------
Prune before sending to global...
micro     precision: 0.6908 | recall: 0.6246 | f1-score: 0.6560 | support: 40183 | mAP: 0.7242
macro     precision: 0.5201 | recall: 0.3511 | f1-score: 0.3591 | support: 40183 | mAP: 0.4614

==================================================
ROUND 40/40
==================================================
Epoch 1/1
----------
Prune before sending to global...
Epoch 1/1
----------
Prune before sending to global...
Epoch 1/1
----------
Prune before sending to global...
Epoch 1/1
----------
Prune before sending to global...
Epoch 1/1
----------
Prune before sending to global...
Epoch 1/1
----------
Prune before sending to global...
Epoch 1/1
----------
Prune before sending to global...
Epoch 1/1
----------
Prune before sending to global...
micro     precision: 0.6950 | recall: 0.6159 | f1-score: 0.6531 | support: 40183 | mAP: 0.6401
macro     precision: 0.4847 | recall: 0.3257 | f1-score: 0.3376 | support: 40183 | mAP: 0.4217

[{'0': {'precision': [], 'recall': [], 'f1-score': [], 'support': []}, '1': {'precision': [], 'recall': [], 'f1-score': [], 'support': []}, '2': {'precision': [], 'recall': [], 'f1-score': [], 'support': []}, '3': {'precision': [], 'recall': [], 'f1-score': [], 'support': []}, '4': {'precision': [], 'recall': [], 'f1-score': [], 'support': []}, '5': {'precision': [], 'recall': [], 'f1-score': [], 'support': []}, '6': {'precision': [], 'recall': [], 'f1-score': [], 'support': []}, '7': {'precision': [], 'recall': [], 'f1-score': [], 'support': []}, '8': {'precision': [], 'recall': [], 'f1-score': [], 'support': []}, '9': {'precision': [], 'recall': [], 'f1-score': [], 'support': []}, '10': {'precision': [], 'recall': [], 'f1-score': [], 'support': []}, '11': {'precision': [], 'recall': [], 'f1-score': [], 'support': []}, '12': {'precision': [], 'recall': [], 'f1-score': [], 'support': []}, '13': {'precision': [], 'recall': [], 'f1-score': [], 'support': []}, '14': {'precision': [], 'recall': [], 'f1-score': [], 'support': []}, '15': {'precision': [], 'recall': [], 'f1-score': [], 'support': []}, '16': {'precision': [], 'recall': [], 'f1-score': [], 'support': []}, '17': {'precision': [], 'recall': [], 'f1-score': [], 'support': []}, '18': {'precision': [], 'recall': [], 'f1-score': [], 'support': []}, 'micro avg': {'precision': [], 'recall': [], 'f1-score': [], 'support': []}, 'macro avg': {'precision': [], 'recall': [], 'f1-score': [], 'support': []}, 'weighted avg': {'precision': [], 'recall': [], 'f1-score': [], 'support': []}, 'ap_mic': [], 'ap_mac': []}, {'0': {'precision': [], 'recall': [], 'f1-score': [], 'support': []}, '1': {'precision': [], 'recall': [], 'f1-score': [], 'support': []}, '2': {'precision': [], 'recall': [], 'f1-score': [], 'support': []}, '3': {'precision': [], 'recall': [], 'f1-score': [], 'support': []}, '4': {'precision': [], 'recall': [], 'f1-score': [], 'support': []}, '5': {'precision': [], 'recall': [], 'f1-score': [], 'support': []}, '6': {'precision': [], 'recall': [], 'f1-score': [], 'support': []}, '7': {'precision': [], 'recall': [], 'f1-score': [], 'support': []}, '8': {'precision': [], 'recall': [], 'f1-score': [], 'support': []}, '9': {'precision': [], 'recall': [], 'f1-score': [], 'support': []}, '10': {'precision': [], 'recall': [], 'f1-score': [], 'support': []}, '11': {'precision': [], 'recall': [], 'f1-score': [], 'support': []}, '12': {'precision': [], 'recall': [], 'f1-score': [], 'support': []}, '13': {'precision': [], 'recall': [], 'f1-score': [], 'support': []}, '14': {'precision': [], 'recall': [], 'f1-score': [], 'support': []}, '15': {'precision': [], 'recall': [], 'f1-score': [], 'support': []}, '16': {'precision': [], 'recall': [], 'f1-score': [], 'support': []}, '17': {'precision': [], 'recall': [], 'f1-score': [], 'support': []}, '18': {'precision': [], 'recall': [], 'f1-score': [], 'support': []}, 'micro avg': {'precision': [], 'recall': [], 'f1-score': [], 'support': []}, 'macro avg': {'precision': [], 'recall': [], 'f1-score': [], 'support': []}, 'weighted avg': {'precision': [], 'recall': [], 'f1-score': [], 'support': []}, 'ap_mic': [], 'ap_mac': []}, {'0': {'precision': [], 'recall': [], 'f1-score': [], 'support': []}, '1': {'precision': [], 'recall': [], 'f1-score': [], 'support': []}, '2': {'precision': [], 'recall': [], 'f1-score': [], 'support': []}, '3': {'precision': [], 'recall': [], 'f1-score': [], 'support': []}, '4': {'precision': [], 'recall': [], 'f1-score': [], 'support': []}, '5': {'precision': [], 'recall': [], 'f1-score': [], 'support': []}, '6': {'precision': [], 'recall': [], 'f1-score': [], 'support': []}, '7': {'precision': [], 'recall': [], 'f1-score': [], 'support': []}, '8': {'precision': [], 'recall': [], 'f1-score': [], 'support': []}, '9': {'precision': [], 'recall': [], 'f1-score': [], 'support': []}, '10': {'precision': [], 'recall': [], 'f1-score': [], 'support': []}, '11': {'precision': [], 'recall': [], 'f1-score': [], 'support': []}, '12': {'precision': [], 'recall': [], 'f1-score': [], 'support': []}, '13': {'precision': [], 'recall': [], 'f1-score': [], 'support': []}, '14': {'precision': [], 'recall': [], 'f1-score': [], 'support': []}, '15': {'precision': [], 'recall': [], 'f1-score': [], 'support': []}, '16': {'precision': [], 'recall': [], 'f1-score': [], 'support': []}, '17': {'precision': [], 'recall': [], 'f1-score': [], 'support': []}, '18': {'precision': [], 'recall': [], 'f1-score': [], 'support': []}, 'micro avg': {'precision': [], 'recall': [], 'f1-score': [], 'support': []}, 'macro avg': {'precision': [], 'recall': [], 'f1-score': [], 'support': []}, 'weighted avg': {'precision': [], 'recall': [], 'f1-score': [], 'support': []}, 'ap_mic': [], 'ap_mac': []}, {'0': {'precision': [], 'recall': [], 'f1-score': [], 'support': []}, '1': {'precision': [], 'recall': [], 'f1-score': [], 'support': []}, '2': {'precision': [], 'recall': [], 'f1-score': [], 'support': []}, '3': {'precision': [], 'recall': [], 'f1-score': [], 'support': []}, '4': {'precision': [], 'recall': [], 'f1-score': [], 'support': []}, '5': {'precision': [], 'recall': [], 'f1-score': [], 'support': []}, '6': {'precision': [], 'recall': [], 'f1-score': [], 'support': []}, '7': {'precision': [], 'recall': [], 'f1-score': [], 'support': []}, '8': {'precision': [], 'recall': [], 'f1-score': [], 'support': []}, '9': {'precision': [], 'recall': [], 'f1-score': [], 'support': []}, '10': {'precision': [], 'recall': [], 'f1-score': [], 'support': []}, '11': {'precision': [], 'recall': [], 'f1-score': [], 'support': []}, '12': {'precision': [], 'recall': [], 'f1-score': [], 'support': []}, '13': {'precision': [], 'recall': [], 'f1-score': [], 'support': []}, '14': {'precision': [], 'recall': [], 'f1-score': [], 'support': []}, '15': {'precision': [], 'recall': [], 'f1-score': [], 'support': []}, '16': {'precision': [], 'recall': [], 'f1-score': [], 'support': []}, '17': {'precision': [], 'recall': [], 'f1-score': [], 'support': []}, '18': {'precision': [], 'recall': [], 'f1-score': [], 'support': []}, 'micro avg': {'precision': [], 'recall': [], 'f1-score': [], 'support': []}, 'macro avg': {'precision': [], 'recall': [], 'f1-score': [], 'support': []}, 'weighted avg': {'precision': [], 'recall': [], 'f1-score': [], 'support': []}, 'ap_mic': [], 'ap_mac': []}, {'0': {'precision': [], 'recall': [], 'f1-score': [], 'support': []}, '1': {'precision': [], 'recall': [], 'f1-score': [], 'support': []}, '2': {'precision': [], 'recall': [], 'f1-score': [], 'support': []}, '3': {'precision': [], 'recall': [], 'f1-score': [], 'support': []}, '4': {'precision': [], 'recall': [], 'f1-score': [], 'support': []}, '5': {'precision': [], 'recall': [], 'f1-score': [], 'support': []}, '6': {'precision': [], 'recall': [], 'f1-score': [], 'support': []}, '7': {'precision': [], 'recall': [], 'f1-score': [], 'support': []}, '8': {'precision': [], 'recall': [], 'f1-score': [], 'support': []}, '9': {'precision': [], 'recall': [], 'f1-score': [], 'support': []}, '10': {'precision': [], 'recall': [], 'f1-score': [], 'support': []}, '11': {'precision': [], 'recall': [], 'f1-score': [], 'support': []}, '12': {'precision': [], 'recall': [], 'f1-score': [], 'support': []}, '13': {'precision': [], 'recall': [], 'f1-score': [], 'support': []}, '14': {'precision': [], 'recall': [], 'f1-score': [], 'support': []}, '15': {'precision': [], 'recall': [], 'f1-score': [], 'support': []}, '16': {'precision': [], 'recall': [], 'f1-score': [], 'support': []}, '17': {'precision': [], 'recall': [], 'f1-score': [], 'support': []}, '18': {'precision': [], 'recall': [], 'f1-score': [], 'support': []}, 'micro avg': {'precision': [], 'recall': [], 'f1-score': [], 'support': []}, 'macro avg': {'precision': [], 'recall': [], 'f1-score': [], 'support': []}, 'weighted avg': {'precision': [], 'recall': [], 'f1-score': [], 'support': []}, 'ap_mic': [], 'ap_mac': []}, {'0': {'precision': [], 'recall': [], 'f1-score': [], 'support': []}, '1': {'precision': [], 'recall': [], 'f1-score': [], 'support': []}, '2': {'precision': [], 'recall': [], 'f1-score': [], 'support': []}, '3': {'precision': [], 'recall': [], 'f1-score': [], 'support': []}, '4': {'precision': [], 'recall': [], 'f1-score': [], 'support': []}, '5': {'precision': [], 'recall': [], 'f1-score': [], 'support': []}, '6': {'precision': [], 'recall': [], 'f1-score': [], 'support': []}, '7': {'precision': [], 'recall': [], 'f1-score': [], 'support': []}, '8': {'precision': [], 'recall': [], 'f1-score': [], 'support': []}, '9': {'precision': [], 'recall': [], 'f1-score': [], 'support': []}, '10': {'precision': [], 'recall': [], 'f1-score': [], 'support': []}, '11': {'precision': [], 'recall': [], 'f1-score': [], 'support': []}, '12': {'precision': [], 'recall': [], 'f1-score': [], 'support': []}, '13': {'precision': [], 'recall': [], 'f1-score': [], 'support': []}, '14': {'precision': [], 'recall': [], 'f1-score': [], 'support': []}, '15': {'precision': [], 'recall': [], 'f1-score': [], 'support': []}, '16': {'precision': [], 'recall': [], 'f1-score': [], 'support': []}, '17': {'precision': [], 'recall': [], 'f1-score': [], 'support': []}, '18': {'precision': [], 'recall': [], 'f1-score': [], 'support': []}, 'micro avg': {'precision': [], 'recall': [], 'f1-score': [], 'support': []}, 'macro avg': {'precision': [], 'recall': [], 'f1-score': [], 'support': []}, 'weighted avg': {'precision': [], 'recall': [], 'f1-score': [], 'support': []}, 'ap_mic': [], 'ap_mac': []}, {'0': {'precision': [], 'recall': [], 'f1-score': [], 'support': []}, '1': {'precision': [], 'recall': [], 'f1-score': [], 'support': []}, '2': {'precision': [], 'recall': [], 'f1-score': [], 'support': []}, '3': {'precision': [], 'recall': [], 'f1-score': [], 'support': []}, '4': {'precision': [], 'recall': [], 'f1-score': [], 'support': []}, '5': {'precision': [], 'recall': [], 'f1-score': [], 'support': []}, '6': {'precision': [], 'recall': [], 'f1-score': [], 'support': []}, '7': {'precision': [], 'recall': [], 'f1-score': [], 'support': []}, '8': {'precision': [], 'recall': [], 'f1-score': [], 'support': []}, '9': {'precision': [], 'recall': [], 'f1-score': [], 'support': []}, '10': {'precision': [], 'recall': [], 'f1-score': [], 'support': []}, '11': {'precision': [], 'recall': [], 'f1-score': [], 'support': []}, '12': {'precision': [], 'recall': [], 'f1-score': [], 'support': []}, '13': {'precision': [], 'recall': [], 'f1-score': [], 'support': []}, '14': {'precision': [], 'recall': [], 'f1-score': [], 'support': []}, '15': {'precision': [], 'recall': [], 'f1-score': [], 'support': []}, '16': {'precision': [], 'recall': [], 'f1-score': [], 'support': []}, '17': {'precision': [], 'recall': [], 'f1-score': [], 'support': []}, '18': {'precision': [], 'recall': [], 'f1-score': [], 'support': []}, 'micro avg': {'precision': [], 'recall': [], 'f1-score': [], 'support': []}, 'macro avg': {'precision': [], 'recall': [], 'f1-score': [], 'support': []}, 'weighted avg': {'precision': [], 'recall': [], 'f1-score': [], 'support': []}, 'ap_mic': [], 'ap_mac': []}, {'0': {'precision': [], 'recall': [], 'f1-score': [], 'support': []}, '1': {'precision': [], 'recall': [], 'f1-score': [], 'support': []}, '2': {'precision': [], 'recall': [], 'f1-score': [], 'support': []}, '3': {'precision': [], 'recall': [], 'f1-score': [], 'support': []}, '4': {'precision': [], 'recall': [], 'f1-score': [], 'support': []}, '5': {'precision': [], 'recall': [], 'f1-score': [], 'support': []}, '6': {'precision': [], 'recall': [], 'f1-score': [], 'support': []}, '7': {'precision': [], 'recall': [], 'f1-score': [], 'support': []}, '8': {'precision': [], 'recall': [], 'f1-score': [], 'support': []}, '9': {'precision': [], 'recall': [], 'f1-score': [], 'support': []}, '10': {'precision': [], 'recall': [], 'f1-score': [], 'support': []}, '11': {'precision': [], 'recall': [], 'f1-score': [], 'support': []}, '12': {'precision': [], 'recall': [], 'f1-score': [], 'support': []}, '13': {'precision': [], 'recall': [], 'f1-score': [], 'support': []}, '14': {'precision': [], 'recall': [], 'f1-score': [], 'support': []}, '15': {'precision': [], 'recall': [], 'f1-score': [], 'support': []}, '16': {'precision': [], 'recall': [], 'f1-score': [], 'support': []}, '17': {'precision': [], 'recall': [], 'f1-score': [], 'support': []}, '18': {'precision': [], 'recall': [], 'f1-score': [], 'support': []}, 'micro avg': {'precision': [], 'recall': [], 'f1-score': [], 'support': []}, 'macro avg': {'precision': [], 'recall': [], 'f1-score': [], 'support': []}, 'weighted avg': {'precision': [], 'recall': [], 'f1-score': [], 'support': []}, 'ap_mic': [], 'ap_mac': []}]
