scenario: 			 1 
pruning strategy: 	 nisp 
pruning rate: 		 0.3 
pruning round: 		 4 
communication rounds: 40 
epochs per round:	 1
Using device: cuda:0

init FLClient TRAIN dataset and dataloader
Pre-filtered 12769 patches based on country and season (split ignored)
Loading BEN data for train...
    237871 patches indexed
    6274 filtered patches indexed
    6274 patches indexed considering max_len
Merged metadata with snow/cloud metadata
Loaded 549488 labels
Loaded 549488 keys
Loaded mapping created

init FLClient VALIDATION dataset and dataloader
Pre-filtered 12769 patches based on country and season (split ignored)
Loading BEN data for test...
    119825 patches indexed
    3182 filtered patches indexed
    256 patches indexed considering max_len
Merged metadata with snow/cloud metadata
Loaded 549488 labels
Loaded 549488 keys
Loaded mapping created

init FLClient TRAIN dataset and dataloader
Pre-filtered 12825 patches based on country and season (split ignored)
Loading BEN data for train...
    237871 patches indexed
    6331 filtered patches indexed
    6331 patches indexed considering max_len
Merged metadata with snow/cloud metadata
Loaded 549488 labels
Loaded 549488 keys
Loaded mapping created

init FLClient VALIDATION dataset and dataloader
Pre-filtered 12825 patches based on country and season (split ignored)
Loading BEN data for test...
    119825 patches indexed
    3246 filtered patches indexed
    256 patches indexed considering max_len
Merged metadata with snow/cloud metadata
Loaded 549488 labels
Loaded 549488 keys
Loaded mapping created

init FLClient TRAIN dataset and dataloader
Pre-filtered 12742 patches based on country and season (split ignored)
Loading BEN data for train...
    237871 patches indexed
    6197 filtered patches indexed
    6197 patches indexed considering max_len
Merged metadata with snow/cloud metadata
Loaded 549488 labels
Loaded 549488 keys
Loaded mapping created

init FLClient VALIDATION dataset and dataloader
Pre-filtered 12742 patches based on country and season (split ignored)
Loading BEN data for test...
    119825 patches indexed
    3198 filtered patches indexed
    256 patches indexed considering max_len
Merged metadata with snow/cloud metadata
Loaded 549488 labels
Loaded 549488 keys
Loaded mapping created

init FLClient TRAIN dataset and dataloader
Pre-filtered 12862 patches based on country and season (split ignored)
Loading BEN data for train...
    237871 patches indexed
    6412 filtered patches indexed
    6412 patches indexed considering max_len
Merged metadata with snow/cloud metadata
Loaded 549488 labels
Loaded 549488 keys
Loaded mapping created

init FLClient VALIDATION dataset and dataloader
Pre-filtered 12862 patches based on country and season (split ignored)
Loading BEN data for test...
    119825 patches indexed
    3205 filtered patches indexed
    256 patches indexed considering max_len
Merged metadata with snow/cloud metadata
Loaded 549488 labels
Loaded 549488 keys
Loaded mapping created

init FLClient TRAIN dataset and dataloader
Pre-filtered 12804 patches based on country and season (split ignored)
Loading BEN data for train...
    237871 patches indexed
    6290 filtered patches indexed
    6290 patches indexed considering max_len
Merged metadata with snow/cloud metadata
Loaded 549488 labels
Loaded 549488 keys
Loaded mapping created

init FLClient VALIDATION dataset and dataloader
Pre-filtered 12804 patches based on country and season (split ignored)
Loading BEN data for test...
    119825 patches indexed
    3237 filtered patches indexed
    256 patches indexed considering max_len
Merged metadata with snow/cloud metadata
Loaded 549488 labels
Loaded 549488 keys
Loaded mapping created

init FLClient TRAIN dataset and dataloader
Pre-filtered 13031 patches based on country and season (split ignored)
Loading BEN data for train...
    237871 patches indexed
    6383 filtered patches indexed
    6383 patches indexed considering max_len
Merged metadata with snow/cloud metadata
Loaded 549488 labels
Loaded 549488 keys
Loaded mapping created

init FLClient VALIDATION dataset and dataloader
Pre-filtered 13031 patches based on country and season (split ignored)
Loading BEN data for test...
    119825 patches indexed
    3405 filtered patches indexed
    256 patches indexed considering max_len
Merged metadata with snow/cloud metadata
Loaded 549488 labels
Loaded 549488 keys
Loaded mapping created

init FLClient TRAIN dataset and dataloader
Pre-filtered 12700 patches based on country and season (split ignored)
Loading BEN data for train...
    237871 patches indexed
    6207 filtered patches indexed
    6207 patches indexed considering max_len
Merged metadata with snow/cloud metadata
Loaded 549488 labels
Loaded 549488 keys
Loaded mapping created

init FLClient VALIDATION dataset and dataloader
Pre-filtered 12700 patches based on country and season (split ignored)
Loading BEN data for test...
    119825 patches indexed
    3293 filtered patches indexed
    256 patches indexed considering max_len
Merged metadata with snow/cloud metadata
Loaded 549488 labels
Loaded 549488 keys
Loaded mapping created

init FLClient TRAIN dataset and dataloader
Pre-filtered 12664 patches based on country and season (split ignored)
Loading BEN data for train...
    237871 patches indexed
    6240 filtered patches indexed
    6240 patches indexed considering max_len
Merged metadata with snow/cloud metadata
Loaded 549488 labels
Loaded 549488 keys
Loaded mapping created

init FLClient VALIDATION dataset and dataloader
Pre-filtered 12664 patches based on country and season (split ignored)
Loading BEN data for test...
    119825 patches indexed
    3267 filtered patches indexed
    256 patches indexed considering max_len
Merged metadata with snow/cloud metadata
Loaded 549488 labels
Loaded 549488 keys
Loaded mapping created

init GLOBALClient VALIDATION dataset and dataloader
Pre-filtered 59999 patches based on country and season (split ignored)
Loading BEN data for test...
    119825 patches indexed
    15720 filtered patches indexed
    15720 patches indexed considering max_len
Merged metadata with snow/cloud metadata
Loaded 549488 labels
Loaded 549488 keys
Loaded mapping created
Round 1/40
----------
Epoch 1/1
----------
Epoch 1/1
----------
Epoch 1/1
----------
Epoch 1/1
----------
Epoch 1/1
----------
Epoch 1/1
----------
Epoch 1/1
----------
Epoch 1/1
----------
micro     precision: 0.9179 | recall: 0.1444 | f1-score: 0.2495 | support: 40183 | mAP: 0.5681
macro     precision: 0.1435 | recall: 0.0781 | f1-score: 0.0932 | support: 40183 | mAP: 0.3441

Round 2/40
----------
Epoch 1/1
----------
Epoch 1/1
----------
Epoch 1/1
----------
Epoch 1/1
----------
Epoch 1/1
----------
Epoch 1/1
----------
Epoch 1/1
----------
Epoch 1/1
----------
micro     precision: 0.5196 | recall: 0.5010 | f1-score: 0.5101 | support: 40183 | mAP: 0.5696
macro     precision: 0.3138 | recall: 0.2627 | f1-score: 0.2359 | support: 40183 | mAP: 0.3535

Round 3/40
----------
Epoch 1/1
----------
Epoch 1/1
----------
Epoch 1/1
----------
Epoch 1/1
----------
Epoch 1/1
----------
Epoch 1/1
----------
Epoch 1/1
----------
Epoch 1/1
----------
micro     precision: 0.7464 | recall: 0.4444 | f1-score: 0.5571 | support: 40183 | mAP: 0.6670
macro     precision: 0.3779 | recall: 0.2004 | f1-score: 0.2045 | support: 40183 | mAP: 0.4022

Round 4/40
----------
Starting nisp pruning with rate 0.3
encoder.4.0.conv3: out of 16384 parameters 4864.0 were pruned.
encoder.4.0.downsample.0: out of 16384 parameters 4864.0 were pruned.
encoder.4.1.conv1: out of 16384 parameters 4864.0 were pruned.
encoder.4.1.conv2: out of 36864 parameters 10944.0 were pruned.
encoder.4.1.conv3: out of 16384 parameters 4864.0 were pruned.
encoder.4.2.conv1: out of 16384 parameters 4864.0 were pruned.
encoder.4.2.conv2: out of 36864 parameters 10944.0 were pruned.
encoder.4.2.conv3: out of 16384 parameters 4864.0 were pruned.
encoder.5.0.conv1: out of 32768 parameters 9728.0 were pruned.
encoder.5.0.conv2: out of 147456 parameters 43776.0 were pruned.
encoder.5.0.conv3: out of 65536 parameters 19584.0 were pruned.
encoder.5.0.downsample.0: out of 131072 parameters 39168.0 were pruned.
encoder.5.1.conv1: out of 65536 parameters 19456.0 were pruned.
encoder.5.1.conv2: out of 147456 parameters 43776.0 were pruned.
encoder.5.1.conv3: out of 65536 parameters 19584.0 were pruned.
encoder.5.2.conv1: out of 65536 parameters 19456.0 were pruned.
encoder.5.2.conv2: out of 147456 parameters 43776.0 were pruned.
encoder.5.2.conv3: out of 65536 parameters 19584.0 were pruned.
encoder.5.3.conv1: out of 65536 parameters 19456.0 were pruned.
encoder.5.3.conv2: out of 147456 parameters 43776.0 were pruned.
encoder.5.3.conv3: out of 65536 parameters 15433.3828125 were pruned.
encoder.6.0.conv1: out of 131072 parameters 38912.0 were pruned.
encoder.6.0.conv2: out of 589824 parameters 175104.0 were pruned.
encoder.6.0.conv3: out of 262144 parameters 78592.0 were pruned.
encoder.6.0.downsample.0: out of 524288 parameters 157184.0 were pruned.
encoder.6.1.conv1: out of 262144 parameters 77824.0 were pruned.
encoder.6.1.conv2: out of 589824 parameters 175104.0 were pruned.
encoder.6.1.conv3: out of 262144 parameters 78592.0 were pruned.
encoder.6.2.conv1: out of 262144 parameters 77824.0 were pruned.
encoder.6.2.conv2: out of 589824 parameters 175104.0 were pruned.
encoder.6.2.conv3: out of 262144 parameters 78592.0 were pruned.
encoder.6.3.conv1: out of 262144 parameters 77824.0 were pruned.
encoder.6.3.conv2: out of 589824 parameters 175104.0 were pruned.
encoder.6.3.conv3: out of 262144 parameters 78592.0 were pruned.
encoder.6.4.conv1: out of 262144 parameters 77824.0 were pruned.
encoder.6.4.conv2: out of 589824 parameters 175104.0 were pruned.
encoder.6.4.conv3: out of 262144 parameters 78592.0 were pruned.
encoder.6.5.conv1: out of 262144 parameters 77824.0 were pruned.
encoder.6.5.conv2: out of 589824 parameters 175104.0 were pruned.
encoder.6.5.conv3: out of 262144 parameters 64512.0 were pruned.
encoder.7.0.conv1: out of 524288 parameters 156672.0 were pruned.
encoder.7.0.conv2: out of 2359296 parameters 705024.0 were pruned.
encoder.7.0.conv3: out of 1048576 parameters 314368.0 were pruned.
encoder.7.0.downsample.0: out of 2097152 parameters 628736.0 were pruned.
encoder.7.1.conv1: out of 1048576 parameters 313344.0 were pruned.
encoder.7.1.conv2: out of 2359296 parameters 705024.0 were pruned.
encoder.7.1.conv3: out of 1048576 parameters 314368.0 were pruned.
encoder.7.2.conv1: out of 1048576 parameters 313344.0 were pruned.
encoder.7.2.conv2: out of 2359296 parameters 705024.0 were pruned.
encoder.7.2.conv3: out of 1048576 parameters 314368.0 were pruned.
Out of 23404544 parameters 6971209.5 were pruned.

Epoch 1/1
----------
Epoch 1/1
----------
Epoch 1/1
----------
Epoch 1/1
----------
Epoch 1/1
----------
Epoch 1/1
----------
Epoch 1/1
----------
Epoch 1/1
----------
micro     precision: 0.6898 | recall: 0.1338 | f1-score: 0.2242 | support: 40183 | mAP: 0.4003
macro     precision: 0.0869 | recall: 0.0495 | f1-score: 0.0455 | support: 40183 | mAP: 0.3060

Round 5/40
----------
Epoch 1/1
----------
Epoch 1/1
----------
Epoch 1/1
----------
Epoch 1/1
----------
Epoch 1/1
----------
Epoch 1/1
----------
Epoch 1/1
----------
Epoch 1/1
----------
micro     precision: 0.5548 | recall: 0.5638 | f1-score: 0.5593 | support: 40183 | mAP: 0.6404
macro     precision: 0.2843 | recall: 0.2907 | f1-score: 0.2635 | support: 40183 | mAP: 0.3471

Round 6/40
----------
Epoch 1/1
----------
Epoch 1/1
----------
Epoch 1/1
----------
Epoch 1/1
----------
Epoch 1/1
----------
Epoch 1/1
----------
Epoch 1/1
----------
Epoch 1/1
----------
micro     precision: 0.8054 | recall: 0.6139 | f1-score: 0.6967 | support: 40183 | mAP: 0.7630
macro     precision: 0.4541 | recall: 0.3118 | f1-score: 0.3350 | support: 40183 | mAP: 0.4552

Round 7/40
----------
Epoch 1/1
----------
Epoch 1/1
----------
Epoch 1/1
----------
Epoch 1/1
----------
Epoch 1/1
----------
Epoch 1/1
----------
Epoch 1/1
----------
Epoch 1/1
----------
micro     precision: 0.7872 | recall: 0.6193 | f1-score: 0.6932 | support: 40183 | mAP: 0.7517
macro     precision: 0.5506 | recall: 0.3164 | f1-score: 0.3459 | support: 40183 | mAP: 0.4590

Round 8/40
----------
Epoch 1/1
----------
Epoch 1/1
----------
Epoch 1/1
----------
Epoch 1/1
----------
Epoch 1/1
----------
Epoch 1/1
----------
Epoch 1/1
----------
Epoch 1/1
----------
micro     precision: 0.8364 | recall: 0.5957 | f1-score: 0.6958 | support: 40183 | mAP: 0.7852
macro     precision: 0.6097 | recall: 0.3235 | f1-score: 0.3746 | support: 40183 | mAP: 0.4892

Round 9/40
----------
Epoch 1/1
----------
Epoch 1/1
----------
Epoch 1/1
----------
Epoch 1/1
----------
Epoch 1/1
----------
Epoch 1/1
----------
Epoch 1/1
----------
Epoch 1/1
----------
micro     precision: 0.8280 | recall: 0.6188 | f1-score: 0.7083 | support: 40183 | mAP: 0.7966
macro     precision: 0.5724 | recall: 0.3441 | f1-score: 0.4010 | support: 40183 | mAP: 0.4845

Round 10/40
----------
Epoch 1/1
----------
Epoch 1/1
----------
Epoch 1/1
----------
Epoch 1/1
----------
Epoch 1/1
----------
Epoch 1/1
----------
Epoch 1/1
----------
Epoch 1/1
----------
micro     precision: 0.7892 | recall: 0.5664 | f1-score: 0.6595 | support: 40183 | mAP: 0.7271
macro     precision: 0.5582 | recall: 0.2917 | f1-score: 0.3230 | support: 40183 | mAP: 0.4515

Round 11/40
----------
Epoch 1/1
----------
Epoch 1/1
----------
Epoch 1/1
----------
Epoch 1/1
----------
Epoch 1/1
----------
Epoch 1/1
----------
Epoch 1/1
----------
Epoch 1/1
----------
micro     precision: 0.7994 | recall: 0.6322 | f1-score: 0.7060 | support: 40183 | mAP: 0.7828
macro     precision: 0.5280 | recall: 0.3689 | f1-score: 0.3955 | support: 40183 | mAP: 0.4770

Round 12/40
----------
Epoch 1/1
----------
Epoch 1/1
----------
Epoch 1/1
----------
Epoch 1/1
----------
Epoch 1/1
----------
Epoch 1/1
----------
Epoch 1/1
----------
Epoch 1/1
----------
micro     precision: 0.8219 | recall: 0.6364 | f1-score: 0.7173 | support: 40183 | mAP: 0.8096
macro     precision: 0.5953 | recall: 0.3676 | f1-score: 0.4251 | support: 40183 | mAP: 0.5121

Round 13/40
----------
Epoch 1/1
----------
Epoch 1/1
----------
Epoch 1/1
----------
Epoch 1/1
----------
Epoch 1/1
----------
Epoch 1/1
----------
Epoch 1/1
----------
Epoch 1/1
----------
micro     precision: 0.8251 | recall: 0.6249 | f1-score: 0.7112 | support: 40183 | mAP: 0.8096
macro     precision: 0.6002 | recall: 0.3504 | f1-score: 0.4030 | support: 40183 | mAP: 0.5152

Round 14/40
----------
Epoch 1/1
----------
Epoch 1/1
----------
Epoch 1/1
----------
Epoch 1/1
----------
Epoch 1/1
----------
Epoch 1/1
----------
Epoch 1/1
----------
Epoch 1/1
----------
micro     precision: 0.8193 | recall: 0.6772 | f1-score: 0.7415 | support: 40183 | mAP: 0.8210
macro     precision: 0.6039 | recall: 0.3959 | f1-score: 0.4513 | support: 40183 | mAP: 0.5242

Round 15/40
----------
Epoch 1/1
----------
Epoch 1/1
----------
Epoch 1/1
----------
Epoch 1/1
----------
Epoch 1/1
----------
Epoch 1/1
----------
Epoch 1/1
----------
Epoch 1/1
----------
micro     precision: 0.7096 | recall: 0.5071 | f1-score: 0.5915 | support: 40183 | mAP: 0.7008
macro     precision: 0.5451 | recall: 0.2957 | f1-score: 0.2953 | support: 40183 | mAP: 0.4485

Round 16/40
----------
Epoch 1/1
----------
Epoch 1/1
----------
Epoch 1/1
----------
Epoch 1/1
----------
Epoch 1/1
----------
Epoch 1/1
----------
Epoch 1/1
----------
Epoch 1/1
----------
micro     precision: 0.7530 | recall: 0.6306 | f1-score: 0.6864 | support: 40183 | mAP: 0.7677
macro     precision: 0.5385 | recall: 0.4014 | f1-score: 0.4366 | support: 40183 | mAP: 0.4865

Round 17/40
----------
Epoch 1/1
----------
Epoch 1/1
----------
Epoch 1/1
----------
Epoch 1/1
----------
Epoch 1/1
----------
Epoch 1/1
----------
Epoch 1/1
----------
Epoch 1/1
----------
micro     precision: 0.8217 | recall: 0.6681 | f1-score: 0.7370 | support: 40183 | mAP: 0.8312
macro     precision: 0.6047 | recall: 0.4103 | f1-score: 0.4677 | support: 40183 | mAP: 0.5378

Round 18/40
----------
Epoch 1/1
----------
Epoch 1/1
----------
Epoch 1/1
----------
Epoch 1/1
----------
Epoch 1/1
----------
Epoch 1/1
----------
Epoch 1/1
----------
Epoch 1/1
----------
micro     precision: 0.8263 | recall: 0.7069 | f1-score: 0.7619 | support: 40183 | mAP: 0.8421
macro     precision: 0.6281 | recall: 0.4138 | f1-score: 0.4654 | support: 40183 | mAP: 0.5459

Round 19/40
----------
Epoch 1/1
----------
Epoch 1/1
----------
Epoch 1/1
----------
Epoch 1/1
----------
Epoch 1/1
----------
Epoch 1/1
----------
Epoch 1/1
----------
Epoch 1/1
----------
micro     precision: 0.8428 | recall: 0.6789 | f1-score: 0.7520 | support: 40183 | mAP: 0.8483
macro     precision: 0.6245 | recall: 0.4076 | f1-score: 0.4711 | support: 40183 | mAP: 0.5515

Round 20/40
----------
Epoch 1/1
----------
Epoch 1/1
----------
Epoch 1/1
----------
Epoch 1/1
----------
Epoch 1/1
----------
Epoch 1/1
----------
Epoch 1/1
----------
Epoch 1/1
----------
micro     precision: 0.8398 | recall: 0.6890 | f1-score: 0.7570 | support: 40183 | mAP: 0.8461
macro     precision: 0.6203 | recall: 0.4023 | f1-score: 0.4604 | support: 40183 | mAP: 0.5473

Round 21/40
----------
Epoch 1/1
----------
Epoch 1/1
----------
Epoch 1/1
----------
Epoch 1/1
----------
Epoch 1/1
----------
Epoch 1/1
----------
Epoch 1/1
----------
Epoch 1/1
----------
micro     precision: 0.8404 | recall: 0.7098 | f1-score: 0.7696 | support: 40183 | mAP: 0.8532
macro     precision: 0.6290 | recall: 0.4186 | f1-score: 0.4746 | support: 40183 | mAP: 0.5491

Round 22/40
----------
Epoch 1/1
----------
Epoch 1/1
----------
Epoch 1/1
----------
Epoch 1/1
----------
Epoch 1/1
----------
Epoch 1/1
----------
Epoch 1/1
----------
Epoch 1/1
----------
micro     precision: 0.8408 | recall: 0.6928 | f1-score: 0.7596 | support: 40183 | mAP: 0.8468
macro     precision: 0.6314 | recall: 0.4078 | f1-score: 0.4657 | support: 40183 | mAP: 0.5558

Round 23/40
----------
Epoch 1/1
----------
Epoch 1/1
----------
Epoch 1/1
----------
Epoch 1/1
----------
Epoch 1/1
----------
Epoch 1/1
----------
Epoch 1/1
----------
Epoch 1/1
----------
micro     precision: 0.8405 | recall: 0.6473 | f1-score: 0.7313 | support: 40183 | mAP: 0.7951
macro     precision: 0.6327 | recall: 0.3888 | f1-score: 0.4502 | support: 40183 | mAP: 0.5271

Round 24/40
----------
Epoch 1/1
----------
Epoch 1/1
----------
Epoch 1/1
----------
Epoch 1/1
----------
Epoch 1/1
----------
Epoch 1/1
----------
Epoch 1/1
----------
Epoch 1/1
----------
micro     precision: 0.8624 | recall: 0.6836 | f1-score: 0.7627 | support: 40183 | mAP: 0.8638
macro     precision: 0.6466 | recall: 0.4044 | f1-score: 0.4679 | support: 40183 | mAP: 0.5649

Round 25/40
----------
Epoch 1/1
----------
Epoch 1/1
----------
Epoch 1/1
----------
Epoch 1/1
----------
Epoch 1/1
----------
Epoch 1/1
----------
Epoch 1/1
----------
Epoch 1/1
----------
micro     precision: 0.8450 | recall: 0.6791 | f1-score: 0.7530 | support: 40183 | mAP: 0.8433
macro     precision: 0.6083 | recall: 0.4379 | f1-score: 0.4952 | support: 40183 | mAP: 0.5569

Round 26/40
----------
Epoch 1/1
----------
Epoch 1/1
----------
Epoch 1/1
----------
Epoch 1/1
----------
Epoch 1/1
----------
Epoch 1/1
----------
Epoch 1/1
----------
Epoch 1/1
----------
micro     precision: 0.8486 | recall: 0.6993 | f1-score: 0.7667 | support: 40183 | mAP: 0.8576
macro     precision: 0.6093 | recall: 0.4510 | f1-score: 0.5035 | support: 40183 | mAP: 0.5627

Round 27/40
----------
Epoch 1/1
----------
Epoch 1/1
----------
Epoch 1/1
----------
Epoch 1/1
----------
Epoch 1/1
----------
Epoch 1/1
----------
Epoch 1/1
----------
Epoch 1/1
----------
micro     precision: 0.8482 | recall: 0.6621 | f1-score: 0.7437 | support: 40183 | mAP: 0.8254
macro     precision: 0.6370 | recall: 0.3999 | f1-score: 0.4598 | support: 40183 | mAP: 0.5427

Round 28/40
----------
Epoch 1/1
----------
Epoch 1/1
----------
Epoch 1/1
----------
Epoch 1/1
----------
Epoch 1/1
----------
Epoch 1/1
----------
Epoch 1/1
----------
Epoch 1/1
----------
micro     precision: 0.8489 | recall: 0.6986 | f1-score: 0.7664 | support: 40183 | mAP: 0.8527
macro     precision: 0.6435 | recall: 0.4225 | f1-score: 0.4844 | support: 40183 | mAP: 0.5616

Round 29/40
----------
Epoch 1/1
----------
Epoch 1/1
----------
Epoch 1/1
----------
Epoch 1/1
----------
Epoch 1/1
----------
Epoch 1/1
----------
Epoch 1/1
----------
Epoch 1/1
----------
micro     precision: 0.8414 | recall: 0.7086 | f1-score: 0.7693 | support: 40183 | mAP: 0.8434
macro     precision: 0.6208 | recall: 0.4358 | f1-score: 0.4916 | support: 40183 | mAP: 0.5550

Round 30/40
----------
Epoch 1/1
----------
Epoch 1/1
----------
Epoch 1/1
----------
Epoch 1/1
----------
Epoch 1/1
----------
Epoch 1/1
----------
Epoch 1/1
----------
Epoch 1/1
----------
micro     precision: 0.8500 | recall: 0.6933 | f1-score: 0.7637 | support: 40183 | mAP: 0.8516
macro     precision: 0.6285 | recall: 0.4231 | f1-score: 0.4828 | support: 40183 | mAP: 0.5592

Round 31/40
----------
Epoch 1/1
----------
Epoch 1/1
----------
Epoch 1/1
----------
Epoch 1/1
----------
Epoch 1/1
----------
Epoch 1/1
----------
Epoch 1/1
----------
Epoch 1/1
----------
micro     precision: 0.8160 | recall: 0.6831 | f1-score: 0.7436 | support: 40183 | mAP: 0.8349
macro     precision: 0.5897 | recall: 0.4368 | f1-score: 0.4866 | support: 40183 | mAP: 0.5430

Round 32/40
----------
Epoch 1/1
----------
Epoch 1/1
----------
Epoch 1/1
----------
Epoch 1/1
----------
Epoch 1/1
----------
Epoch 1/1
----------
Epoch 1/1
----------
Epoch 1/1
----------
micro     precision: 0.8635 | recall: 0.6893 | f1-score: 0.7667 | support: 40183 | mAP: 0.8454
macro     precision: 0.6415 | recall: 0.4177 | f1-score: 0.4832 | support: 40183 | mAP: 0.5552

Round 33/40
----------
Epoch 1/1
----------
Epoch 1/1
----------
Epoch 1/1
----------
Epoch 1/1
----------
Epoch 1/1
----------
Epoch 1/1
----------
Epoch 1/1
----------
Epoch 1/1
----------
micro     precision: 0.8468 | recall: 0.7361 | f1-score: 0.7876 | support: 40183 | mAP: 0.8717
macro     precision: 0.6321 | recall: 0.4632 | f1-score: 0.5155 | support: 40183 | mAP: 0.5824

Round 34/40
----------
Epoch 1/1
----------
Epoch 1/1
----------
Epoch 1/1
----------
Epoch 1/1
----------
Epoch 1/1
----------
Epoch 1/1
----------
Epoch 1/1
----------
Epoch 1/1
----------
micro     precision: 0.8502 | recall: 0.7167 | f1-score: 0.7778 | support: 40183 | mAP: 0.8677
macro     precision: 0.6172 | recall: 0.4759 | f1-score: 0.5247 | support: 40183 | mAP: 0.5854

Round 35/40
----------
Epoch 1/1
----------
Epoch 1/1
----------
Epoch 1/1
----------
Epoch 1/1
----------
Epoch 1/1
----------
Epoch 1/1
----------
Epoch 1/1
----------
Epoch 1/1
----------
micro     precision: 0.8427 | recall: 0.7278 | f1-score: 0.7810 | support: 40183 | mAP: 0.8726
macro     precision: 0.6087 | recall: 0.4667 | f1-score: 0.5146 | support: 40183 | mAP: 0.5768

Round 36/40
----------
Epoch 1/1
----------
Epoch 1/1
----------
Epoch 1/1
----------
Epoch 1/1
----------
Epoch 1/1
----------
Epoch 1/1
----------
Epoch 1/1
----------
Epoch 1/1
----------
micro     precision: 0.8546 | recall: 0.7206 | f1-score: 0.7819 | support: 40183 | mAP: 0.8674
macro     precision: 0.6260 | recall: 0.4643 | f1-score: 0.5208 | support: 40183 | mAP: 0.5776

Round 37/40
----------
Epoch 1/1
----------
Epoch 1/1
----------
Epoch 1/1
----------
Epoch 1/1
----------
Epoch 1/1
----------
Epoch 1/1
----------
Epoch 1/1
----------
Epoch 1/1
----------
micro     precision: 0.8531 | recall: 0.7321 | f1-score: 0.7880 | support: 40183 | mAP: 0.8700
macro     precision: 0.6224 | recall: 0.4704 | f1-score: 0.5192 | support: 40183 | mAP: 0.5828

Round 38/40
----------
Epoch 1/1
----------
Epoch 1/1
----------
Epoch 1/1
----------
Epoch 1/1
----------
Epoch 1/1
----------
Epoch 1/1
----------
Epoch 1/1
----------
Epoch 1/1
----------
micro     precision: 0.8606 | recall: 0.7277 | f1-score: 0.7886 | support: 40183 | mAP: 0.8795
macro     precision: 0.6336 | recall: 0.4700 | f1-score: 0.5255 | support: 40183 | mAP: 0.5848

Round 39/40
----------
Epoch 1/1
----------
Epoch 1/1
----------
Epoch 1/1
----------
Epoch 1/1
----------
Epoch 1/1
----------
Epoch 1/1
----------
Epoch 1/1
----------
Epoch 1/1
----------
micro     precision: 0.8353 | recall: 0.7377 | f1-score: 0.7834 | support: 40183 | mAP: 0.8748
macro     precision: 0.6245 | recall: 0.4709 | f1-score: 0.5196 | support: 40183 | mAP: 0.5820

Round 40/40
----------
Epoch 1/1
----------
Epoch 1/1
----------
Epoch 1/1
----------
Epoch 1/1
----------
Epoch 1/1
----------
Epoch 1/1
----------
Epoch 1/1
----------
Epoch 1/1
----------
micro     precision: 0.8458 | recall: 0.7465 | f1-score: 0.7931 | support: 40183 | mAP: 0.8840
macro     precision: 0.6330 | recall: 0.4614 | f1-score: 0.5130 | support: 40183 | mAP: 0.5881

[{'0': {'precision': [], 'recall': [], 'f1-score': [], 'support': []}, '1': {'precision': [], 'recall': [], 'f1-score': [], 'support': []}, '2': {'precision': [], 'recall': [], 'f1-score': [], 'support': []}, '3': {'precision': [], 'recall': [], 'f1-score': [], 'support': []}, '4': {'precision': [], 'recall': [], 'f1-score': [], 'support': []}, '5': {'precision': [], 'recall': [], 'f1-score': [], 'support': []}, '6': {'precision': [], 'recall': [], 'f1-score': [], 'support': []}, '7': {'precision': [], 'recall': [], 'f1-score': [], 'support': []}, '8': {'precision': [], 'recall': [], 'f1-score': [], 'support': []}, '9': {'precision': [], 'recall': [], 'f1-score': [], 'support': []}, '10': {'precision': [], 'recall': [], 'f1-score': [], 'support': []}, '11': {'precision': [], 'recall': [], 'f1-score': [], 'support': []}, '12': {'precision': [], 'recall': [], 'f1-score': [], 'support': []}, '13': {'precision': [], 'recall': [], 'f1-score': [], 'support': []}, '14': {'precision': [], 'recall': [], 'f1-score': [], 'support': []}, '15': {'precision': [], 'recall': [], 'f1-score': [], 'support': []}, '16': {'precision': [], 'recall': [], 'f1-score': [], 'support': []}, '17': {'precision': [], 'recall': [], 'f1-score': [], 'support': []}, '18': {'precision': [], 'recall': [], 'f1-score': [], 'support': []}, 'micro avg': {'precision': [], 'recall': [], 'f1-score': [], 'support': []}, 'macro avg': {'precision': [], 'recall': [], 'f1-score': [], 'support': []}, 'weighted avg': {'precision': [], 'recall': [], 'f1-score': [], 'support': []}, 'ap_mic': [], 'ap_mac': []}, {'0': {'precision': [], 'recall': [], 'f1-score': [], 'support': []}, '1': {'precision': [], 'recall': [], 'f1-score': [], 'support': []}, '2': {'precision': [], 'recall': [], 'f1-score': [], 'support': []}, '3': {'precision': [], 'recall': [], 'f1-score': [], 'support': []}, '4': {'precision': [], 'recall': [], 'f1-score': [], 'support': []}, '5': {'precision': [], 'recall': [], 'f1-score': [], 'support': []}, '6': {'precision': [], 'recall': [], 'f1-score': [], 'support': []}, '7': {'precision': [], 'recall': [], 'f1-score': [], 'support': []}, '8': {'precision': [], 'recall': [], 'f1-score': [], 'support': []}, '9': {'precision': [], 'recall': [], 'f1-score': [], 'support': []}, '10': {'precision': [], 'recall': [], 'f1-score': [], 'support': []}, '11': {'precision': [], 'recall': [], 'f1-score': [], 'support': []}, '12': {'precision': [], 'recall': [], 'f1-score': [], 'support': []}, '13': {'precision': [], 'recall': [], 'f1-score': [], 'support': []}, '14': {'precision': [], 'recall': [], 'f1-score': [], 'support': []}, '15': {'precision': [], 'recall': [], 'f1-score': [], 'support': []}, '16': {'precision': [], 'recall': [], 'f1-score': [], 'support': []}, '17': {'precision': [], 'recall': [], 'f1-score': [], 'support': []}, '18': {'precision': [], 'recall': [], 'f1-score': [], 'support': []}, 'micro avg': {'precision': [], 'recall': [], 'f1-score': [], 'support': []}, 'macro avg': {'precision': [], 'recall': [], 'f1-score': [], 'support': []}, 'weighted avg': {'precision': [], 'recall': [], 'f1-score': [], 'support': []}, 'ap_mic': [], 'ap_mac': []}, {'0': {'precision': [], 'recall': [], 'f1-score': [], 'support': []}, '1': {'precision': [], 'recall': [], 'f1-score': [], 'support': []}, '2': {'precision': [], 'recall': [], 'f1-score': [], 'support': []}, '3': {'precision': [], 'recall': [], 'f1-score': [], 'support': []}, '4': {'precision': [], 'recall': [], 'f1-score': [], 'support': []}, '5': {'precision': [], 'recall': [], 'f1-score': [], 'support': []}, '6': {'precision': [], 'recall': [], 'f1-score': [], 'support': []}, '7': {'precision': [], 'recall': [], 'f1-score': [], 'support': []}, '8': {'precision': [], 'recall': [], 'f1-score': [], 'support': []}, '9': {'precision': [], 'recall': [], 'f1-score': [], 'support': []}, '10': {'precision': [], 'recall': [], 'f1-score': [], 'support': []}, '11': {'precision': [], 'recall': [], 'f1-score': [], 'support': []}, '12': {'precision': [], 'recall': [], 'f1-score': [], 'support': []}, '13': {'precision': [], 'recall': [], 'f1-score': [], 'support': []}, '14': {'precision': [], 'recall': [], 'f1-score': [], 'support': []}, '15': {'precision': [], 'recall': [], 'f1-score': [], 'support': []}, '16': {'precision': [], 'recall': [], 'f1-score': [], 'support': []}, '17': {'precision': [], 'recall': [], 'f1-score': [], 'support': []}, '18': {'precision': [], 'recall': [], 'f1-score': [], 'support': []}, 'micro avg': {'precision': [], 'recall': [], 'f1-score': [], 'support': []}, 'macro avg': {'precision': [], 'recall': [], 'f1-score': [], 'support': []}, 'weighted avg': {'precision': [], 'recall': [], 'f1-score': [], 'support': []}, 'ap_mic': [], 'ap_mac': []}, {'0': {'precision': [], 'recall': [], 'f1-score': [], 'support': []}, '1': {'precision': [], 'recall': [], 'f1-score': [], 'support': []}, '2': {'precision': [], 'recall': [], 'f1-score': [], 'support': []}, '3': {'precision': [], 'recall': [], 'f1-score': [], 'support': []}, '4': {'precision': [], 'recall': [], 'f1-score': [], 'support': []}, '5': {'precision': [], 'recall': [], 'f1-score': [], 'support': []}, '6': {'precision': [], 'recall': [], 'f1-score': [], 'support': []}, '7': {'precision': [], 'recall': [], 'f1-score': [], 'support': []}, '8': {'precision': [], 'recall': [], 'f1-score': [], 'support': []}, '9': {'precision': [], 'recall': [], 'f1-score': [], 'support': []}, '10': {'precision': [], 'recall': [], 'f1-score': [], 'support': []}, '11': {'precision': [], 'recall': [], 'f1-score': [], 'support': []}, '12': {'precision': [], 'recall': [], 'f1-score': [], 'support': []}, '13': {'precision': [], 'recall': [], 'f1-score': [], 'support': []}, '14': {'precision': [], 'recall': [], 'f1-score': [], 'support': []}, '15': {'precision': [], 'recall': [], 'f1-score': [], 'support': []}, '16': {'precision': [], 'recall': [], 'f1-score': [], 'support': []}, '17': {'precision': [], 'recall': [], 'f1-score': [], 'support': []}, '18': {'precision': [], 'recall': [], 'f1-score': [], 'support': []}, 'micro avg': {'precision': [], 'recall': [], 'f1-score': [], 'support': []}, 'macro avg': {'precision': [], 'recall': [], 'f1-score': [], 'support': []}, 'weighted avg': {'precision': [], 'recall': [], 'f1-score': [], 'support': []}, 'ap_mic': [], 'ap_mac': []}, {'0': {'precision': [], 'recall': [], 'f1-score': [], 'support': []}, '1': {'precision': [], 'recall': [], 'f1-score': [], 'support': []}, '2': {'precision': [], 'recall': [], 'f1-score': [], 'support': []}, '3': {'precision': [], 'recall': [], 'f1-score': [], 'support': []}, '4': {'precision': [], 'recall': [], 'f1-score': [], 'support': []}, '5': {'precision': [], 'recall': [], 'f1-score': [], 'support': []}, '6': {'precision': [], 'recall': [], 'f1-score': [], 'support': []}, '7': {'precision': [], 'recall': [], 'f1-score': [], 'support': []}, '8': {'precision': [], 'recall': [], 'f1-score': [], 'support': []}, '9': {'precision': [], 'recall': [], 'f1-score': [], 'support': []}, '10': {'precision': [], 'recall': [], 'f1-score': [], 'support': []}, '11': {'precision': [], 'recall': [], 'f1-score': [], 'support': []}, '12': {'precision': [], 'recall': [], 'f1-score': [], 'support': []}, '13': {'precision': [], 'recall': [], 'f1-score': [], 'support': []}, '14': {'precision': [], 'recall': [], 'f1-score': [], 'support': []}, '15': {'precision': [], 'recall': [], 'f1-score': [], 'support': []}, '16': {'precision': [], 'recall': [], 'f1-score': [], 'support': []}, '17': {'precision': [], 'recall': [], 'f1-score': [], 'support': []}, '18': {'precision': [], 'recall': [], 'f1-score': [], 'support': []}, 'micro avg': {'precision': [], 'recall': [], 'f1-score': [], 'support': []}, 'macro avg': {'precision': [], 'recall': [], 'f1-score': [], 'support': []}, 'weighted avg': {'precision': [], 'recall': [], 'f1-score': [], 'support': []}, 'ap_mic': [], 'ap_mac': []}, {'0': {'precision': [], 'recall': [], 'f1-score': [], 'support': []}, '1': {'precision': [], 'recall': [], 'f1-score': [], 'support': []}, '2': {'precision': [], 'recall': [], 'f1-score': [], 'support': []}, '3': {'precision': [], 'recall': [], 'f1-score': [], 'support': []}, '4': {'precision': [], 'recall': [], 'f1-score': [], 'support': []}, '5': {'precision': [], 'recall': [], 'f1-score': [], 'support': []}, '6': {'precision': [], 'recall': [], 'f1-score': [], 'support': []}, '7': {'precision': [], 'recall': [], 'f1-score': [], 'support': []}, '8': {'precision': [], 'recall': [], 'f1-score': [], 'support': []}, '9': {'precision': [], 'recall': [], 'f1-score': [], 'support': []}, '10': {'precision': [], 'recall': [], 'f1-score': [], 'support': []}, '11': {'precision': [], 'recall': [], 'f1-score': [], 'support': []}, '12': {'precision': [], 'recall': [], 'f1-score': [], 'support': []}, '13': {'precision': [], 'recall': [], 'f1-score': [], 'support': []}, '14': {'precision': [], 'recall': [], 'f1-score': [], 'support': []}, '15': {'precision': [], 'recall': [], 'f1-score': [], 'support': []}, '16': {'precision': [], 'recall': [], 'f1-score': [], 'support': []}, '17': {'precision': [], 'recall': [], 'f1-score': [], 'support': []}, '18': {'precision': [], 'recall': [], 'f1-score': [], 'support': []}, 'micro avg': {'precision': [], 'recall': [], 'f1-score': [], 'support': []}, 'macro avg': {'precision': [], 'recall': [], 'f1-score': [], 'support': []}, 'weighted avg': {'precision': [], 'recall': [], 'f1-score': [], 'support': []}, 'ap_mic': [], 'ap_mac': []}, {'0': {'precision': [], 'recall': [], 'f1-score': [], 'support': []}, '1': {'precision': [], 'recall': [], 'f1-score': [], 'support': []}, '2': {'precision': [], 'recall': [], 'f1-score': [], 'support': []}, '3': {'precision': [], 'recall': [], 'f1-score': [], 'support': []}, '4': {'precision': [], 'recall': [], 'f1-score': [], 'support': []}, '5': {'precision': [], 'recall': [], 'f1-score': [], 'support': []}, '6': {'precision': [], 'recall': [], 'f1-score': [], 'support': []}, '7': {'precision': [], 'recall': [], 'f1-score': [], 'support': []}, '8': {'precision': [], 'recall': [], 'f1-score': [], 'support': []}, '9': {'precision': [], 'recall': [], 'f1-score': [], 'support': []}, '10': {'precision': [], 'recall': [], 'f1-score': [], 'support': []}, '11': {'precision': [], 'recall': [], 'f1-score': [], 'support': []}, '12': {'precision': [], 'recall': [], 'f1-score': [], 'support': []}, '13': {'precision': [], 'recall': [], 'f1-score': [], 'support': []}, '14': {'precision': [], 'recall': [], 'f1-score': [], 'support': []}, '15': {'precision': [], 'recall': [], 'f1-score': [], 'support': []}, '16': {'precision': [], 'recall': [], 'f1-score': [], 'support': []}, '17': {'precision': [], 'recall': [], 'f1-score': [], 'support': []}, '18': {'precision': [], 'recall': [], 'f1-score': [], 'support': []}, 'micro avg': {'precision': [], 'recall': [], 'f1-score': [], 'support': []}, 'macro avg': {'precision': [], 'recall': [], 'f1-score': [], 'support': []}, 'weighted avg': {'precision': [], 'recall': [], 'f1-score': [], 'support': []}, 'ap_mic': [], 'ap_mac': []}, {'0': {'precision': [], 'recall': [], 'f1-score': [], 'support': []}, '1': {'precision': [], 'recall': [], 'f1-score': [], 'support': []}, '2': {'precision': [], 'recall': [], 'f1-score': [], 'support': []}, '3': {'precision': [], 'recall': [], 'f1-score': [], 'support': []}, '4': {'precision': [], 'recall': [], 'f1-score': [], 'support': []}, '5': {'precision': [], 'recall': [], 'f1-score': [], 'support': []}, '6': {'precision': [], 'recall': [], 'f1-score': [], 'support': []}, '7': {'precision': [], 'recall': [], 'f1-score': [], 'support': []}, '8': {'precision': [], 'recall': [], 'f1-score': [], 'support': []}, '9': {'precision': [], 'recall': [], 'f1-score': [], 'support': []}, '10': {'precision': [], 'recall': [], 'f1-score': [], 'support': []}, '11': {'precision': [], 'recall': [], 'f1-score': [], 'support': []}, '12': {'precision': [], 'recall': [], 'f1-score': [], 'support': []}, '13': {'precision': [], 'recall': [], 'f1-score': [], 'support': []}, '14': {'precision': [], 'recall': [], 'f1-score': [], 'support': []}, '15': {'precision': [], 'recall': [], 'f1-score': [], 'support': []}, '16': {'precision': [], 'recall': [], 'f1-score': [], 'support': []}, '17': {'precision': [], 'recall': [], 'f1-score': [], 'support': []}, '18': {'precision': [], 'recall': [], 'f1-score': [], 'support': []}, 'micro avg': {'precision': [], 'recall': [], 'f1-score': [], 'support': []}, 'macro avg': {'precision': [], 'recall': [], 'f1-score': [], 'support': []}, 'weighted avg': {'precision': [], 'recall': [], 'f1-score': [], 'support': []}, 'ap_mic': [], 'ap_mac': []}]
