Using device: cuda:0
Pre-filtered 30767 patches based on country and season (split ignored)
Loading BEN data for train...
    237871 patches indexed
    14805 filtered patches indexed
    14805 patches indexed considering max_len
Merged metadata with snow/cloud metadata
Loaded 549488 labels
Loaded 549488 keys
Loaded mapping created
Pre-filtered 30767 patches based on country and season (split ignored)
Loading BEN data for test...
    119825 patches indexed
    8209 filtered patches indexed
    8209 patches indexed considering max_len
Merged metadata with snow/cloud metadata
Loaded 549488 labels
Loaded 549488 keys
Loaded mapping created
Pre-filtered 15549 patches based on country and season (split ignored)
Loading BEN data for train...
    237871 patches indexed
    7150 filtered patches indexed
    7150 patches indexed considering max_len
Merged metadata with snow/cloud metadata
Loaded 549488 labels
Loaded 549488 keys
Loaded mapping created
Pre-filtered 15549 patches based on country and season (split ignored)
Loading BEN data for test...
    119825 patches indexed
    4263 filtered patches indexed
    4263 patches indexed considering max_len
Merged metadata with snow/cloud metadata
Loaded 549488 labels
Loaded 549488 keys
Loaded mapping created
Pre-filtered 13683 patches based on country and season (split ignored)
Loading BEN data for train...
    237871 patches indexed
    7180 filtered patches indexed
    7180 patches indexed considering max_len
Merged metadata with snow/cloud metadata
Loaded 549488 labels
Loaded 549488 keys
Loaded mapping created
Pre-filtered 13683 patches based on country and season (split ignored)
Loading BEN data for test...
    119825 patches indexed
    3248 filtered patches indexed
    3248 patches indexed considering max_len
Merged metadata with snow/cloud metadata
Loaded 549488 labels
Loaded 549488 keys
Loaded mapping created
Pre-filtered 10372 patches based on country and season (split ignored)
Loading BEN data for train...
    237871 patches indexed
    5941 filtered patches indexed
    5941 patches indexed considering max_len
Merged metadata with snow/cloud metadata
Loaded 549488 labels
Loaded 549488 keys
Loaded mapping created
Pre-filtered 10372 patches based on country and season (split ignored)
Loading BEN data for test...
    119825 patches indexed
    1871 filtered patches indexed
    1871 patches indexed considering max_len
Merged metadata with snow/cloud metadata
Loaded 549488 labels
Loaded 549488 keys
Loaded mapping created
Pre-filtered 1939 patches based on country and season (split ignored)
Loading BEN data for train...
    237871 patches indexed
    1323 filtered patches indexed
    1323 patches indexed considering max_len
Merged metadata with snow/cloud metadata
Loaded 549488 labels
Loaded 549488 keys
Loaded mapping created
Pre-filtered 1939 patches based on country and season (split ignored)
Loading BEN data for test...
    119825 patches indexed
    32 filtered patches indexed
    32 patches indexed considering max_len
Merged metadata with snow/cloud metadata
Loaded 549488 labels
Loaded 549488 keys
Loaded mapping created
Pre-filtered 8775 patches based on country and season (split ignored)
Loading BEN data for train...
    237871 patches indexed
    4206 filtered patches indexed
    4206 patches indexed considering max_len
Merged metadata with snow/cloud metadata
Loaded 549488 labels
Loaded 549488 keys
Loaded mapping created
Pre-filtered 8775 patches based on country and season (split ignored)
Loading BEN data for test...
    119825 patches indexed
    2151 filtered patches indexed
    2151 patches indexed considering max_len
Merged metadata with snow/cloud metadata
Loaded 549488 labels
Loaded 549488 keys
Loaded mapping created
Pre-filtered 16438 patches based on country and season (split ignored)
Loading BEN data for train...
    237871 patches indexed
    8037 filtered patches indexed
    8037 patches indexed considering max_len
Merged metadata with snow/cloud metadata
Loaded 549488 labels
Loaded 549488 keys
Loaded mapping created
Pre-filtered 16438 patches based on country and season (split ignored)
Loading BEN data for test...
    119825 patches indexed
    4220 filtered patches indexed
    4220 patches indexed considering max_len
Merged metadata with snow/cloud metadata
Loaded 549488 labels
Loaded 549488 keys
Loaded mapping created
Pre-filtered 4874 patches based on country and season (split ignored)
Loading BEN data for train...
    237871 patches indexed
    1692 filtered patches indexed
    1692 patches indexed considering max_len
Merged metadata with snow/cloud metadata
Loaded 549488 labels
Loaded 549488 keys
Loaded mapping created
Pre-filtered 4874 patches based on country and season (split ignored)
Loading BEN data for test...
    119825 patches indexed
    2039 filtered patches indexed
    2039 patches indexed considering max_len
Merged metadata with snow/cloud metadata
Loaded 549488 labels
Loaded 549488 keys
Loaded mapping created
Pre-filtered 59999 patches based on country and season (split ignored)
Loading BEN data for test...
    119825 patches indexed
    15720 filtered patches indexed
    15720 patches indexed considering max_len
Merged metadata with snow/cloud metadata
Loaded 549488 labels
Loaded 549488 keys
Loaded mapping created
Pre-filtered 59999 patches based on country and season (split ignored)
Loading BEN data for train...
    237871 patches indexed
    29135 filtered patches indexed
    29135 patches indexed considering max_len
Merged metadata with snow/cloud metadata
Loaded 549488 labels
Loaded 549488 keys
Loaded mapping created
Loading BEN data for train...
    237871 patches indexed
    237871 filtered patches indexed
    237871 patches indexed considering max_len
Merged metadata with snow/cloud metadata
Loaded 549488 labels
Loaded 549488 keys
Loaded mapping created
==================================================
ROUND 1/40
==================================================
Epoch 1/1
----------
Epoch 1/1
----------
Epoch 1/1
----------
Epoch 1/1
----------
Epoch 1/1
----------
Epoch 1/1
----------
Epoch 1/1
----------
Epoch 1/1
----------
micro     precision: 0.0000 | recall: 0.0000 | f1-score: 0.0000 | support: 40183 | mAP: 0.3880
macro     precision: 0.0000 | recall: 0.0000 | f1-score: 0.0000 | support: 40183 | mAP: 0.2650

==================================================
ROUND 2/40
==================================================
Epoch 1/1
----------
Epoch 1/1
----------
Epoch 1/1
----------
Epoch 1/1
----------
Epoch 1/1
----------
Epoch 1/1
----------
Epoch 1/1
----------
Epoch 1/1
----------
micro     precision: 0.6088 | recall: 0.1141 | f1-score: 0.1921 | support: 40183 | mAP: 0.4212
macro     precision: 0.1444 | recall: 0.0523 | f1-score: 0.0554 | support: 40183 | mAP: 0.2850

==================================================
ROUND 3/40
==================================================
Epoch 1/1
----------
Epoch 1/1
----------
Epoch 1/1
----------
Epoch 1/1
----------
Epoch 1/1
----------
Epoch 1/1
----------
Epoch 1/1
----------
Epoch 1/1
----------
micro     precision: 0.4173 | recall: 0.1848 | f1-score: 0.2561 | support: 40183 | mAP: 0.3944
macro     precision: 0.1029 | recall: 0.0923 | f1-score: 0.0804 | support: 40183 | mAP: 0.3048

==================================================
ROUND 4/40
==================================================
Finale Anzahl der Pruning-Patches: 17
Anzahl eindeutiger Klassen: 18
Klassenverteilung in den Pruning-Patches (Häufigkeiten): {'Marine waters': 9, 'Transitional woodland, shrub': 7, 'Mixed forest': 7, 'Coniferous forest': 6, 'Land principally occupied by agriculture, with significant areas of natural vegetation': 2, 'Inland waters': 1, 'Broad-leaved forest': 2, 'Arable land': 4, 'Urban fabric': 1, 'Industrial or commercial units': 1, 'Coastal wetlands': 2, 'Inland wetlands': 2, 'Pastures': 4, 'Complex cultivation patterns': 1, 'Moors, heathland and sclerophyllous vegetation': 1, 'Natural grassland and sparsely vegetated areas': 1, 'Beaches, dunes, sands': 1, 'Permanent crops': 1}
[INFO] Erstelle Prune Loader...
[INFO] 12 Patches nach Filterung übrig.
[SUCCESS] Prune Loader erfolgreich erstellt.
Used Composite Rules:
low_level_hidden_layer_rule: Epsilon
mid_level_hidden_layer_rule: Gamma
high_level_hidden_layer_rule: Gamma
fully_connected_layers_rule: Epsilon
softmax_rule: Epsilon
Starting relevance computation and pruning mask generation.
Type of components_relevances: <class 'collections.OrderedDict'>
Layer: conv1
Total layer relevance: 1.008219119197176e+24
--------------------------------------------------
Layer: encoder.4.0.conv1
Total layer relevance: 5.5041575111119655e+23
--------------------------------------------------
Layer: encoder.4.0.conv2
Total layer relevance: 4.057017284000885e+23
--------------------------------------------------
Layer: encoder.4.0.conv3
Total layer relevance: 7.849722809471023e+22
--------------------------------------------------
Layer: encoder.4.0.downsample.0
Total layer relevance: 7.92257844136292e+22
--------------------------------------------------
Layer: encoder.4.1.conv1
Total layer relevance: 3.82700302620235e+21
--------------------------------------------------
Layer: encoder.4.1.conv2
Total layer relevance: 2.6403937519578414e+21
--------------------------------------------------
Layer: encoder.4.1.conv3
Total layer relevance: 6.978308623049656e+20
--------------------------------------------------
Layer: encoder.4.2.conv1
Total layer relevance: 8.68280286251917e+19
--------------------------------------------------
Layer: encoder.4.2.conv2
Total layer relevance: 5.5392577770703815e+19
--------------------------------------------------
Layer: encoder.4.2.conv3
Total layer relevance: 1.2116101367626465e+19
--------------------------------------------------
Layer: encoder.5.0.conv1
Total layer relevance: 8.836381877028782e+17
--------------------------------------------------
Layer: encoder.5.0.conv2
Total layer relevance: 6.264598066259558e+17
--------------------------------------------------
Layer: encoder.5.0.conv3
Total layer relevance: 2.004482883678372e+17
--------------------------------------------------
Layer: encoder.5.0.downsample.0
Total layer relevance: 2.0065027208983347e+17
--------------------------------------------------
Layer: encoder.5.1.conv1
Total layer relevance: 9716882470862848.0
--------------------------------------------------
Layer: encoder.5.1.conv2
Total layer relevance: 7131873725644800.0
--------------------------------------------------
Layer: encoder.5.1.conv3
Total layer relevance: 2657304855969792.0
--------------------------------------------------
Layer: encoder.5.2.conv1
Total layer relevance: 521669781225472.0
--------------------------------------------------
Layer: encoder.5.2.conv2
Total layer relevance: 420261878824960.0
--------------------------------------------------
Layer: encoder.5.2.conv3
Total layer relevance: 81520618373120.0
--------------------------------------------------
Layer: encoder.5.3.conv1
Total layer relevance: 9998394458112.0
--------------------------------------------------
Layer: encoder.5.3.conv2
Total layer relevance: 8509281796096.0
--------------------------------------------------
Layer: encoder.5.3.conv3
Total layer relevance: 2442332209152.0
--------------------------------------------------
Layer: encoder.6.0.conv1
Total layer relevance: 608716062720.0
--------------------------------------------------
Layer: encoder.6.0.conv2
Total layer relevance: 689407852544.0
--------------------------------------------------
Layer: encoder.6.0.conv3
Total layer relevance: 169797844992.0
--------------------------------------------------
Layer: encoder.6.0.downsample.0
Total layer relevance: 174253047808.0
--------------------------------------------------
Layer: encoder.6.1.conv1
Total layer relevance: 17037180928.0
--------------------------------------------------
Layer: encoder.6.1.conv2
Total layer relevance: 20146829312.0
--------------------------------------------------
Layer: encoder.6.1.conv3
Total layer relevance: 2057873920.0
--------------------------------------------------
Layer: encoder.6.2.conv1
Total layer relevance: 283417248.0
--------------------------------------------------
Layer: encoder.6.2.conv2
Total layer relevance: 411534912.0
--------------------------------------------------
Layer: encoder.6.2.conv3
Total layer relevance: 28418256.0
--------------------------------------------------
Layer: encoder.6.3.conv1
Total layer relevance: 2847726.25
--------------------------------------------------
Layer: encoder.6.3.conv2
Total layer relevance: 4433512.0
--------------------------------------------------
Layer: encoder.6.3.conv3
Total layer relevance: 1088910.5
--------------------------------------------------
Layer: encoder.6.4.conv1
Total layer relevance: 348769.0625
--------------------------------------------------
Layer: encoder.6.4.conv2
Total layer relevance: 690582.375
--------------------------------------------------
Layer: encoder.6.4.conv3
Total layer relevance: 158286.78125
--------------------------------------------------
Layer: encoder.6.5.conv1
Total layer relevance: 74526.5
--------------------------------------------------
Layer: encoder.6.5.conv2
Total layer relevance: 144666.4375
--------------------------------------------------
Layer: encoder.6.5.conv3
Total layer relevance: 43503.265625
--------------------------------------------------
Layer: encoder.7.0.conv1
Total layer relevance: 22189.34765625
--------------------------------------------------
Layer: encoder.7.0.conv2
Total layer relevance: 83291.2890625
--------------------------------------------------
Layer: encoder.7.0.conv3
Total layer relevance: 12664.0283203125
--------------------------------------------------
Layer: encoder.7.0.downsample.0
Total layer relevance: 14498.7021484375
--------------------------------------------------
Layer: encoder.7.1.conv1
Total layer relevance: 1976.824462890625
--------------------------------------------------
Layer: encoder.7.1.conv2
Total layer relevance: 10380.392578125
--------------------------------------------------
Layer: encoder.7.1.conv3
Total layer relevance: 3708.87744140625
--------------------------------------------------
Layer: encoder.7.2.conv1
Total layer relevance: 1326.47314453125
--------------------------------------------------
Layer: encoder.7.2.conv2
Total layer relevance: 6261.236328125
--------------------------------------------------
Layer: encoder.7.2.conv3
Total layer relevance: 2678.619873046875
--------------------------------------------------
Minimal retained neurons per layer:  0.050000000000000044
--------------------------------------------------
Global Pruning Mask
Pruning-rate: 0.35
Layer: conv1                Num neurons pruned: 0            % neurons pruned: 0.00%
Layer: encoder.4.0.conv1    Num neurons pruned: 0            % neurons pruned: 0.00%
Layer: encoder.4.0.conv2    Num neurons pruned: 0            % neurons pruned: 0.00%
Layer: encoder.4.0.conv3    Num neurons pruned: 0            % neurons pruned: 0.00%
Layer: encoder.4.0.downsample.0 Num neurons pruned: 0            % neurons pruned: 0.00%
Layer: encoder.4.1.conv1    Num neurons pruned: 0            % neurons pruned: 0.00%
Layer: encoder.4.1.conv2    Num neurons pruned: 0            % neurons pruned: 0.00%
Layer: encoder.4.1.conv3    Num neurons pruned: 0            % neurons pruned: 0.00%
Layer: encoder.4.2.conv1    Num neurons pruned: 0            % neurons pruned: 0.00%
Layer: encoder.4.2.conv2    Num neurons pruned: 0            % neurons pruned: 0.00%
Layer: encoder.4.2.conv3    Num neurons pruned: 0            % neurons pruned: 0.00%
Layer: encoder.5.0.conv1    Num neurons pruned: 0            % neurons pruned: 0.00%
Layer: encoder.5.0.conv2    Num neurons pruned: 0            % neurons pruned: 0.00%
Layer: encoder.5.0.conv3    Num neurons pruned: 0            % neurons pruned: 0.00%
Layer: encoder.5.0.downsample.0 Num neurons pruned: 0            % neurons pruned: 0.00%
Layer: encoder.5.1.conv1    Num neurons pruned: 0            % neurons pruned: 0.00%
Layer: encoder.5.1.conv2    Num neurons pruned: 0            % neurons pruned: 0.00%
Layer: encoder.5.1.conv3    Num neurons pruned: 0            % neurons pruned: 0.00%
Layer: encoder.5.2.conv1    Num neurons pruned: 0            % neurons pruned: 0.00%
Layer: encoder.5.2.conv2    Num neurons pruned: 0            % neurons pruned: 0.00%
Layer: encoder.5.2.conv3    Num neurons pruned: 0            % neurons pruned: 0.00%
Layer: encoder.5.3.conv1    Num neurons pruned: 0            % neurons pruned: 0.00%
Layer: encoder.5.3.conv2    Num neurons pruned: 0            % neurons pruned: 0.00%
Layer: encoder.5.3.conv3    Num neurons pruned: 0            % neurons pruned: 0.00%
Layer: encoder.6.0.conv1    Num neurons pruned: 0            % neurons pruned: 0.00%
Layer: encoder.6.0.conv2    Num neurons pruned: 0            % neurons pruned: 0.00%
Layer: encoder.6.0.conv3    Num neurons pruned: 0            % neurons pruned: 0.00%
Layer: encoder.6.0.downsample.0 Num neurons pruned: 0            % neurons pruned: 0.00%
Layer: encoder.6.1.conv1    Num neurons pruned: 0            % neurons pruned: 0.00%
Layer: encoder.6.1.conv2    Num neurons pruned: 0            % neurons pruned: 0.00%
Layer: encoder.6.1.conv3    Num neurons pruned: 0            % neurons pruned: 0.00%
Layer: encoder.6.2.conv1    Num neurons pruned: 0            % neurons pruned: 0.00%
Layer: encoder.6.2.conv2    Num neurons pruned: 0            % neurons pruned: 0.00%
Layer: encoder.6.2.conv3    Num neurons pruned: 0            % neurons pruned: 0.00%
Layer: encoder.6.3.conv1    Num neurons pruned: 0            % neurons pruned: 0.00%
Layer: encoder.6.3.conv2    Num neurons pruned: 0            % neurons pruned: 0.00%
Layer: encoder.6.3.conv3    Num neurons pruned: 0            % neurons pruned: 0.00%
Layer: encoder.6.4.conv1    Num neurons pruned: 0            % neurons pruned: 0.00%
Layer: encoder.6.4.conv2    Num neurons pruned: 0            % neurons pruned: 0.00%
Layer: encoder.6.4.conv3    Num neurons pruned: 34695        % neurons pruned: 13.18%
Layer: encoder.6.5.conv1    Num neurons pruned: 0            % neurons pruned: 0.00%
Layer: encoder.6.5.conv2    Num neurons pruned: 0            % neurons pruned: 0.00%
Layer: encoder.6.5.conv3    Num neurons pruned: 104599       % neurons pruned: 39.75%
Layer: encoder.7.0.conv1    Num neurons pruned: 6150         % neurons pruned: 1.17%
Layer: encoder.7.0.conv2    Num neurons pruned: 0            % neurons pruned: 0.00%
Layer: encoder.7.0.conv3    Num neurons pruned: 940842       % neurons pruned: 89.55%
Layer: encoder.7.0.downsample.0 Num neurons pruned: 1856275      % neurons pruned: 88.43%
Layer: encoder.7.1.conv1    Num neurons pruned: 995814       % neurons pruned: 94.92%
Layer: encoder.7.1.conv2    Num neurons pruned: 27654        % neurons pruned: 1.17%
Layer: encoder.7.1.conv3    Num neurons pruned: 997785       % neurons pruned: 94.97%
Layer: encoder.7.2.conv1    Num neurons pruned: 995814       % neurons pruned: 94.92%
Layer: encoder.7.2.conv2    Num neurons pruned: 460900       % neurons pruned: 19.53%
Layer: encoder.7.2.conv3    Num neurons pruned: 997785       % neurons pruned: 94.97%
Overall Percentage of pruned neurons across all layers: 31.56%
Sending pruning mask to clients...
[INFO] Pruner and pruning mask received and stored.
[INFO] Pruner and pruning mask received and stored.
[INFO] Pruner and pruning mask received and stored.
[INFO] Pruner and pruning mask received and stored.
[INFO] Pruner and pruning mask received and stored.
[INFO] Pruner and pruning mask received and stored.
[INFO] Pruner and pruning mask received and stored.
[INFO] Pruner and pruning mask received and stored.
Epoch 1/1
----------
Prune before sending to global...
Epoch 1/1
----------
Prune before sending to global...
Epoch 1/1
----------
Prune before sending to global...
Epoch 1/1
----------
Prune before sending to global...
Epoch 1/1
----------
Prune before sending to global...
Epoch 1/1
----------
Prune before sending to global...
Epoch 1/1
----------
Prune before sending to global...
Epoch 1/1
----------
Prune before sending to global...
micro     precision: 0.5052 | recall: 0.2651 | f1-score: 0.3477 | support: 40183 | mAP: 0.4525
macro     precision: 0.1508 | recall: 0.1167 | f1-score: 0.1071 | support: 40183 | mAP: 0.3002

==================================================
ROUND 5/40
==================================================
Epoch 1/1
----------
Prune before sending to global...
Epoch 1/1
----------
Prune before sending to global...
Epoch 1/1
----------
Prune before sending to global...
Epoch 1/1
----------
Prune before sending to global...
Epoch 1/1
----------
Prune before sending to global...
Epoch 1/1
----------
Prune before sending to global...
Epoch 1/1
----------
Prune before sending to global...
Epoch 1/1
----------
Prune before sending to global...
micro     precision: 0.6229 | recall: 0.3782 | f1-score: 0.4707 | support: 40183 | mAP: 0.4732
macro     precision: 0.2471 | recall: 0.1728 | f1-score: 0.1786 | support: 40183 | mAP: 0.3343

==================================================
ROUND 6/40
==================================================
Epoch 1/1
----------
Prune before sending to global...
Epoch 1/1
----------
Prune before sending to global...
Epoch 1/1
----------
Prune before sending to global...
Epoch 1/1
----------
Prune before sending to global...
Epoch 1/1
----------
Prune before sending to global...
Epoch 1/1
----------
Prune before sending to global...
Epoch 1/1
----------
Prune before sending to global...
Epoch 1/1
----------
Prune before sending to global...
micro     precision: 0.6453 | recall: 0.5429 | f1-score: 0.5897 | support: 40183 | mAP: 0.6420
macro     precision: 0.3680 | recall: 0.2636 | f1-score: 0.2591 | support: 40183 | mAP: 0.3577

==================================================
ROUND 7/40
==================================================
Epoch 1/1
----------
Prune before sending to global...
Epoch 1/1
----------
Prune before sending to global...
Epoch 1/1
----------
Prune before sending to global...
Epoch 1/1
----------
Prune before sending to global...
Epoch 1/1
----------
Prune before sending to global...
Epoch 1/1
----------
Prune before sending to global...
Epoch 1/1
----------
Prune before sending to global...
Epoch 1/1
----------
Prune before sending to global...
micro     precision: 0.5271 | recall: 0.5246 | f1-score: 0.5259 | support: 40183 | mAP: 0.5006
macro     precision: 0.3325 | recall: 0.2391 | f1-score: 0.2123 | support: 40183 | mAP: 0.3012

==================================================
ROUND 8/40
==================================================
Epoch 1/1
----------
Prune before sending to global...
Epoch 1/1
----------
Prune before sending to global...
Epoch 1/1
----------
Prune before sending to global...
Epoch 1/1
----------
Prune before sending to global...
Epoch 1/1
----------
Prune before sending to global...
Epoch 1/1
----------
Prune before sending to global...
Epoch 1/1
----------
Prune before sending to global...
Epoch 1/1
----------
Prune before sending to global...
micro     precision: 0.6282 | recall: 0.5714 | f1-score: 0.5985 | support: 40183 | mAP: 0.6429
macro     precision: 0.3615 | recall: 0.2814 | f1-score: 0.2672 | support: 40183 | mAP: 0.3949

==================================================
ROUND 9/40
==================================================
Epoch 1/1
----------
Prune before sending to global...
Epoch 1/1
----------
Prune before sending to global...
Epoch 1/1
----------
Prune before sending to global...
Epoch 1/1
----------
Prune before sending to global...
Epoch 1/1
----------
Prune before sending to global...
Epoch 1/1
----------
Prune before sending to global...
Epoch 1/1
----------
Prune before sending to global...
Epoch 1/1
----------
Prune before sending to global...
micro     precision: 0.5443 | recall: 0.5053 | f1-score: 0.5241 | support: 40183 | mAP: 0.5372
macro     precision: 0.3190 | recall: 0.2211 | f1-score: 0.1950 | support: 40183 | mAP: 0.3283

==================================================
ROUND 10/40
==================================================
Epoch 1/1
----------
Prune before sending to global...
Epoch 1/1
----------
Prune before sending to global...
Epoch 1/1
----------
Prune before sending to global...
Epoch 1/1
----------
Prune before sending to global...
Epoch 1/1
----------
Prune before sending to global...
Epoch 1/1
----------
Prune before sending to global...
Epoch 1/1
----------
Prune before sending to global...
Epoch 1/1
----------
Prune before sending to global...
micro     precision: 0.6450 | recall: 0.6163 | f1-score: 0.6303 | support: 40183 | mAP: 0.6711
macro     precision: 0.3798 | recall: 0.3025 | f1-score: 0.2923 | support: 40183 | mAP: 0.4047

==================================================
ROUND 11/40
==================================================
Epoch 1/1
----------
Prune before sending to global...
Epoch 1/1
----------
Prune before sending to global...
Epoch 1/1
----------
Prune before sending to global...
Epoch 1/1
----------
Prune before sending to global...
Epoch 1/1
----------
Prune before sending to global...
Epoch 1/1
----------
Prune before sending to global...
Epoch 1/1
----------
Prune before sending to global...
Epoch 1/1
----------
Prune before sending to global...
micro     precision: 0.5230 | recall: 0.5089 | f1-score: 0.5158 | support: 40183 | mAP: 0.5404
macro     precision: 0.3791 | recall: 0.2361 | f1-score: 0.2045 | support: 40183 | mAP: 0.3492

==================================================
ROUND 12/40
==================================================
Epoch 1/1
----------
Prune before sending to global...
Epoch 1/1
----------
Prune before sending to global...
Epoch 1/1
----------
Prune before sending to global...
Epoch 1/1
----------
Prune before sending to global...
Epoch 1/1
----------
Prune before sending to global...
Epoch 1/1
----------
Prune before sending to global...
Epoch 1/1
----------
Prune before sending to global...
Epoch 1/1
----------
Prune before sending to global...
micro     precision: 0.6423 | recall: 0.6018 | f1-score: 0.6214 | support: 40183 | mAP: 0.6687
macro     precision: 0.4351 | recall: 0.2978 | f1-score: 0.2827 | support: 40183 | mAP: 0.4006

==================================================
ROUND 13/40
==================================================
Epoch 1/1
----------
Prune before sending to global...
Epoch 1/1
----------
Prune before sending to global...
Epoch 1/1
----------
Prune before sending to global...
Epoch 1/1
----------
Prune before sending to global...
Epoch 1/1
----------
Prune before sending to global...
Epoch 1/1
----------
Prune before sending to global...
Epoch 1/1
----------
Prune before sending to global...
Epoch 1/1
----------
Prune before sending to global...
micro     precision: 0.6206 | recall: 0.5893 | f1-score: 0.6045 | support: 40183 | mAP: 0.6200
macro     precision: 0.4043 | recall: 0.3000 | f1-score: 0.2837 | support: 40183 | mAP: 0.3750

==================================================
ROUND 14/40
==================================================
Epoch 1/1
----------
Prune before sending to global...
Epoch 1/1
----------
Prune before sending to global...
Epoch 1/1
----------
Prune before sending to global...
Epoch 1/1
----------
Prune before sending to global...
Epoch 1/1
----------
Prune before sending to global...
Epoch 1/1
----------
Prune before sending to global...
Epoch 1/1
----------
Prune before sending to global...
Epoch 1/1
----------
Prune before sending to global...
micro     precision: 0.7115 | recall: 0.6240 | f1-score: 0.6649 | support: 40183 | mAP: 0.7102
macro     precision: 0.4986 | recall: 0.3097 | f1-score: 0.3068 | support: 40183 | mAP: 0.4349

==================================================
ROUND 15/40
==================================================
Epoch 1/1
----------
Prune before sending to global...
Epoch 1/1
----------
Prune before sending to global...
Epoch 1/1
----------
Prune before sending to global...
Epoch 1/1
----------
Prune before sending to global...
Epoch 1/1
----------
Prune before sending to global...
Epoch 1/1
----------
Prune before sending to global...
Epoch 1/1
----------
Prune before sending to global...
Epoch 1/1
----------
Prune before sending to global...
micro     precision: 0.6006 | recall: 0.5875 | f1-score: 0.5940 | support: 40183 | mAP: 0.6385
macro     precision: 0.4132 | recall: 0.2948 | f1-score: 0.2779 | support: 40183 | mAP: 0.3864

==================================================
ROUND 16/40
==================================================
Epoch 1/1
----------
Prune before sending to global...
Epoch 1/1
----------
Prune before sending to global...
Epoch 1/1
----------
Prune before sending to global...
Epoch 1/1
----------
Prune before sending to global...
Epoch 1/1
----------
Prune before sending to global...
Epoch 1/1
----------
Prune before sending to global...
Epoch 1/1
----------
Prune before sending to global...
Epoch 1/1
----------
Prune before sending to global...
micro     precision: 0.7198 | recall: 0.6229 | f1-score: 0.6679 | support: 40183 | mAP: 0.7083
macro     precision: 0.4867 | recall: 0.3101 | f1-score: 0.3131 | support: 40183 | mAP: 0.4297

==================================================
ROUND 17/40
==================================================
Epoch 1/1
----------
Prune before sending to global...
Epoch 1/1
----------
Prune before sending to global...
Epoch 1/1
----------
Prune before sending to global...
Epoch 1/1
----------
Prune before sending to global...
Epoch 1/1
----------
Prune before sending to global...
Epoch 1/1
----------
Prune before sending to global...
Epoch 1/1
----------
Prune before sending to global...
Epoch 1/1
----------
Prune before sending to global...
micro     precision: 0.6090 | recall: 0.6152 | f1-score: 0.6121 | support: 40183 | mAP: 0.6222
macro     precision: 0.4082 | recall: 0.3103 | f1-score: 0.2923 | support: 40183 | mAP: 0.3790

==================================================
ROUND 18/40
==================================================
Epoch 1/1
----------
Prune before sending to global...
Epoch 1/1
----------
Prune before sending to global...
Epoch 1/1
----------
Prune before sending to global...
Epoch 1/1
----------
Prune before sending to global...
Epoch 1/1
----------
Prune before sending to global...
Epoch 1/1
----------
Prune before sending to global...
Epoch 1/1
----------
Prune before sending to global...
Epoch 1/1
----------
Prune before sending to global...
micro     precision: 0.7311 | recall: 0.6271 | f1-score: 0.6751 | support: 40183 | mAP: 0.7182
macro     precision: 0.4752 | recall: 0.3134 | f1-score: 0.3195 | support: 40183 | mAP: 0.4324

==================================================
ROUND 19/40
==================================================
Epoch 1/1
----------
Prune before sending to global...
Epoch 1/1
----------
Prune before sending to global...
Epoch 1/1
----------
Prune before sending to global...
Epoch 1/1
----------
Prune before sending to global...
Epoch 1/1
----------
Prune before sending to global...
Epoch 1/1
----------
Prune before sending to global...
Epoch 1/1
----------
Prune before sending to global...
Epoch 1/1
----------
Prune before sending to global...
micro     precision: 0.6614 | recall: 0.5911 | f1-score: 0.6243 | support: 40183 | mAP: 0.6789
macro     precision: 0.4146 | recall: 0.3102 | f1-score: 0.3124 | support: 40183 | mAP: 0.4108

==================================================
ROUND 20/40
==================================================
Epoch 1/1
----------
Prune before sending to global...
Epoch 1/1
----------
Prune before sending to global...
Epoch 1/1
----------
Prune before sending to global...
Epoch 1/1
----------
Prune before sending to global...
Epoch 1/1
----------
Prune before sending to global...
Epoch 1/1
----------
Prune before sending to global...
Epoch 1/1
----------
Prune before sending to global...
Epoch 1/1
----------
Prune before sending to global...
micro     precision: 0.7394 | recall: 0.6063 | f1-score: 0.6662 | support: 40183 | mAP: 0.6999
macro     precision: 0.4975 | recall: 0.2994 | f1-score: 0.3099 | support: 40183 | mAP: 0.4101

==================================================
ROUND 21/40
==================================================
Epoch 1/1
----------
Prune before sending to global...
Epoch 1/1
----------
Prune before sending to global...
Epoch 1/1
----------
Prune before sending to global...
Epoch 1/1
----------
Prune before sending to global...
Epoch 1/1
----------
Prune before sending to global...
Epoch 1/1
----------
Prune before sending to global...
Epoch 1/1
----------
Prune before sending to global...
Epoch 1/1
----------
Prune before sending to global...
micro     precision: 0.6223 | recall: 0.6015 | f1-score: 0.6117 | support: 40183 | mAP: 0.6437
macro     precision: 0.4100 | recall: 0.3236 | f1-score: 0.3198 | support: 40183 | mAP: 0.4180

==================================================
ROUND 22/40
==================================================
Epoch 1/1
----------
Prune before sending to global...
Epoch 1/1
----------
Prune before sending to global...
Epoch 1/1
----------
Prune before sending to global...
Epoch 1/1
----------
Prune before sending to global...
Epoch 1/1
----------
Prune before sending to global...
Epoch 1/1
----------
Prune before sending to global...
Epoch 1/1
----------
Prune before sending to global...
Epoch 1/1
----------
Prune before sending to global...
micro     precision: 0.7532 | recall: 0.6098 | f1-score: 0.6740 | support: 40183 | mAP: 0.7095
macro     precision: 0.5036 | recall: 0.3039 | f1-score: 0.3199 | support: 40183 | mAP: 0.4201

==================================================
ROUND 23/40
==================================================
Epoch 1/1
----------
Prune before sending to global...
Epoch 1/1
----------
Prune before sending to global...
Epoch 1/1
----------
Prune before sending to global...
Epoch 1/1
----------
Prune before sending to global...
Epoch 1/1
----------
Prune before sending to global...
Epoch 1/1
----------
Prune before sending to global...
Epoch 1/1
----------
Prune before sending to global...
Epoch 1/1
----------
Prune before sending to global...
micro     precision: 0.6481 | recall: 0.5783 | f1-score: 0.6112 | support: 40183 | mAP: 0.6769
macro     precision: 0.4695 | recall: 0.3108 | f1-score: 0.3158 | support: 40183 | mAP: 0.4331

==================================================
ROUND 24/40
==================================================
Epoch 1/1
----------
Prune before sending to global...
Epoch 1/1
----------
Prune before sending to global...
Epoch 1/1
----------
Prune before sending to global...
Epoch 1/1
----------
Prune before sending to global...
Epoch 1/1
----------
Prune before sending to global...
Epoch 1/1
----------
Prune before sending to global...
Epoch 1/1
----------
Prune before sending to global...
Epoch 1/1
----------
Prune before sending to global...
micro     precision: 0.7319 | recall: 0.6286 | f1-score: 0.6763 | support: 40183 | mAP: 0.7081
macro     precision: 0.4887 | recall: 0.3186 | f1-score: 0.3287 | support: 40183 | mAP: 0.4224

==================================================
ROUND 25/40
==================================================
Epoch 1/1
----------
Prune before sending to global...
Epoch 1/1
----------
Prune before sending to global...
Epoch 1/1
----------
Prune before sending to global...
Epoch 1/1
----------
Prune before sending to global...
Epoch 1/1
----------
Prune before sending to global...
Epoch 1/1
----------
Prune before sending to global...
Epoch 1/1
----------
Prune before sending to global...
Epoch 1/1
----------
Prune before sending to global...
micro     precision: 0.6237 | recall: 0.5450 | f1-score: 0.5817 | support: 40183 | mAP: 0.6510
macro     precision: 0.4550 | recall: 0.2982 | f1-score: 0.2907 | support: 40183 | mAP: 0.4198

==================================================
ROUND 26/40
==================================================
Epoch 1/1
----------
Prune before sending to global...
Epoch 1/1
----------
Prune before sending to global...
Epoch 1/1
----------
Prune before sending to global...
Epoch 1/1
----------
Prune before sending to global...
Epoch 1/1
----------
Prune before sending to global...
Epoch 1/1
----------
Prune before sending to global...
Epoch 1/1
----------
Prune before sending to global...
Epoch 1/1
----------
Prune before sending to global...
micro     precision: 0.7074 | recall: 0.6362 | f1-score: 0.6699 | support: 40183 | mAP: 0.7074
macro     precision: 0.4923 | recall: 0.3144 | f1-score: 0.3237 | support: 40183 | mAP: 0.4170

==================================================
ROUND 27/40
==================================================
Epoch 1/1
----------
Prune before sending to global...
Epoch 1/1
----------
Prune before sending to global...
Epoch 1/1
----------
Prune before sending to global...
Epoch 1/1
----------
Prune before sending to global...
Epoch 1/1
----------
Prune before sending to global...
Epoch 1/1
----------
Prune before sending to global...
Epoch 1/1
----------
Prune before sending to global...
Epoch 1/1
----------
Prune before sending to global...
micro     precision: 0.6432 | recall: 0.5458 | f1-score: 0.5905 | support: 40183 | mAP: 0.6492
macro     precision: 0.4752 | recall: 0.2970 | f1-score: 0.2989 | support: 40183 | mAP: 0.4270

==================================================
ROUND 28/40
==================================================
Epoch 1/1
----------
Prune before sending to global...
Epoch 1/1
----------
Prune before sending to global...
Epoch 1/1
----------
Prune before sending to global...
Epoch 1/1
----------
Prune before sending to global...
Epoch 1/1
----------
Prune before sending to global...
Epoch 1/1
----------
Prune before sending to global...
Epoch 1/1
----------
Prune before sending to global...
Epoch 1/1
----------
Prune before sending to global...
micro     precision: 0.7438 | recall: 0.6265 | f1-score: 0.6801 | support: 40183 | mAP: 0.7244
macro     precision: 0.4884 | recall: 0.3155 | f1-score: 0.3285 | support: 40183 | mAP: 0.4277

==================================================
ROUND 29/40
==================================================
Epoch 1/1
----------
Prune before sending to global...
Epoch 1/1
----------
Prune before sending to global...
Epoch 1/1
----------
Prune before sending to global...
Epoch 1/1
----------
Prune before sending to global...
Epoch 1/1
----------
Prune before sending to global...
Epoch 1/1
----------
Prune before sending to global...
Epoch 1/1
----------
Prune before sending to global...
Epoch 1/1
----------
Prune before sending to global...
micro     precision: 0.6860 | recall: 0.6417 | f1-score: 0.6631 | support: 40183 | mAP: 0.7280
macro     precision: 0.4877 | recall: 0.3279 | f1-score: 0.3252 | support: 40183 | mAP: 0.4378

==================================================
ROUND 30/40
==================================================
Epoch 1/1
----------
Prune before sending to global...
Epoch 1/1
----------
Prune before sending to global...
Epoch 1/1
----------
Prune before sending to global...
Epoch 1/1
----------
Prune before sending to global...
Epoch 1/1
----------
Prune before sending to global...
Epoch 1/1
----------
Prune before sending to global...
Epoch 1/1
----------
Prune before sending to global...
Epoch 1/1
----------
Prune before sending to global...
micro     precision: 0.6949 | recall: 0.6514 | f1-score: 0.6724 | support: 40183 | mAP: 0.7232
macro     precision: 0.4928 | recall: 0.3458 | f1-score: 0.3564 | support: 40183 | mAP: 0.4383

==================================================
ROUND 31/40
==================================================
Epoch 1/1
----------
Prune before sending to global...
Epoch 1/1
----------
Prune before sending to global...
Epoch 1/1
----------
Prune before sending to global...
Epoch 1/1
----------
Prune before sending to global...
Epoch 1/1
----------
Prune before sending to global...
Epoch 1/1
----------
Prune before sending to global...
Epoch 1/1
----------
Prune before sending to global...
Epoch 1/1
----------
Prune before sending to global...
micro     precision: 0.6692 | recall: 0.5861 | f1-score: 0.6249 | support: 40183 | mAP: 0.7133
macro     precision: 0.4960 | recall: 0.3151 | f1-score: 0.3202 | support: 40183 | mAP: 0.4428

==================================================
ROUND 32/40
==================================================
Epoch 1/1
----------
Prune before sending to global...
Epoch 1/1
----------
Prune before sending to global...
Epoch 1/1
----------
Prune before sending to global...
Epoch 1/1
----------
Prune before sending to global...
Epoch 1/1
----------
Prune before sending to global...
Epoch 1/1
----------
Prune before sending to global...
Epoch 1/1
----------
Prune before sending to global...
Epoch 1/1
----------
Prune before sending to global...
micro     precision: 0.7087 | recall: 0.6210 | f1-score: 0.6620 | support: 40183 | mAP: 0.7149
macro     precision: 0.4815 | recall: 0.3212 | f1-score: 0.3299 | support: 40183 | mAP: 0.4303

==================================================
ROUND 33/40
==================================================
Epoch 1/1
----------
Prune before sending to global...
Epoch 1/1
----------
Prune before sending to global...
Epoch 1/1
----------
Prune before sending to global...
Epoch 1/1
----------
Prune before sending to global...
Epoch 1/1
----------
Prune before sending to global...
Epoch 1/1
----------
Prune before sending to global...
Epoch 1/1
----------
Prune before sending to global...
Epoch 1/1
----------
Prune before sending to global...
micro     precision: 0.6630 | recall: 0.6192 | f1-score: 0.6404 | support: 40183 | mAP: 0.7112
macro     precision: 0.4780 | recall: 0.3358 | f1-score: 0.3402 | support: 40183 | mAP: 0.4275

==================================================
ROUND 34/40
==================================================
Epoch 1/1
----------
Prune before sending to global...
Epoch 1/1
----------
Prune before sending to global...
Epoch 1/1
----------
Prune before sending to global...
Epoch 1/1
----------
Prune before sending to global...
Epoch 1/1
----------
Prune before sending to global...
Epoch 1/1
----------
Prune before sending to global...
Epoch 1/1
----------
Prune before sending to global...
Epoch 1/1
----------
Prune before sending to global...
micro     precision: 0.7603 | recall: 0.6230 | f1-score: 0.6848 | support: 40183 | mAP: 0.7502
macro     precision: 0.5444 | recall: 0.3144 | f1-score: 0.3321 | support: 40183 | mAP: 0.4376

==================================================
ROUND 35/40
==================================================
Epoch 1/1
----------
Prune before sending to global...
Epoch 1/1
----------
Prune before sending to global...
Epoch 1/1
----------
Prune before sending to global...
Epoch 1/1
----------
Prune before sending to global...
Epoch 1/1
----------
Prune before sending to global...
Epoch 1/1
----------
Prune before sending to global...
Epoch 1/1
----------
Prune before sending to global...
Epoch 1/1
----------
Prune before sending to global...
micro     precision: 0.6124 | recall: 0.5948 | f1-score: 0.6035 | support: 40183 | mAP: 0.5940
macro     precision: 0.4608 | recall: 0.3223 | f1-score: 0.3122 | support: 40183 | mAP: 0.4203

==================================================
ROUND 36/40
==================================================
Epoch 1/1
----------
Prune before sending to global...
Epoch 1/1
----------
Prune before sending to global...
Epoch 1/1
----------
Prune before sending to global...
Epoch 1/1
----------
Prune before sending to global...
Epoch 1/1
----------
Prune before sending to global...
Epoch 1/1
----------
Prune before sending to global...
Epoch 1/1
----------
Prune before sending to global...
Epoch 1/1
----------
Prune before sending to global...
micro     precision: 0.7391 | recall: 0.6307 | f1-score: 0.6806 | support: 40183 | mAP: 0.7310
macro     precision: 0.4777 | recall: 0.3160 | f1-score: 0.3291 | support: 40183 | mAP: 0.4354

==================================================
ROUND 37/40
==================================================
Epoch 1/1
----------
Prune before sending to global...
Epoch 1/1
----------
Prune before sending to global...
Epoch 1/1
----------
Prune before sending to global...
Epoch 1/1
----------
Prune before sending to global...
Epoch 1/1
----------
Prune before sending to global...
Epoch 1/1
----------
Prune before sending to global...
Epoch 1/1
----------
Prune before sending to global...
Epoch 1/1
----------
Prune before sending to global...
micro     precision: 0.6758 | recall: 0.6301 | f1-score: 0.6521 | support: 40183 | mAP: 0.7283
macro     precision: 0.4960 | recall: 0.3377 | f1-score: 0.3465 | support: 40183 | mAP: 0.4372

==================================================
ROUND 38/40
==================================================
Epoch 1/1
----------
Prune before sending to global...
Epoch 1/1
----------
Prune before sending to global...
Epoch 1/1
----------
Prune before sending to global...
Epoch 1/1
----------
Prune before sending to global...
Epoch 1/1
----------
Prune before sending to global...
Epoch 1/1
----------
Prune before sending to global...
Epoch 1/1
----------
Prune before sending to global...
Epoch 1/1
----------
Prune before sending to global...
micro     precision: 0.7489 | recall: 0.6104 | f1-score: 0.6726 | support: 40183 | mAP: 0.7212
macro     precision: 0.4968 | recall: 0.3084 | f1-score: 0.3309 | support: 40183 | mAP: 0.4329

==================================================
ROUND 39/40
==================================================
Epoch 1/1
----------
Prune before sending to global...
Epoch 1/1
----------
Prune before sending to global...
Epoch 1/1
----------
Prune before sending to global...
Epoch 1/1
----------
Prune before sending to global...
Epoch 1/1
----------
Prune before sending to global...
Epoch 1/1
----------
Prune before sending to global...
Epoch 1/1
----------
Prune before sending to global...
Epoch 1/1
----------
Prune before sending to global...
micro     precision: 0.7206 | recall: 0.6444 | f1-score: 0.6803 | support: 40183 | mAP: 0.7532
macro     precision: 0.5930 | recall: 0.3537 | f1-score: 0.3714 | support: 40183 | mAP: 0.4572

==================================================
ROUND 40/40
==================================================
Epoch 1/1
----------
Prune before sending to global...
Epoch 1/1
----------
Prune before sending to global...
Epoch 1/1
----------
Prune before sending to global...
Epoch 1/1
----------
Prune before sending to global...
Epoch 1/1
----------
Prune before sending to global...
Epoch 1/1
----------
Prune before sending to global...
Epoch 1/1
----------
Prune before sending to global...
Epoch 1/1
----------
Prune before sending to global...
micro     precision: 0.7054 | recall: 0.6354 | f1-score: 0.6686 | support: 40183 | mAP: 0.7252
macro     precision: 0.5379 | recall: 0.3395 | f1-score: 0.3492 | support: 40183 | mAP: 0.4409

[{'0': {'precision': [], 'recall': [], 'f1-score': [], 'support': []}, '1': {'precision': [], 'recall': [], 'f1-score': [], 'support': []}, '2': {'precision': [], 'recall': [], 'f1-score': [], 'support': []}, '3': {'precision': [], 'recall': [], 'f1-score': [], 'support': []}, '4': {'precision': [], 'recall': [], 'f1-score': [], 'support': []}, '5': {'precision': [], 'recall': [], 'f1-score': [], 'support': []}, '6': {'precision': [], 'recall': [], 'f1-score': [], 'support': []}, '7': {'precision': [], 'recall': [], 'f1-score': [], 'support': []}, '8': {'precision': [], 'recall': [], 'f1-score': [], 'support': []}, '9': {'precision': [], 'recall': [], 'f1-score': [], 'support': []}, '10': {'precision': [], 'recall': [], 'f1-score': [], 'support': []}, '11': {'precision': [], 'recall': [], 'f1-score': [], 'support': []}, '12': {'precision': [], 'recall': [], 'f1-score': [], 'support': []}, '13': {'precision': [], 'recall': [], 'f1-score': [], 'support': []}, '14': {'precision': [], 'recall': [], 'f1-score': [], 'support': []}, '15': {'precision': [], 'recall': [], 'f1-score': [], 'support': []}, '16': {'precision': [], 'recall': [], 'f1-score': [], 'support': []}, '17': {'precision': [], 'recall': [], 'f1-score': [], 'support': []}, '18': {'precision': [], 'recall': [], 'f1-score': [], 'support': []}, 'micro avg': {'precision': [], 'recall': [], 'f1-score': [], 'support': []}, 'macro avg': {'precision': [], 'recall': [], 'f1-score': [], 'support': []}, 'weighted avg': {'precision': [], 'recall': [], 'f1-score': [], 'support': []}, 'ap_mic': [], 'ap_mac': []}, {'0': {'precision': [], 'recall': [], 'f1-score': [], 'support': []}, '1': {'precision': [], 'recall': [], 'f1-score': [], 'support': []}, '2': {'precision': [], 'recall': [], 'f1-score': [], 'support': []}, '3': {'precision': [], 'recall': [], 'f1-score': [], 'support': []}, '4': {'precision': [], 'recall': [], 'f1-score': [], 'support': []}, '5': {'precision': [], 'recall': [], 'f1-score': [], 'support': []}, '6': {'precision': [], 'recall': [], 'f1-score': [], 'support': []}, '7': {'precision': [], 'recall': [], 'f1-score': [], 'support': []}, '8': {'precision': [], 'recall': [], 'f1-score': [], 'support': []}, '9': {'precision': [], 'recall': [], 'f1-score': [], 'support': []}, '10': {'precision': [], 'recall': [], 'f1-score': [], 'support': []}, '11': {'precision': [], 'recall': [], 'f1-score': [], 'support': []}, '12': {'precision': [], 'recall': [], 'f1-score': [], 'support': []}, '13': {'precision': [], 'recall': [], 'f1-score': [], 'support': []}, '14': {'precision': [], 'recall': [], 'f1-score': [], 'support': []}, '15': {'precision': [], 'recall': [], 'f1-score': [], 'support': []}, '16': {'precision': [], 'recall': [], 'f1-score': [], 'support': []}, '17': {'precision': [], 'recall': [], 'f1-score': [], 'support': []}, '18': {'precision': [], 'recall': [], 'f1-score': [], 'support': []}, 'micro avg': {'precision': [], 'recall': [], 'f1-score': [], 'support': []}, 'macro avg': {'precision': [], 'recall': [], 'f1-score': [], 'support': []}, 'weighted avg': {'precision': [], 'recall': [], 'f1-score': [], 'support': []}, 'ap_mic': [], 'ap_mac': []}, {'0': {'precision': [], 'recall': [], 'f1-score': [], 'support': []}, '1': {'precision': [], 'recall': [], 'f1-score': [], 'support': []}, '2': {'precision': [], 'recall': [], 'f1-score': [], 'support': []}, '3': {'precision': [], 'recall': [], 'f1-score': [], 'support': []}, '4': {'precision': [], 'recall': [], 'f1-score': [], 'support': []}, '5': {'precision': [], 'recall': [], 'f1-score': [], 'support': []}, '6': {'precision': [], 'recall': [], 'f1-score': [], 'support': []}, '7': {'precision': [], 'recall': [], 'f1-score': [], 'support': []}, '8': {'precision': [], 'recall': [], 'f1-score': [], 'support': []}, '9': {'precision': [], 'recall': [], 'f1-score': [], 'support': []}, '10': {'precision': [], 'recall': [], 'f1-score': [], 'support': []}, '11': {'precision': [], 'recall': [], 'f1-score': [], 'support': []}, '12': {'precision': [], 'recall': [], 'f1-score': [], 'support': []}, '13': {'precision': [], 'recall': [], 'f1-score': [], 'support': []}, '14': {'precision': [], 'recall': [], 'f1-score': [], 'support': []}, '15': {'precision': [], 'recall': [], 'f1-score': [], 'support': []}, '16': {'precision': [], 'recall': [], 'f1-score': [], 'support': []}, '17': {'precision': [], 'recall': [], 'f1-score': [], 'support': []}, '18': {'precision': [], 'recall': [], 'f1-score': [], 'support': []}, 'micro avg': {'precision': [], 'recall': [], 'f1-score': [], 'support': []}, 'macro avg': {'precision': [], 'recall': [], 'f1-score': [], 'support': []}, 'weighted avg': {'precision': [], 'recall': [], 'f1-score': [], 'support': []}, 'ap_mic': [], 'ap_mac': []}, {'0': {'precision': [], 'recall': [], 'f1-score': [], 'support': []}, '1': {'precision': [], 'recall': [], 'f1-score': [], 'support': []}, '2': {'precision': [], 'recall': [], 'f1-score': [], 'support': []}, '3': {'precision': [], 'recall': [], 'f1-score': [], 'support': []}, '4': {'precision': [], 'recall': [], 'f1-score': [], 'support': []}, '5': {'precision': [], 'recall': [], 'f1-score': [], 'support': []}, '6': {'precision': [], 'recall': [], 'f1-score': [], 'support': []}, '7': {'precision': [], 'recall': [], 'f1-score': [], 'support': []}, '8': {'precision': [], 'recall': [], 'f1-score': [], 'support': []}, '9': {'precision': [], 'recall': [], 'f1-score': [], 'support': []}, '10': {'precision': [], 'recall': [], 'f1-score': [], 'support': []}, '11': {'precision': [], 'recall': [], 'f1-score': [], 'support': []}, '12': {'precision': [], 'recall': [], 'f1-score': [], 'support': []}, '13': {'precision': [], 'recall': [], 'f1-score': [], 'support': []}, '14': {'precision': [], 'recall': [], 'f1-score': [], 'support': []}, '15': {'precision': [], 'recall': [], 'f1-score': [], 'support': []}, '16': {'precision': [], 'recall': [], 'f1-score': [], 'support': []}, '17': {'precision': [], 'recall': [], 'f1-score': [], 'support': []}, '18': {'precision': [], 'recall': [], 'f1-score': [], 'support': []}, 'micro avg': {'precision': [], 'recall': [], 'f1-score': [], 'support': []}, 'macro avg': {'precision': [], 'recall': [], 'f1-score': [], 'support': []}, 'weighted avg': {'precision': [], 'recall': [], 'f1-score': [], 'support': []}, 'ap_mic': [], 'ap_mac': []}, {'0': {'precision': [], 'recall': [], 'f1-score': [], 'support': []}, '1': {'precision': [], 'recall': [], 'f1-score': [], 'support': []}, '2': {'precision': [], 'recall': [], 'f1-score': [], 'support': []}, '3': {'precision': [], 'recall': [], 'f1-score': [], 'support': []}, '4': {'precision': [], 'recall': [], 'f1-score': [], 'support': []}, '5': {'precision': [], 'recall': [], 'f1-score': [], 'support': []}, '6': {'precision': [], 'recall': [], 'f1-score': [], 'support': []}, '7': {'precision': [], 'recall': [], 'f1-score': [], 'support': []}, '8': {'precision': [], 'recall': [], 'f1-score': [], 'support': []}, '9': {'precision': [], 'recall': [], 'f1-score': [], 'support': []}, '10': {'precision': [], 'recall': [], 'f1-score': [], 'support': []}, '11': {'precision': [], 'recall': [], 'f1-score': [], 'support': []}, '12': {'precision': [], 'recall': [], 'f1-score': [], 'support': []}, '13': {'precision': [], 'recall': [], 'f1-score': [], 'support': []}, '14': {'precision': [], 'recall': [], 'f1-score': [], 'support': []}, '15': {'precision': [], 'recall': [], 'f1-score': [], 'support': []}, '16': {'precision': [], 'recall': [], 'f1-score': [], 'support': []}, '17': {'precision': [], 'recall': [], 'f1-score': [], 'support': []}, '18': {'precision': [], 'recall': [], 'f1-score': [], 'support': []}, 'micro avg': {'precision': [], 'recall': [], 'f1-score': [], 'support': []}, 'macro avg': {'precision': [], 'recall': [], 'f1-score': [], 'support': []}, 'weighted avg': {'precision': [], 'recall': [], 'f1-score': [], 'support': []}, 'ap_mic': [], 'ap_mac': []}, {'0': {'precision': [], 'recall': [], 'f1-score': [], 'support': []}, '1': {'precision': [], 'recall': [], 'f1-score': [], 'support': []}, '2': {'precision': [], 'recall': [], 'f1-score': [], 'support': []}, '3': {'precision': [], 'recall': [], 'f1-score': [], 'support': []}, '4': {'precision': [], 'recall': [], 'f1-score': [], 'support': []}, '5': {'precision': [], 'recall': [], 'f1-score': [], 'support': []}, '6': {'precision': [], 'recall': [], 'f1-score': [], 'support': []}, '7': {'precision': [], 'recall': [], 'f1-score': [], 'support': []}, '8': {'precision': [], 'recall': [], 'f1-score': [], 'support': []}, '9': {'precision': [], 'recall': [], 'f1-score': [], 'support': []}, '10': {'precision': [], 'recall': [], 'f1-score': [], 'support': []}, '11': {'precision': [], 'recall': [], 'f1-score': [], 'support': []}, '12': {'precision': [], 'recall': [], 'f1-score': [], 'support': []}, '13': {'precision': [], 'recall': [], 'f1-score': [], 'support': []}, '14': {'precision': [], 'recall': [], 'f1-score': [], 'support': []}, '15': {'precision': [], 'recall': [], 'f1-score': [], 'support': []}, '16': {'precision': [], 'recall': [], 'f1-score': [], 'support': []}, '17': {'precision': [], 'recall': [], 'f1-score': [], 'support': []}, '18': {'precision': [], 'recall': [], 'f1-score': [], 'support': []}, 'micro avg': {'precision': [], 'recall': [], 'f1-score': [], 'support': []}, 'macro avg': {'precision': [], 'recall': [], 'f1-score': [], 'support': []}, 'weighted avg': {'precision': [], 'recall': [], 'f1-score': [], 'support': []}, 'ap_mic': [], 'ap_mac': []}, {'0': {'precision': [], 'recall': [], 'f1-score': [], 'support': []}, '1': {'precision': [], 'recall': [], 'f1-score': [], 'support': []}, '2': {'precision': [], 'recall': [], 'f1-score': [], 'support': []}, '3': {'precision': [], 'recall': [], 'f1-score': [], 'support': []}, '4': {'precision': [], 'recall': [], 'f1-score': [], 'support': []}, '5': {'precision': [], 'recall': [], 'f1-score': [], 'support': []}, '6': {'precision': [], 'recall': [], 'f1-score': [], 'support': []}, '7': {'precision': [], 'recall': [], 'f1-score': [], 'support': []}, '8': {'precision': [], 'recall': [], 'f1-score': [], 'support': []}, '9': {'precision': [], 'recall': [], 'f1-score': [], 'support': []}, '10': {'precision': [], 'recall': [], 'f1-score': [], 'support': []}, '11': {'precision': [], 'recall': [], 'f1-score': [], 'support': []}, '12': {'precision': [], 'recall': [], 'f1-score': [], 'support': []}, '13': {'precision': [], 'recall': [], 'f1-score': [], 'support': []}, '14': {'precision': [], 'recall': [], 'f1-score': [], 'support': []}, '15': {'precision': [], 'recall': [], 'f1-score': [], 'support': []}, '16': {'precision': [], 'recall': [], 'f1-score': [], 'support': []}, '17': {'precision': [], 'recall': [], 'f1-score': [], 'support': []}, '18': {'precision': [], 'recall': [], 'f1-score': [], 'support': []}, 'micro avg': {'precision': [], 'recall': [], 'f1-score': [], 'support': []}, 'macro avg': {'precision': [], 'recall': [], 'f1-score': [], 'support': []}, 'weighted avg': {'precision': [], 'recall': [], 'f1-score': [], 'support': []}, 'ap_mic': [], 'ap_mac': []}, {'0': {'precision': [], 'recall': [], 'f1-score': [], 'support': []}, '1': {'precision': [], 'recall': [], 'f1-score': [], 'support': []}, '2': {'precision': [], 'recall': [], 'f1-score': [], 'support': []}, '3': {'precision': [], 'recall': [], 'f1-score': [], 'support': []}, '4': {'precision': [], 'recall': [], 'f1-score': [], 'support': []}, '5': {'precision': [], 'recall': [], 'f1-score': [], 'support': []}, '6': {'precision': [], 'recall': [], 'f1-score': [], 'support': []}, '7': {'precision': [], 'recall': [], 'f1-score': [], 'support': []}, '8': {'precision': [], 'recall': [], 'f1-score': [], 'support': []}, '9': {'precision': [], 'recall': [], 'f1-score': [], 'support': []}, '10': {'precision': [], 'recall': [], 'f1-score': [], 'support': []}, '11': {'precision': [], 'recall': [], 'f1-score': [], 'support': []}, '12': {'precision': [], 'recall': [], 'f1-score': [], 'support': []}, '13': {'precision': [], 'recall': [], 'f1-score': [], 'support': []}, '14': {'precision': [], 'recall': [], 'f1-score': [], 'support': []}, '15': {'precision': [], 'recall': [], 'f1-score': [], 'support': []}, '16': {'precision': [], 'recall': [], 'f1-score': [], 'support': []}, '17': {'precision': [], 'recall': [], 'f1-score': [], 'support': []}, '18': {'precision': [], 'recall': [], 'f1-score': [], 'support': []}, 'micro avg': {'precision': [], 'recall': [], 'f1-score': [], 'support': []}, 'macro avg': {'precision': [], 'recall': [], 'f1-score': [], 'support': []}, 'weighted avg': {'precision': [], 'recall': [], 'f1-score': [], 'support': []}, 'ap_mic': [], 'ap_mac': []}]
